{
  "Entries": [
    {
      "RequestUri": "https://fakemhsm.local/keys/key3126998794/create?api-version=7.4",
      "RequestMethod": "POST",
      "RequestHeaders": {
        "Accept": "application/json",
        "Accept-Encoding": "gzip",
        "Content-Length": "0",
        "User-Agent": "azsdk-go-azkeys/v0.10.0 (go1.19.3; linux)"
      },
      "RequestBody": null,
      "StatusCode": 401,
      "ResponseHeaders": {
        "Cache-Control": "no-cache",
        "Content-Length": "0",
        "Content-Security-Policy": "default-src \u0027self\u0027",
        "Content-Type": "application/json; charset=utf-8",
        "Strict-Transport-Security": "max-age=31536000; includeSubDomains",
        "WWW-Authenticate": "Bearer authorization=\u0022https://login.microsoftonline.com/72f988bf-86f1-41af-91ab-2d7cd011db47\u0022, resource=\u0022https://local\u0022",
        "X-Content-Type-Options": "nosniff",
        "X-Frame-Options": "SAMEORIGIN",
        "x-ms-request-id": "c761ab6e-cdb4-11ed-9492-6045bd0feb1d",
        "x-ms-server-latency": "1"
      },
      "ResponseBody": null
    },
    {
      "RequestUri": "https://fakemhsm.local/keys/key3126998794/create?api-version=7.4",
      "RequestMethod": "POST",
      "RequestHeaders": {
        "Accept": "application/json",
        "Accept-Encoding": "gzip",
        "Authorization": "Sanitized",
        "Content-Length": "60",
        "Content-Type": "application/json",
        "User-Agent": "azsdk-go-azkeys/v0.10.0 (go1.19.3; linux)"
      },
      "RequestBody": {
        "key_ops": [
          "encrypt",
          "decrypt"
        ],
        "key_size": 256,
        "kty": "oct"
      },
      "StatusCode": 200,
      "ResponseHeaders": {
        "Cache-Control": "no-cache",
        "Content-Length": "301",
        "Content-Security-Policy": "default-src \u0027self\u0027",
        "Content-Type": "application/json; charset=utf-8",
        "Strict-Transport-Security": "max-age=31536000; includeSubDomains",
        "X-Content-Type-Options": "nosniff",
        "X-Frame-Options": "SAMEORIGIN",
        "x-ms-keyvault-network-info": "conn_type=Ipv4;addr=131.107.1.205;act_addr_fam=Ipv4;",
        "x-ms-keyvault-region": "uksouth",
        "x-ms-request-id": "c7788262-cdb4-11ed-9492-6045bd0feb1d",
        "x-ms-server-latency": "194"
      },
      "ResponseBody": {
        "attributes": {
          "created": 1680041184,
          "enabled": true,
          "exportable": false,
          "recoverableDays": 7,
          "recoveryLevel": "CustomizedRecoverable\u002BPurgeable",
          "updated": 1680041184
        },
        "key": {
          "key_ops": [
            "encrypt",
            "decrypt"
          ],
          "kid": "https://fakemhsm.local/keys/key3126998794/7d14f4f24c5c033613632cc7ec9d332f",
          "kty": "oct-HSM"
        }
      }
    },
    {
      "RequestUri": "https://fakemhsm.local/keys/key3126998794/7d14f4f24c5c033613632cc7ec9d332f/encrypt?api-version=7.4",
      "RequestMethod": "POST",
      "RequestHeaders": {
        "Accept": "application/json",
        "Accept-Encoding": "gzip",
        "Authorization": "Sanitized",
        "Content-Length": "73",
        "Content-Type": "application/json",
        "User-Agent": "azsdk-go-azkeys/v0.10.0 (go1.19.3; linux)"
      },
      "RequestBody": {
        "alg": "A256CBCPAD",
        "iv": "MDEyMzQ1Njc4OUFCQ0RFRg",
        "value": "cGxhaW50ZXh0"
      },
      "StatusCode": 200,
      "ResponseHeaders": {
        "Cache-Control": "no-cache",
        "Content-Length": "166",
        "Content-Security-Policy": "default-src \u0027self\u0027",
        "Content-Type": "application/json; charset=utf-8",
        "Strict-Transport-Security": "max-age=31536000; includeSubDomains",
        "X-Content-Type-Options": "nosniff",
        "X-Frame-Options": "SAMEORIGIN",
        "x-ms-keyvault-network-info": "conn_type=Ipv4;addr=131.107.1.205;act_addr_fam=Ipv4;",
        "x-ms-keyvault-region": "uksouth",
        "x-ms-request-id": "c7ad102c-cdb4-11ed-9492-6045bd0feb1d",
        "x-ms-server-latency": "50"
      },
      "ResponseBody": {
        "alg": "A256CBCPAD",
        "iv": "MDEyMzQ1Njc4OUFCQ0RFRg",
        "kid": "https://fakemhsm.local/keys/key3126998794/7d14f4f24c5c033613632cc7ec9d332f",
        "value": "_Z4uq6khIRetuu4KFOVjvA"
      }
    },
    {
      "RequestUri": "https://fakemhsm.local/keys/key3126998794/decrypt?api-version=7.4",
      "RequestMethod": "POST",
      "RequestHeaders": {
        "Accept": "application/json",
        "Accept-Encoding": "gzip",
        "Authorization": "Sanitized",
        "Content-Length": "83",
        "Content-Type": "application/json",
        "User-Agent": "azsdk-go-azkeys/v0.10.0 (go1.19.3; linux)"
      },
      "RequestBody": {
        "alg": "A256CBCPAD",
        "iv": "MDEyMzQ1Njc4OUFCQ0RFRg",
        "value": "_Z4uq6khIRetuu4KFOVjvA"
      },
      "StatusCode": 200,
      "ResponseHeaders": {
        "Cache-Control": "no-cache",
        "Content-Length": "126",
        "Content-Security-Policy": "default-src \u0027self\u0027",
        "Content-Type": "application/json; charset=utf-8",
        "Strict-Transport-Security": "max-age=31536000; includeSubDomains",
        "X-Content-Type-Options": "nosniff",
        "X-Frame-Options": "SAMEORIGIN",
        "x-ms-keyvault-network-info": "conn_type=Ipv4;addr=131.107.1.205;act_addr_fam=Ipv4;",
        "x-ms-keyvault-region": "uksouth",
        "x-ms-request-id": "c7cb943e-cdb4-11ed-9492-6045bd0feb1d",
        "x-ms-server-latency": "1"
      },
      "ResponseBody": {
        "alg": "A256CBCPAD",
        "kid": "https://fakemhsm.local/keys/key3126998794/7d14f4f24c5c033613632cc7ec9d332f",
        "value": "cGxhaW50ZXh0"
      }
    }
  ],
  "Variables": {}
}
