{
  "Entries": [
    {
      "RequestUri": "https://management.azure.com/subscriptions/00000000-0000-0000-0000-000000000000/resourcegroups/go-sdk-test-rg?api-version=2021-04-01",
      "RequestMethod": "PUT",
      "RequestHeaders": {
        "Accept": "application/json",
        "Accept-Encoding": "gzip",
        "Authorization": "Sanitized",
        "Content-Length": "21",
        "Content-Type": "application/json",
        "User-Agent": "azsdk-go-armresources/v0.4.0 azsdk-go-azcore/v0.23.0 (go1.18; Windows_NT)"
      },
      "RequestBody": {
        "location": "eastus"
      },
      "StatusCode": 201,
      "ResponseHeaders": {
        "Cache-Control": "no-cache",
        "Content-Length": "225",
        "Content-Type": "application/json; charset=utf-8",
        "Date": "Thu, 14 Apr 2022 02:40:13 GMT",
        "Expires": "-1",
        "Pragma": "no-cache",
        "Strict-Transport-Security": "max-age=31536000; includeSubDomains",
        "X-Content-Type-Options": "nosniff",
        "x-ms-correlation-request-id": "00000000-0000-0000-0000-000000000000",
        "x-ms-ratelimit-remaining-subscription-writes": "1199",
        "x-ms-request-id": "00000000-0000-0000-0000-000000000000",
        "x-ms-routing-request-id": "SOUTHEASTASIA:20220414T024014Z:00000000-0000-0000-0000-000000000000"
      },
      "ResponseBody": {
        "id": "/subscriptions/00000000-0000-0000-0000-000000000000/resourceGroups/go-sdk-test-rg",
        "name": "go-sdk-test-rg",
        "type": "Microsoft.Resources/resourceGroups",
        "location": "eastus",
        "properties": {
          "provisioningState": "Succeeded"
        }
      }
    },
    {
      "RequestUri": "https://management.azure.com/subscriptions/00000000-0000-0000-0000-000000000000/resourceGroups/go-sdk-test-rg/providers/Microsoft.Storage/storageAccounts/gotestaccount1?api-version=2021-09-01",
      "RequestMethod": "PUT",
      "RequestHeaders": {
        "Accept": "application/json",
        "Accept-Encoding": "gzip",
        "Authorization": "Sanitized",
        "Content-Length": "274",
        "Content-Type": "application/json",
        "User-Agent": "azsdk-go-armstorage/v0.5.0 azsdk-go-azcore/v0.23.0 (go1.18; Windows_NT)"
      },
      "RequestBody": {
        "kind": "StorageV2",
        "location": "eastus",
        "properties": {
          "encryption": {
            "keySource": "Microsoft.Storage",
            "services": {
              "blob": {
                "enabled": true,
                "keyType": "Account"
              },
              "file": {
                "enabled": true,
                "keyType": "Account"
              }
            }
          }
        },
        "sku": {
          "name": "Standard_GRS"
        },
        "tags": {
          "key1": "value1",
          "key2": "value2"
        }
      },
      "StatusCode": 202,
      "ResponseHeaders": {
        "Cache-Control": "no-cache",
        "Content-Length": "0",
        "Content-Type": "text/plain; charset=utf-8",
        "Date": "Thu, 14 Apr 2022 02:40:19 GMT",
        "Expires": "-1",
        "Location": "https://management.azure.com/subscriptions/00000000-0000-0000-0000-000000000000/providers/Microsoft.Storage/locations/eastus/asyncoperations/00000000-0000-0000-0000-000000000000?monitor=true\u0026api-version=2021-09-01",
        "Pragma": "no-cache",
        "Retry-After": "17",
        "Server": "Microsoft-Azure-Storage-Resource-Provider/1.0,Microsoft-HTTPAPI/2.0 Microsoft-HTTPAPI/2.0",
        "Strict-Transport-Security": "max-age=31536000; includeSubDomains",
        "X-Content-Type-Options": "nosniff",
        "x-ms-correlation-request-id": "00000000-0000-0000-0000-000000000000",
        "x-ms-ratelimit-remaining-subscription-writes": "1198",
        "x-ms-request-id": "00000000-0000-0000-0000-000000000000",
        "x-ms-routing-request-id": "SOUTHEASTASIA:20220414T024020Z:00000000-0000-0000-0000-000000000000"
      },
      "ResponseBody": null
    },
    {
      "RequestUri": "https://management.azure.com/subscriptions/00000000-0000-0000-0000-000000000000/providers/Microsoft.Storage/locations/eastus/asyncoperations/00000000-0000-0000-0000-000000000000?monitor=true\u0026api-version=2021-09-01",
      "RequestMethod": "GET",
      "RequestHeaders": {
        ":method": "GET",
        "Accept-Encoding": "gzip",
        "Authorization": "Sanitized",
        "User-Agent": "azsdk-go-armstorage/v0.5.0 azsdk-go-azcore/v0.23.0 (go1.18; Windows_NT)"
      },
      "RequestBody": null,
      "StatusCode": 200,
      "ResponseHeaders": {
        "Cache-Control": "no-cache",
        "Content-Encoding": "gzip",
        "Content-Type": "application/json",
        "Date": "Thu, 14 Apr 2022 02:40:38 GMT",
        "Expires": "-1",
        "Pragma": "no-cache",
        "Server": "Microsoft-Azure-Storage-Resource-Provider/1.0,Microsoft-HTTPAPI/2.0 Microsoft-HTTPAPI/2.0",
        "Strict-Transport-Security": "max-age=31536000; includeSubDomains",
        "Transfer-Encoding": "chunked",
        "Vary": "Accept-Encoding",
        "X-Content-Type-Options": "nosniff",
        "x-ms-correlation-request-id": "00000000-0000-0000-0000-000000000000",
        "x-ms-ratelimit-remaining-subscription-reads": "11999",
        "x-ms-request-id": "00000000-0000-0000-0000-000000000000",
        "x-ms-routing-request-id": "SOUTHEASTASIA:20220414T024038Z:00000000-0000-0000-0000-000000000000"
      },
      "ResponseBody": {
        "sku": {
          "name": "Standard_GRS",
          "tier": "Standard"
        },
        "kind": "StorageV2",
        "id": "/subscriptions/00000000-0000-0000-0000-000000000000/resourceGroups/go-sdk-test-rg/providers/Microsoft.Storage/storageAccounts/gotestaccount1",
        "name": "gotestaccount1",
        "type": "Microsoft.Storage/storageAccounts",
        "location": "eastus",
        "tags": {
          "key1": "value1",
          "key2": "value2"
        },
        "properties": {
          "keyCreationTime": {
            "key1": "2022-04-14T02:40:19.3323080Z",
            "key2": "2022-04-14T02:40:19.3323080Z"
          },
          "privateEndpointConnections": [],
          "minimumTlsVersion": "TLS1_0",
          "allowBlobPublicAccess": true,
          "networkAcls": {
            "bypass": "AzureServices",
            "virtualNetworkRules": [],
            "ipRules": [],
            "defaultAction": "Allow"
          },
          "supportsHttpsTrafficOnly": true,
          "encryption": {
            "services": {
              "file": {
                "keyType": "Account",
                "enabled": true,
                "lastEnabledTime": "2022-04-14T02:40:19.3323080Z"
              },
              "blob": {
                "keyType": "Account",
                "enabled": true,
                "lastEnabledTime": "2022-04-14T02:40:19.3323080Z"
              }
            },
            "keySource": "Microsoft.Storage"
          },
          "accessTier": "Hot",
          "provisioningState": "Succeeded",
          "creationTime": "2022-04-14T02:40:19.2229451Z",
          "primaryEndpoints": {
            "dfs": "https://gotestaccount1.dfs.core.windows.net/",
            "web": "https://gotestaccount1.z13.web.core.windows.net/",
            "blob": "https://gotestaccount1.blob.core.windows.net/",
            "queue": "https://gotestaccount1.queue.core.windows.net/",
            "table": "https://gotestaccount1.table.core.windows.net/",
            "file": "https://gotestaccount1.file.core.windows.net/"
          },
          "primaryLocation": "eastus",
          "statusOfPrimary": "available",
          "secondaryLocation": "westus",
          "statusOfSecondary": "available"
        }
      }
    },
    {
      "RequestUri": "https://management.azure.com/subscriptions/00000000-0000-0000-0000-000000000000/resourceGroups/go-sdk-test-rg/providers/Microsoft.Storage/storageAccounts/gotestaccount1/blobServices/default/containers/go-test-container?api-version=2021-09-01",
      "RequestMethod": "PUT",
      "RequestHeaders": {
        "Accept": "application/json",
        "Accept-Encoding": "gzip",
        "Authorization": "Sanitized",
        "Content-Length": "2",
        "Content-Type": "application/json",
        "User-Agent": "azsdk-go-armstorage/v0.5.0 azsdk-go-azcore/v0.23.0 (go1.18; Windows_NT)"
      },
      "RequestBody": {},
      "StatusCode": 201,
      "ResponseHeaders": {
        "Cache-Control": "no-cache",
        "Content-Length": "293",
        "Content-Type": "application/json",
        "Date": "Thu, 14 Apr 2022 02:40:39 GMT",
        "ETag": "\u00220x8DA1DC029619F46\u0022",
        "Expires": "-1",
        "Pragma": "no-cache",
        "Server": "Microsoft-Azure-Storage-Resource-Provider/1.0,Microsoft-HTTPAPI/2.0 Microsoft-HTTPAPI/2.0",
        "Strict-Transport-Security": "max-age=31536000; includeSubDomains",
        "X-Content-Type-Options": "nosniff",
        "x-ms-correlation-request-id": "00000000-0000-0000-0000-000000000000",
        "x-ms-ratelimit-remaining-subscription-writes": "1197",
        "x-ms-request-id": "00000000-0000-0000-0000-000000000000",
        "x-ms-routing-request-id": "SOUTHEASTASIA:20220414T024039Z:00000000-0000-0000-0000-000000000000"
      },
      "ResponseBody": {
        "id": "/subscriptions/00000000-0000-0000-0000-000000000000/resourceGroups/go-sdk-test-rg/providers/Microsoft.Storage/storageAccounts/gotestaccount1/blobServices/default/containers/go-test-container",
        "name": "go-test-container",
        "type": "Microsoft.Storage/storageAccounts/blobServices/containers"
      }
    },
    {
      "RequestUri": "https://management.azure.com/subscriptions/00000000-0000-0000-0000-000000000000/resourceGroups/go-sdk-test-rg/providers/Microsoft.Storage/storageAccounts/gotestaccount1/blobServices/default/containers/go-test-container?api-version=2021-09-01",
      "RequestMethod": "PATCH",
      "RequestHeaders": {
        "Accept": "application/json",
        "Accept-Encoding": "gzip",
        "Authorization": "Sanitized",
        "Content-Length": "74",
        "Content-Type": "application/json",
        "User-Agent": "azsdk-go-armstorage/v0.5.0 azsdk-go-azcore/v0.23.0 (go1.18; Windows_NT)"
      },
      "RequestBody": {
        "properties": {
          "metadata": {
            "metadata": "true"
          },
          "publicAccess": "Container"
        }
      },
      "StatusCode": 200,
      "ResponseHeaders": {
        "Cache-Control": "no-cache",
        "Content-Encoding": "gzip",
        "Content-Type": "application/json",
        "Date": "Thu, 14 Apr 2022 02:40:39 GMT",
        "ETag": "\u00220x8DA1DC029A9728C\u0022",
        "Expires": "-1",
        "Pragma": "no-cache",
        "Server": "Microsoft-Azure-Storage-Resource-Provider/1.0,Microsoft-HTTPAPI/2.0 Microsoft-HTTPAPI/2.0",
        "Strict-Transport-Security": "max-age=31536000; includeSubDomains",
        "Transfer-Encoding": "chunked",
        "Vary": "Accept-Encoding",
        "X-Content-Type-Options": "nosniff",
        "x-ms-correlation-request-id": "00000000-0000-0000-0000-000000000000",
        "x-ms-ratelimit-remaining-subscription-writes": "1196",
        "x-ms-request-id": "00000000-0000-0000-0000-000000000000",
        "x-ms-routing-request-id": "SOUTHEASTASIA:20220414T024039Z:00000000-0000-0000-0000-000000000000"
      },
      "ResponseBody": {
        "id": "/subscriptions/00000000-0000-0000-0000-000000000000/resourceGroups/go-sdk-test-rg/providers/Microsoft.Storage/storageAccounts/gotestaccount1/blobServices/default/containers/go-test-container",
        "name": "go-test-container",
        "type": "Microsoft.Storage/storageAccounts/blobServices/containers",
        "properties": {
          "deleted": false,
          "remainingRetentionDays": 0,
          "metadata": {
            "metadata": "true"
          },
          "publicAccess": "Container",
          "hasImmutabilityPolicy": false,
          "hasLegalHold": false
        }
      }
    },
    {
      "RequestUri": "https://management.azure.com/subscriptions/00000000-0000-0000-0000-000000000000/resourceGroups/go-sdk-test-rg/providers/Microsoft.Storage/storageAccounts/gotestaccount1/blobServices/default/containers/go-test-container?api-version=2021-09-01",
      "RequestMethod": "GET",
      "RequestHeaders": {
        ":method": "GET",
        "Accept": "application/json",
        "Accept-Encoding": "gzip",
        "Authorization": "Sanitized",
        "User-Agent": "azsdk-go-armstorage/v0.5.0 azsdk-go-azcore/v0.23.0 (go1.18; Windows_NT)"
      },
      "RequestBody": null,
      "StatusCode": 200,
      "ResponseHeaders": {
        "Cache-Control": "no-cache",
        "Content-Encoding": "gzip",
        "Content-Type": "application/json",
        "Date": "Thu, 14 Apr 2022 02:40:39 GMT",
        "ETag": "\u00220x8DA1DC029A9728C\u0022",
        "Expires": "-1",
        "Pragma": "no-cache",
        "Server": "Microsoft-Azure-Storage-Resource-Provider/1.0,Microsoft-HTTPAPI/2.0 Microsoft-HTTPAPI/2.0",
        "Strict-Transport-Security": "max-age=31536000; includeSubDomains",
        "Transfer-Encoding": "chunked",
        "Vary": "Accept-Encoding",
        "X-Content-Type-Options": "nosniff",
        "x-ms-correlation-request-id": "00000000-0000-0000-0000-000000000000",
        "x-ms-ratelimit-remaining-subscription-reads": "11998",
        "x-ms-request-id": "00000000-0000-0000-0000-000000000000",
        "x-ms-routing-request-id": "SOUTHEASTASIA:20220414T024040Z:00000000-0000-0000-0000-000000000000"
      },
      "ResponseBody": {
        "id": "/subscriptions/00000000-0000-0000-0000-000000000000/resourceGroups/go-sdk-test-rg/providers/Microsoft.Storage/storageAccounts/gotestaccount1/blobServices/default/containers/go-test-container",
        "name": "go-test-container",
        "type": "Microsoft.Storage/storageAccounts/blobServices/containers",
        "etag": "\u00220x8DA1DC029A9728C\u0022",
        "properties": {
          "deleted": false,
          "remainingRetentionDays": 0,
          "defaultEncryptionScope": "$account-encryption-key",
          "denyEncryptionScopeOverride": false,
          "metadata": {
            "metadata": "true"
          },
          "publicAccess": "Container",
          "leaseStatus": "Unlocked",
          "leaseState": "Available",
          "lastModifiedTime": "2022-04-14T02:40:39.0000000Z",
          "legalHold": {
            "hasLegalHold": false,
            "tags": []
          },
          "hasImmutabilityPolicy": false,
          "hasLegalHold": false
        }
      }
    },
    {
      "RequestUri": "https://management.azure.com/subscriptions/00000000-0000-0000-0000-000000000000/resourceGroups/go-sdk-test-rg/providers/Microsoft.Storage/storageAccounts/gotestaccount1/blobServices/default/containers/go-test-container/clearLegalHold?api-version=2021-09-01",
      "RequestMethod": "POST",
      "RequestHeaders": {
        ":method": "POST",
        "Accept": "application/json",
        "Accept-Encoding": "gzip",
        "Authorization": "Sanitized",
        "Content-Length": "31",
        "Content-Type": "application/json",
        "User-Agent": "azsdk-go-armstorage/v0.5.0 azsdk-go-azcore/v0.23.0 (go1.18; Windows_NT)"
      },
      "RequestBody": {
        "tags": [
          "tag1",
          "tag2",
          "tag3"
        ]
      },
      "StatusCode": 200,
      "ResponseHeaders": {
        "Cache-Control": "no-cache",
        "Content-Encoding": "gzip",
        "Content-Type": "application/json",
        "Date": "Thu, 14 Apr 2022 02:40:40 GMT",
        "Expires": "-1",
        "Pragma": "no-cache",
        "Server": "Microsoft-Azure-Storage-Resource-Provider/1.0,Microsoft-HTTPAPI/2.0 Microsoft-HTTPAPI/2.0",
        "Strict-Transport-Security": "max-age=31536000; includeSubDomains",
        "Transfer-Encoding": "chunked",
        "Vary": "Accept-Encoding",
        "X-Content-Type-Options": "nosniff",
        "x-ms-correlation-request-id": "00000000-0000-0000-0000-000000000000",
        "x-ms-ratelimit-remaining-subscription-writes": "1199",
        "x-ms-request-id": "00000000-0000-0000-0000-000000000000",
        "x-ms-routing-request-id": "SOUTHEASTASIA:20220414T024040Z:00000000-0000-0000-0000-000000000000"
      },
      "ResponseBody": {
        "hasLegalHold": false,
        "tags": []
      }
    },
    {
      "RequestUri": "https://management.azure.com/subscriptions/00000000-0000-0000-0000-000000000000/resourceGroups/go-sdk-test-rg/providers/Microsoft.Storage/storageAccounts/gotestaccount1/blobServices/default/containers/go-test-container/lease?api-version=2021-09-01",
      "RequestMethod": "POST",
      "RequestHeaders": {
        ":method": "POST",
        "Accept": "application/json",
        "Accept-Encoding": "gzip",
        "Authorization": "Sanitized",
        "Content-Length": "39",
        "Content-Type": "application/json",
        "User-Agent": "azsdk-go-armstorage/v0.5.0 azsdk-go-azcore/v0.23.0 (go1.18; Windows_NT)"
      },
      "RequestBody": {
        "action": "Acquire",
        "leaseDuration": -1
      },
      "StatusCode": 200,
      "ResponseHeaders": {
        "Cache-Control": "no-cache",
        "Content-Encoding": "gzip",
        "Content-Type": "application/json",
        "Date": "Thu, 14 Apr 2022 02:40:40 GMT",
        "ETag": "\u00220x8DA1DC02A2A7577\u0022",
        "Expires": "-1",
        "Pragma": "no-cache",
        "Server": "Microsoft-Azure-Storage-Resource-Provider/1.0,Microsoft-HTTPAPI/2.0 Microsoft-HTTPAPI/2.0",
        "Strict-Transport-Security": "max-age=31536000; includeSubDomains",
        "Transfer-Encoding": "chunked",
        "Vary": "Accept-Encoding",
        "X-Content-Type-Options": "nosniff",
        "x-ms-correlation-request-id": "00000000-0000-0000-0000-000000000000",
        "x-ms-ratelimit-remaining-subscription-writes": "1198",
        "x-ms-request-id": "00000000-0000-0000-0000-000000000000",
        "x-ms-routing-request-id": "SOUTHEASTASIA:20220414T024041Z:00000000-0000-0000-0000-000000000000"
      },
      "ResponseBody": {
        "leaseId": "00000000-0000-0000-0000-000000000000"
      }
    },
    {
      "RequestUri": "https://management.azure.com/subscriptions/00000000-0000-0000-0000-000000000000/resourceGroups/go-sdk-test-rg/providers/Microsoft.Storage/storageAccounts/gotestaccount1/blobServices/default/containers/go-test-container/lease?api-version=2021-09-01",
      "RequestMethod": "POST",
      "RequestHeaders": {
        ":method": "POST",
        "Accept": "application/json",
        "Accept-Encoding": "gzip",
        "Authorization": "Sanitized",
        "Content-Length": "67",
        "Content-Type": "application/json",
        "User-Agent": "azsdk-go-armstorage/v0.5.0 azsdk-go-azcore/v0.23.0 (go1.18; Windows_NT)"
      },
      "RequestBody": {
        "action": "Break",
        "leaseId": "00000000-0000-0000-0000-000000000000"
      },
      "StatusCode": 200,
      "ResponseHeaders": {
        "Cache-Control": "no-cache",
        "Content-Encoding": "gzip",
        "Content-Type": "application/json",
        "Date": "Thu, 14 Apr 2022 02:40:41 GMT",
        "ETag": "\u00220x8DA1DC02A2A7577\u0022",
        "Expires": "-1",
        "Pragma": "no-cache",
        "Server": "Microsoft-Azure-Storage-Resource-Provider/1.0,Microsoft-HTTPAPI/2.0 Microsoft-HTTPAPI/2.0",
        "Strict-Transport-Security": "max-age=31536000; includeSubDomains",
        "Transfer-Encoding": "chunked",
        "Vary": "Accept-Encoding",
        "X-Content-Type-Options": "nosniff",
        "x-ms-correlation-request-id": "00000000-0000-0000-0000-000000000000",
        "x-ms-ratelimit-remaining-subscription-writes": "1197",
        "x-ms-request-id": "00000000-0000-0000-0000-000000000000",
        "x-ms-routing-request-id": "SOUTHEASTASIA:20220414T024041Z:00000000-0000-0000-0000-000000000000"
      },
      "ResponseBody": {
        "leaseTimeSeconds": "0"
      }
    },
    {
      "RequestUri": "https://management.azure.com/subscriptions/00000000-0000-0000-0000-000000000000/resourceGroups/go-sdk-test-rg/providers/Microsoft.Storage/storageAccounts/gotestaccount1/blobServices/default/containers/go-test-container?api-version=2021-09-01",
      "RequestMethod": "DELETE",
      "RequestHeaders": {
        "Accept-Encoding": "gzip",
        "Authorization": "Sanitized",
        "User-Agent": "azsdk-go-armstorage/v0.5.0 azsdk-go-azcore/v0.23.0 (go1.18; Windows_NT)"
      },
      "RequestBody": null,
      "StatusCode": 200,
      "ResponseHeaders": {
        "Cache-Control": "no-cache",
        "Content-Length": "0",
        "Content-Type": "text/plain; charset=utf-8",
        "Date": "Thu, 14 Apr 2022 02:40:41 GMT",
        "Expires": "-1",
        "Pragma": "no-cache",
        "Server": "Microsoft-Azure-Storage-Resource-Provider/1.0,Microsoft-HTTPAPI/2.0 Microsoft-HTTPAPI/2.0",
        "Strict-Transport-Security": "max-age=31536000; includeSubDomains",
        "X-Content-Type-Options": "nosniff",
        "x-ms-correlation-request-id": "00000000-0000-0000-0000-000000000000",
        "x-ms-ratelimit-remaining-subscription-deletes": "14999",
        "x-ms-request-id": "00000000-0000-0000-0000-000000000000",
        "x-ms-routing-request-id": "SOUTHEASTASIA:20220414T024041Z:00000000-0000-0000-0000-000000000000"
      },
      "ResponseBody": null
    },
    {
      "RequestUri": "https://management.azure.com/subscriptions/00000000-0000-0000-0000-000000000000/resourcegroups/go-sdk-test-rg?api-version=2021-04-01",
      "RequestMethod": "DELETE",
      "RequestHeaders": {
        "Accept": "application/json",
        "Accept-Encoding": "gzip",
        "Authorization": "Sanitized",
        "User-Agent": "azsdk-go-armresources/v0.4.0 azsdk-go-azcore/v0.23.0 (go1.18; Windows_NT)"
      },
      "RequestBody": null,
      "StatusCode": 202,
      "ResponseHeaders": {
        "Cache-Control": "no-cache",
        "Content-Length": "0",
        "Date": "Thu, 14 Apr 2022 02:40:44 GMT",
        "Expires": "-1",
        "Location": "https://management.azure.com/subscriptions/00000000-0000-0000-0000-000000000000/operationresults/eyJqb2JJZCI6IlJFU09VUkNFR1JPVVBERUxFVElPTkpPQi1HTzoyRFNESzoyRFRFU1Q6MkQ5MzctRUFTVFVTIiwiam9iTG9jYXRpb24iOiJlYXN0dXMifQ?api-version=2021-04-01",
        "Pragma": "no-cache",
        "Retry-After": "15",
        "Strict-Transport-Security": "max-age=31536000; includeSubDomains",
        "X-Content-Type-Options": "nosniff",
        "x-ms-correlation-request-id": "00000000-0000-0000-0000-000000000000",
        "x-ms-ratelimit-remaining-subscription-deletes": "14998",
        "x-ms-request-id": "00000000-0000-0000-0000-000000000000",
        "x-ms-routing-request-id": "SOUTHEASTASIA:20220414T024044Z:00000000-0000-0000-0000-000000000000"
      },
      "ResponseBody": null
    }
  ],
  "Variables": {}
}
