{
  "Entries": [
    {
      "RequestUri": "https://management.azure.com/subscriptions/00000000-0000-0000-0000-000000000000/resourcegroups/go-sdk-test-rg?api-version=2021-04-01",
      "RequestMethod": "PUT",
      "RequestHeaders": {
        "Accept": "application/json",
        "Accept-Encoding": "gzip",
        "Authorization": "Sanitized",
        "Content-Length": "21",
        "Content-Type": "application/json",
        "User-Agent": "azsdk-go-armresources/v1.0.0 (go1.18.3; Windows_NT)"
      },
      "RequestBody": {
        "location": "eastus"
      },
      "StatusCode": 201,
      "ResponseHeaders": {
        "Cache-Control": "no-cache",
        "Content-Length": "225",
        "Content-Type": "application/json; charset=utf-8",
        "Date": "Mon, 22 Aug 2022 07:46:37 GMT",
        "Expires": "-1",
        "Pragma": "no-cache",
        "Strict-Transport-Security": "max-age=31536000; includeSubDomains",
        "X-Content-Type-Options": "nosniff",
        "x-ms-correlation-request-id": "00000000-0000-0000-0000-000000000000",
        "x-ms-ratelimit-remaining-subscription-writes": "1191",
        "x-ms-request-id": "00000000-0000-0000-0000-000000000000",
        "x-ms-routing-request-id": "SOUTHEASTASIA:20220822T074638Z:00000000-0000-0000-0000-000000000000"
      },
      "ResponseBody": {
        "id": "/subscriptions/00000000-0000-0000-0000-000000000000/resourceGroups/go-sdk-test-rg",
        "name": "go-sdk-test-rg",
        "type": "Microsoft.Resources/resourceGroups",
        "location": "eastus",
        "properties": {
          "provisioningState": "Succeeded"
        }
      }
    },
    {
      "RequestUri": "https://management.azure.com/subscriptions/00000000-0000-0000-0000-000000000000/resourceGroups/go-sdk-test-rg/providers/Microsoft.Storage/storageAccounts/gotestaccount3?api-version=2022-05-01",
      "RequestMethod": "PUT",
      "RequestHeaders": {
        "Accept": "application/json",
        "Accept-Encoding": "gzip",
        "Authorization": "Sanitized",
        "Content-Length": "274",
        "Content-Type": "application/json",
        "User-Agent": "azsdk-go-armstorage/v1.1.0 (go1.18.3; Windows_NT)"
      },
      "RequestBody": {
        "kind": "StorageV2",
        "location": "eastus",
        "properties": {
          "encryption": {
            "keySource": "Microsoft.Storage",
            "services": {
              "blob": {
                "enabled": true,
                "keyType": "Account"
              },
              "file": {
                "enabled": true,
                "keyType": "Account"
              }
            }
          }
        },
        "sku": {
          "name": "Standard_GRS"
        },
        "tags": {
          "key1": "value1",
          "key2": "value2"
        }
      },
      "StatusCode": 202,
      "ResponseHeaders": {
        "Cache-Control": "no-cache",
        "Content-Length": "0",
        "Content-Type": "text/plain; charset=utf-8",
        "Date": "Mon, 22 Aug 2022 07:46:42 GMT",
        "Expires": "-1",
        "Location": "https://management.azure.com/subscriptions/00000000-0000-0000-0000-000000000000/providers/Microsoft.Storage/locations/eastus/asyncoperations/00000000-0000-0000-0000-000000000000?monitor=true\u0026api-version=2022-05-01",
        "Pragma": "no-cache",
        "Retry-After": "17",
        "Server": "Microsoft-Azure-Storage-Resource-Provider/1.0,Microsoft-HTTPAPI/2.0 Microsoft-HTTPAPI/2.0",
        "Strict-Transport-Security": "max-age=31536000; includeSubDomains",
        "X-Content-Type-Options": "nosniff",
        "x-ms-correlation-request-id": "00000000-0000-0000-0000-000000000000",
        "x-ms-ratelimit-remaining-subscription-writes": "1190",
        "x-ms-request-id": "00000000-0000-0000-0000-000000000000",
        "x-ms-routing-request-id": "SOUTHEASTASIA:20220822T074643Z:00000000-0000-0000-0000-000000000000"
      },
      "ResponseBody": null
    },
    {
      "RequestUri": "https://management.azure.com/subscriptions/00000000-0000-0000-0000-000000000000/providers/Microsoft.Storage/locations/eastus/asyncoperations/00000000-0000-0000-0000-000000000000?monitor=true\u0026api-version=2022-05-01",
      "RequestMethod": "GET",
      "RequestHeaders": {
        "Accept-Encoding": "gzip",
        "Authorization": "Sanitized",
        "User-Agent": "azsdk-go-armstorage/v1.1.0 (go1.18.3; Windows_NT)"
      },
      "RequestBody": null,
      "StatusCode": 202,
      "ResponseHeaders": {
        "Cache-Control": "no-cache",
        "Content-Length": "0",
        "Content-Type": "text/plain; charset=utf-8",
        "Date": "Mon, 22 Aug 2022 07:47:00 GMT",
        "Expires": "-1",
        "Location": "https://management.azure.com/subscriptions/00000000-0000-0000-0000-000000000000/providers/Microsoft.Storage/locations/eastus/asyncoperations/00000000-0000-0000-0000-000000000000?monitor=true\u0026api-version=2022-05-01",
        "Pragma": "no-cache",
        "Retry-After": "3",
        "Server": "Microsoft-Azure-Storage-Resource-Provider/1.0,Microsoft-HTTPAPI/2.0 Microsoft-HTTPAPI/2.0",
        "Strict-Transport-Security": "max-age=31536000; includeSubDomains",
        "X-Content-Type-Options": "nosniff",
        "x-ms-correlation-request-id": "00000000-0000-0000-0000-000000000000",
        "x-ms-ratelimit-remaining-subscription-reads": "11988",
        "x-ms-request-id": "00000000-0000-0000-0000-000000000000",
        "x-ms-routing-request-id": "SOUTHEASTASIA:20220822T074700Z:00000000-0000-0000-0000-000000000000"
      },
      "ResponseBody": null
    },
    {
      "RequestUri": "https://management.azure.com/subscriptions/00000000-0000-0000-0000-000000000000/providers/Microsoft.Storage/locations/eastus/asyncoperations/00000000-0000-0000-0000-000000000000?monitor=true\u0026api-version=2022-05-01",
      "RequestMethod": "GET",
      "RequestHeaders": {
        "Accept-Encoding": "gzip",
        "Authorization": "Sanitized",
        "User-Agent": "azsdk-go-armstorage/v1.1.0 (go1.18.3; Windows_NT)"
      },
      "RequestBody": null,
      "StatusCode": 200,
      "ResponseHeaders": {
        "Cache-Control": "no-cache",
        "Content-Encoding": "gzip",
        "Content-Type": "application/json",
        "Date": "Mon, 22 Aug 2022 07:47:03 GMT",
        "Expires": "-1",
        "Pragma": "no-cache",
        "Server": "Microsoft-Azure-Storage-Resource-Provider/1.0,Microsoft-HTTPAPI/2.0 Microsoft-HTTPAPI/2.0",
        "Strict-Transport-Security": "max-age=31536000; includeSubDomains",
        "Transfer-Encoding": "chunked",
        "Vary": "Accept-Encoding",
        "X-Content-Type-Options": "nosniff",
        "x-ms-correlation-request-id": "00000000-0000-0000-0000-000000000000",
        "x-ms-ratelimit-remaining-subscription-reads": "11987",
        "x-ms-request-id": "00000000-0000-0000-0000-000000000000",
        "x-ms-routing-request-id": "SOUTHEASTASIA:20220822T074703Z:00000000-0000-0000-0000-000000000000"
      },
      "ResponseBody": {
        "sku": {
          "name": "Standard_GRS",
          "tier": "Standard"
        },
        "kind": "StorageV2",
        "id": "/subscriptions/00000000-0000-0000-0000-000000000000/resourceGroups/go-sdk-test-rg/providers/Microsoft.Storage/storageAccounts/gotestaccount3",
        "name": "gotestaccount3",
        "type": "Microsoft.Storage/storageAccounts",
        "location": "eastus",
        "tags": {
          "key1": "value1",
          "key2": "value2"
        },
        "properties": {
          "keyCreationTime": {
            "key1": "2022-08-22T07:46:40.4422813Z",
            "key2": "2022-08-22T07:46:40.4422813Z"
          },
          "privateEndpointConnections": [],
          "minimumTlsVersion": "TLS1_0",
          "allowBlobPublicAccess": true,
          "networkAcls": {
            "bypass": "AzureServices",
            "virtualNetworkRules": [],
            "ipRules": [],
            "defaultAction": "Allow"
          },
          "supportsHttpsTrafficOnly": true,
          "encryption": {
            "services": {
              "file": {
                "keyType": "Account",
                "enabled": true,
                "lastEnabledTime": "2022-08-22T07:46:41.0828727Z"
              },
              "blob": {
                "keyType": "Account",
                "enabled": true,
                "lastEnabledTime": "2022-08-22T07:46:41.0828727Z"
              }
            },
            "keySource": "Microsoft.Storage"
          },
          "accessTier": "Hot",
          "provisioningState": "Succeeded",
          "creationTime": "2022-08-22T07:46:40.3016504Z",
          "primaryEndpoints": {
            "dfs": "https://gotestaccount3.dfs.core.windows.net/",
            "web": "https://gotestaccount3.z13.web.core.windows.net/",
            "blob": "https://gotestaccount3.blob.core.windows.net/",
            "queue": "https://gotestaccount3.queue.core.windows.net/",
            "table": "https://gotestaccount3.table.core.windows.net/",
            "file": "https://gotestaccount3.file.core.windows.net/"
          },
          "primaryLocation": "eastus",
          "statusOfPrimary": "available",
          "secondaryLocation": "westus",
          "statusOfSecondary": "available"
        }
      }
    },
    {
      "RequestUri": "https://management.azure.com/subscriptions/00000000-0000-0000-0000-000000000000/resourceGroups/go-sdk-test-rg/providers/Microsoft.Storage/storageAccounts/gotestaccount3/managementPolicies/default?api-version=2022-05-01",
      "RequestMethod": "PUT",
      "RequestHeaders": {
        "Accept": "application/json",
        "Accept-Encoding": "gzip",
        "Authorization": "Sanitized",
        "Content-Length": "423",
        "Content-Type": "application/json",
        "User-Agent": "azsdk-go-armstorage/v1.1.0 (go1.18.3; Windows_NT)"
      },
      "RequestBody": {
        "properties": {
          "policy": {
            "rules": [
              {
                "definition": {
                  "actions": {
                    "baseBlob": {
                      "delete": {
                        "daysAfterModificationGreaterThan": 1000
                      },
                      "tierToArchive": {
                        "daysAfterModificationGreaterThan": 90
                      },
                      "tierToCool": {
                        "daysAfterModificationGreaterThan": 30
                      }
                    },
                    "snapshot": {
                      "delete": {
                        "daysAfterCreationGreaterThan": 30
                      }
                    }
                  },
                  "filters": {
                    "blobTypes": [
                      "blockBlob"
                    ],
                    "prefixMatch": [
                      "olcmtestcontainer"
                    ]
                  }
                },
                "enabled": true,
                "name": "olcmtest",
                "type": "Lifecycle"
              }
            ]
          }
        }
      },
      "StatusCode": 200,
      "ResponseHeaders": {
        "Cache-Control": "no-cache",
        "Content-Encoding": "gzip",
        "Content-Type": "application/json",
        "Date": "Mon, 22 Aug 2022 07:47:04 GMT",
        "Expires": "-1",
        "Pragma": "no-cache",
        "Server": "Microsoft-Azure-Storage-Resource-Provider/1.0,Microsoft-HTTPAPI/2.0 Microsoft-HTTPAPI/2.0",
        "Strict-Transport-Security": "max-age=31536000; includeSubDomains",
        "Transfer-Encoding": "chunked",
        "Vary": "Accept-Encoding",
        "X-Content-Type-Options": "nosniff",
        "x-ms-correlation-request-id": "00000000-0000-0000-0000-000000000000",
        "x-ms-ratelimit-remaining-subscription-writes": "1189",
        "x-ms-request-id": "00000000-0000-0000-0000-000000000000",
        "x-ms-routing-request-id": "SOUTHEASTASIA:20220822T074704Z:00000000-0000-0000-0000-000000000000"
      },
      "ResponseBody": {
        "id": "/subscriptions/00000000-0000-0000-0000-000000000000/resourceGroups/go-sdk-test-rg/providers/Microsoft.Storage/storageAccounts/gotestaccount3/managementPolicies/default",
        "name": "DefaultManagementPolicy",
        "type": "Microsoft.Storage/storageAccounts/managementPolicies",
        "properties": {
          "policy": {
            "rules": [
              {
                "enabled": true,
                "name": "olcmtest",
                "type": "Lifecycle",
                "definition": {
                  "actions": {
                    "baseBlob": {
                      "tierToCool": {
                        "daysAfterModificationGreaterThan": 30.0
                      },
                      "tierToArchive": {
                        "daysAfterModificationGreaterThan": 90.0
                      },
                      "delete": {
                        "daysAfterModificationGreaterThan": 1000.0
                      }
                    },
                    "snapshot": {
                      "delete": {
                        "daysAfterCreationGreaterThan": 30.0
                      }
                    }
                  },
                  "filters": {
                    "blobTypes": [
                      "blockBlob"
                    ],
                    "prefixMatch": [
                      "olcmtestcontainer"
                    ]
                  }
                }
              }
            ]
          },
          "lastModifiedTime": "2022-08-22T07:47:04.6921907Z"
        }
      }
    },
    {
      "RequestUri": "https://management.azure.com/subscriptions/00000000-0000-0000-0000-000000000000/resourceGroups/go-sdk-test-rg/providers/Microsoft.Storage/storageAccounts/gotestaccount3/managementPolicies/default?api-version=2022-05-01",
      "RequestMethod": "GET",
      "RequestHeaders": {
        "Accept": "application/json",
        "Accept-Encoding": "gzip",
        "Authorization": "Sanitized",
        "User-Agent": "azsdk-go-armstorage/v1.1.0 (go1.18.3; Windows_NT)"
      },
      "RequestBody": null,
      "StatusCode": 200,
      "ResponseHeaders": {
        "Cache-Control": "no-cache",
        "Content-Encoding": "gzip",
        "Content-Type": "application/json",
        "Date": "Mon, 22 Aug 2022 07:47:05 GMT",
        "Expires": "-1",
        "Pragma": "no-cache",
        "Server": "Microsoft-Azure-Storage-Resource-Provider/1.0,Microsoft-HTTPAPI/2.0 Microsoft-HTTPAPI/2.0",
        "Strict-Transport-Security": "max-age=31536000; includeSubDomains",
        "Transfer-Encoding": "chunked",
        "Vary": "Accept-Encoding",
        "X-Content-Type-Options": "nosniff",
        "x-ms-correlation-request-id": "00000000-0000-0000-0000-000000000000",
        "x-ms-ratelimit-remaining-subscription-reads": "11986",
        "x-ms-request-id": "00000000-0000-0000-0000-000000000000",
        "x-ms-routing-request-id": "SOUTHEASTASIA:20220822T074705Z:00000000-0000-0000-0000-000000000000"
      },
      "ResponseBody": {
        "id": "/subscriptions/00000000-0000-0000-0000-000000000000/resourceGroups/go-sdk-test-rg/providers/Microsoft.Storage/storageAccounts/gotestaccount3/managementPolicies/default",
        "name": "DefaultManagementPolicy",
        "type": "Microsoft.Storage/storageAccounts/managementPolicies",
        "properties": {
          "policy": {
            "rules": [
              {
                "enabled": true,
                "name": "olcmtest",
                "type": "Lifecycle",
                "definition": {
                  "actions": {
                    "baseBlob": {
                      "tierToCool": {
                        "daysAfterModificationGreaterThan": 30.0
                      },
                      "tierToArchive": {
                        "daysAfterModificationGreaterThan": 90.0
                      },
                      "delete": {
                        "daysAfterModificationGreaterThan": 1000.0
                      }
                    },
                    "snapshot": {
                      "delete": {
                        "daysAfterCreationGreaterThan": 30.0
                      }
                    }
                  },
                  "filters": {
                    "blobTypes": [
                      "blockBlob"
                    ],
                    "prefixMatch": [
                      "olcmtestcontainer"
                    ]
                  }
                }
              }
            ]
          },
          "lastModifiedTime": "2022-08-22T07:47:04.6921907Z"
        }
      }
    },
    {
      "RequestUri": "https://management.azure.com/subscriptions/00000000-0000-0000-0000-000000000000/resourceGroups/go-sdk-test-rg/providers/Microsoft.Storage/storageAccounts/gotestaccount3/managementPolicies/default?api-version=2022-05-01",
      "RequestMethod": "DELETE",
      "RequestHeaders": {
        "Accept-Encoding": "gzip",
        "Authorization": "Sanitized",
        "User-Agent": "azsdk-go-armstorage/v1.1.0 (go1.18.3; Windows_NT)"
      },
      "RequestBody": null,
      "StatusCode": 200,
      "ResponseHeaders": {
        "Cache-Control": "no-cache",
        "Content-Length": "0",
        "Content-Type": "text/plain; charset=utf-8",
        "Date": "Mon, 22 Aug 2022 07:47:06 GMT",
        "Expires": "-1",
        "Pragma": "no-cache",
        "Server": "Microsoft-Azure-Storage-Resource-Provider/1.0,Microsoft-HTTPAPI/2.0 Microsoft-HTTPAPI/2.0",
        "Strict-Transport-Security": "max-age=31536000; includeSubDomains",
        "X-Content-Type-Options": "nosniff",
        "x-ms-correlation-request-id": "00000000-0000-0000-0000-000000000000",
        "x-ms-ratelimit-remaining-subscription-deletes": "14996",
        "x-ms-request-id": "00000000-0000-0000-0000-000000000000",
        "x-ms-routing-request-id": "SOUTHEASTASIA:20220822T074706Z:00000000-0000-0000-0000-000000000000"
      },
      "ResponseBody": null
    },
    {
      "RequestUri": "https://management.azure.com/subscriptions/00000000-0000-0000-0000-000000000000/resourcegroups/go-sdk-test-rg?api-version=2021-04-01",
      "RequestMethod": "DELETE",
      "RequestHeaders": {
        "Accept": "application/json",
        "Accept-Encoding": "gzip",
        "Authorization": "Sanitized",
        "User-Agent": "azsdk-go-armresources/v1.0.0 (go1.18.3; Windows_NT)"
      },
      "RequestBody": null,
      "StatusCode": 202,
      "ResponseHeaders": {
        "Cache-Control": "no-cache",
        "Content-Length": "0",
        "Date": "Mon, 22 Aug 2022 07:47:07 GMT",
        "Expires": "-1",
        "Location": "https://management.azure.com/subscriptions/00000000-0000-0000-0000-000000000000/operationresults/eyJqb2JJZCI6IlJFU09VUkNFR1JPVVBERUxFVElPTkpPQi1HTzoyRFNESzoyRFRFU1Q6MkQ3ODktRUFTVFVTIiwiam9iTG9jYXRpb24iOiJlYXN0dXMifQ?api-version=2021-04-01",
        "Pragma": "no-cache",
        "Retry-After": "15",
        "Strict-Transport-Security": "max-age=31536000; includeSubDomains",
        "X-Content-Type-Options": "nosniff",
        "x-ms-correlation-request-id": "00000000-0000-0000-0000-000000000000",
        "x-ms-ratelimit-remaining-subscription-deletes": "14995",
        "x-ms-request-id": "00000000-0000-0000-0000-000000000000",
        "x-ms-routing-request-id": "SOUTHEASTASIA:20220822T074708Z:00000000-0000-0000-0000-000000000000"
      },
      "ResponseBody": null
    }
  ],
  "Variables": {}
}
