---
version: 1
interactions:
- request:
    body: ""
    form: {}
    headers:
      Authorization:
      - SharedKey golangrocksonazure:xux0xoM65NQtAkHzRV2qA0UzjKieAnBqnj2hDfn7SZ4=
      User-Agent:
      - Go/go1.15.1 (amd64-windows) azure-storage-go/v52.6.0 api-version/2018-03-28
        blob
      x-ms-blob-public-access:
      - blob
      x-ms-date:
      - Tue, 13 Apr 2021 15:57:39 GMT
      x-ms-version:
      - "2018-03-28"
    url: https://golangrocksonazure.blob.core.windows.net/48copyblobsuitetestincrementalco?restype=container
    method: PUT
  response:
    body: ""
    headers:
      Content-Length:
      - "0"
      Date:
      - Tue, 13 Apr 2021 15:57:38 GMT
      Etag:
      - '"0x8D8FE94DD050C4F"'
      Last-Modified:
      - Tue, 13 Apr 2021 15:57:38 GMT
      Server:
      - Windows-Azure-Blob/1.0 Microsoft-HTTPAPI/2.0
      X-Ms-Request-Id:
      - 2c9db50c-801e-004c-2b7d-300fdd000000
      X-Ms-Version:
      - "2018-03-28"
    status: 201 Created
    code: 201
    duration: ""
- request:
    body: ""
    form: {}
    headers:
      Authorization:
      - SharedKey golangrocksonazure:orPyULL8GS6ZsJ/lPptj1QPBk7O7sdwzTuG8KkkJQqo=
      User-Agent:
      - Go/go1.15.1 (amd64-windows) azure-storage-go/v52.6.0 api-version/2018-03-28
        blob
      x-ms-blob-content-length:
      - "10485760"
      x-ms-blob-sequence-number:
      - "0"
      x-ms-blob-type:
      - PageBlob
      x-ms-date:
      - Tue, 13 Apr 2021 15:57:39 GMT
      x-ms-version:
      - "2018-03-28"
    url: https://golangrocksonazure.blob.core.windows.net/48copyblobsuitetestincrementalco/blob/src48copyblobsuitetestincrementalcopyblobwithtimeout
    method: PUT
  response:
    body: ""
    headers:
      Content-Length:
      - "0"
      Date:
      - Tue, 13 Apr 2021 15:57:38 GMT
      Etag:
      - '"0x8D8FE94DD0865AA"'
      Last-Modified:
      - Tue, 13 Apr 2021 15:57:38 GMT
      Server:
      - Windows-Azure-Blob/1.0 Microsoft-HTTPAPI/2.0
      X-Ms-Request-Id:
      - 2c9db510-801e-004c-2e7d-300fdd000000
      X-Ms-Request-Server-Encrypted:
      - "true"
      X-Ms-Version:
      - "2018-03-28"
    status: 201 Created
    code: 201
    duration: ""
- request:
    body: ""
    form: {}
    headers:
      Authorization:
      - SharedKey golangrocksonazure:8Oi1CGkJfOtnF2etEb7VPPPeH6cQfLDW6Q9zYmMk3SU=
      User-Agent:
      - Go/go1.15.1 (amd64-windows) azure-storage-go/v52.6.0 api-version/2018-03-28
        blob
      x-ms-date:
      - Tue, 13 Apr 2021 15:57:39 GMT
      x-ms-version:
      - "2018-03-28"
    url: https://golangrocksonazure.blob.core.windows.net/48copyblobsuitetestincrementalco/blob/src48copyblobsuitetestincrementalcopyblobwithtimeout?comp=snapshot
    method: PUT
  response:
    body: ""
    headers:
      Content-Length:
      - "0"
      Date:
      - Tue, 13 Apr 2021 15:57:38 GMT
      Etag:
      - '"0x8D8FE94DD0865AA"'
      Last-Modified:
      - Tue, 13 Apr 2021 15:57:38 GMT
      Server:
      - Windows-Azure-Blob/1.0 Microsoft-HTTPAPI/2.0
      X-Ms-Request-Id:
      - 2c9db518-801e-004c-367d-300fdd000000
      X-Ms-Snapshot:
      - "2021-04-13T15:57:39.0075295Z"
      X-Ms-Version:
      - "2018-03-28"
    status: 201 Created
    code: 201
    duration: ""
- request:
    body: ""
    form: {}
    headers:
      Authorization:
      - SharedKey golangrocksonazure:8yzkpmx8kTlz9dDv9ZHvQEZeIV5LjTr8+rOtcIUVxjg=
      User-Agent:
      - Go/go1.15.1 (amd64-windows) azure-storage-go/v52.6.0 api-version/2018-03-28
        blob
      x-ms-copy-source:
      - https://golangrocksonazure.blob.core.windows.net/48copyblobsuitetestincrementalco/blob/src48copyblobsuitetestincrementalcopyblobwithtimeout?snapshot=2021-04-13T15:57:39.0075295Z
      x-ms-date:
      - Tue, 13 Apr 2021 15:57:39 GMT
      x-ms-version:
      - "2018-03-28"
    url: https://golangrocksonazure.blob.core.windows.net/48copyblobsuitetestincrementalco/blob/dst48copyblobsuitetestincrementalcopyblobwithtimeout?comp=incrementalcopy&timeout=30
    method: PUT
  response:
    body: ""
    headers:
      Content-Length:
      - "0"
      Date:
      - Tue, 13 Apr 2021 15:57:38 GMT
      Etag:
      - '"0x8D8FE94DD10565B"'
      Last-Modified:
      - Tue, 13 Apr 2021 15:57:39 GMT
      Server:
      - Windows-Azure-Blob/1.0 Microsoft-HTTPAPI/2.0
      X-Ms-Copy-Id:
      - b960482d-f7cf-4883-9015-4a3f351adcc4
      X-Ms-Copy-Status:
      - pending
      X-Ms-Request-Id:
      - 2c9db521-801e-004c-3d7d-300fdd000000
      X-Ms-Version:
      - "2018-03-28"
    status: 202 Accepted
    code: 202
    duration: ""
- request:
    body: ""
    form: {}
    headers:
      Authorization:
      - SharedKey golangrocksonazure:PPibpRHuyArPiJ7fp6zDkIXXEB/LaAE8lB5NAPql2F4=
      User-Agent:
      - Go/go1.15.1 (amd64-windows) azure-storage-go/v52.6.0 api-version/2018-03-28
        blob
      x-ms-date:
      - Tue, 13 Apr 2021 15:57:39 GMT
      x-ms-version:
      - "2018-03-28"
    url: https://golangrocksonazure.blob.core.windows.net/48copyblobsuitetestincrementalco?restype=container
    method: DELETE
  response:
    body: ""
    headers:
      Content-Length:
      - "0"
      Date:
      - Tue, 13 Apr 2021 15:57:38 GMT
      Server:
      - Windows-Azure-Blob/1.0 Microsoft-HTTPAPI/2.0
      X-Ms-Request-Id:
      - 2c9db52d-801e-004c-487d-300fdd000000
      X-Ms-Version:
      - "2018-03-28"
    status: 202 Accepted
    code: 202
    duration: ""
