{
  "Entries": [
    {
      "RequestUri": "https://fakekvurl.vault.azure.net/secrets/secret1641844154?api-version=7.2",
      "RequestMethod": "PUT",
      "RequestHeaders": {
        ":authority": "localhost:5001",
        ":method": "PUT",
        ":path": "/secrets/secret1641844154?api-version=7.2",
        ":scheme": "https",
        "Accept": "application/json",
        "Accept-Encoding": "gzip",
        "Authorization": "Sanitized",
        "Content-Length": "43",
        "Content-Type": "application/json",
        "User-Agent": "azsdk-go-internal/v0.1.0 azsdk-go-azcore/v0.19.0 (go1.17; Windows_NT)",
        "x-ms-date": "Tue, 28 Sep 2021 17:45:21 GMT"
      },
      "RequestBody": {
        "attributes": {},
        "value": "value1641844154"
      },
      "StatusCode": 200,
      "ResponseHeaders": {
        "Cache-Control": "no-cache",
        "Content-Length": "267",
        "Content-Type": "application/json; charset=utf-8",
        "Date": "Tue, 28 Sep 2021 17:45:21 GMT",
        "Expires": "-1",
        "Pragma": "no-cache",
        "Strict-Transport-Security": "max-age=31536000;includeSubDomains",
        "X-Content-Type-Options": "nosniff",
        "x-ms-keyvault-network-info": "conn_type=Ipv4;addr=72.49.25.62;act_addr_fam=InterNetwork;",
        "x-ms-keyvault-region": "westus2",
        "x-ms-keyvault-service-version": "1.9.79.2",
        "x-ms-request-id": "6bae2808-d9e8-4a42-a6ea-42db0bde5d0d",
        "X-Powered-By": "ASP.NET"
      },
      "ResponseBody": {
        "value": "value1641844154",
        "id": "https://seankane.vault.azure.net/secrets/secret1641844154/d81cd74b106a4b06b6d72e1b27a7b660",
        "attributes": {
          "enabled": true,
          "created": 1632851122,
          "updated": 1632851122,
          "recoveryLevel": "CustomizedRecoverable\u002BPurgeable",
          "recoverableDays": 7
        }
      }
    },
    {
      "RequestUri": "https://fakekvurl.vault.azure.net/secrets/secret1641844154?api-version=7.2",
      "RequestMethod": "DELETE",
      "RequestHeaders": {
        ":authority": "localhost:5001",
        ":method": "DELETE",
        ":path": "/secrets/secret1641844154?api-version=7.2",
        ":scheme": "https",
        "Accept": "application/json",
        "Accept-Encoding": "gzip",
        "Authorization": "Sanitized",
        "User-Agent": "azsdk-go-internal/v0.1.0 azsdk-go-azcore/v0.19.0 (go1.17; Windows_NT)",
        "x-ms-date": "Tue, 28 Sep 2021 17:45:21 GMT"
      },
      "RequestBody": null,
      "StatusCode": 200,
      "ResponseHeaders": {
        "Cache-Control": "no-cache",
        "Content-Length": "378",
        "Content-Type": "application/json; charset=utf-8",
        "Date": "Tue, 28 Sep 2021 17:45:21 GMT",
        "Expires": "-1",
        "Pragma": "no-cache",
        "Strict-Transport-Security": "max-age=31536000;includeSubDomains",
        "X-Content-Type-Options": "nosniff",
        "x-ms-keyvault-network-info": "conn_type=Ipv4;addr=72.49.25.62;act_addr_fam=InterNetwork;",
        "x-ms-keyvault-region": "westus2",
        "x-ms-keyvault-service-version": "1.9.79.2",
        "x-ms-request-id": "7e120879-2e03-40d4-9632-7665d5b68817",
        "X-Powered-By": "ASP.NET"
      },
      "ResponseBody": {
        "recoveryId": "https://seankane.vault.azure.net/deletedsecrets/secret1641844154",
        "deletedDate": 1632851122,
        "scheduledPurgeDate": 1633455922,
        "id": "https://seankane.vault.azure.net/secrets/secret1641844154/d81cd74b106a4b06b6d72e1b27a7b660",
        "attributes": {
          "enabled": true,
          "created": 1632851122,
          "updated": 1632851122,
          "recoveryLevel": "CustomizedRecoverable\u002BPurgeable",
          "recoverableDays": 7
        }
      }
    },
    {
      "RequestUri": "https://fakekvurl.vault.azure.net/deletedsecrets/secret1641844154?api-version=7.2",
      "RequestMethod": "GET",
      "RequestHeaders": {
        ":authority": "localhost:5001",
        ":method": "GET",
        ":path": "/deletedsecrets/secret1641844154?api-version=7.2",
        ":scheme": "https",
        "Accept": "application/json",
        "Accept-Encoding": "gzip",
        "Authorization": "Sanitized",
        "User-Agent": "azsdk-go-internal/v0.1.0 azsdk-go-azcore/v0.19.0 (go1.17; Windows_NT)",
        "x-ms-date": "Tue, 28 Sep 2021 17:45:21 GMT"
      },
      "RequestBody": null,
      "StatusCode": 404,
      "ResponseHeaders": {
        "Cache-Control": "no-cache",
        "Content-Length": "90",
        "Content-Type": "application/json; charset=utf-8",
        "Date": "Tue, 28 Sep 2021 17:45:22 GMT",
        "Expires": "-1",
        "Pragma": "no-cache",
        "Strict-Transport-Security": "max-age=31536000;includeSubDomains",
        "X-Content-Type-Options": "nosniff",
        "x-ms-keyvault-network-info": "conn_type=Ipv4;addr=72.49.25.62;act_addr_fam=InterNetwork;",
        "x-ms-keyvault-region": "westus2",
        "x-ms-keyvault-service-version": "1.9.79.2",
        "x-ms-request-id": "65e1c48b-43d2-4271-8b10-32972e79a991",
        "X-Powered-By": "ASP.NET"
      },
      "ResponseBody": {
        "error": {
          "code": "SecretNotFound",
          "message": "Deleted Secret not found: secret1641844154"
        }
      }
    },
    {
      "RequestUri": "https://fakekvurl.vault.azure.net/deletedsecrets/secret1641844154?api-version=7.2",
      "RequestMethod": "GET",
      "RequestHeaders": {
        ":authority": "localhost:5001",
        ":method": "GET",
        ":path": "/deletedsecrets/secret1641844154?api-version=7.2",
        ":scheme": "https",
        "Accept": "application/json",
        "Accept-Encoding": "gzip",
        "Authorization": "Sanitized",
        "User-Agent": "azsdk-go-internal/v0.1.0 azsdk-go-azcore/v0.19.0 (go1.17; Windows_NT)",
        "x-ms-date": "Tue, 28 Sep 2021 17:45:21 GMT"
      },
      "RequestBody": null,
      "StatusCode": 404,
      "ResponseHeaders": {
        "Cache-Control": "no-cache",
        "Content-Length": "90",
        "Content-Type": "application/json; charset=utf-8",
        "Date": "Tue, 28 Sep 2021 17:45:22 GMT",
        "Expires": "-1",
        "Pragma": "no-cache",
        "Strict-Transport-Security": "max-age=31536000;includeSubDomains",
        "X-Content-Type-Options": "nosniff",
        "x-ms-keyvault-network-info": "conn_type=Ipv4;addr=72.49.25.62;act_addr_fam=InterNetwork;",
        "x-ms-keyvault-region": "westus2",
        "x-ms-keyvault-service-version": "1.9.79.2",
        "x-ms-request-id": "17182dc5-b0e4-4cbe-8a00-216fecfb4554",
        "X-Powered-By": "ASP.NET"
      },
      "ResponseBody": {
        "error": {
          "code": "SecretNotFound",
          "message": "Deleted Secret not found: secret1641844154"
        }
      }
    },
    {
      "RequestUri": "https://fakekvurl.vault.azure.net/deletedsecrets/secret1641844154?api-version=7.2",
      "RequestMethod": "GET",
      "RequestHeaders": {
        ":authority": "localhost:5001",
        ":method": "GET",
        ":path": "/deletedsecrets/secret1641844154?api-version=7.2",
        ":scheme": "https",
        "Accept": "application/json",
        "Accept-Encoding": "gzip",
        "Authorization": "Sanitized",
        "User-Agent": "azsdk-go-internal/v0.1.0 azsdk-go-azcore/v0.19.0 (go1.17; Windows_NT)",
        "x-ms-date": "Tue, 28 Sep 2021 17:45:21 GMT"
      },
      "RequestBody": null,
      "StatusCode": 404,
      "ResponseHeaders": {
        "Cache-Control": "no-cache",
        "Content-Length": "90",
        "Content-Type": "application/json; charset=utf-8",
        "Date": "Tue, 28 Sep 2021 17:45:22 GMT",
        "Expires": "-1",
        "Pragma": "no-cache",
        "Strict-Transport-Security": "max-age=31536000;includeSubDomains",
        "X-Content-Type-Options": "nosniff",
        "x-ms-keyvault-network-info": "conn_type=Ipv4;addr=72.49.25.62;act_addr_fam=InterNetwork;",
        "x-ms-keyvault-region": "westus2",
        "x-ms-keyvault-service-version": "1.9.79.2",
        "x-ms-request-id": "8beee466-72b3-47e2-bb45-15cbb443d51f",
        "X-Powered-By": "ASP.NET"
      },
      "ResponseBody": {
        "error": {
          "code": "SecretNotFound",
          "message": "Deleted Secret not found: secret1641844154"
        }
      }
    },
    {
      "RequestUri": "https://fakekvurl.vault.azure.net/deletedsecrets/secret1641844154?api-version=7.2",
      "RequestMethod": "GET",
      "RequestHeaders": {
        ":authority": "localhost:5001",
        ":method": "GET",
        ":path": "/deletedsecrets/secret1641844154?api-version=7.2",
        ":scheme": "https",
        "Accept": "application/json",
        "Accept-Encoding": "gzip",
        "Authorization": "Sanitized",
        "User-Agent": "azsdk-go-internal/v0.1.0 azsdk-go-azcore/v0.19.0 (go1.17; Windows_NT)",
        "x-ms-date": "Tue, 28 Sep 2021 17:45:22 GMT"
      },
      "RequestBody": null,
      "StatusCode": 200,
      "ResponseHeaders": {
        "Cache-Control": "no-cache",
        "Content-Length": "378",
        "Content-Type": "application/json; charset=utf-8",
        "Date": "Tue, 28 Sep 2021 17:45:22 GMT",
        "Expires": "-1",
        "Pragma": "no-cache",
        "Strict-Transport-Security": "max-age=31536000;includeSubDomains",
        "X-Content-Type-Options": "nosniff",
        "x-ms-keyvault-network-info": "conn_type=Ipv4;addr=72.49.25.62;act_addr_fam=InterNetwork;",
        "x-ms-keyvault-region": "westus2",
        "x-ms-keyvault-service-version": "1.9.79.2",
        "x-ms-request-id": "6a2623c6-2b10-4276-a940-dd81b865922a",
        "X-Powered-By": "ASP.NET"
      },
      "ResponseBody": {
        "recoveryId": "https://seankane.vault.azure.net/deletedsecrets/secret1641844154",
        "deletedDate": 1632851122,
        "scheduledPurgeDate": 1633455922,
        "id": "https://seankane.vault.azure.net/secrets/secret1641844154/d81cd74b106a4b06b6d72e1b27a7b660",
        "attributes": {
          "enabled": true,
          "created": 1632851122,
          "updated": 1632851122,
          "recoveryLevel": "CustomizedRecoverable\u002BPurgeable",
          "recoverableDays": 7
        }
      }
    },
    {
      "RequestUri": "https://fakekvurl.vault.azure.net/deletedsecrets/secret1641844154?api-version=7.2",
      "RequestMethod": "GET",
      "RequestHeaders": {
        ":authority": "localhost:5001",
        ":method": "GET",
        ":path": "/deletedsecrets/secret1641844154?api-version=7.2",
        ":scheme": "https",
        "Accept": "application/json",
        "Accept-Encoding": "gzip",
        "Authorization": "Sanitized",
        "User-Agent": "azsdk-go-internal/v0.1.0 azsdk-go-azcore/v0.19.0 (go1.17; Windows_NT)",
        "x-ms-date": "Tue, 28 Sep 2021 17:45:22 GMT"
      },
      "RequestBody": null,
      "StatusCode": 200,
      "ResponseHeaders": {
        "Cache-Control": "no-cache",
        "Content-Length": "378",
        "Content-Type": "application/json; charset=utf-8",
        "Date": "Tue, 28 Sep 2021 17:45:22 GMT",
        "Expires": "-1",
        "Pragma": "no-cache",
        "Strict-Transport-Security": "max-age=31536000;includeSubDomains",
        "X-Content-Type-Options": "nosniff",
        "x-ms-keyvault-network-info": "conn_type=Ipv4;addr=72.49.25.62;act_addr_fam=InterNetwork;",
        "x-ms-keyvault-region": "westus2",
        "x-ms-keyvault-service-version": "1.9.79.2",
        "x-ms-request-id": "9c1df848-4cab-4b28-b730-1c90a10bf6e5",
        "X-Powered-By": "ASP.NET"
      },
      "ResponseBody": {
        "recoveryId": "https://seankane.vault.azure.net/deletedsecrets/secret1641844154",
        "deletedDate": 1632851122,
        "scheduledPurgeDate": 1633455922,
        "id": "https://seankane.vault.azure.net/secrets/secret1641844154/d81cd74b106a4b06b6d72e1b27a7b660",
        "attributes": {
          "enabled": true,
          "created": 1632851122,
          "updated": 1632851122,
          "recoveryLevel": "CustomizedRecoverable\u002BPurgeable",
          "recoverableDays": 7
        }
      }
    },
    {
      "RequestUri": "https://fakekvurl.vault.azure.net/deletedsecrets/secret1641844154?api-version=7.2",
      "RequestMethod": "DELETE",
      "RequestHeaders": {
        ":authority": "localhost:5001",
        ":method": "DELETE",
        ":path": "/deletedsecrets/secret1641844154?api-version=7.2",
        ":scheme": "https",
        "Accept": "application/json",
        "Accept-Encoding": "gzip",
        "Authorization": "Sanitized",
        "User-Agent": "azsdk-go-internal/v0.1.0 azsdk-go-azcore/v0.19.0 (go1.17; Windows_NT)",
        "x-ms-date": "Tue, 28 Sep 2021 17:45:22 GMT"
      },
      "RequestBody": null,
      "StatusCode": 204,
      "ResponseHeaders": {
        "Cache-Control": "no-cache",
        "Date": "Tue, 28 Sep 2021 17:45:23 GMT",
        "Expires": "-1",
        "Pragma": "no-cache",
        "Strict-Transport-Security": "max-age=31536000;includeSubDomains",
        "X-Content-Type-Options": "nosniff",
        "x-ms-keyvault-network-info": "conn_type=Ipv4;addr=72.49.25.62;act_addr_fam=InterNetwork;",
        "x-ms-keyvault-region": "westus2",
        "x-ms-keyvault-service-version": "1.9.79.2",
        "x-ms-request-id": "af2ab430-124c-400f-8dc8-507d5c4f88aa",
        "X-Powered-By": "ASP.NET"
      },
      "ResponseBody": null
    },
    {
      "RequestUri": "https://fakekvurl.vault.azure.net/secrets/secret1641844154/?api-version=7.2",
      "RequestMethod": "GET",
      "RequestHeaders": {
        ":authority": "localhost:5001",
        ":method": "GET",
        ":path": "/secrets/secret1641844154/?api-version=7.2",
        ":scheme": "https",
        "Accept": "application/json",
        "Accept-Encoding": "gzip",
        "Authorization": "Sanitized",
        "User-Agent": "azsdk-go-internal/v0.1.0 azsdk-go-azcore/v0.19.0 (go1.17; Windows_NT)",
        "x-ms-date": "Tue, 28 Sep 2021 17:45:22 GMT"
      },
      "RequestBody": null,
      "StatusCode": 404,
      "ResponseHeaders": {
        "Cache-Control": "no-cache",
        "Content-Length": "313",
        "Content-Type": "application/json; charset=utf-8",
        "Date": "Tue, 28 Sep 2021 17:45:23 GMT",
        "Expires": "-1",
        "Pragma": "no-cache",
        "Strict-Transport-Security": "max-age=31536000;includeSubDomains",
        "X-Content-Type-Options": "nosniff",
        "x-ms-keyvault-network-info": "conn_type=Ipv4;addr=72.49.25.62;act_addr_fam=InterNetwork;",
        "x-ms-keyvault-region": "westus2",
        "x-ms-keyvault-service-version": "1.9.79.2",
        "x-ms-request-id": "c490ede6-cdb3-4ff3-9b9d-c8fbcd1fd7dd",
        "X-Powered-By": "ASP.NET"
      },
      "ResponseBody": {
        "error": {
          "code": "SecretNotFound",
          "message": "A secret with (name/id) secret1641844154 was not found in this key vault. If you recently deleted this secret you may be able to recover it using the correct recovery command. For help resolving this issue, please see https://go.microsoft.com/fwlink/?linkid=2125182"
        }
      }
    }
  ],
  "Variables": {}
}
