{
  "Entries": [
    {
      "RequestUri": "https://fakekvurl.vault.azure.net/secrets/secret1641844154?api-version=7.2",
      "RequestMethod": "PUT",
      "RequestHeaders": {
        ":authority": "localhost:5001",
        ":method": "PUT",
        ":path": "/secrets/secret1641844154?api-version=7.2",
        ":scheme": "https",
        "Accept": "application/json",
        "Accept-Encoding": "gzip",
        "Authorization": "Sanitized",
        "Content-Length": "53",
        "Content-Type": "application/json",
        "User-Agent": "azsdk-go-internal/v0.1.0 azsdk-go-azcore/v0.19.0 (go1.17; Windows_NT)",
        "x-ms-date": "Wed, 29 Sep 2021 15:10:15 GMT"
      },
      "RequestBody": {
        "attributes": {},
        "tags": {},
        "value": "value1641844154"
      },
      "StatusCode": 200,
      "ResponseHeaders": {
        "Cache-Control": "no-cache",
        "Content-Length": "277",
        "Content-Type": "application/json; charset=utf-8",
        "Date": "Wed, 29 Sep 2021 15:10:15 GMT",
        "Expires": "-1",
        "Pragma": "no-cache",
        "Strict-Transport-Security": "max-age=31536000;includeSubDomains",
        "X-Content-Type-Options": "nosniff",
        "x-ms-keyvault-network-info": "conn_type=Ipv4;addr=72.49.25.62;act_addr_fam=InterNetwork;",
        "x-ms-keyvault-region": "westus2",
        "x-ms-keyvault-service-version": "1.9.79.2",
        "x-ms-request-id": "a969efc8-9f15-46ee-8c7f-7f83adfdcab1",
        "X-Powered-By": "ASP.NET"
      },
      "ResponseBody": {
        "value": "value1641844154",
        "id": "https://seankane.vault.azure.net/secrets/secret1641844154/0cd52d33701e47c9b7c992973c90c457",
        "attributes": {
          "enabled": true,
          "created": 1632928215,
          "updated": 1632928215,
          "recoveryLevel": "CustomizedRecoverable\u002BPurgeable",
          "recoverableDays": 7
        },
        "tags": {}
      }
    },
    {
      "RequestUri": "https://fakekvurl.vault.azure.net/secrets/secret1641844154?api-version=7.2",
      "RequestMethod": "DELETE",
      "RequestHeaders": {
        ":authority": "localhost:5001",
        ":method": "DELETE",
        ":path": "/secrets/secret1641844154?api-version=7.2",
        ":scheme": "https",
        "Accept": "application/json",
        "Accept-Encoding": "gzip",
        "Authorization": "Sanitized",
        "User-Agent": "azsdk-go-internal/v0.1.0 azsdk-go-azcore/v0.19.0 (go1.17; Windows_NT)",
        "x-ms-date": "Wed, 29 Sep 2021 15:10:15 GMT"
      },
      "RequestBody": null,
      "StatusCode": 200,
      "ResponseHeaders": {
        "Cache-Control": "no-cache",
        "Content-Length": "388",
        "Content-Type": "application/json; charset=utf-8",
        "Date": "Wed, 29 Sep 2021 15:10:15 GMT",
        "Expires": "-1",
        "Pragma": "no-cache",
        "Strict-Transport-Security": "max-age=31536000;includeSubDomains",
        "X-Content-Type-Options": "nosniff",
        "x-ms-keyvault-network-info": "conn_type=Ipv4;addr=72.49.25.62;act_addr_fam=InterNetwork;",
        "x-ms-keyvault-region": "westus2",
        "x-ms-keyvault-service-version": "1.9.79.2",
        "x-ms-request-id": "02ef3f29-897d-477b-a4fb-2a4517de48ea",
        "X-Powered-By": "ASP.NET"
      },
      "ResponseBody": {
        "recoveryId": "https://seankane.vault.azure.net/deletedsecrets/secret1641844154",
        "deletedDate": 1632928215,
        "scheduledPurgeDate": 1633533015,
        "id": "https://seankane.vault.azure.net/secrets/secret1641844154/0cd52d33701e47c9b7c992973c90c457",
        "attributes": {
          "enabled": true,
          "created": 1632928215,
          "updated": 1632928215,
          "recoveryLevel": "CustomizedRecoverable\u002BPurgeable",
          "recoverableDays": 7
        },
        "tags": {}
      }
    },
    {
      "RequestUri": "https://fakekvurl.vault.azure.net/deletedsecrets/secret1641844154?api-version=7.2",
      "RequestMethod": "GET",
      "RequestHeaders": {
        ":authority": "localhost:5001",
        ":method": "GET",
        ":path": "/deletedsecrets/secret1641844154?api-version=7.2",
        ":scheme": "https",
        "Accept": "application/json",
        "Accept-Encoding": "gzip",
        "Authorization": "Sanitized",
        "User-Agent": "azsdk-go-internal/v0.1.0 azsdk-go-azcore/v0.19.0 (go1.17; Windows_NT)",
        "x-ms-date": "Wed, 29 Sep 2021 15:10:15 GMT"
      },
      "RequestBody": null,
      "StatusCode": 404,
      "ResponseHeaders": {
        "Cache-Control": "no-cache",
        "Content-Length": "90",
        "Content-Type": "application/json; charset=utf-8",
        "Date": "Wed, 29 Sep 2021 15:10:15 GMT",
        "Expires": "-1",
        "Pragma": "no-cache",
        "Strict-Transport-Security": "max-age=31536000;includeSubDomains",
        "X-Content-Type-Options": "nosniff",
        "x-ms-keyvault-network-info": "conn_type=Ipv4;addr=72.49.25.62;act_addr_fam=InterNetwork;",
        "x-ms-keyvault-region": "westus2",
        "x-ms-keyvault-service-version": "1.9.79.2",
        "x-ms-request-id": "846921ee-cdba-4bb9-8768-709efe80a228",
        "X-Powered-By": "ASP.NET"
      },
      "ResponseBody": {
        "error": {
          "code": "SecretNotFound",
          "message": "Deleted Secret not found: secret1641844154"
        }
      }
    },
    {
      "RequestUri": "https://fakekvurl.vault.azure.net/deletedsecrets/secret1641844154?api-version=7.2",
      "RequestMethod": "GET",
      "RequestHeaders": {
        ":authority": "localhost:5001",
        ":method": "GET",
        ":path": "/deletedsecrets/secret1641844154?api-version=7.2",
        ":scheme": "https",
        "Accept": "application/json",
        "Accept-Encoding": "gzip",
        "Authorization": "Sanitized",
        "User-Agent": "azsdk-go-internal/v0.1.0 azsdk-go-azcore/v0.19.0 (go1.17; Windows_NT)",
        "x-ms-date": "Wed, 29 Sep 2021 15:10:15 GMT"
      },
      "RequestBody": null,
      "StatusCode": 404,
      "ResponseHeaders": {
        "Cache-Control": "no-cache",
        "Content-Length": "90",
        "Content-Type": "application/json; charset=utf-8",
        "Date": "Wed, 29 Sep 2021 15:10:15 GMT",
        "Expires": "-1",
        "Pragma": "no-cache",
        "Strict-Transport-Security": "max-age=31536000;includeSubDomains",
        "X-Content-Type-Options": "nosniff",
        "x-ms-keyvault-network-info": "conn_type=Ipv4;addr=72.49.25.62;act_addr_fam=InterNetwork;",
        "x-ms-keyvault-region": "westus2",
        "x-ms-keyvault-service-version": "1.9.79.2",
        "x-ms-request-id": "6093a47b-3d9e-408c-8536-be1a2e94938a",
        "X-Powered-By": "ASP.NET"
      },
      "ResponseBody": {
        "error": {
          "code": "SecretNotFound",
          "message": "Deleted Secret not found: secret1641844154"
        }
      }
    },
    {
      "RequestUri": "https://fakekvurl.vault.azure.net/deletedsecrets/secret1641844154?api-version=7.2",
      "RequestMethod": "GET",
      "RequestHeaders": {
        ":authority": "localhost:5001",
        ":method": "GET",
        ":path": "/deletedsecrets/secret1641844154?api-version=7.2",
        ":scheme": "https",
        "Accept": "application/json",
        "Accept-Encoding": "gzip",
        "Authorization": "Sanitized",
        "User-Agent": "azsdk-go-internal/v0.1.0 azsdk-go-azcore/v0.19.0 (go1.17; Windows_NT)",
        "x-ms-date": "Wed, 29 Sep 2021 15:10:16 GMT"
      },
      "RequestBody": null,
      "StatusCode": 404,
      "ResponseHeaders": {
        "Cache-Control": "no-cache",
        "Content-Length": "90",
        "Content-Type": "application/json; charset=utf-8",
        "Date": "Wed, 29 Sep 2021 15:10:15 GMT",
        "Expires": "-1",
        "Pragma": "no-cache",
        "Strict-Transport-Security": "max-age=31536000;includeSubDomains",
        "X-Content-Type-Options": "nosniff",
        "x-ms-keyvault-network-info": "conn_type=Ipv4;addr=72.49.25.62;act_addr_fam=InterNetwork;",
        "x-ms-keyvault-region": "westus2",
        "x-ms-keyvault-service-version": "1.9.79.2",
        "x-ms-request-id": "39f95699-5cc8-4815-b2ab-fb7cc8d934ed",
        "X-Powered-By": "ASP.NET"
      },
      "ResponseBody": {
        "error": {
          "code": "SecretNotFound",
          "message": "Deleted Secret not found: secret1641844154"
        }
      }
    },
    {
      "RequestUri": "https://fakekvurl.vault.azure.net/deletedsecrets/secret1641844154?api-version=7.2",
      "RequestMethod": "GET",
      "RequestHeaders": {
        ":authority": "localhost:5001",
        ":method": "GET",
        ":path": "/deletedsecrets/secret1641844154?api-version=7.2",
        ":scheme": "https",
        "Accept": "application/json",
        "Accept-Encoding": "gzip",
        "Authorization": "Sanitized",
        "User-Agent": "azsdk-go-internal/v0.1.0 azsdk-go-azcore/v0.19.0 (go1.17; Windows_NT)",
        "x-ms-date": "Wed, 29 Sep 2021 15:10:16 GMT"
      },
      "RequestBody": null,
      "StatusCode": 404,
      "ResponseHeaders": {
        "Cache-Control": "no-cache",
        "Content-Length": "90",
        "Content-Type": "application/json; charset=utf-8",
        "Date": "Wed, 29 Sep 2021 15:10:16 GMT",
        "Expires": "-1",
        "Pragma": "no-cache",
        "Strict-Transport-Security": "max-age=31536000;includeSubDomains",
        "X-Content-Type-Options": "nosniff",
        "x-ms-keyvault-network-info": "conn_type=Ipv4;addr=72.49.25.62;act_addr_fam=InterNetwork;",
        "x-ms-keyvault-region": "westus2",
        "x-ms-keyvault-service-version": "1.9.79.2",
        "x-ms-request-id": "1b6a3065-136a-4fee-86bb-965b6bb1affd",
        "X-Powered-By": "ASP.NET"
      },
      "ResponseBody": {
        "error": {
          "code": "SecretNotFound",
          "message": "Deleted Secret not found: secret1641844154"
        }
      }
    },
    {
      "RequestUri": "https://fakekvurl.vault.azure.net/deletedsecrets/secret1641844154?api-version=7.2",
      "RequestMethod": "GET",
      "RequestHeaders": {
        ":authority": "localhost:5001",
        ":method": "GET",
        ":path": "/deletedsecrets/secret1641844154?api-version=7.2",
        ":scheme": "https",
        "Accept": "application/json",
        "Accept-Encoding": "gzip",
        "Authorization": "Sanitized",
        "User-Agent": "azsdk-go-internal/v0.1.0 azsdk-go-azcore/v0.19.0 (go1.17; Windows_NT)",
        "x-ms-date": "Wed, 29 Sep 2021 15:10:16 GMT"
      },
      "RequestBody": null,
      "StatusCode": 404,
      "ResponseHeaders": {
        "Cache-Control": "no-cache",
        "Content-Length": "90",
        "Content-Type": "application/json; charset=utf-8",
        "Date": "Wed, 29 Sep 2021 15:10:16 GMT",
        "Expires": "-1",
        "Pragma": "no-cache",
        "Strict-Transport-Security": "max-age=31536000;includeSubDomains",
        "X-Content-Type-Options": "nosniff",
        "x-ms-keyvault-network-info": "conn_type=Ipv4;addr=72.49.25.62;act_addr_fam=InterNetwork;",
        "x-ms-keyvault-region": "westus2",
        "x-ms-keyvault-service-version": "1.9.79.2",
        "x-ms-request-id": "3d270d9e-f78b-45dc-83ef-61543a97d0a4",
        "X-Powered-By": "ASP.NET"
      },
      "ResponseBody": {
        "error": {
          "code": "SecretNotFound",
          "message": "Deleted Secret not found: secret1641844154"
        }
      }
    },
    {
      "RequestUri": "https://fakekvurl.vault.azure.net/deletedsecrets/secret1641844154?api-version=7.2",
      "RequestMethod": "GET",
      "RequestHeaders": {
        ":authority": "localhost:5001",
        ":method": "GET",
        ":path": "/deletedsecrets/secret1641844154?api-version=7.2",
        ":scheme": "https",
        "Accept": "application/json",
        "Accept-Encoding": "gzip",
        "Authorization": "Sanitized",
        "User-Agent": "azsdk-go-internal/v0.1.0 azsdk-go-azcore/v0.19.0 (go1.17; Windows_NT)",
        "x-ms-date": "Wed, 29 Sep 2021 15:10:17 GMT"
      },
      "RequestBody": null,
      "StatusCode": 200,
      "ResponseHeaders": {
        "Cache-Control": "no-cache",
        "Content-Length": "388",
        "Content-Type": "application/json; charset=utf-8",
        "Date": "Wed, 29 Sep 2021 15:10:17 GMT",
        "Expires": "-1",
        "Pragma": "no-cache",
        "Strict-Transport-Security": "max-age=31536000;includeSubDomains",
        "X-Content-Type-Options": "nosniff",
        "x-ms-keyvault-network-info": "conn_type=Ipv4;addr=72.49.25.62;act_addr_fam=InterNetwork;",
        "x-ms-keyvault-region": "westus2",
        "x-ms-keyvault-service-version": "1.9.79.2",
        "x-ms-request-id": "1918126b-32dc-49f3-a8c2-b93532820cf4",
        "X-Powered-By": "ASP.NET"
      },
      "ResponseBody": {
        "recoveryId": "https://seankane.vault.azure.net/deletedsecrets/secret1641844154",
        "deletedDate": 1632928215,
        "scheduledPurgeDate": 1633533015,
        "id": "https://seankane.vault.azure.net/secrets/secret1641844154/0cd52d33701e47c9b7c992973c90c457",
        "attributes": {
          "enabled": true,
          "created": 1632928215,
          "updated": 1632928215,
          "recoveryLevel": "CustomizedRecoverable\u002BPurgeable",
          "recoverableDays": 7
        },
        "tags": {}
      }
    },
    {
      "RequestUri": "https://fakekvurl.vault.azure.net/deletedsecrets/secret1641844154?api-version=7.2",
      "RequestMethod": "GET",
      "RequestHeaders": {
        ":authority": "localhost:5001",
        ":method": "GET",
        ":path": "/deletedsecrets/secret1641844154?api-version=7.2",
        ":scheme": "https",
        "Accept": "application/json",
        "Accept-Encoding": "gzip",
        "Authorization": "Sanitized",
        "User-Agent": "azsdk-go-internal/v0.1.0 azsdk-go-azcore/v0.19.0 (go1.17; Windows_NT)",
        "x-ms-date": "Wed, 29 Sep 2021 15:10:17 GMT"
      },
      "RequestBody": null,
      "StatusCode": 200,
      "ResponseHeaders": {
        "Cache-Control": "no-cache",
        "Content-Length": "388",
        "Content-Type": "application/json; charset=utf-8",
        "Date": "Wed, 29 Sep 2021 15:10:17 GMT",
        "Expires": "-1",
        "Pragma": "no-cache",
        "Strict-Transport-Security": "max-age=31536000;includeSubDomains",
        "X-Content-Type-Options": "nosniff",
        "x-ms-keyvault-network-info": "conn_type=Ipv4;addr=72.49.25.62;act_addr_fam=InterNetwork;",
        "x-ms-keyvault-region": "westus2",
        "x-ms-keyvault-service-version": "1.9.79.2",
        "x-ms-request-id": "e5970f8a-7b3b-44fa-a882-ccdd7fe2a561",
        "X-Powered-By": "ASP.NET"
      },
      "ResponseBody": {
        "recoveryId": "https://seankane.vault.azure.net/deletedsecrets/secret1641844154",
        "deletedDate": 1632928215,
        "scheduledPurgeDate": 1633533015,
        "id": "https://seankane.vault.azure.net/secrets/secret1641844154/0cd52d33701e47c9b7c992973c90c457",
        "attributes": {
          "enabled": true,
          "created": 1632928215,
          "updated": 1632928215,
          "recoveryLevel": "CustomizedRecoverable\u002BPurgeable",
          "recoverableDays": 7
        },
        "tags": {}
      }
    },
    {
      "RequestUri": "https://fakekvurl.vault.azure.net/deletedsecrets/secret1641844154?api-version=7.2",
      "RequestMethod": "DELETE",
      "RequestHeaders": {
        ":authority": "localhost:5001",
        ":method": "DELETE",
        ":path": "/deletedsecrets/secret1641844154?api-version=7.2",
        ":scheme": "https",
        "Accept": "application/json",
        "Accept-Encoding": "gzip",
        "Authorization": "Sanitized",
        "User-Agent": "azsdk-go-internal/v0.1.0 azsdk-go-azcore/v0.19.0 (go1.17; Windows_NT)",
        "x-ms-date": "Wed, 29 Sep 2021 15:10:17 GMT"
      },
      "RequestBody": null,
      "StatusCode": 204,
      "ResponseHeaders": {
        "Cache-Control": "no-cache",
        "Date": "Wed, 29 Sep 2021 15:10:17 GMT",
        "Expires": "-1",
        "Pragma": "no-cache",
        "Strict-Transport-Security": "max-age=31536000;includeSubDomains",
        "X-Content-Type-Options": "nosniff",
        "x-ms-keyvault-network-info": "conn_type=Ipv4;addr=72.49.25.62;act_addr_fam=InterNetwork;",
        "x-ms-keyvault-region": "westus2",
        "x-ms-keyvault-service-version": "1.9.79.2",
        "x-ms-request-id": "e2fda0df-fbb7-4065-bd65-04e0857fe50d",
        "X-Powered-By": "ASP.NET"
      },
      "ResponseBody": null
    },
    {
      "RequestUri": "https://fakekvurl.vault.azure.net/secrets/secret1641844154/?api-version=7.2",
      "RequestMethod": "GET",
      "RequestHeaders": {
        ":authority": "localhost:5001",
        ":method": "GET",
        ":path": "/secrets/secret1641844154/?api-version=7.2",
        ":scheme": "https",
        "Accept": "application/json",
        "Accept-Encoding": "gzip",
        "Authorization": "Sanitized",
        "User-Agent": "azsdk-go-internal/v0.1.0 azsdk-go-azcore/v0.19.0 (go1.17; Windows_NT)",
        "x-ms-date": "Wed, 29 Sep 2021 15:10:17 GMT"
      },
      "RequestBody": null,
      "StatusCode": 404,
      "ResponseHeaders": {
        "Cache-Control": "no-cache",
        "Content-Length": "313",
        "Content-Type": "application/json; charset=utf-8",
        "Date": "Wed, 29 Sep 2021 15:10:17 GMT",
        "Expires": "-1",
        "Pragma": "no-cache",
        "Strict-Transport-Security": "max-age=31536000;includeSubDomains",
        "X-Content-Type-Options": "nosniff",
        "x-ms-keyvault-network-info": "conn_type=Ipv4;addr=72.49.25.62;act_addr_fam=InterNetwork;",
        "x-ms-keyvault-region": "westus2",
        "x-ms-keyvault-service-version": "1.9.79.2",
        "x-ms-request-id": "293caeb9-93ca-4d44-90a5-e1d7e361c9ab",
        "X-Powered-By": "ASP.NET"
      },
      "ResponseBody": {
        "error": {
          "code": "SecretNotFound",
          "message": "A secret with (name/id) secret1641844154 was not found in this key vault. If you recently deleted this secret you may be able to recover it using the correct recovery command. For help resolving this issue, please see https://go.microsoft.com/fwlink/?linkid=2125182"
        }
      }
    }
  ],
  "Variables": {}
}
