{
  "Entries": [
    {
      "RequestUri": "https://seankane.vault.azure.net/secrets/secret13245351623?api-version=7.2",
      "RequestMethod": "PUT",
      "RequestHeaders": {
        ":authority": "localhost:5001",
        ":method": "PUT",
        ":path": "/secrets/secret13245351623?api-version=7.2",
        ":scheme": "https",
        "Accept": "application/json",
        "Accept-Encoding": "gzip",
        "Authorization": "Sanitized",
        "Content-Length": "44",
        "Content-Type": "application/json",
        "User-Agent": "azsdk-go-internal/v0.1.0 azsdk-go-azcore/v0.19.0 (go1.17; Windows_NT)",
        "x-ms-date": "Tue, 21 Sep 2021 16:21:23 GMT"
      },
      "RequestBody": {
        "attributes": {},
        "value": "value13245351623"
      },
      "StatusCode": 200,
      "ResponseHeaders": {
        "Cache-Control": "no-cache",
        "Content-Length": "269",
        "Content-Type": "application/json; charset=utf-8",
        "Date": "Tue, 21 Sep 2021 16:21:23 GMT",
        "Expires": "-1",
        "Pragma": "no-cache",
        "Strict-Transport-Security": "max-age=31536000;includeSubDomains",
        "X-Content-Type-Options": "nosniff",
        "x-ms-keyvault-network-info": "conn_type=Ipv4;addr=72.49.25.62;act_addr_fam=InterNetwork;",
        "x-ms-keyvault-region": "westus2",
        "x-ms-keyvault-service-version": "1.9.79.2",
        "x-ms-request-id": "2eb5553f-b67f-468c-b65f-d9fd29926d06",
        "X-Powered-By": "ASP.NET"
      },
      "ResponseBody": {
        "value": "value13245351623",
        "id": "https://seankane.vault.azure.net/secrets/secret13245351623/865e26c1e59e425092535563ed9a09de",
        "attributes": {
          "enabled": true,
          "created": 1632241284,
          "updated": 1632241284,
          "recoveryLevel": "CustomizedRecoverable\u002BPurgeable",
          "recoverableDays": 7
        }
      }
    },
    {
      "RequestUri": "https://seankane.vault.azure.net/secrets/secret23245351623?api-version=7.2",
      "RequestMethod": "PUT",
      "RequestHeaders": {
        ":authority": "localhost:5001",
        ":method": "PUT",
        ":path": "/secrets/secret23245351623?api-version=7.2",
        ":scheme": "https",
        "Accept": "application/json",
        "Accept-Encoding": "gzip",
        "Authorization": "Sanitized",
        "Content-Length": "44",
        "Content-Type": "application/json",
        "User-Agent": "azsdk-go-internal/v0.1.0 azsdk-go-azcore/v0.19.0 (go1.17; Windows_NT)",
        "x-ms-date": "Tue, 21 Sep 2021 16:21:24 GMT"
      },
      "RequestBody": {
        "attributes": {},
        "value": "value23245351623"
      },
      "StatusCode": 200,
      "ResponseHeaders": {
        "Cache-Control": "no-cache",
        "Content-Length": "269",
        "Content-Type": "application/json; charset=utf-8",
        "Date": "Tue, 21 Sep 2021 16:21:24 GMT",
        "Expires": "-1",
        "Pragma": "no-cache",
        "Strict-Transport-Security": "max-age=31536000;includeSubDomains",
        "X-Content-Type-Options": "nosniff",
        "x-ms-keyvault-network-info": "conn_type=Ipv4;addr=72.49.25.62;act_addr_fam=InterNetwork;",
        "x-ms-keyvault-region": "westus2",
        "x-ms-keyvault-service-version": "1.9.79.2",
        "x-ms-request-id": "431f1ee2-3dc5-4fd3-a0b3-98168551a0d6",
        "X-Powered-By": "ASP.NET"
      },
      "ResponseBody": {
        "value": "value23245351623",
        "id": "https://seankane.vault.azure.net/secrets/secret23245351623/4b812ff236c74ef1a53940bad9570934",
        "attributes": {
          "enabled": true,
          "created": 1632241284,
          "updated": 1632241284,
          "recoveryLevel": "CustomizedRecoverable\u002BPurgeable",
          "recoverableDays": 7
        }
      }
    },
    {
      "RequestUri": "https://seankane.vault.azure.net/secrets/secret13245351623?api-version=7.2",
      "RequestMethod": "DELETE",
      "RequestHeaders": {
        ":authority": "localhost:5001",
        ":method": "DELETE",
        ":path": "/secrets/secret13245351623?api-version=7.2",
        ":scheme": "https",
        "Accept": "application/json",
        "Accept-Encoding": "gzip",
        "Authorization": "Sanitized",
        "User-Agent": "azsdk-go-internal/v0.1.0 azsdk-go-azcore/v0.19.0 (go1.17; Windows_NT)",
        "x-ms-date": "Tue, 21 Sep 2021 16:21:24 GMT"
      },
      "RequestBody": null,
      "StatusCode": 200,
      "ResponseHeaders": {
        "Cache-Control": "no-cache",
        "Content-Length": "380",
        "Content-Type": "application/json; charset=utf-8",
        "Date": "Tue, 21 Sep 2021 16:21:24 GMT",
        "Expires": "-1",
        "Pragma": "no-cache",
        "Strict-Transport-Security": "max-age=31536000;includeSubDomains",
        "X-Content-Type-Options": "nosniff",
        "x-ms-keyvault-network-info": "conn_type=Ipv4;addr=72.49.25.62;act_addr_fam=InterNetwork;",
        "x-ms-keyvault-region": "westus2",
        "x-ms-keyvault-service-version": "1.9.79.2",
        "x-ms-request-id": "467cac7b-bbd0-4318-84cf-bd8fbdf7d248",
        "X-Powered-By": "ASP.NET"
      },
      "ResponseBody": {
        "recoveryId": "https://seankane.vault.azure.net/deletedsecrets/secret13245351623",
        "deletedDate": 1632241285,
        "scheduledPurgeDate": 1632846085,
        "id": "https://seankane.vault.azure.net/secrets/secret13245351623/865e26c1e59e425092535563ed9a09de",
        "attributes": {
          "enabled": true,
          "created": 1632241284,
          "updated": 1632241284,
          "recoveryLevel": "CustomizedRecoverable\u002BPurgeable",
          "recoverableDays": 7
        }
      }
    },
    {
      "RequestUri": "https://seankane.vault.azure.net/deletedsecrets/secret13245351623?api-version=7.2",
      "RequestMethod": "GET",
      "RequestHeaders": {
        ":authority": "localhost:5001",
        ":method": "GET",
        ":path": "/deletedsecrets/secret13245351623?api-version=7.2",
        ":scheme": "https",
        "Accept": "application/json",
        "Accept-Encoding": "gzip",
        "Authorization": "Sanitized",
        "User-Agent": "azsdk-go-internal/v0.1.0 azsdk-go-azcore/v0.19.0 (go1.17; Windows_NT)",
        "x-ms-date": "Tue, 21 Sep 2021 16:21:24 GMT"
      },
      "RequestBody": null,
      "StatusCode": 404,
      "ResponseHeaders": {
        "Cache-Control": "no-cache",
        "Content-Length": "91",
        "Content-Type": "application/json; charset=utf-8",
        "Date": "Tue, 21 Sep 2021 16:21:24 GMT",
        "Expires": "-1",
        "Pragma": "no-cache",
        "Strict-Transport-Security": "max-age=31536000;includeSubDomains",
        "X-Content-Type-Options": "nosniff",
        "x-ms-keyvault-network-info": "conn_type=Ipv4;addr=72.49.25.62;act_addr_fam=InterNetwork;",
        "x-ms-keyvault-region": "westus2",
        "x-ms-keyvault-service-version": "1.9.79.2",
        "x-ms-request-id": "c71ed2ee-e22d-4ede-b8ec-d87d3afed0a5",
        "X-Powered-By": "ASP.NET"
      },
      "ResponseBody": {
        "error": {
          "code": "SecretNotFound",
          "message": "Deleted Secret not found: secret13245351623"
        }
      }
    },
    {
      "RequestUri": "https://seankane.vault.azure.net/deletedsecrets/secret13245351623?api-version=7.2",
      "RequestMethod": "GET",
      "RequestHeaders": {
        ":authority": "localhost:5001",
        ":method": "GET",
        ":path": "/deletedsecrets/secret13245351623?api-version=7.2",
        ":scheme": "https",
        "Accept": "application/json",
        "Accept-Encoding": "gzip",
        "Authorization": "Sanitized",
        "User-Agent": "azsdk-go-internal/v0.1.0 azsdk-go-azcore/v0.19.0 (go1.17; Windows_NT)",
        "x-ms-date": "Tue, 21 Sep 2021 16:21:24 GMT"
      },
      "RequestBody": null,
      "StatusCode": 404,
      "ResponseHeaders": {
        "Cache-Control": "no-cache",
        "Content-Length": "91",
        "Content-Type": "application/json; charset=utf-8",
        "Date": "Tue, 21 Sep 2021 16:21:24 GMT",
        "Expires": "-1",
        "Pragma": "no-cache",
        "Strict-Transport-Security": "max-age=31536000;includeSubDomains",
        "X-Content-Type-Options": "nosniff",
        "x-ms-keyvault-network-info": "conn_type=Ipv4;addr=72.49.25.62;act_addr_fam=InterNetwork;",
        "x-ms-keyvault-region": "westus2",
        "x-ms-keyvault-service-version": "1.9.79.2",
        "x-ms-request-id": "38547b77-a778-4083-a16f-7c5e0a6808b8",
        "X-Powered-By": "ASP.NET"
      },
      "ResponseBody": {
        "error": {
          "code": "SecretNotFound",
          "message": "Deleted Secret not found: secret13245351623"
        }
      }
    },
    {
      "RequestUri": "https://seankane.vault.azure.net/deletedsecrets/secret13245351623?api-version=7.2",
      "RequestMethod": "GET",
      "RequestHeaders": {
        ":authority": "localhost:5001",
        ":method": "GET",
        ":path": "/deletedsecrets/secret13245351623?api-version=7.2",
        ":scheme": "https",
        "Accept": "application/json",
        "Accept-Encoding": "gzip",
        "Authorization": "Sanitized",
        "User-Agent": "azsdk-go-internal/v0.1.0 azsdk-go-azcore/v0.19.0 (go1.17; Windows_NT)",
        "x-ms-date": "Tue, 21 Sep 2021 16:21:25 GMT"
      },
      "RequestBody": null,
      "StatusCode": 404,
      "ResponseHeaders": {
        "Cache-Control": "no-cache",
        "Content-Length": "91",
        "Content-Type": "application/json; charset=utf-8",
        "Date": "Tue, 21 Sep 2021 16:21:24 GMT",
        "Expires": "-1",
        "Pragma": "no-cache",
        "Strict-Transport-Security": "max-age=31536000;includeSubDomains",
        "X-Content-Type-Options": "nosniff",
        "x-ms-keyvault-network-info": "conn_type=Ipv4;addr=72.49.25.62;act_addr_fam=InterNetwork;",
        "x-ms-keyvault-region": "westus2",
        "x-ms-keyvault-service-version": "1.9.79.2",
        "x-ms-request-id": "265086bc-8fe9-4c4f-b06a-23db9d448bb0",
        "X-Powered-By": "ASP.NET"
      },
      "ResponseBody": {
        "error": {
          "code": "SecretNotFound",
          "message": "Deleted Secret not found: secret13245351623"
        }
      }
    },
    {
      "RequestUri": "https://seankane.vault.azure.net/deletedsecrets/secret13245351623?api-version=7.2",
      "RequestMethod": "GET",
      "RequestHeaders": {
        ":authority": "localhost:5001",
        ":method": "GET",
        ":path": "/deletedsecrets/secret13245351623?api-version=7.2",
        ":scheme": "https",
        "Accept": "application/json",
        "Accept-Encoding": "gzip",
        "Authorization": "Sanitized",
        "User-Agent": "azsdk-go-internal/v0.1.0 azsdk-go-azcore/v0.19.0 (go1.17; Windows_NT)",
        "x-ms-date": "Tue, 21 Sep 2021 16:21:25 GMT"
      },
      "RequestBody": null,
      "StatusCode": 200,
      "ResponseHeaders": {
        "Cache-Control": "no-cache",
        "Content-Length": "380",
        "Content-Type": "application/json; charset=utf-8",
        "Date": "Tue, 21 Sep 2021 16:21:25 GMT",
        "Expires": "-1",
        "Pragma": "no-cache",
        "Strict-Transport-Security": "max-age=31536000;includeSubDomains",
        "X-Content-Type-Options": "nosniff",
        "x-ms-keyvault-network-info": "conn_type=Ipv4;addr=72.49.25.62;act_addr_fam=InterNetwork;",
        "x-ms-keyvault-region": "westus2",
        "x-ms-keyvault-service-version": "1.9.79.2",
        "x-ms-request-id": "85c50185-7847-4424-a68b-85a69647e2a8",
        "X-Powered-By": "ASP.NET"
      },
      "ResponseBody": {
        "recoveryId": "https://seankane.vault.azure.net/deletedsecrets/secret13245351623",
        "deletedDate": 1632241285,
        "scheduledPurgeDate": 1632846085,
        "id": "https://seankane.vault.azure.net/secrets/secret13245351623/865e26c1e59e425092535563ed9a09de",
        "attributes": {
          "enabled": true,
          "created": 1632241284,
          "updated": 1632241284,
          "recoveryLevel": "CustomizedRecoverable\u002BPurgeable",
          "recoverableDays": 7
        }
      }
    },
    {
      "RequestUri": "https://seankane.vault.azure.net/secrets/secret23245351623?api-version=7.2",
      "RequestMethod": "DELETE",
      "RequestHeaders": {
        ":authority": "localhost:5001",
        ":method": "DELETE",
        ":path": "/secrets/secret23245351623?api-version=7.2",
        ":scheme": "https",
        "Accept": "application/json",
        "Accept-Encoding": "gzip",
        "Authorization": "Sanitized",
        "User-Agent": "azsdk-go-internal/v0.1.0 azsdk-go-azcore/v0.19.0 (go1.17; Windows_NT)",
        "x-ms-date": "Tue, 21 Sep 2021 16:21:25 GMT"
      },
      "RequestBody": null,
      "StatusCode": 200,
      "ResponseHeaders": {
        "Cache-Control": "no-cache",
        "Content-Length": "380",
        "Content-Type": "application/json; charset=utf-8",
        "Date": "Tue, 21 Sep 2021 16:21:25 GMT",
        "Expires": "-1",
        "Pragma": "no-cache",
        "Strict-Transport-Security": "max-age=31536000;includeSubDomains",
        "X-Content-Type-Options": "nosniff",
        "x-ms-keyvault-network-info": "conn_type=Ipv4;addr=72.49.25.62;act_addr_fam=InterNetwork;",
        "x-ms-keyvault-region": "westus2",
        "x-ms-keyvault-service-version": "1.9.79.2",
        "x-ms-request-id": "b351d108-482f-4ceb-9299-f3b09ddef8bd",
        "X-Powered-By": "ASP.NET"
      },
      "ResponseBody": {
        "recoveryId": "https://seankane.vault.azure.net/deletedsecrets/secret23245351623",
        "deletedDate": 1632241286,
        "scheduledPurgeDate": 1632846086,
        "id": "https://seankane.vault.azure.net/secrets/secret23245351623/4b812ff236c74ef1a53940bad9570934",
        "attributes": {
          "enabled": true,
          "created": 1632241284,
          "updated": 1632241284,
          "recoveryLevel": "CustomizedRecoverable\u002BPurgeable",
          "recoverableDays": 7
        }
      }
    },
    {
      "RequestUri": "https://seankane.vault.azure.net/deletedsecrets/secret23245351623?api-version=7.2",
      "RequestMethod": "GET",
      "RequestHeaders": {
        ":authority": "localhost:5001",
        ":method": "GET",
        ":path": "/deletedsecrets/secret23245351623?api-version=7.2",
        ":scheme": "https",
        "Accept": "application/json",
        "Accept-Encoding": "gzip",
        "Authorization": "Sanitized",
        "User-Agent": "azsdk-go-internal/v0.1.0 azsdk-go-azcore/v0.19.0 (go1.17; Windows_NT)",
        "x-ms-date": "Tue, 21 Sep 2021 16:21:25 GMT"
      },
      "RequestBody": null,
      "StatusCode": 404,
      "ResponseHeaders": {
        "Cache-Control": "no-cache",
        "Content-Length": "91",
        "Content-Type": "application/json; charset=utf-8",
        "Date": "Tue, 21 Sep 2021 16:21:25 GMT",
        "Expires": "-1",
        "Pragma": "no-cache",
        "Strict-Transport-Security": "max-age=31536000;includeSubDomains",
        "X-Content-Type-Options": "nosniff",
        "x-ms-keyvault-network-info": "conn_type=Ipv4;addr=72.49.25.62;act_addr_fam=InterNetwork;",
        "x-ms-keyvault-region": "westus2",
        "x-ms-keyvault-service-version": "1.9.79.2",
        "x-ms-request-id": "117ec805-11c7-4c75-9dfa-20c7d76f74f5",
        "X-Powered-By": "ASP.NET"
      },
      "ResponseBody": {
        "error": {
          "code": "SecretNotFound",
          "message": "Deleted Secret not found: secret23245351623"
        }
      }
    },
    {
      "RequestUri": "https://seankane.vault.azure.net/deletedsecrets/secret23245351623?api-version=7.2",
      "RequestMethod": "GET",
      "RequestHeaders": {
        ":authority": "localhost:5001",
        ":method": "GET",
        ":path": "/deletedsecrets/secret23245351623?api-version=7.2",
        ":scheme": "https",
        "Accept": "application/json",
        "Accept-Encoding": "gzip",
        "Authorization": "Sanitized",
        "User-Agent": "azsdk-go-internal/v0.1.0 azsdk-go-azcore/v0.19.0 (go1.17; Windows_NT)",
        "x-ms-date": "Tue, 21 Sep 2021 16:21:25 GMT"
      },
      "RequestBody": null,
      "StatusCode": 404,
      "ResponseHeaders": {
        "Cache-Control": "no-cache",
        "Content-Length": "91",
        "Content-Type": "application/json; charset=utf-8",
        "Date": "Tue, 21 Sep 2021 16:21:25 GMT",
        "Expires": "-1",
        "Pragma": "no-cache",
        "Strict-Transport-Security": "max-age=31536000;includeSubDomains",
        "X-Content-Type-Options": "nosniff",
        "x-ms-keyvault-network-info": "conn_type=Ipv4;addr=72.49.25.62;act_addr_fam=InterNetwork;",
        "x-ms-keyvault-region": "westus2",
        "x-ms-keyvault-service-version": "1.9.79.2",
        "x-ms-request-id": "a34b628b-032f-40ca-8f85-4b096c54cabd",
        "X-Powered-By": "ASP.NET"
      },
      "ResponseBody": {
        "error": {
          "code": "SecretNotFound",
          "message": "Deleted Secret not found: secret23245351623"
        }
      }
    },
    {
      "RequestUri": "https://seankane.vault.azure.net/deletedsecrets/secret23245351623?api-version=7.2",
      "RequestMethod": "GET",
      "RequestHeaders": {
        ":authority": "localhost:5001",
        ":method": "GET",
        ":path": "/deletedsecrets/secret23245351623?api-version=7.2",
        ":scheme": "https",
        "Accept": "application/json",
        "Accept-Encoding": "gzip",
        "Authorization": "Sanitized",
        "User-Agent": "azsdk-go-internal/v0.1.0 azsdk-go-azcore/v0.19.0 (go1.17; Windows_NT)",
        "x-ms-date": "Tue, 21 Sep 2021 16:21:26 GMT"
      },
      "RequestBody": null,
      "StatusCode": 200,
      "ResponseHeaders": {
        "Cache-Control": "no-cache",
        "Content-Length": "380",
        "Content-Type": "application/json; charset=utf-8",
        "Date": "Tue, 21 Sep 2021 16:21:25 GMT",
        "Expires": "-1",
        "Pragma": "no-cache",
        "Strict-Transport-Security": "max-age=31536000;includeSubDomains",
        "X-Content-Type-Options": "nosniff",
        "x-ms-keyvault-network-info": "conn_type=Ipv4;addr=72.49.25.62;act_addr_fam=InterNetwork;",
        "x-ms-keyvault-region": "westus2",
        "x-ms-keyvault-service-version": "1.9.79.2",
        "x-ms-request-id": "8744b109-eb11-47b8-a22c-9b750dac8f77",
        "X-Powered-By": "ASP.NET"
      },
      "ResponseBody": {
        "recoveryId": "https://seankane.vault.azure.net/deletedsecrets/secret23245351623",
        "deletedDate": 1632241286,
        "scheduledPurgeDate": 1632846086,
        "id": "https://seankane.vault.azure.net/secrets/secret23245351623/4b812ff236c74ef1a53940bad9570934",
        "attributes": {
          "enabled": true,
          "created": 1632241284,
          "updated": 1632241284,
          "recoveryLevel": "CustomizedRecoverable\u002BPurgeable",
          "recoverableDays": 7
        }
      }
    },
    {
      "RequestUri": "https://seankane.vault.azure.net/deletedsecrets?api-version=7.2",
      "RequestMethod": "GET",
      "RequestHeaders": {
        ":authority": "localhost:5001",
        ":method": "GET",
        ":path": "/deletedsecrets?api-version=7.2",
        ":scheme": "https",
        "Accept": "application/json",
        "Accept-Encoding": "gzip",
        "Authorization": "Sanitized",
        "User-Agent": "azsdk-go-internal/v0.1.0 azsdk-go-azcore/v0.19.0 (go1.17; Windows_NT)",
        "x-ms-date": "Tue, 21 Sep 2021 16:21:26 GMT"
      },
      "RequestBody": null,
      "StatusCode": 200,
      "ResponseHeaders": {
        "Cache-Control": "no-cache",
        "Content-Length": "723",
        "Content-Type": "application/json; charset=utf-8",
        "Date": "Tue, 21 Sep 2021 16:21:26 GMT",
        "Expires": "-1",
        "Pragma": "no-cache",
        "Strict-Transport-Security": "max-age=31536000;includeSubDomains",
        "X-Content-Type-Options": "nosniff",
        "x-ms-keyvault-network-info": "conn_type=Ipv4;addr=72.49.25.62;act_addr_fam=InterNetwork;",
        "x-ms-keyvault-region": "westus2",
        "x-ms-keyvault-service-version": "1.9.79.2",
        "x-ms-request-id": "aa40c85e-9ba6-4bfe-b9ba-8e682b2f1311",
        "X-Powered-By": "ASP.NET"
      },
      "ResponseBody": {
        "value": [
          {
            "recoveryId": "https://seankane.vault.azure.net/deletedsecrets/secret13245351623",
            "deletedDate": 1632241285,
            "scheduledPurgeDate": 1632846085,
            "id": "https://seankane.vault.azure.net/secrets/secret13245351623",
            "attributes": {
              "enabled": true,
              "created": 1632241284,
              "updated": 1632241284,
              "recoveryLevel": "CustomizedRecoverable\u002BPurgeable",
              "recoverableDays": 7
            }
          },
          {
            "recoveryId": "https://seankane.vault.azure.net/deletedsecrets/secret23245351623",
            "deletedDate": 1632241286,
            "scheduledPurgeDate": 1632846086,
            "id": "https://seankane.vault.azure.net/secrets/secret23245351623",
            "attributes": {
              "enabled": true,
              "created": 1632241284,
              "updated": 1632241284,
              "recoveryLevel": "CustomizedRecoverable\u002BPurgeable",
              "recoverableDays": 7
            }
          }
        ],
        "nextLink": null
      }
    },
    {
      "RequestUri": "https://seankane.vault.azure.net/deletedsecrets/secret13245351623?api-version=7.2",
      "RequestMethod": "DELETE",
      "RequestHeaders": {
        ":authority": "localhost:5001",
        ":method": "DELETE",
        ":path": "/deletedsecrets/secret13245351623?api-version=7.2",
        ":scheme": "https",
        "Accept": "application/json",
        "Accept-Encoding": "gzip",
        "Authorization": "Sanitized",
        "User-Agent": "azsdk-go-internal/v0.1.0 azsdk-go-azcore/v0.19.0 (go1.17; Windows_NT)",
        "x-ms-date": "Tue, 21 Sep 2021 16:21:26 GMT"
      },
      "RequestBody": null,
      "StatusCode": 204,
      "ResponseHeaders": {
        "Cache-Control": "no-cache",
        "Date": "Tue, 21 Sep 2021 16:21:26 GMT",
        "Expires": "-1",
        "Pragma": "no-cache",
        "Strict-Transport-Security": "max-age=31536000;includeSubDomains",
        "X-Content-Type-Options": "nosniff",
        "x-ms-keyvault-network-info": "conn_type=Ipv4;addr=72.49.25.62;act_addr_fam=InterNetwork;",
        "x-ms-keyvault-region": "westus2",
        "x-ms-keyvault-service-version": "1.9.79.2",
        "x-ms-request-id": "38fafea5-22eb-4804-aebb-0db50749df5c",
        "X-Powered-By": "ASP.NET"
      },
      "ResponseBody": null
    },
    {
      "RequestUri": "https://seankane.vault.azure.net/deletedsecrets/secret23245351623?api-version=7.2",
      "RequestMethod": "DELETE",
      "RequestHeaders": {
        ":authority": "localhost:5001",
        ":method": "DELETE",
        ":path": "/deletedsecrets/secret23245351623?api-version=7.2",
        ":scheme": "https",
        "Accept": "application/json",
        "Accept-Encoding": "gzip",
        "Authorization": "Sanitized",
        "User-Agent": "azsdk-go-internal/v0.1.0 azsdk-go-azcore/v0.19.0 (go1.17; Windows_NT)",
        "x-ms-date": "Tue, 21 Sep 2021 16:21:26 GMT"
      },
      "RequestBody": null,
      "StatusCode": 204,
      "ResponseHeaders": {
        "Cache-Control": "no-cache",
        "Date": "Tue, 21 Sep 2021 16:21:26 GMT",
        "Expires": "-1",
        "Pragma": "no-cache",
        "Strict-Transport-Security": "max-age=31536000;includeSubDomains",
        "X-Content-Type-Options": "nosniff",
        "x-ms-keyvault-network-info": "conn_type=Ipv4;addr=72.49.25.62;act_addr_fam=InterNetwork;",
        "x-ms-keyvault-region": "westus2",
        "x-ms-keyvault-service-version": "1.9.79.2",
        "x-ms-request-id": "3347ddc6-248a-450f-b61f-53e70578a792",
        "X-Powered-By": "ASP.NET"
      },
      "ResponseBody": null
    }
  ],
  "Variables": {}
}
