{
  "Entries": [
    {
      "RequestUri": "https://fakestorageaccount.table.cosmos.azure.com/Tables",
      "RequestMethod": "POST",
      "RequestHeaders": {
        ":authority": "localhost:5001",
        ":method": "POST",
        ":path": "/Tables",
        ":scheme": "https",
        "Accept": "application/json;odata=minimalmetadata",
        "Accept-Encoding": "gzip",
        "Authorization": "Sanitized",
        "Content-Length": "35",
        "Content-Type": "application/json",
        "dataserviceversion": "3.0",
        "User-Agent": "azsdk-go-aztable/\u003Cversion\u003E azsdk-go-aztable/\u003Cversion\u003E azcore/v0.16.2 (go1.16.5; Windows_NT)",
        "x-ms-date": "Mon, 02 Aug 2021 18:01:56 GMT",
        "x-ms-version": "2019-02-02"
      },
      "RequestBody": {
        "TableName": "tableName1856152197"
      },
      "StatusCode": 201,
      "ResponseHeaders": {
        "Content-Type": "application/json; odata=minimalmetadata",
        "Date": "Mon, 02 Aug 2021 18:01:56 GMT",
        "ETag": "W/\u0022datetime\u00272021-08-02T18%3A01%3A56.2060808Z\u0027\u0022",
        "Location": "https://seankaneprim.table.cosmos.azure.com/Tables(\u0027tableName1856152197\u0027)",
        "Transfer-Encoding": "chunked",
        "x-ms-request-id": "946f7f2e-5215-4c5d-89de-a2789163a1fb"
      },
      "ResponseBody": {
        "TableName": "tableName1856152197",
        "odata.metadata": "https://seankaneprim.table.cosmos.azure.com/$metadata#Tables/@Element"
      }
    },
    {
      "RequestUri": "https://fakestorageaccount.table.cosmos.azure.com/tableName1856152197",
      "RequestMethod": "POST",
      "RequestHeaders": {
        ":authority": "localhost:5001",
        ":method": "POST",
        ":path": "/tableName1856152197",
        ":scheme": "https",
        "Accept": "application/json;odata=minimalmetadata",
        "Accept-Encoding": "gzip",
        "Authorization": "Sanitized",
        "Content-Length": "125",
        "Content-Type": "application/json",
        "dataserviceversion": "3.0",
        "prefer": "return-no-content",
        "User-Agent": "azsdk-go-aztable/\u003Cversion\u003E azsdk-go-aztable/\u003Cversion\u003E azcore/v0.16.2 (go1.16.5; Windows_NT)",
        "x-ms-date": "Mon, 02 Aug 2021 18:01:57 GMT",
        "x-ms-version": "2019-02-02"
      },
      "RequestBody": {
        "Bool": true,
        "Integer": 1,
        "PartitionKey": "partition",
        "RowKey": "1",
        "String": "some string 1",
        "Timestamp": "0001-01-01T00:00:00Z"
      },
      "StatusCode": 204,
      "ResponseHeaders": {
        "Date": "Mon, 02 Aug 2021 18:01:56 GMT",
        "ETag": "W/\u0022datetime\u00272021-08-02T18%3A01%3A56.8062472Z\u0027\u0022",
        "Location": "https://seankaneprim.table.cosmos.azure.com/tableName1856152197(PartitionKey=\u0027partition\u0027,RowKey=\u00271\u0027)",
        "Preference-Applied": "return-no-content",
        "x-ms-request-id": "3a247460-4436-4ee0-b000-ba35e8e2b77b"
      },
      "ResponseBody": null
    },
    {
      "RequestUri": "https://fakestorageaccount.table.cosmos.azure.com/tableName1856152197(PartitionKey=\u0027partition\u0027,RowKey=\u00271\u0027)",
      "RequestMethod": "GET",
      "RequestHeaders": {
        ":authority": "localhost:5001",
        ":method": "GET",
        ":path": "/tableName1856152197(PartitionKey=\u0027partition\u0027,RowKey=\u00271\u0027)",
        ":scheme": "https",
        "Accept": "application/json;odata=minimalmetadata",
        "Accept-Encoding": "gzip",
        "Authorization": "Sanitized",
        "dataserviceversion": "3.0",
        "User-Agent": "azsdk-go-aztable/\u003Cversion\u003E azsdk-go-aztable/\u003Cversion\u003E azcore/v0.16.2 (go1.16.5; Windows_NT)",
        "x-ms-date": "Mon, 02 Aug 2021 18:01:57 GMT",
        "x-ms-version": "2019-02-02"
      },
      "RequestBody": null,
      "StatusCode": 200,
      "ResponseHeaders": {
        "Content-Type": "application/json; odata=minimalmetadata",
        "Date": "Mon, 02 Aug 2021 18:01:56 GMT",
        "ETag": "W/\u0022datetime\u00272021-08-02T18%3A01%3A56.8062472Z\u0027\u0022",
        "Transfer-Encoding": "chunked",
        "x-ms-request-id": "318ab877-7704-4c9e-aa5a-fe2a4fe44e87"
      },
      "ResponseBody": {
        "odata.metadata": "https://seankaneprim.table.cosmos.azure.com/tableName1856152197/$metadata#tableName1856152197/@Element",
        "odata.etag": "W/\u0022datetime\u00272021-08-02T18%3A01%3A56.8062472Z\u0027\u0022",
        "Bool": true,
        "Integer": 1,
        "PartitionKey": "partition",
        "RowKey": "1",
        "String": "some string 1",
        "Timestamp": "2021-08-02T18:01:56.8062472Z"
      }
    },
    {
      "RequestUri": "https://fakestorageaccount.table.cosmos.azure.com/tableName1856152197(PartitionKey=\u0027partition\u0027,RowKey=\u00271\u0027)",
      "RequestMethod": "POST",
      "RequestHeaders": {
        ":authority": "localhost:5001",
        ":method": "POST",
        ":path": "/tableName1856152197(PartitionKey=\u0027partition\u0027,RowKey=\u00271\u0027)",
        ":scheme": "https",
        "Accept": "application/json",
        "Accept-Encoding": "gzip",
        "Authorization": "Sanitized",
        "Content-Length": "147",
        "Content-Type": "application/json",
        "dataserviceversion": "3.0",
        "If-Match": "*",
        "User-Agent": "azsdk-go-aztable/\u003Cversion\u003E azsdk-go-aztable/\u003Cversion\u003E azcore/v0.16.2 (go1.16.5; Windows_NT)",
        "x-http-method": "MERGE",
        "x-ms-date": "Mon, 02 Aug 2021 18:01:57 GMT",
        "x-ms-version": "2019-02-02"
      },
      "RequestBody": {
        "Bool": true,
        "Integer": 1,
        "MergeProperty": "foo",
        "PartitionKey": "partition",
        "RowKey": "1",
        "String": "some string 1",
        "Timestamp": "0001-01-01T00:00:00Z"
      },
      "StatusCode": 204,
      "ResponseHeaders": {
        "Date": "Mon, 02 Aug 2021 18:01:56 GMT",
        "ETag": "W/\u0022datetime\u00272021-08-02T18%3A01%3A57.0623496Z\u0027\u0022",
        "x-ms-request-id": "4904d9ab-efe3-4eac-bbfc-6c9dc2718e11"
      },
      "ResponseBody": null
    },
    {
      "RequestUri": "https://fakestorageaccount.table.cosmos.azure.com/tableName1856152197()?%24filter=RowKey\u002Beq\u002B%271%27",
      "RequestMethod": "GET",
      "RequestHeaders": {
        ":authority": "localhost:5001",
        ":method": "GET",
        ":path": "/tableName1856152197()?%24filter=RowKey\u002Beq\u002B%271%27",
        ":scheme": "https",
        "Accept": "application/json;odata=minimalmetadata",
        "Accept-Encoding": "gzip",
        "Authorization": "Sanitized",
        "dataserviceversion": "3.0",
        "User-Agent": "azsdk-go-aztable/\u003Cversion\u003E azsdk-go-aztable/\u003Cversion\u003E azcore/v0.16.2 (go1.16.5; Windows_NT)",
        "x-ms-date": "Mon, 02 Aug 2021 18:01:57 GMT",
        "x-ms-version": "2019-02-02"
      },
      "RequestBody": null,
      "StatusCode": 200,
      "ResponseHeaders": {
        "Content-Type": "application/json; odata=minimalmetadata",
        "Date": "Mon, 02 Aug 2021 18:01:56 GMT",
        "Transfer-Encoding": "chunked",
        "x-ms-request-id": "8a0be61d-e8a0-4976-b86c-de540766c7ba"
      },
      "ResponseBody": {
        "value": [
          {
            "odata.etag": "W/\u0022datetime\u00272021-08-02T18%3A01%3A57.0623496Z\u0027\u0022",
            "Bool": true,
            "Integer": 1,
            "PartitionKey": "partition",
            "RowKey": "1",
            "String": "some string 1",
            "MergeProperty": "foo",
            "Timestamp": "2021-08-02T18:01:57.0623496Z"
          }
        ],
        "odata.metadata": "https://seankaneprim.table.cosmos.azure.com/$metadata#tableName1856152197"
      }
    },
    {
      "RequestUri": "https://fakestorageaccount.table.cosmos.azure.com/Tables(\u0027tableName1856152197\u0027)",
      "RequestMethod": "DELETE",
      "RequestHeaders": {
        ":authority": "localhost:5001",
        ":method": "DELETE",
        ":path": "/Tables(\u0027tableName1856152197\u0027)",
        ":scheme": "https",
        "Accept": "application/json",
        "Accept-Encoding": "gzip",
        "Authorization": "Sanitized",
        "User-Agent": "azsdk-go-aztable/\u003Cversion\u003E azsdk-go-aztable/\u003Cversion\u003E azcore/v0.16.2 (go1.16.5; Windows_NT)",
        "x-ms-date": "Mon, 02 Aug 2021 18:01:57 GMT",
        "x-ms-version": "2019-02-02"
      },
      "RequestBody": null,
      "StatusCode": 204,
      "ResponseHeaders": {
        "Date": "Mon, 02 Aug 2021 18:01:57 GMT",
        "x-ms-request-id": "9f0c5e31-feaf-482d-88e9-b02d296a8c6f"
      },
      "ResponseBody": null
    }
  ],
  "Variables": {}
}