{
  "Entries": [
    {
      "RequestUri": "https://fakekvurl.vault.azure.net/keys/list-key0762797297/create?api-version=7.3-preview",
      "RequestMethod": "POST",
      "RequestHeaders": {
        ":authority": "localhost:5001",
        ":method": "POST",
        ":path": "/keys/list-key0762797297/create?api-version=7.3-preview",
        ":scheme": "https",
        "Accept": "application/json",
        "Accept-Encoding": "gzip",
        "Content-Length": "0",
        "Content-Type": "application/json",
        "User-Agent": "azsdk-go-internal/v0.1.0 azsdk-go-azcore/v0.20.0 (go1.17; Windows_NT)"
      },
      "RequestBody": null,
      "StatusCode": 401,
      "ResponseHeaders": {
        "Cache-Control": "no-cache",
        "Content-Length": "97",
        "Content-Type": "application/json; charset=utf-8",
        "Date": "Thu, 28 Oct 2021 16:23:38 GMT",
        "Expires": "-1",
        "Pragma": "no-cache",
        "Strict-Transport-Security": "max-age=31536000;includeSubDomains",
        "WWW-Authenticate": "Bearer authorization=\u0022https://login.windows.net/72f988bf-86f1-41af-91ab-2d7cd011db47\u0022, resource=\u0022https://vault.azure.net\u0022",
        "X-Content-Type-Options": "nosniff",
        "x-ms-keyvault-network-info": "conn_type=Ipv4;addr=72.49.29.93;act_addr_fam=InterNetwork;",
        "x-ms-keyvault-region": "southcentralus",
        "x-ms-keyvault-service-version": "1.9.150.1",
        "x-ms-request-id": "b6fcddc1-c3fb-45cd-8510-e21e7ecea7f5",
        "X-Powered-By": "ASP.NET"
      },
      "ResponseBody": {
        "error": {
          "code": "Unauthorized",
          "message": "AKV10000: Request is missing a Bearer or PoP token."
        }
      }
    },
    {
      "RequestUri": "https://fakekvurl.vault.azure.net/keys/list-key0762797297/create?api-version=7.3-preview",
      "RequestMethod": "POST",
      "RequestHeaders": {
        ":authority": "localhost:5001",
        ":method": "POST",
        ":path": "/keys/list-key0762797297/create?api-version=7.3-preview",
        ":scheme": "https",
        "Accept": "application/json",
        "Accept-Encoding": "gzip",
        "Authorization": "Sanitized",
        "Content-Length": "13",
        "Content-Type": "application/json",
        "User-Agent": "azsdk-go-internal/v0.1.0 azsdk-go-azcore/v0.20.0 (go1.17; Windows_NT)"
      },
      "RequestBody": {
        "kty": "RSA"
      },
      "StatusCode": 200,
      "ResponseHeaders": {
        "Cache-Control": "no-cache",
        "Content-Length": "690",
        "Content-Type": "application/json; charset=utf-8",
        "Date": "Thu, 28 Oct 2021 16:23:38 GMT",
        "Expires": "-1",
        "Pragma": "no-cache",
        "Strict-Transport-Security": "max-age=31536000;includeSubDomains",
        "X-Content-Type-Options": "nosniff",
        "x-ms-keyvault-network-info": "conn_type=Ipv4;addr=72.49.29.93;act_addr_fam=InterNetwork;",
        "x-ms-keyvault-region": "southcentralus",
        "x-ms-keyvault-service-version": "1.9.150.1",
        "x-ms-request-id": "ee307d31-6852-4cb3-82ea-4761db5330c0",
        "X-Powered-By": "ASP.NET"
      },
      "ResponseBody": {
        "key": {
          "kid": "https://rosebud.vault.azure.net/keys/list-key0762797297/200c8dc37bba449081c7d8f8b8a050ac",
          "kty": "RSA",
          "key_ops": [
            "encrypt",
            "decrypt",
            "sign",
            "verify",
            "wrapKey",
            "unwrapKey"
          ],
          "n": "wrnfVrWjnU8RKPk05fKPg9JTuLlik7vH1YC_k4RSbbxPkZMoAC8VLNXuLEelrb8spU9aDId9WxS_246ON0pueHekXByzUy8xvdYLxDlHGPlPzlN_ARbbrwpEUxcm7-kFch0jyQhbL22ozpGNPpoI_KjGuFt_tpJc4wHeMnKluG2CSCQAiYQIqwD1Hz8Ipc5HN84TZCQek2xWR6O4Pb7350poKbM8DgpOX7I_FfkE9dyx4HW_RoothFAXz-LXYi0LXTaptzagaBAgWQ-sCKzt1o0QiaIUxkY9YMB3LVcELxhYnAAZTf-Ed_-9QBvqZH7E6HA-ae45Een2s_8u9fbMoQ",
          "e": "AQAB"
        },
        "attributes": {
          "enabled": true,
          "created": 1635438219,
          "updated": 1635438219,
          "recoveryLevel": "CustomizedRecoverable\u002BPurgeable",
          "recoverableDays": 7
        }
      }
    },
    {
      "RequestUri": "https://fakekvurl.vault.azure.net/keys/list-key0762797297?api-version=7.3-preview",
      "RequestMethod": "DELETE",
      "RequestHeaders": {
        ":authority": "localhost:5001",
        ":method": "DELETE",
        ":path": "/keys/list-key0762797297?api-version=7.3-preview",
        ":scheme": "https",
        "Accept": "application/json",
        "Accept-Encoding": "gzip",
        "User-Agent": "azsdk-go-internal/v0.1.0 azsdk-go-azcore/v0.20.0 (go1.17; Windows_NT)"
      },
      "RequestBody": null,
      "StatusCode": 401,
      "ResponseHeaders": {
        "Cache-Control": "no-cache",
        "Content-Length": "97",
        "Content-Type": "application/json; charset=utf-8",
        "Date": "Thu, 28 Oct 2021 16:23:38 GMT",
        "Expires": "-1",
        "Pragma": "no-cache",
        "Strict-Transport-Security": "max-age=31536000;includeSubDomains",
        "WWW-Authenticate": "Bearer authorization=\u0022https://login.windows.net/72f988bf-86f1-41af-91ab-2d7cd011db47\u0022, resource=\u0022https://vault.azure.net\u0022",
        "X-Content-Type-Options": "nosniff",
        "x-ms-keyvault-network-info": "conn_type=Ipv4;addr=72.49.29.93;act_addr_fam=InterNetwork;",
        "x-ms-keyvault-region": "southcentralus",
        "x-ms-keyvault-service-version": "1.9.150.1",
        "x-ms-request-id": "4d1c8f7d-d8a7-4a91-b1f7-b5549ad2ef49",
        "X-Powered-By": "ASP.NET"
      },
      "ResponseBody": {
        "error": {
          "code": "Unauthorized",
          "message": "AKV10000: Request is missing a Bearer or PoP token."
        }
      }
    },
    {
      "RequestUri": "https://fakekvurl.vault.azure.net/keys/list-key0762797297?api-version=7.3-preview",
      "RequestMethod": "DELETE",
      "RequestHeaders": {
        ":authority": "localhost:5001",
        ":method": "DELETE",
        ":path": "/keys/list-key0762797297?api-version=7.3-preview",
        ":scheme": "https",
        "Accept": "application/json",
        "Accept-Encoding": "gzip",
        "Authorization": "Sanitized",
        "User-Agent": "azsdk-go-internal/v0.1.0 azsdk-go-azcore/v0.20.0 (go1.17; Windows_NT)"
      },
      "RequestBody": null,
      "StatusCode": 200,
      "ResponseHeaders": {
        "Cache-Control": "no-cache",
        "Content-Length": "825",
        "Content-Type": "application/json; charset=utf-8",
        "Date": "Thu, 28 Oct 2021 16:23:39 GMT",
        "Expires": "-1",
        "Pragma": "no-cache",
        "Strict-Transport-Security": "max-age=31536000;includeSubDomains",
        "X-Content-Type-Options": "nosniff",
        "x-ms-keyvault-network-info": "conn_type=Ipv4;addr=72.49.29.93;act_addr_fam=InterNetwork;",
        "x-ms-keyvault-region": "southcentralus",
        "x-ms-keyvault-service-version": "1.9.150.1",
        "x-ms-request-id": "4f8efe9e-18a9-4932-aaf9-7345c9bedc7b",
        "X-Powered-By": "ASP.NET"
      },
      "ResponseBody": {
        "recoveryId": "https://rosebud.vault.azure.net/deletedkeys/list-key0762797297",
        "deletedDate": 1635438219,
        "scheduledPurgeDate": 1636043019,
        "key": {
          "kid": "https://rosebud.vault.azure.net/keys/list-key0762797297/200c8dc37bba449081c7d8f8b8a050ac",
          "kty": "RSA",
          "key_ops": [
            "encrypt",
            "decrypt",
            "sign",
            "verify",
            "wrapKey",
            "unwrapKey"
          ],
          "n": "wrnfVrWjnU8RKPk05fKPg9JTuLlik7vH1YC_k4RSbbxPkZMoAC8VLNXuLEelrb8spU9aDId9WxS_246ON0pueHekXByzUy8xvdYLxDlHGPlPzlN_ARbbrwpEUxcm7-kFch0jyQhbL22ozpGNPpoI_KjGuFt_tpJc4wHeMnKluG2CSCQAiYQIqwD1Hz8Ipc5HN84TZCQek2xWR6O4Pb7350poKbM8DgpOX7I_FfkE9dyx4HW_RoothFAXz-LXYi0LXTaptzagaBAgWQ-sCKzt1o0QiaIUxkY9YMB3LVcELxhYnAAZTf-Ed_-9QBvqZH7E6HA-ae45Een2s_8u9fbMoQ",
          "e": "AQAB"
        },
        "attributes": {
          "enabled": true,
          "created": 1635438219,
          "updated": 1635438219,
          "recoveryLevel": "CustomizedRecoverable\u002BPurgeable",
          "recoverableDays": 7
        }
      }
    },
    {
      "RequestUri": "https://fakekvurl.vault.azure.net/deletedkeys/list-key0762797297?api-version=7.3-preview",
      "RequestMethod": "GET",
      "RequestHeaders": {
        ":authority": "localhost:5001",
        ":method": "GET",
        ":path": "/deletedkeys/list-key0762797297?api-version=7.3-preview",
        ":scheme": "https",
        "Accept": "application/json",
        "Accept-Encoding": "gzip",
        "User-Agent": "azsdk-go-internal/v0.1.0 azsdk-go-azcore/v0.20.0 (go1.17; Windows_NT)"
      },
      "RequestBody": null,
      "StatusCode": 401,
      "ResponseHeaders": {
        "Cache-Control": "no-cache",
        "Content-Length": "97",
        "Content-Type": "application/json; charset=utf-8",
        "Date": "Thu, 28 Oct 2021 16:23:39 GMT",
        "Expires": "-1",
        "Pragma": "no-cache",
        "Strict-Transport-Security": "max-age=31536000;includeSubDomains",
        "WWW-Authenticate": "Bearer authorization=\u0022https://login.windows.net/72f988bf-86f1-41af-91ab-2d7cd011db47\u0022, resource=\u0022https://vault.azure.net\u0022",
        "X-Content-Type-Options": "nosniff",
        "x-ms-keyvault-network-info": "conn_type=Ipv4;addr=72.49.29.93;act_addr_fam=InterNetwork;",
        "x-ms-keyvault-region": "southcentralus",
        "x-ms-keyvault-service-version": "1.9.150.1",
        "x-ms-request-id": "d1b8422c-dae6-496e-a9ed-1914b9d2583b",
        "X-Powered-By": "ASP.NET"
      },
      "ResponseBody": {
        "error": {
          "code": "Unauthorized",
          "message": "AKV10000: Request is missing a Bearer or PoP token."
        }
      }
    },
    {
      "RequestUri": "https://fakekvurl.vault.azure.net/deletedkeys/list-key0762797297?api-version=7.3-preview",
      "RequestMethod": "GET",
      "RequestHeaders": {
        ":authority": "localhost:5001",
        ":method": "GET",
        ":path": "/deletedkeys/list-key0762797297?api-version=7.3-preview",
        ":scheme": "https",
        "Accept": "application/json",
        "Accept-Encoding": "gzip",
        "Authorization": "Sanitized",
        "User-Agent": "azsdk-go-internal/v0.1.0 azsdk-go-azcore/v0.20.0 (go1.17; Windows_NT)"
      },
      "RequestBody": null,
      "StatusCode": 404,
      "ResponseHeaders": {
        "Cache-Control": "no-cache",
        "Content-Length": "86",
        "Content-Type": "application/json; charset=utf-8",
        "Date": "Thu, 28 Oct 2021 16:23:39 GMT",
        "Expires": "-1",
        "Pragma": "no-cache",
        "Strict-Transport-Security": "max-age=31536000;includeSubDomains",
        "X-Content-Type-Options": "nosniff",
        "x-ms-keyvault-network-info": "conn_type=Ipv4;addr=72.49.29.93;act_addr_fam=InterNetwork;",
        "x-ms-keyvault-region": "southcentralus",
        "x-ms-keyvault-service-version": "1.9.150.1",
        "x-ms-request-id": "88eefa56-d8ce-4673-8b00-0047cbd0b6f7",
        "X-Powered-By": "ASP.NET"
      },
      "ResponseBody": {
        "error": {
          "code": "KeyNotFound",
          "message": "Deleted Key not found: list-key0762797297"
        }
      }
    },
    {
      "RequestUri": "https://fakekvurl.vault.azure.net/deletedkeys/list-key0762797297?api-version=7.3-preview",
      "RequestMethod": "GET",
      "RequestHeaders": {
        ":authority": "localhost:5001",
        ":method": "GET",
        ":path": "/deletedkeys/list-key0762797297?api-version=7.3-preview",
        ":scheme": "https",
        "Accept": "application/json",
        "Accept-Encoding": "gzip",
        "User-Agent": "azsdk-go-internal/v0.1.0 azsdk-go-azcore/v0.20.0 (go1.17; Windows_NT)"
      },
      "RequestBody": null,
      "StatusCode": 401,
      "ResponseHeaders": {
        "Cache-Control": "no-cache",
        "Content-Length": "97",
        "Content-Type": "application/json; charset=utf-8",
        "Date": "Thu, 28 Oct 2021 16:23:39 GMT",
        "Expires": "-1",
        "Pragma": "no-cache",
        "Strict-Transport-Security": "max-age=31536000;includeSubDomains",
        "WWW-Authenticate": "Bearer authorization=\u0022https://login.windows.net/72f988bf-86f1-41af-91ab-2d7cd011db47\u0022, resource=\u0022https://vault.azure.net\u0022",
        "X-Content-Type-Options": "nosniff",
        "x-ms-keyvault-network-info": "conn_type=Ipv4;addr=72.49.29.93;act_addr_fam=InterNetwork;",
        "x-ms-keyvault-region": "southcentralus",
        "x-ms-keyvault-service-version": "1.9.150.1",
        "x-ms-request-id": "c778d025-e0d9-47f0-a179-482f4f4fe77f",
        "X-Powered-By": "ASP.NET"
      },
      "ResponseBody": {
        "error": {
          "code": "Unauthorized",
          "message": "AKV10000: Request is missing a Bearer or PoP token."
        }
      }
    },
    {
      "RequestUri": "https://fakekvurl.vault.azure.net/deletedkeys/list-key0762797297?api-version=7.3-preview",
      "RequestMethod": "GET",
      "RequestHeaders": {
        ":authority": "localhost:5001",
        ":method": "GET",
        ":path": "/deletedkeys/list-key0762797297?api-version=7.3-preview",
        ":scheme": "https",
        "Accept": "application/json",
        "Accept-Encoding": "gzip",
        "Authorization": "Sanitized",
        "User-Agent": "azsdk-go-internal/v0.1.0 azsdk-go-azcore/v0.20.0 (go1.17; Windows_NT)"
      },
      "RequestBody": null,
      "StatusCode": 404,
      "ResponseHeaders": {
        "Cache-Control": "no-cache",
        "Content-Length": "86",
        "Content-Type": "application/json; charset=utf-8",
        "Date": "Thu, 28 Oct 2021 16:23:39 GMT",
        "Expires": "-1",
        "Pragma": "no-cache",
        "Strict-Transport-Security": "max-age=31536000;includeSubDomains",
        "X-Content-Type-Options": "nosniff",
        "x-ms-keyvault-network-info": "conn_type=Ipv4;addr=72.49.29.93;act_addr_fam=InterNetwork;",
        "x-ms-keyvault-region": "southcentralus",
        "x-ms-keyvault-service-version": "1.9.150.1",
        "x-ms-request-id": "e3fd9e8a-9890-442d-9e2a-2c56833e114e",
        "X-Powered-By": "ASP.NET"
      },
      "ResponseBody": {
        "error": {
          "code": "KeyNotFound",
          "message": "Deleted Key not found: list-key0762797297"
        }
      }
    },
    {
      "RequestUri": "https://fakekvurl.vault.azure.net/deletedkeys/list-key0762797297?api-version=7.3-preview",
      "RequestMethod": "GET",
      "RequestHeaders": {
        ":authority": "localhost:5001",
        ":method": "GET",
        ":path": "/deletedkeys/list-key0762797297?api-version=7.3-preview",
        ":scheme": "https",
        "Accept": "application/json",
        "Accept-Encoding": "gzip",
        "User-Agent": "azsdk-go-internal/v0.1.0 azsdk-go-azcore/v0.20.0 (go1.17; Windows_NT)"
      },
      "RequestBody": null,
      "StatusCode": 401,
      "ResponseHeaders": {
        "Cache-Control": "no-cache",
        "Content-Length": "97",
        "Content-Type": "application/json; charset=utf-8",
        "Date": "Thu, 28 Oct 2021 16:23:40 GMT",
        "Expires": "-1",
        "Pragma": "no-cache",
        "Strict-Transport-Security": "max-age=31536000;includeSubDomains",
        "WWW-Authenticate": "Bearer authorization=\u0022https://login.windows.net/72f988bf-86f1-41af-91ab-2d7cd011db47\u0022, resource=\u0022https://vault.azure.net\u0022",
        "X-Content-Type-Options": "nosniff",
        "x-ms-keyvault-network-info": "conn_type=Ipv4;addr=72.49.29.93;act_addr_fam=InterNetwork;",
        "x-ms-keyvault-region": "southcentralus",
        "x-ms-keyvault-service-version": "1.9.150.1",
        "x-ms-request-id": "222d9cbf-634a-432e-8a7c-65d8b65355ea",
        "X-Powered-By": "ASP.NET"
      },
      "ResponseBody": {
        "error": {
          "code": "Unauthorized",
          "message": "AKV10000: Request is missing a Bearer or PoP token."
        }
      }
    },
    {
      "RequestUri": "https://fakekvurl.vault.azure.net/deletedkeys/list-key0762797297?api-version=7.3-preview",
      "RequestMethod": "GET",
      "RequestHeaders": {
        ":authority": "localhost:5001",
        ":method": "GET",
        ":path": "/deletedkeys/list-key0762797297?api-version=7.3-preview",
        ":scheme": "https",
        "Accept": "application/json",
        "Accept-Encoding": "gzip",
        "Authorization": "Sanitized",
        "User-Agent": "azsdk-go-internal/v0.1.0 azsdk-go-azcore/v0.20.0 (go1.17; Windows_NT)"
      },
      "RequestBody": null,
      "StatusCode": 404,
      "ResponseHeaders": {
        "Cache-Control": "no-cache",
        "Content-Length": "86",
        "Content-Type": "application/json; charset=utf-8",
        "Date": "Thu, 28 Oct 2021 16:23:40 GMT",
        "Expires": "-1",
        "Pragma": "no-cache",
        "Strict-Transport-Security": "max-age=31536000;includeSubDomains",
        "X-Content-Type-Options": "nosniff",
        "x-ms-keyvault-network-info": "conn_type=Ipv4;addr=72.49.29.93;act_addr_fam=InterNetwork;",
        "x-ms-keyvault-region": "southcentralus",
        "x-ms-keyvault-service-version": "1.9.150.1",
        "x-ms-request-id": "c05c5294-a8a4-47af-ac1e-bc3167f46c77",
        "X-Powered-By": "ASP.NET"
      },
      "ResponseBody": {
        "error": {
          "code": "KeyNotFound",
          "message": "Deleted Key not found: list-key0762797297"
        }
      }
    },
    {
      "RequestUri": "https://fakekvurl.vault.azure.net/deletedkeys/list-key0762797297?api-version=7.3-preview",
      "RequestMethod": "GET",
      "RequestHeaders": {
        ":authority": "localhost:5001",
        ":method": "GET",
        ":path": "/deletedkeys/list-key0762797297?api-version=7.3-preview",
        ":scheme": "https",
        "Accept": "application/json",
        "Accept-Encoding": "gzip",
        "User-Agent": "azsdk-go-internal/v0.1.0 azsdk-go-azcore/v0.20.0 (go1.17; Windows_NT)"
      },
      "RequestBody": null,
      "StatusCode": 401,
      "ResponseHeaders": {
        "Cache-Control": "no-cache",
        "Content-Length": "97",
        "Content-Type": "application/json; charset=utf-8",
        "Date": "Thu, 28 Oct 2021 16:23:40 GMT",
        "Expires": "-1",
        "Pragma": "no-cache",
        "Strict-Transport-Security": "max-age=31536000;includeSubDomains",
        "WWW-Authenticate": "Bearer authorization=\u0022https://login.windows.net/72f988bf-86f1-41af-91ab-2d7cd011db47\u0022, resource=\u0022https://vault.azure.net\u0022",
        "X-Content-Type-Options": "nosniff",
        "x-ms-keyvault-network-info": "conn_type=Ipv4;addr=72.49.29.93;act_addr_fam=InterNetwork;",
        "x-ms-keyvault-region": "southcentralus",
        "x-ms-keyvault-service-version": "1.9.150.1",
        "x-ms-request-id": "999f8631-d9b8-4ef9-8587-a20d9c9888e4",
        "X-Powered-By": "ASP.NET"
      },
      "ResponseBody": {
        "error": {
          "code": "Unauthorized",
          "message": "AKV10000: Request is missing a Bearer or PoP token."
        }
      }
    },
    {
      "RequestUri": "https://fakekvurl.vault.azure.net/deletedkeys/list-key0762797297?api-version=7.3-preview",
      "RequestMethod": "GET",
      "RequestHeaders": {
        ":authority": "localhost:5001",
        ":method": "GET",
        ":path": "/deletedkeys/list-key0762797297?api-version=7.3-preview",
        ":scheme": "https",
        "Accept": "application/json",
        "Accept-Encoding": "gzip",
        "Authorization": "Sanitized",
        "User-Agent": "azsdk-go-internal/v0.1.0 azsdk-go-azcore/v0.20.0 (go1.17; Windows_NT)"
      },
      "RequestBody": null,
      "StatusCode": 200,
      "ResponseHeaders": {
        "Cache-Control": "no-cache",
        "Content-Length": "825",
        "Content-Type": "application/json; charset=utf-8",
        "Date": "Thu, 28 Oct 2021 16:23:40 GMT",
        "Expires": "-1",
        "Pragma": "no-cache",
        "Strict-Transport-Security": "max-age=31536000;includeSubDomains",
        "X-Content-Type-Options": "nosniff",
        "x-ms-keyvault-network-info": "conn_type=Ipv4;addr=72.49.29.93;act_addr_fam=InterNetwork;",
        "x-ms-keyvault-region": "southcentralus",
        "x-ms-keyvault-service-version": "1.9.150.1",
        "x-ms-request-id": "4ed19cce-3f22-4108-80ac-00d6f5171bcb",
        "X-Powered-By": "ASP.NET"
      },
      "ResponseBody": {
        "recoveryId": "https://rosebud.vault.azure.net/deletedkeys/list-key0762797297",
        "deletedDate": 1635438219,
        "scheduledPurgeDate": 1636043019,
        "key": {
          "kid": "https://rosebud.vault.azure.net/keys/list-key0762797297/200c8dc37bba449081c7d8f8b8a050ac",
          "kty": "RSA",
          "key_ops": [
            "encrypt",
            "decrypt",
            "sign",
            "verify",
            "wrapKey",
            "unwrapKey"
          ],
          "n": "wrnfVrWjnU8RKPk05fKPg9JTuLlik7vH1YC_k4RSbbxPkZMoAC8VLNXuLEelrb8spU9aDId9WxS_246ON0pueHekXByzUy8xvdYLxDlHGPlPzlN_ARbbrwpEUxcm7-kFch0jyQhbL22ozpGNPpoI_KjGuFt_tpJc4wHeMnKluG2CSCQAiYQIqwD1Hz8Ipc5HN84TZCQek2xWR6O4Pb7350poKbM8DgpOX7I_FfkE9dyx4HW_RoothFAXz-LXYi0LXTaptzagaBAgWQ-sCKzt1o0QiaIUxkY9YMB3LVcELxhYnAAZTf-Ed_-9QBvqZH7E6HA-ae45Een2s_8u9fbMoQ",
          "e": "AQAB"
        },
        "attributes": {
          "enabled": true,
          "created": 1635438219,
          "updated": 1635438219,
          "recoveryLevel": "CustomizedRecoverable\u002BPurgeable",
          "recoverableDays": 7
        }
      }
    },
    {
      "RequestUri": "https://fakekvurl.vault.azure.net/keys/list-key1762797297/create?api-version=7.3-preview",
      "RequestMethod": "POST",
      "RequestHeaders": {
        ":authority": "localhost:5001",
        ":method": "POST",
        ":path": "/keys/list-key1762797297/create?api-version=7.3-preview",
        ":scheme": "https",
        "Accept": "application/json",
        "Accept-Encoding": "gzip",
        "Content-Length": "0",
        "Content-Type": "application/json",
        "User-Agent": "azsdk-go-internal/v0.1.0 azsdk-go-azcore/v0.20.0 (go1.17; Windows_NT)"
      },
      "RequestBody": null,
      "StatusCode": 401,
      "ResponseHeaders": {
        "Cache-Control": "no-cache",
        "Content-Length": "97",
        "Content-Type": "application/json; charset=utf-8",
        "Date": "Thu, 28 Oct 2021 16:23:41 GMT",
        "Expires": "-1",
        "Pragma": "no-cache",
        "Strict-Transport-Security": "max-age=31536000;includeSubDomains",
        "WWW-Authenticate": "Bearer authorization=\u0022https://login.windows.net/72f988bf-86f1-41af-91ab-2d7cd011db47\u0022, resource=\u0022https://vault.azure.net\u0022",
        "X-Content-Type-Options": "nosniff",
        "x-ms-keyvault-network-info": "conn_type=Ipv4;addr=72.49.29.93;act_addr_fam=InterNetwork;",
        "x-ms-keyvault-region": "southcentralus",
        "x-ms-keyvault-service-version": "1.9.150.1",
        "x-ms-request-id": "11999b71-386f-403a-868e-d71256a1709a",
        "X-Powered-By": "ASP.NET"
      },
      "ResponseBody": {
        "error": {
          "code": "Unauthorized",
          "message": "AKV10000: Request is missing a Bearer or PoP token."
        }
      }
    },
    {
      "RequestUri": "https://fakekvurl.vault.azure.net/keys/list-key1762797297/create?api-version=7.3-preview",
      "RequestMethod": "POST",
      "RequestHeaders": {
        ":authority": "localhost:5001",
        ":method": "POST",
        ":path": "/keys/list-key1762797297/create?api-version=7.3-preview",
        ":scheme": "https",
        "Accept": "application/json",
        "Accept-Encoding": "gzip",
        "Authorization": "Sanitized",
        "Content-Length": "13",
        "Content-Type": "application/json",
        "User-Agent": "azsdk-go-internal/v0.1.0 azsdk-go-azcore/v0.20.0 (go1.17; Windows_NT)"
      },
      "RequestBody": {
        "kty": "RSA"
      },
      "StatusCode": 200,
      "ResponseHeaders": {
        "Cache-Control": "no-cache",
        "Content-Length": "690",
        "Content-Type": "application/json; charset=utf-8",
        "Date": "Thu, 28 Oct 2021 16:23:41 GMT",
        "Expires": "-1",
        "Pragma": "no-cache",
        "Strict-Transport-Security": "max-age=31536000;includeSubDomains",
        "X-Content-Type-Options": "nosniff",
        "x-ms-keyvault-network-info": "conn_type=Ipv4;addr=72.49.29.93;act_addr_fam=InterNetwork;",
        "x-ms-keyvault-region": "southcentralus",
        "x-ms-keyvault-service-version": "1.9.150.1",
        "x-ms-request-id": "425d305b-677f-4b58-97ae-e255832b4fa1",
        "X-Powered-By": "ASP.NET"
      },
      "ResponseBody": {
        "key": {
          "kid": "https://rosebud.vault.azure.net/keys/list-key1762797297/e94572bf62cf4f77bea986fe8644ce1d",
          "kty": "RSA",
          "key_ops": [
            "encrypt",
            "decrypt",
            "sign",
            "verify",
            "wrapKey",
            "unwrapKey"
          ],
          "n": "0wP793v9jeaqtjspWDvrn-0JWVfrs-pApSnXRYD3r8hBd6AN_Tk5OepQs-S58gJ9yPwwURIRzRxRuy0NaUs6clS0OEoWB48Nwt8q7urq0br-4KbXiJ_kclqtJznCuyqRjwM_AKW4W5rU6t18wEuToVWMkhMi8b3-psyn3HyaPimK0XShvXHhfbm0AqwiIakZWXsgCDF-AH2YrwI28Nr_c63kaoyAKdiJN2H_rAi-LMTaDq755aW_TY_D9x0FDAIp8lq9ZQZNzNZT-60z8UaemKIkiQDpxnhdDLE3Mn4kVfVM1nFiCxvw3bBFOEksV4txpdAt_7y5ZYBM4qqlbxlBfQ",
          "e": "AQAB"
        },
        "attributes": {
          "enabled": true,
          "created": 1635438221,
          "updated": 1635438221,
          "recoveryLevel": "CustomizedRecoverable\u002BPurgeable",
          "recoverableDays": 7
        }
      }
    },
    {
      "RequestUri": "https://fakekvurl.vault.azure.net/keys/list-key1762797297?api-version=7.3-preview",
      "RequestMethod": "DELETE",
      "RequestHeaders": {
        ":authority": "localhost:5001",
        ":method": "DELETE",
        ":path": "/keys/list-key1762797297?api-version=7.3-preview",
        ":scheme": "https",
        "Accept": "application/json",
        "Accept-Encoding": "gzip",
        "User-Agent": "azsdk-go-internal/v0.1.0 azsdk-go-azcore/v0.20.0 (go1.17; Windows_NT)"
      },
      "RequestBody": null,
      "StatusCode": 401,
      "ResponseHeaders": {
        "Cache-Control": "no-cache",
        "Content-Length": "97",
        "Content-Type": "application/json; charset=utf-8",
        "Date": "Thu, 28 Oct 2021 16:23:41 GMT",
        "Expires": "-1",
        "Pragma": "no-cache",
        "Strict-Transport-Security": "max-age=31536000;includeSubDomains",
        "WWW-Authenticate": "Bearer authorization=\u0022https://login.windows.net/72f988bf-86f1-41af-91ab-2d7cd011db47\u0022, resource=\u0022https://vault.azure.net\u0022",
        "X-Content-Type-Options": "nosniff",
        "x-ms-keyvault-network-info": "conn_type=Ipv4;addr=72.49.29.93;act_addr_fam=InterNetwork;",
        "x-ms-keyvault-region": "southcentralus",
        "x-ms-keyvault-service-version": "1.9.150.1",
        "x-ms-request-id": "9ff853e2-bfaa-4c81-8af3-7c80014d453d",
        "X-Powered-By": "ASP.NET"
      },
      "ResponseBody": {
        "error": {
          "code": "Unauthorized",
          "message": "AKV10000: Request is missing a Bearer or PoP token."
        }
      }
    },
    {
      "RequestUri": "https://fakekvurl.vault.azure.net/keys/list-key1762797297?api-version=7.3-preview",
      "RequestMethod": "DELETE",
      "RequestHeaders": {
        ":authority": "localhost:5001",
        ":method": "DELETE",
        ":path": "/keys/list-key1762797297?api-version=7.3-preview",
        ":scheme": "https",
        "Accept": "application/json",
        "Accept-Encoding": "gzip",
        "Authorization": "Sanitized",
        "User-Agent": "azsdk-go-internal/v0.1.0 azsdk-go-azcore/v0.20.0 (go1.17; Windows_NT)"
      },
      "RequestBody": null,
      "StatusCode": 200,
      "ResponseHeaders": {
        "Cache-Control": "no-cache",
        "Content-Length": "825",
        "Content-Type": "application/json; charset=utf-8",
        "Date": "Thu, 28 Oct 2021 16:23:41 GMT",
        "Expires": "-1",
        "Pragma": "no-cache",
        "Strict-Transport-Security": "max-age=31536000;includeSubDomains",
        "X-Content-Type-Options": "nosniff",
        "x-ms-keyvault-network-info": "conn_type=Ipv4;addr=72.49.29.93;act_addr_fam=InterNetwork;",
        "x-ms-keyvault-region": "southcentralus",
        "x-ms-keyvault-service-version": "1.9.150.1",
        "x-ms-request-id": "5962bbc5-148c-4450-ab4e-2346f4650e4d",
        "X-Powered-By": "ASP.NET"
      },
      "ResponseBody": {
        "recoveryId": "https://rosebud.vault.azure.net/deletedkeys/list-key1762797297",
        "deletedDate": 1635438222,
        "scheduledPurgeDate": 1636043022,
        "key": {
          "kid": "https://rosebud.vault.azure.net/keys/list-key1762797297/e94572bf62cf4f77bea986fe8644ce1d",
          "kty": "RSA",
          "key_ops": [
            "encrypt",
            "decrypt",
            "sign",
            "verify",
            "wrapKey",
            "unwrapKey"
          ],
          "n": "0wP793v9jeaqtjspWDvrn-0JWVfrs-pApSnXRYD3r8hBd6AN_Tk5OepQs-S58gJ9yPwwURIRzRxRuy0NaUs6clS0OEoWB48Nwt8q7urq0br-4KbXiJ_kclqtJznCuyqRjwM_AKW4W5rU6t18wEuToVWMkhMi8b3-psyn3HyaPimK0XShvXHhfbm0AqwiIakZWXsgCDF-AH2YrwI28Nr_c63kaoyAKdiJN2H_rAi-LMTaDq755aW_TY_D9x0FDAIp8lq9ZQZNzNZT-60z8UaemKIkiQDpxnhdDLE3Mn4kVfVM1nFiCxvw3bBFOEksV4txpdAt_7y5ZYBM4qqlbxlBfQ",
          "e": "AQAB"
        },
        "attributes": {
          "enabled": true,
          "created": 1635438221,
          "updated": 1635438221,
          "recoveryLevel": "CustomizedRecoverable\u002BPurgeable",
          "recoverableDays": 7
        }
      }
    },
    {
      "RequestUri": "https://fakekvurl.vault.azure.net/deletedkeys/list-key1762797297?api-version=7.3-preview",
      "RequestMethod": "GET",
      "RequestHeaders": {
        ":authority": "localhost:5001",
        ":method": "GET",
        ":path": "/deletedkeys/list-key1762797297?api-version=7.3-preview",
        ":scheme": "https",
        "Accept": "application/json",
        "Accept-Encoding": "gzip",
        "User-Agent": "azsdk-go-internal/v0.1.0 azsdk-go-azcore/v0.20.0 (go1.17; Windows_NT)"
      },
      "RequestBody": null,
      "StatusCode": 401,
      "ResponseHeaders": {
        "Cache-Control": "no-cache",
        "Content-Length": "97",
        "Content-Type": "application/json; charset=utf-8",
        "Date": "Thu, 28 Oct 2021 16:23:41 GMT",
        "Expires": "-1",
        "Pragma": "no-cache",
        "Strict-Transport-Security": "max-age=31536000;includeSubDomains",
        "WWW-Authenticate": "Bearer authorization=\u0022https://login.windows.net/72f988bf-86f1-41af-91ab-2d7cd011db47\u0022, resource=\u0022https://vault.azure.net\u0022",
        "X-Content-Type-Options": "nosniff",
        "x-ms-keyvault-network-info": "conn_type=Ipv4;addr=72.49.29.93;act_addr_fam=InterNetwork;",
        "x-ms-keyvault-region": "southcentralus",
        "x-ms-keyvault-service-version": "1.9.150.1",
        "x-ms-request-id": "7c5de927-68b9-4f66-89bb-91a54408091f",
        "X-Powered-By": "ASP.NET"
      },
      "ResponseBody": {
        "error": {
          "code": "Unauthorized",
          "message": "AKV10000: Request is missing a Bearer or PoP token."
        }
      }
    },
    {
      "RequestUri": "https://fakekvurl.vault.azure.net/deletedkeys/list-key1762797297?api-version=7.3-preview",
      "RequestMethod": "GET",
      "RequestHeaders": {
        ":authority": "localhost:5001",
        ":method": "GET",
        ":path": "/deletedkeys/list-key1762797297?api-version=7.3-preview",
        ":scheme": "https",
        "Accept": "application/json",
        "Accept-Encoding": "gzip",
        "Authorization": "Sanitized",
        "User-Agent": "azsdk-go-internal/v0.1.0 azsdk-go-azcore/v0.20.0 (go1.17; Windows_NT)"
      },
      "RequestBody": null,
      "StatusCode": 404,
      "ResponseHeaders": {
        "Cache-Control": "no-cache",
        "Content-Length": "86",
        "Content-Type": "application/json; charset=utf-8",
        "Date": "Thu, 28 Oct 2021 16:23:42 GMT",
        "Expires": "-1",
        "Pragma": "no-cache",
        "Strict-Transport-Security": "max-age=31536000;includeSubDomains",
        "X-Content-Type-Options": "nosniff",
        "x-ms-keyvault-network-info": "conn_type=Ipv4;addr=72.49.29.93;act_addr_fam=InterNetwork;",
        "x-ms-keyvault-region": "southcentralus",
        "x-ms-keyvault-service-version": "1.9.150.1",
        "x-ms-request-id": "f057be70-94f8-41e9-a9af-0c6aa4b95e97",
        "X-Powered-By": "ASP.NET"
      },
      "ResponseBody": {
        "error": {
          "code": "KeyNotFound",
          "message": "Deleted Key not found: list-key1762797297"
        }
      }
    },
    {
      "RequestUri": "https://fakekvurl.vault.azure.net/deletedkeys/list-key1762797297?api-version=7.3-preview",
      "RequestMethod": "GET",
      "RequestHeaders": {
        ":authority": "localhost:5001",
        ":method": "GET",
        ":path": "/deletedkeys/list-key1762797297?api-version=7.3-preview",
        ":scheme": "https",
        "Accept": "application/json",
        "Accept-Encoding": "gzip",
        "User-Agent": "azsdk-go-internal/v0.1.0 azsdk-go-azcore/v0.20.0 (go1.17; Windows_NT)"
      },
      "RequestBody": null,
      "StatusCode": 401,
      "ResponseHeaders": {
        "Cache-Control": "no-cache",
        "Content-Length": "97",
        "Content-Type": "application/json; charset=utf-8",
        "Date": "Thu, 28 Oct 2021 16:23:42 GMT",
        "Expires": "-1",
        "Pragma": "no-cache",
        "Strict-Transport-Security": "max-age=31536000;includeSubDomains",
        "WWW-Authenticate": "Bearer authorization=\u0022https://login.windows.net/72f988bf-86f1-41af-91ab-2d7cd011db47\u0022, resource=\u0022https://vault.azure.net\u0022",
        "X-Content-Type-Options": "nosniff",
        "x-ms-keyvault-network-info": "conn_type=Ipv4;addr=72.49.29.93;act_addr_fam=InterNetwork;",
        "x-ms-keyvault-region": "southcentralus",
        "x-ms-keyvault-service-version": "1.9.150.1",
        "x-ms-request-id": "a61ceb64-19aa-4ea9-a097-6038b5fc12d1",
        "X-Powered-By": "ASP.NET"
      },
      "ResponseBody": {
        "error": {
          "code": "Unauthorized",
          "message": "AKV10000: Request is missing a Bearer or PoP token."
        }
      }
    },
    {
      "RequestUri": "https://fakekvurl.vault.azure.net/deletedkeys/list-key1762797297?api-version=7.3-preview",
      "RequestMethod": "GET",
      "RequestHeaders": {
        ":authority": "localhost:5001",
        ":method": "GET",
        ":path": "/deletedkeys/list-key1762797297?api-version=7.3-preview",
        ":scheme": "https",
        "Accept": "application/json",
        "Accept-Encoding": "gzip",
        "Authorization": "Sanitized",
        "User-Agent": "azsdk-go-internal/v0.1.0 azsdk-go-azcore/v0.20.0 (go1.17; Windows_NT)"
      },
      "RequestBody": null,
      "StatusCode": 404,
      "ResponseHeaders": {
        "Cache-Control": "no-cache",
        "Content-Length": "86",
        "Content-Type": "application/json; charset=utf-8",
        "Date": "Thu, 28 Oct 2021 16:23:42 GMT",
        "Expires": "-1",
        "Pragma": "no-cache",
        "Strict-Transport-Security": "max-age=31536000;includeSubDomains",
        "X-Content-Type-Options": "nosniff",
        "x-ms-keyvault-network-info": "conn_type=Ipv4;addr=72.49.29.93;act_addr_fam=InterNetwork;",
        "x-ms-keyvault-region": "southcentralus",
        "x-ms-keyvault-service-version": "1.9.150.1",
        "x-ms-request-id": "9c3066d8-f0a4-4053-ac1a-25b876f1680b",
        "X-Powered-By": "ASP.NET"
      },
      "ResponseBody": {
        "error": {
          "code": "KeyNotFound",
          "message": "Deleted Key not found: list-key1762797297"
        }
      }
    },
    {
      "RequestUri": "https://fakekvurl.vault.azure.net/deletedkeys/list-key1762797297?api-version=7.3-preview",
      "RequestMethod": "GET",
      "RequestHeaders": {
        ":authority": "localhost:5001",
        ":method": "GET",
        ":path": "/deletedkeys/list-key1762797297?api-version=7.3-preview",
        ":scheme": "https",
        "Accept": "application/json",
        "Accept-Encoding": "gzip",
        "User-Agent": "azsdk-go-internal/v0.1.0 azsdk-go-azcore/v0.20.0 (go1.17; Windows_NT)"
      },
      "RequestBody": null,
      "StatusCode": 401,
      "ResponseHeaders": {
        "Cache-Control": "no-cache",
        "Content-Length": "97",
        "Content-Type": "application/json; charset=utf-8",
        "Date": "Thu, 28 Oct 2021 16:23:42 GMT",
        "Expires": "-1",
        "Pragma": "no-cache",
        "Strict-Transport-Security": "max-age=31536000;includeSubDomains",
        "WWW-Authenticate": "Bearer authorization=\u0022https://login.windows.net/72f988bf-86f1-41af-91ab-2d7cd011db47\u0022, resource=\u0022https://vault.azure.net\u0022",
        "X-Content-Type-Options": "nosniff",
        "x-ms-keyvault-network-info": "conn_type=Ipv4;addr=72.49.29.93;act_addr_fam=InterNetwork;",
        "x-ms-keyvault-region": "southcentralus",
        "x-ms-keyvault-service-version": "1.9.150.1",
        "x-ms-request-id": "3a57acb8-0b90-4ee3-aed3-80255b42912e",
        "X-Powered-By": "ASP.NET"
      },
      "ResponseBody": {
        "error": {
          "code": "Unauthorized",
          "message": "AKV10000: Request is missing a Bearer or PoP token."
        }
      }
    },
    {
      "RequestUri": "https://fakekvurl.vault.azure.net/deletedkeys/list-key1762797297?api-version=7.3-preview",
      "RequestMethod": "GET",
      "RequestHeaders": {
        ":authority": "localhost:5001",
        ":method": "GET",
        ":path": "/deletedkeys/list-key1762797297?api-version=7.3-preview",
        ":scheme": "https",
        "Accept": "application/json",
        "Accept-Encoding": "gzip",
        "Authorization": "Sanitized",
        "User-Agent": "azsdk-go-internal/v0.1.0 azsdk-go-azcore/v0.20.0 (go1.17; Windows_NT)"
      },
      "RequestBody": null,
      "StatusCode": 404,
      "ResponseHeaders": {
        "Cache-Control": "no-cache",
        "Content-Length": "86",
        "Content-Type": "application/json; charset=utf-8",
        "Date": "Thu, 28 Oct 2021 16:23:43 GMT",
        "Expires": "-1",
        "Pragma": "no-cache",
        "Strict-Transport-Security": "max-age=31536000;includeSubDomains",
        "X-Content-Type-Options": "nosniff",
        "x-ms-keyvault-network-info": "conn_type=Ipv4;addr=72.49.29.93;act_addr_fam=InterNetwork;",
        "x-ms-keyvault-region": "southcentralus",
        "x-ms-keyvault-service-version": "1.9.150.1",
        "x-ms-request-id": "64749110-b7a0-4b0a-8d5a-70a797390d8f",
        "X-Powered-By": "ASP.NET"
      },
      "ResponseBody": {
        "error": {
          "code": "KeyNotFound",
          "message": "Deleted Key not found: list-key1762797297"
        }
      }
    },
    {
      "RequestUri": "https://fakekvurl.vault.azure.net/deletedkeys/list-key1762797297?api-version=7.3-preview",
      "RequestMethod": "GET",
      "RequestHeaders": {
        ":authority": "localhost:5001",
        ":method": "GET",
        ":path": "/deletedkeys/list-key1762797297?api-version=7.3-preview",
        ":scheme": "https",
        "Accept": "application/json",
        "Accept-Encoding": "gzip",
        "User-Agent": "azsdk-go-internal/v0.1.0 azsdk-go-azcore/v0.20.0 (go1.17; Windows_NT)"
      },
      "RequestBody": null,
      "StatusCode": 401,
      "ResponseHeaders": {
        "Cache-Control": "no-cache",
        "Content-Length": "97",
        "Content-Type": "application/json; charset=utf-8",
        "Date": "Thu, 28 Oct 2021 16:23:43 GMT",
        "Expires": "-1",
        "Pragma": "no-cache",
        "Strict-Transport-Security": "max-age=31536000;includeSubDomains",
        "WWW-Authenticate": "Bearer authorization=\u0022https://login.windows.net/72f988bf-86f1-41af-91ab-2d7cd011db47\u0022, resource=\u0022https://vault.azure.net\u0022",
        "X-Content-Type-Options": "nosniff",
        "x-ms-keyvault-network-info": "conn_type=Ipv4;addr=72.49.29.93;act_addr_fam=InterNetwork;",
        "x-ms-keyvault-region": "southcentralus",
        "x-ms-keyvault-service-version": "1.9.150.1",
        "x-ms-request-id": "aebd9481-d23f-4206-b381-25fc85736837",
        "X-Powered-By": "ASP.NET"
      },
      "ResponseBody": {
        "error": {
          "code": "Unauthorized",
          "message": "AKV10000: Request is missing a Bearer or PoP token."
        }
      }
    },
    {
      "RequestUri": "https://fakekvurl.vault.azure.net/deletedkeys/list-key1762797297?api-version=7.3-preview",
      "RequestMethod": "GET",
      "RequestHeaders": {
        ":authority": "localhost:5001",
        ":method": "GET",
        ":path": "/deletedkeys/list-key1762797297?api-version=7.3-preview",
        ":scheme": "https",
        "Accept": "application/json",
        "Accept-Encoding": "gzip",
        "Authorization": "Sanitized",
        "User-Agent": "azsdk-go-internal/v0.1.0 azsdk-go-azcore/v0.20.0 (go1.17; Windows_NT)"
      },
      "RequestBody": null,
      "StatusCode": 200,
      "ResponseHeaders": {
        "Cache-Control": "no-cache",
        "Content-Length": "825",
        "Content-Type": "application/json; charset=utf-8",
        "Date": "Thu, 28 Oct 2021 16:23:43 GMT",
        "Expires": "-1",
        "Pragma": "no-cache",
        "Strict-Transport-Security": "max-age=31536000;includeSubDomains",
        "X-Content-Type-Options": "nosniff",
        "x-ms-keyvault-network-info": "conn_type=Ipv4;addr=72.49.29.93;act_addr_fam=InterNetwork;",
        "x-ms-keyvault-region": "southcentralus",
        "x-ms-keyvault-service-version": "1.9.150.1",
        "x-ms-request-id": "a4340262-3e2e-4cd1-b3bd-aba760f4815b",
        "X-Powered-By": "ASP.NET"
      },
      "ResponseBody": {
        "recoveryId": "https://rosebud.vault.azure.net/deletedkeys/list-key1762797297",
        "deletedDate": 1635438222,
        "scheduledPurgeDate": 1636043022,
        "key": {
          "kid": "https://rosebud.vault.azure.net/keys/list-key1762797297/e94572bf62cf4f77bea986fe8644ce1d",
          "kty": "RSA",
          "key_ops": [
            "encrypt",
            "decrypt",
            "sign",
            "verify",
            "wrapKey",
            "unwrapKey"
          ],
          "n": "0wP793v9jeaqtjspWDvrn-0JWVfrs-pApSnXRYD3r8hBd6AN_Tk5OepQs-S58gJ9yPwwURIRzRxRuy0NaUs6clS0OEoWB48Nwt8q7urq0br-4KbXiJ_kclqtJznCuyqRjwM_AKW4W5rU6t18wEuToVWMkhMi8b3-psyn3HyaPimK0XShvXHhfbm0AqwiIakZWXsgCDF-AH2YrwI28Nr_c63kaoyAKdiJN2H_rAi-LMTaDq755aW_TY_D9x0FDAIp8lq9ZQZNzNZT-60z8UaemKIkiQDpxnhdDLE3Mn4kVfVM1nFiCxvw3bBFOEksV4txpdAt_7y5ZYBM4qqlbxlBfQ",
          "e": "AQAB"
        },
        "attributes": {
          "enabled": true,
          "created": 1635438221,
          "updated": 1635438221,
          "recoveryLevel": "CustomizedRecoverable\u002BPurgeable",
          "recoverableDays": 7
        }
      }
    },
    {
      "RequestUri": "https://fakekvurl.vault.azure.net/keys/list-key2762797297/create?api-version=7.3-preview",
      "RequestMethod": "POST",
      "RequestHeaders": {
        ":authority": "localhost:5001",
        ":method": "POST",
        ":path": "/keys/list-key2762797297/create?api-version=7.3-preview",
        ":scheme": "https",
        "Accept": "application/json",
        "Accept-Encoding": "gzip",
        "Content-Length": "0",
        "Content-Type": "application/json",
        "User-Agent": "azsdk-go-internal/v0.1.0 azsdk-go-azcore/v0.20.0 (go1.17; Windows_NT)"
      },
      "RequestBody": null,
      "StatusCode": 401,
      "ResponseHeaders": {
        "Cache-Control": "no-cache",
        "Content-Length": "97",
        "Content-Type": "application/json; charset=utf-8",
        "Date": "Thu, 28 Oct 2021 16:23:43 GMT",
        "Expires": "-1",
        "Pragma": "no-cache",
        "Strict-Transport-Security": "max-age=31536000;includeSubDomains",
        "WWW-Authenticate": "Bearer authorization=\u0022https://login.windows.net/72f988bf-86f1-41af-91ab-2d7cd011db47\u0022, resource=\u0022https://vault.azure.net\u0022",
        "X-Content-Type-Options": "nosniff",
        "x-ms-keyvault-network-info": "conn_type=Ipv4;addr=72.49.29.93;act_addr_fam=InterNetwork;",
        "x-ms-keyvault-region": "southcentralus",
        "x-ms-keyvault-service-version": "1.9.150.1",
        "x-ms-request-id": "84924ab6-3696-4bf1-ab65-e7e9cc34cc0a",
        "X-Powered-By": "ASP.NET"
      },
      "ResponseBody": {
        "error": {
          "code": "Unauthorized",
          "message": "AKV10000: Request is missing a Bearer or PoP token."
        }
      }
    },
    {
      "RequestUri": "https://fakekvurl.vault.azure.net/keys/list-key2762797297/create?api-version=7.3-preview",
      "RequestMethod": "POST",
      "RequestHeaders": {
        ":authority": "localhost:5001",
        ":method": "POST",
        ":path": "/keys/list-key2762797297/create?api-version=7.3-preview",
        ":scheme": "https",
        "Accept": "application/json",
        "Accept-Encoding": "gzip",
        "Authorization": "Sanitized",
        "Content-Length": "13",
        "Content-Type": "application/json",
        "User-Agent": "azsdk-go-internal/v0.1.0 azsdk-go-azcore/v0.20.0 (go1.17; Windows_NT)"
      },
      "RequestBody": {
        "kty": "RSA"
      },
      "StatusCode": 200,
      "ResponseHeaders": {
        "Cache-Control": "no-cache",
        "Content-Length": "690",
        "Content-Type": "application/json; charset=utf-8",
        "Date": "Thu, 28 Oct 2021 16:23:44 GMT",
        "Expires": "-1",
        "Pragma": "no-cache",
        "Strict-Transport-Security": "max-age=31536000;includeSubDomains",
        "X-Content-Type-Options": "nosniff",
        "x-ms-keyvault-network-info": "conn_type=Ipv4;addr=72.49.29.93;act_addr_fam=InterNetwork;",
        "x-ms-keyvault-region": "southcentralus",
        "x-ms-keyvault-service-version": "1.9.150.1",
        "x-ms-request-id": "58af0379-bee8-4530-b318-c6713424731e",
        "X-Powered-By": "ASP.NET"
      },
      "ResponseBody": {
        "key": {
          "kid": "https://rosebud.vault.azure.net/keys/list-key2762797297/5df1d61d02fd4875801e9f04f6d35bf5",
          "kty": "RSA",
          "key_ops": [
            "encrypt",
            "decrypt",
            "sign",
            "verify",
            "wrapKey",
            "unwrapKey"
          ],
          "n": "7qCkG0XA_AxlAT6f560tpmJeLK1jA8lVclGQHEo7FACrKD2OBgmCXItIvcLt5AG-UWALZ0bZs8rRTnkhCN1KfeBc_s8tqSPMZy7z1-CCRk-ci5bno38frIH-HJQwci0K9b1Wm7n5zqp2Z3Mg1Nos2A7VwV-bzECcMoMomSLtXcUNNDtE7eRArj0BPEfgeDOcy3endbzz6-5h3nXaq09qIpk288pRPIiwLhvmK9pNT4szmWVMKtL-QHMBuuLyAVCfPFnj8ANZO8kMEZrKNaJ144eptxUxEltwAdGQjC3A6ysHfrtkHLPJTuaGtG9WOw3A2HkC_-ALQY5-uIJhJ7hTdQ",
          "e": "AQAB"
        },
        "attributes": {
          "enabled": true,
          "created": 1635438224,
          "updated": 1635438224,
          "recoveryLevel": "CustomizedRecoverable\u002BPurgeable",
          "recoverableDays": 7
        }
      }
    },
    {
      "RequestUri": "https://fakekvurl.vault.azure.net/keys/list-key2762797297?api-version=7.3-preview",
      "RequestMethod": "DELETE",
      "RequestHeaders": {
        ":authority": "localhost:5001",
        ":method": "DELETE",
        ":path": "/keys/list-key2762797297?api-version=7.3-preview",
        ":scheme": "https",
        "Accept": "application/json",
        "Accept-Encoding": "gzip",
        "User-Agent": "azsdk-go-internal/v0.1.0 azsdk-go-azcore/v0.20.0 (go1.17; Windows_NT)"
      },
      "RequestBody": null,
      "StatusCode": 401,
      "ResponseHeaders": {
        "Cache-Control": "no-cache",
        "Content-Length": "97",
        "Content-Type": "application/json; charset=utf-8",
        "Date": "Thu, 28 Oct 2021 16:23:44 GMT",
        "Expires": "-1",
        "Pragma": "no-cache",
        "Strict-Transport-Security": "max-age=31536000;includeSubDomains",
        "WWW-Authenticate": "Bearer authorization=\u0022https://login.windows.net/72f988bf-86f1-41af-91ab-2d7cd011db47\u0022, resource=\u0022https://vault.azure.net\u0022",
        "X-Content-Type-Options": "nosniff",
        "x-ms-keyvault-network-info": "conn_type=Ipv4;addr=72.49.29.93;act_addr_fam=InterNetwork;",
        "x-ms-keyvault-region": "southcentralus",
        "x-ms-keyvault-service-version": "1.9.150.1",
        "x-ms-request-id": "5a906d51-b017-49dc-a452-4db34a3e7a17",
        "X-Powered-By": "ASP.NET"
      },
      "ResponseBody": {
        "error": {
          "code": "Unauthorized",
          "message": "AKV10000: Request is missing a Bearer or PoP token."
        }
      }
    },
    {
      "RequestUri": "https://fakekvurl.vault.azure.net/keys/list-key2762797297?api-version=7.3-preview",
      "RequestMethod": "DELETE",
      "RequestHeaders": {
        ":authority": "localhost:5001",
        ":method": "DELETE",
        ":path": "/keys/list-key2762797297?api-version=7.3-preview",
        ":scheme": "https",
        "Accept": "application/json",
        "Accept-Encoding": "gzip",
        "Authorization": "Sanitized",
        "User-Agent": "azsdk-go-internal/v0.1.0 azsdk-go-azcore/v0.20.0 (go1.17; Windows_NT)"
      },
      "RequestBody": null,
      "StatusCode": 200,
      "ResponseHeaders": {
        "Cache-Control": "no-cache",
        "Content-Length": "825",
        "Content-Type": "application/json; charset=utf-8",
        "Date": "Thu, 28 Oct 2021 16:23:44 GMT",
        "Expires": "-1",
        "Pragma": "no-cache",
        "Strict-Transport-Security": "max-age=31536000;includeSubDomains",
        "X-Content-Type-Options": "nosniff",
        "x-ms-keyvault-network-info": "conn_type=Ipv4;addr=72.49.29.93;act_addr_fam=InterNetwork;",
        "x-ms-keyvault-region": "southcentralus",
        "x-ms-keyvault-service-version": "1.9.150.1",
        "x-ms-request-id": "16a01fe9-0d0b-4ec0-96ff-2f6f01801f2c",
        "X-Powered-By": "ASP.NET"
      },
      "ResponseBody": {
        "recoveryId": "https://rosebud.vault.azure.net/deletedkeys/list-key2762797297",
        "deletedDate": 1635438225,
        "scheduledPurgeDate": 1636043025,
        "key": {
          "kid": "https://rosebud.vault.azure.net/keys/list-key2762797297/5df1d61d02fd4875801e9f04f6d35bf5",
          "kty": "RSA",
          "key_ops": [
            "encrypt",
            "decrypt",
            "sign",
            "verify",
            "wrapKey",
            "unwrapKey"
          ],
          "n": "7qCkG0XA_AxlAT6f560tpmJeLK1jA8lVclGQHEo7FACrKD2OBgmCXItIvcLt5AG-UWALZ0bZs8rRTnkhCN1KfeBc_s8tqSPMZy7z1-CCRk-ci5bno38frIH-HJQwci0K9b1Wm7n5zqp2Z3Mg1Nos2A7VwV-bzECcMoMomSLtXcUNNDtE7eRArj0BPEfgeDOcy3endbzz6-5h3nXaq09qIpk288pRPIiwLhvmK9pNT4szmWVMKtL-QHMBuuLyAVCfPFnj8ANZO8kMEZrKNaJ144eptxUxEltwAdGQjC3A6ysHfrtkHLPJTuaGtG9WOw3A2HkC_-ALQY5-uIJhJ7hTdQ",
          "e": "AQAB"
        },
        "attributes": {
          "enabled": true,
          "created": 1635438224,
          "updated": 1635438224,
          "recoveryLevel": "CustomizedRecoverable\u002BPurgeable",
          "recoverableDays": 7
        }
      }
    },
    {
      "RequestUri": "https://fakekvurl.vault.azure.net/deletedkeys/list-key2762797297?api-version=7.3-preview",
      "RequestMethod": "GET",
      "RequestHeaders": {
        ":authority": "localhost:5001",
        ":method": "GET",
        ":path": "/deletedkeys/list-key2762797297?api-version=7.3-preview",
        ":scheme": "https",
        "Accept": "application/json",
        "Accept-Encoding": "gzip",
        "User-Agent": "azsdk-go-internal/v0.1.0 azsdk-go-azcore/v0.20.0 (go1.17; Windows_NT)"
      },
      "RequestBody": null,
      "StatusCode": 401,
      "ResponseHeaders": {
        "Cache-Control": "no-cache",
        "Content-Length": "97",
        "Content-Type": "application/json; charset=utf-8",
        "Date": "Thu, 28 Oct 2021 16:23:44 GMT",
        "Expires": "-1",
        "Pragma": "no-cache",
        "Strict-Transport-Security": "max-age=31536000;includeSubDomains",
        "WWW-Authenticate": "Bearer authorization=\u0022https://login.windows.net/72f988bf-86f1-41af-91ab-2d7cd011db47\u0022, resource=\u0022https://vault.azure.net\u0022",
        "X-Content-Type-Options": "nosniff",
        "x-ms-keyvault-network-info": "conn_type=Ipv4;addr=72.49.29.93;act_addr_fam=InterNetwork;",
        "x-ms-keyvault-region": "southcentralus",
        "x-ms-keyvault-service-version": "1.9.150.1",
        "x-ms-request-id": "748ecdd4-92b6-44d1-a5a8-2b74278846fe",
        "X-Powered-By": "ASP.NET"
      },
      "ResponseBody": {
        "error": {
          "code": "Unauthorized",
          "message": "AKV10000: Request is missing a Bearer or PoP token."
        }
      }
    },
    {
      "RequestUri": "https://fakekvurl.vault.azure.net/deletedkeys/list-key2762797297?api-version=7.3-preview",
      "RequestMethod": "GET",
      "RequestHeaders": {
        ":authority": "localhost:5001",
        ":method": "GET",
        ":path": "/deletedkeys/list-key2762797297?api-version=7.3-preview",
        ":scheme": "https",
        "Accept": "application/json",
        "Accept-Encoding": "gzip",
        "Authorization": "Sanitized",
        "User-Agent": "azsdk-go-internal/v0.1.0 azsdk-go-azcore/v0.20.0 (go1.17; Windows_NT)"
      },
      "RequestBody": null,
      "StatusCode": 404,
      "ResponseHeaders": {
        "Cache-Control": "no-cache",
        "Content-Length": "86",
        "Content-Type": "application/json; charset=utf-8",
        "Date": "Thu, 28 Oct 2021 16:23:44 GMT",
        "Expires": "-1",
        "Pragma": "no-cache",
        "Strict-Transport-Security": "max-age=31536000;includeSubDomains",
        "X-Content-Type-Options": "nosniff",
        "x-ms-keyvault-network-info": "conn_type=Ipv4;addr=72.49.29.93;act_addr_fam=InterNetwork;",
        "x-ms-keyvault-region": "southcentralus",
        "x-ms-keyvault-service-version": "1.9.150.1",
        "x-ms-request-id": "5879d55d-e19b-4745-a139-26df2ad97bc8",
        "X-Powered-By": "ASP.NET"
      },
      "ResponseBody": {
        "error": {
          "code": "KeyNotFound",
          "message": "Deleted Key not found: list-key2762797297"
        }
      }
    },
    {
      "RequestUri": "https://fakekvurl.vault.azure.net/deletedkeys/list-key2762797297?api-version=7.3-preview",
      "RequestMethod": "GET",
      "RequestHeaders": {
        ":authority": "localhost:5001",
        ":method": "GET",
        ":path": "/deletedkeys/list-key2762797297?api-version=7.3-preview",
        ":scheme": "https",
        "Accept": "application/json",
        "Accept-Encoding": "gzip",
        "User-Agent": "azsdk-go-internal/v0.1.0 azsdk-go-azcore/v0.20.0 (go1.17; Windows_NT)"
      },
      "RequestBody": null,
      "StatusCode": 401,
      "ResponseHeaders": {
        "Cache-Control": "no-cache",
        "Content-Length": "97",
        "Content-Type": "application/json; charset=utf-8",
        "Date": "Thu, 28 Oct 2021 16:23:44 GMT",
        "Expires": "-1",
        "Pragma": "no-cache",
        "Strict-Transport-Security": "max-age=31536000;includeSubDomains",
        "WWW-Authenticate": "Bearer authorization=\u0022https://login.windows.net/72f988bf-86f1-41af-91ab-2d7cd011db47\u0022, resource=\u0022https://vault.azure.net\u0022",
        "X-Content-Type-Options": "nosniff",
        "x-ms-keyvault-network-info": "conn_type=Ipv4;addr=72.49.29.93;act_addr_fam=InterNetwork;",
        "x-ms-keyvault-region": "southcentralus",
        "x-ms-keyvault-service-version": "1.9.150.1",
        "x-ms-request-id": "dcc9d77a-622a-49a8-b88b-d4763b4deb8c",
        "X-Powered-By": "ASP.NET"
      },
      "ResponseBody": {
        "error": {
          "code": "Unauthorized",
          "message": "AKV10000: Request is missing a Bearer or PoP token."
        }
      }
    },
    {
      "RequestUri": "https://fakekvurl.vault.azure.net/deletedkeys/list-key2762797297?api-version=7.3-preview",
      "RequestMethod": "GET",
      "RequestHeaders": {
        ":authority": "localhost:5001",
        ":method": "GET",
        ":path": "/deletedkeys/list-key2762797297?api-version=7.3-preview",
        ":scheme": "https",
        "Accept": "application/json",
        "Accept-Encoding": "gzip",
        "Authorization": "Sanitized",
        "User-Agent": "azsdk-go-internal/v0.1.0 azsdk-go-azcore/v0.20.0 (go1.17; Windows_NT)"
      },
      "RequestBody": null,
      "StatusCode": 404,
      "ResponseHeaders": {
        "Cache-Control": "no-cache",
        "Content-Length": "86",
        "Content-Type": "application/json; charset=utf-8",
        "Date": "Thu, 28 Oct 2021 16:23:44 GMT",
        "Expires": "-1",
        "Pragma": "no-cache",
        "Strict-Transport-Security": "max-age=31536000;includeSubDomains",
        "X-Content-Type-Options": "nosniff",
        "x-ms-keyvault-network-info": "conn_type=Ipv4;addr=72.49.29.93;act_addr_fam=InterNetwork;",
        "x-ms-keyvault-region": "southcentralus",
        "x-ms-keyvault-service-version": "1.9.150.1",
        "x-ms-request-id": "79380c5a-9b38-44e7-b606-5d656216137a",
        "X-Powered-By": "ASP.NET"
      },
      "ResponseBody": {
        "error": {
          "code": "KeyNotFound",
          "message": "Deleted Key not found: list-key2762797297"
        }
      }
    },
    {
      "RequestUri": "https://fakekvurl.vault.azure.net/deletedkeys/list-key2762797297?api-version=7.3-preview",
      "RequestMethod": "GET",
      "RequestHeaders": {
        ":authority": "localhost:5001",
        ":method": "GET",
        ":path": "/deletedkeys/list-key2762797297?api-version=7.3-preview",
        ":scheme": "https",
        "Accept": "application/json",
        "Accept-Encoding": "gzip",
        "User-Agent": "azsdk-go-internal/v0.1.0 azsdk-go-azcore/v0.20.0 (go1.17; Windows_NT)"
      },
      "RequestBody": null,
      "StatusCode": 401,
      "ResponseHeaders": {
        "Cache-Control": "no-cache",
        "Content-Length": "97",
        "Content-Type": "application/json; charset=utf-8",
        "Date": "Thu, 28 Oct 2021 16:23:45 GMT",
        "Expires": "-1",
        "Pragma": "no-cache",
        "Strict-Transport-Security": "max-age=31536000;includeSubDomains",
        "WWW-Authenticate": "Bearer authorization=\u0022https://login.windows.net/72f988bf-86f1-41af-91ab-2d7cd011db47\u0022, resource=\u0022https://vault.azure.net\u0022",
        "X-Content-Type-Options": "nosniff",
        "x-ms-keyvault-network-info": "conn_type=Ipv4;addr=72.49.29.93;act_addr_fam=InterNetwork;",
        "x-ms-keyvault-region": "southcentralus",
        "x-ms-keyvault-service-version": "1.9.150.1",
        "x-ms-request-id": "7955d69d-435b-45e0-b764-3c11687ec0db",
        "X-Powered-By": "ASP.NET"
      },
      "ResponseBody": {
        "error": {
          "code": "Unauthorized",
          "message": "AKV10000: Request is missing a Bearer or PoP token."
        }
      }
    },
    {
      "RequestUri": "https://fakekvurl.vault.azure.net/deletedkeys/list-key2762797297?api-version=7.3-preview",
      "RequestMethod": "GET",
      "RequestHeaders": {
        ":authority": "localhost:5001",
        ":method": "GET",
        ":path": "/deletedkeys/list-key2762797297?api-version=7.3-preview",
        ":scheme": "https",
        "Accept": "application/json",
        "Accept-Encoding": "gzip",
        "Authorization": "Sanitized",
        "User-Agent": "azsdk-go-internal/v0.1.0 azsdk-go-azcore/v0.20.0 (go1.17; Windows_NT)"
      },
      "RequestBody": null,
      "StatusCode": 200,
      "ResponseHeaders": {
        "Cache-Control": "no-cache",
        "Content-Length": "825",
        "Content-Type": "application/json; charset=utf-8",
        "Date": "Thu, 28 Oct 2021 16:23:45 GMT",
        "Expires": "-1",
        "Pragma": "no-cache",
        "Strict-Transport-Security": "max-age=31536000;includeSubDomains",
        "X-Content-Type-Options": "nosniff",
        "x-ms-keyvault-network-info": "conn_type=Ipv4;addr=72.49.29.93;act_addr_fam=InterNetwork;",
        "x-ms-keyvault-region": "southcentralus",
        "x-ms-keyvault-service-version": "1.9.150.1",
        "x-ms-request-id": "e4233f72-2501-440c-ba4b-160253167f6c",
        "X-Powered-By": "ASP.NET"
      },
      "ResponseBody": {
        "recoveryId": "https://rosebud.vault.azure.net/deletedkeys/list-key2762797297",
        "deletedDate": 1635438225,
        "scheduledPurgeDate": 1636043025,
        "key": {
          "kid": "https://rosebud.vault.azure.net/keys/list-key2762797297/5df1d61d02fd4875801e9f04f6d35bf5",
          "kty": "RSA",
          "key_ops": [
            "encrypt",
            "decrypt",
            "sign",
            "verify",
            "wrapKey",
            "unwrapKey"
          ],
          "n": "7qCkG0XA_AxlAT6f560tpmJeLK1jA8lVclGQHEo7FACrKD2OBgmCXItIvcLt5AG-UWALZ0bZs8rRTnkhCN1KfeBc_s8tqSPMZy7z1-CCRk-ci5bno38frIH-HJQwci0K9b1Wm7n5zqp2Z3Mg1Nos2A7VwV-bzECcMoMomSLtXcUNNDtE7eRArj0BPEfgeDOcy3endbzz6-5h3nXaq09qIpk288pRPIiwLhvmK9pNT4szmWVMKtL-QHMBuuLyAVCfPFnj8ANZO8kMEZrKNaJ144eptxUxEltwAdGQjC3A6ysHfrtkHLPJTuaGtG9WOw3A2HkC_-ALQY5-uIJhJ7hTdQ",
          "e": "AQAB"
        },
        "attributes": {
          "enabled": true,
          "created": 1635438224,
          "updated": 1635438224,
          "recoveryLevel": "CustomizedRecoverable\u002BPurgeable",
          "recoverableDays": 7
        }
      }
    },
    {
      "RequestUri": "https://fakekvurl.vault.azure.net/deletedkeys?api-version=7.3-preview",
      "RequestMethod": "GET",
      "RequestHeaders": {
        ":authority": "localhost:5001",
        ":method": "GET",
        ":path": "/deletedkeys?api-version=7.3-preview",
        ":scheme": "https",
        "Accept": "application/json",
        "Accept-Encoding": "gzip",
        "User-Agent": "azsdk-go-internal/v0.1.0 azsdk-go-azcore/v0.20.0 (go1.17; Windows_NT)"
      },
      "RequestBody": null,
      "StatusCode": 401,
      "ResponseHeaders": {
        "Cache-Control": "no-cache",
        "Content-Length": "97",
        "Content-Type": "application/json; charset=utf-8",
        "Date": "Thu, 28 Oct 2021 16:23:45 GMT",
        "Expires": "-1",
        "Pragma": "no-cache",
        "Strict-Transport-Security": "max-age=31536000;includeSubDomains",
        "WWW-Authenticate": "Bearer authorization=\u0022https://login.windows.net/72f988bf-86f1-41af-91ab-2d7cd011db47\u0022, resource=\u0022https://vault.azure.net\u0022",
        "X-Content-Type-Options": "nosniff",
        "x-ms-keyvault-network-info": "conn_type=Ipv4;addr=72.49.29.93;act_addr_fam=InterNetwork;",
        "x-ms-keyvault-region": "southcentralus",
        "x-ms-keyvault-service-version": "1.9.150.1",
        "x-ms-request-id": "96643162-61fa-44c2-86cc-f6da1482a7e8",
        "X-Powered-By": "ASP.NET"
      },
      "ResponseBody": {
        "error": {
          "code": "Unauthorized",
          "message": "AKV10000: Request is missing a Bearer or PoP token."
        }
      }
    },
    {
      "RequestUri": "https://fakekvurl.vault.azure.net/deletedkeys?api-version=7.3-preview",
      "RequestMethod": "GET",
      "RequestHeaders": {
        ":authority": "localhost:5001",
        ":method": "GET",
        ":path": "/deletedkeys?api-version=7.3-preview",
        ":scheme": "https",
        "Accept": "application/json",
        "Accept-Encoding": "gzip",
        "Authorization": "Sanitized",
        "User-Agent": "azsdk-go-internal/v0.1.0 azsdk-go-azcore/v0.20.0 (go1.17; Windows_NT)"
      },
      "RequestBody": null,
      "StatusCode": 200,
      "ResponseHeaders": {
        "Cache-Control": "no-cache",
        "Content-Length": "1056",
        "Content-Type": "application/json; charset=utf-8",
        "Date": "Thu, 28 Oct 2021 16:23:45 GMT",
        "Expires": "-1",
        "Pragma": "no-cache",
        "Strict-Transport-Security": "max-age=31536000;includeSubDomains",
        "X-Content-Type-Options": "nosniff",
        "x-ms-keyvault-network-info": "conn_type=Ipv4;addr=72.49.29.93;act_addr_fam=InterNetwork;",
        "x-ms-keyvault-region": "southcentralus",
        "x-ms-keyvault-service-version": "1.9.150.1",
        "x-ms-request-id": "d52c65b6-eac1-4dd7-8f5e-63e4c28c95a2",
        "X-Powered-By": "ASP.NET"
      },
      "ResponseBody": {
        "value": [
          {
            "recoveryId": "https://rosebud.vault.azure.net/deletedkeys/list-key0762797297",
            "deletedDate": 1635438219,
            "scheduledPurgeDate": 1636043019,
            "kid": "https://rosebud.vault.azure.net/keys/list-key0762797297",
            "attributes": {
              "enabled": true,
              "created": 1635438219,
              "updated": 1635438219,
              "recoveryLevel": "CustomizedRecoverable\u002BPurgeable",
              "recoverableDays": 7
            }
          },
          {
            "recoveryId": "https://rosebud.vault.azure.net/deletedkeys/list-key1762797297",
            "deletedDate": 1635438222,
            "scheduledPurgeDate": 1636043022,
            "kid": "https://rosebud.vault.azure.net/keys/list-key1762797297",
            "attributes": {
              "enabled": true,
              "created": 1635438221,
              "updated": 1635438221,
              "recoveryLevel": "CustomizedRecoverable\u002BPurgeable",
              "recoverableDays": 7
            }
          },
          {
            "recoveryId": "https://rosebud.vault.azure.net/deletedkeys/list-key2762797297",
            "deletedDate": 1635438225,
            "scheduledPurgeDate": 1636043025,
            "kid": "https://rosebud.vault.azure.net/keys/list-key2762797297",
            "attributes": {
              "enabled": true,
              "created": 1635438224,
              "updated": 1635438224,
              "recoveryLevel": "CustomizedRecoverable\u002BPurgeable",
              "recoverableDays": 7
            }
          }
        ],
        "nextLink": null
      }
    },
    {
      "RequestUri": "https://fakekvurl.vault.azure.net/keys/list-key2762797297?api-version=7.3-preview",
      "RequestMethod": "DELETE",
      "RequestHeaders": {
        ":authority": "localhost:5001",
        ":method": "DELETE",
        ":path": "/keys/list-key2762797297?api-version=7.3-preview",
        ":scheme": "https",
        "Accept": "application/json",
        "Accept-Encoding": "gzip",
        "User-Agent": "azsdk-go-internal/v0.1.0 azsdk-go-azcore/v0.20.0 (go1.17; Windows_NT)"
      },
      "RequestBody": null,
      "StatusCode": 401,
      "ResponseHeaders": {
        "Cache-Control": "no-cache",
        "Content-Length": "97",
        "Content-Type": "application/json; charset=utf-8",
        "Date": "Thu, 28 Oct 2021 16:23:45 GMT",
        "Expires": "-1",
        "Pragma": "no-cache",
        "Strict-Transport-Security": "max-age=31536000;includeSubDomains",
        "WWW-Authenticate": "Bearer authorization=\u0022https://login.windows.net/72f988bf-86f1-41af-91ab-2d7cd011db47\u0022, resource=\u0022https://vault.azure.net\u0022",
        "X-Content-Type-Options": "nosniff",
        "x-ms-keyvault-network-info": "conn_type=Ipv4;addr=72.49.29.93;act_addr_fam=InterNetwork;",
        "x-ms-keyvault-region": "southcentralus",
        "x-ms-keyvault-service-version": "1.9.150.1",
        "x-ms-request-id": "10d3319c-5195-4805-9e22-1a25fe375df0",
        "X-Powered-By": "ASP.NET"
      },
      "ResponseBody": {
        "error": {
          "code": "Unauthorized",
          "message": "AKV10000: Request is missing a Bearer or PoP token."
        }
      }
    },
    {
      "RequestUri": "https://fakekvurl.vault.azure.net/keys/list-key2762797297?api-version=7.3-preview",
      "RequestMethod": "DELETE",
      "RequestHeaders": {
        ":authority": "localhost:5001",
        ":method": "DELETE",
        ":path": "/keys/list-key2762797297?api-version=7.3-preview",
        ":scheme": "https",
        "Accept": "application/json",
        "Accept-Encoding": "gzip",
        "Authorization": "Sanitized",
        "User-Agent": "azsdk-go-internal/v0.1.0 azsdk-go-azcore/v0.20.0 (go1.17; Windows_NT)"
      },
      "RequestBody": null,
      "StatusCode": 404,
      "ResponseHeaders": {
        "Cache-Control": "no-cache",
        "Content-Length": "306",
        "Content-Type": "application/json; charset=utf-8",
        "Date": "Thu, 28 Oct 2021 16:23:45 GMT",
        "Expires": "-1",
        "Pragma": "no-cache",
        "Strict-Transport-Security": "max-age=31536000;includeSubDomains",
        "X-Content-Type-Options": "nosniff",
        "x-ms-keyvault-network-info": "conn_type=Ipv4;addr=72.49.29.93;act_addr_fam=InterNetwork;",
        "x-ms-keyvault-region": "southcentralus",
        "x-ms-keyvault-service-version": "1.9.150.1",
        "x-ms-request-id": "1b294675-d700-4fa4-83ca-a19d7419165b",
        "X-Powered-By": "ASP.NET"
      },
      "ResponseBody": {
        "error": {
          "code": "KeyNotFound",
          "message": "A key with (name/id) list-key2762797297 was not found in this key vault. If you recently deleted this key you may be able to recover it using the correct recovery command. For help resolving this issue, please see https://go.microsoft.com/fwlink/?linkid=2125182"
        }
      }
    },
    {
      "RequestUri": "https://fakekvurl.vault.azure.net/keys/list-key1762797297?api-version=7.3-preview",
      "RequestMethod": "DELETE",
      "RequestHeaders": {
        ":authority": "localhost:5001",
        ":method": "DELETE",
        ":path": "/keys/list-key1762797297?api-version=7.3-preview",
        ":scheme": "https",
        "Accept": "application/json",
        "Accept-Encoding": "gzip",
        "User-Agent": "azsdk-go-internal/v0.1.0 azsdk-go-azcore/v0.20.0 (go1.17; Windows_NT)"
      },
      "RequestBody": null,
      "StatusCode": 401,
      "ResponseHeaders": {
        "Cache-Control": "no-cache",
        "Content-Length": "97",
        "Content-Type": "application/json; charset=utf-8",
        "Date": "Thu, 28 Oct 2021 16:23:47 GMT",
        "Expires": "-1",
        "Pragma": "no-cache",
        "Strict-Transport-Security": "max-age=31536000;includeSubDomains",
        "WWW-Authenticate": "Bearer authorization=\u0022https://login.windows.net/72f988bf-86f1-41af-91ab-2d7cd011db47\u0022, resource=\u0022https://vault.azure.net\u0022",
        "X-Content-Type-Options": "nosniff",
        "x-ms-keyvault-network-info": "conn_type=Ipv4;addr=72.49.29.93;act_addr_fam=InterNetwork;",
        "x-ms-keyvault-region": "southcentralus",
        "x-ms-keyvault-service-version": "1.9.150.1",
        "x-ms-request-id": "b4b96e21-abac-4772-b597-beb403a1a42a",
        "X-Powered-By": "ASP.NET"
      },
      "ResponseBody": {
        "error": {
          "code": "Unauthorized",
          "message": "AKV10000: Request is missing a Bearer or PoP token."
        }
      }
    },
    {
      "RequestUri": "https://fakekvurl.vault.azure.net/keys/list-key1762797297?api-version=7.3-preview",
      "RequestMethod": "DELETE",
      "RequestHeaders": {
        ":authority": "localhost:5001",
        ":method": "DELETE",
        ":path": "/keys/list-key1762797297?api-version=7.3-preview",
        ":scheme": "https",
        "Accept": "application/json",
        "Accept-Encoding": "gzip",
        "Authorization": "Sanitized",
        "User-Agent": "azsdk-go-internal/v0.1.0 azsdk-go-azcore/v0.20.0 (go1.17; Windows_NT)"
      },
      "RequestBody": null,
      "StatusCode": 404,
      "ResponseHeaders": {
        "Cache-Control": "no-cache",
        "Content-Length": "306",
        "Content-Type": "application/json; charset=utf-8",
        "Date": "Thu, 28 Oct 2021 16:23:47 GMT",
        "Expires": "-1",
        "Pragma": "no-cache",
        "Strict-Transport-Security": "max-age=31536000;includeSubDomains",
        "X-Content-Type-Options": "nosniff",
        "x-ms-keyvault-network-info": "conn_type=Ipv4;addr=72.49.29.93;act_addr_fam=InterNetwork;",
        "x-ms-keyvault-region": "southcentralus",
        "x-ms-keyvault-service-version": "1.9.150.1",
        "x-ms-request-id": "02860d43-1eef-428d-a121-3674f5bf26da",
        "X-Powered-By": "ASP.NET"
      },
      "ResponseBody": {
        "error": {
          "code": "KeyNotFound",
          "message": "A key with (name/id) list-key1762797297 was not found in this key vault. If you recently deleted this key you may be able to recover it using the correct recovery command. For help resolving this issue, please see https://go.microsoft.com/fwlink/?linkid=2125182"
        }
      }
    },
    {
      "RequestUri": "https://fakekvurl.vault.azure.net/keys/list-key0762797297?api-version=7.3-preview",
      "RequestMethod": "DELETE",
      "RequestHeaders": {
        ":authority": "localhost:5001",
        ":method": "DELETE",
        ":path": "/keys/list-key0762797297?api-version=7.3-preview",
        ":scheme": "https",
        "Accept": "application/json",
        "Accept-Encoding": "gzip",
        "User-Agent": "azsdk-go-internal/v0.1.0 azsdk-go-azcore/v0.20.0 (go1.17; Windows_NT)"
      },
      "RequestBody": null,
      "StatusCode": 401,
      "ResponseHeaders": {
        "Cache-Control": "no-cache",
        "Content-Length": "97",
        "Content-Type": "application/json; charset=utf-8",
        "Date": "Thu, 28 Oct 2021 16:23:47 GMT",
        "Expires": "-1",
        "Pragma": "no-cache",
        "Strict-Transport-Security": "max-age=31536000;includeSubDomains",
        "WWW-Authenticate": "Bearer authorization=\u0022https://login.windows.net/72f988bf-86f1-41af-91ab-2d7cd011db47\u0022, resource=\u0022https://vault.azure.net\u0022",
        "X-Content-Type-Options": "nosniff",
        "x-ms-keyvault-network-info": "conn_type=Ipv4;addr=72.49.29.93;act_addr_fam=InterNetwork;",
        "x-ms-keyvault-region": "southcentralus",
        "x-ms-keyvault-service-version": "1.9.150.1",
        "x-ms-request-id": "090cd7de-f772-45c3-96ab-ba7cb76de59e",
        "X-Powered-By": "ASP.NET"
      },
      "ResponseBody": {
        "error": {
          "code": "Unauthorized",
          "message": "AKV10000: Request is missing a Bearer or PoP token."
        }
      }
    },
    {
      "RequestUri": "https://fakekvurl.vault.azure.net/keys/list-key0762797297?api-version=7.3-preview",
      "RequestMethod": "DELETE",
      "RequestHeaders": {
        ":authority": "localhost:5001",
        ":method": "DELETE",
        ":path": "/keys/list-key0762797297?api-version=7.3-preview",
        ":scheme": "https",
        "Accept": "application/json",
        "Accept-Encoding": "gzip",
        "Authorization": "Sanitized",
        "User-Agent": "azsdk-go-internal/v0.1.0 azsdk-go-azcore/v0.20.0 (go1.17; Windows_NT)"
      },
      "RequestBody": null,
      "StatusCode": 404,
      "ResponseHeaders": {
        "Cache-Control": "no-cache",
        "Content-Length": "306",
        "Content-Type": "application/json; charset=utf-8",
        "Date": "Thu, 28 Oct 2021 16:23:47 GMT",
        "Expires": "-1",
        "Pragma": "no-cache",
        "Strict-Transport-Security": "max-age=31536000;includeSubDomains",
        "X-Content-Type-Options": "nosniff",
        "x-ms-keyvault-network-info": "conn_type=Ipv4;addr=72.49.29.93;act_addr_fam=InterNetwork;",
        "x-ms-keyvault-region": "southcentralus",
        "x-ms-keyvault-service-version": "1.9.150.1",
        "x-ms-request-id": "0511851e-cac3-48dc-8992-7fa7d94e75d8",
        "X-Powered-By": "ASP.NET"
      },
      "ResponseBody": {
        "error": {
          "code": "KeyNotFound",
          "message": "A key with (name/id) list-key0762797297 was not found in this key vault. If you recently deleted this key you may be able to recover it using the correct recovery command. For help resolving this issue, please see https://go.microsoft.com/fwlink/?linkid=2125182"
        }
      }
    }
  ],
  "Variables": {}
}
