---
version: 1
rwmutex: {}
interactions:
- request:
    body: ""
    form: {}
    headers:
      Authorization:
      - SharedKey golangrocksonazure:1EDqq4pG6V86jvZDxw0K6cEO1NMreOTN/MNxIZ5L40o=
      User-Agent:
      - Go/go1.8 (amd64-windows) azure-storage-go/0.1.0 api-version/2016-05-31 blob
      X-Ms-Date:
      - Thu, 01 Jun 2017 21:31:04 GMT
      X-Ms-Version:
      - 2016-05-31
    url: https://golangrocksonazure.blob.core.windows.net/cnt-134containersuitetestcontain?restype=container
    method: HEAD
  response:
    body: ""
    headers:
      Date:
      - Thu, 01 Jun 2017 21:31:04 GMT
      Server:
      - Windows-Azure-Blob/1.0 Microsoft-HTTPAPI/2.0
      X-Ms-Request-Id:
      - 084abe2b-0001-00d0-4c1e-dbbe1b000000
      X-Ms-Version:
      - 2016-05-31
    status: 404 The specified container does not exist.
    code: 404
- request:
    body: ""
    form: {}
    headers:
      Authorization:
      - SharedKey golangrocksonazure:N7JjyRNWvf2kyuDYYbghyAZnEr8+Buirr0NIwpaRDLY=
      User-Agent:
      - Go/go1.8 (amd64-windows) azure-storage-go/0.1.0 api-version/2016-05-31 blob
      X-Ms-Date:
      - Thu, 01 Jun 2017 21:31:05 GMT
      X-Ms-Version:
      - 2016-05-31
    url: https://golangrocksonazure.blob.core.windows.net/cnt-234containersuitetestcontain?restype=container
    method: PUT
  response:
    body: ""
    headers:
      Date:
      - Thu, 01 Jun 2017 21:31:04 GMT
      Etag:
      - '"0x8D4A9358258E783"'
      Last-Modified:
      - Thu, 01 Jun 2017 21:31:05 GMT
      Server:
      - Windows-Azure-Blob/1.0 Microsoft-HTTPAPI/2.0
      X-Ms-Request-Id:
      - 084abe4c-0001-00d0-6a1e-dbbe1b000000
      X-Ms-Version:
      - 2016-05-31
    status: 201 Created
    code: 201
- request:
    body: ""
    form: {}
    headers:
      Authorization:
      - SharedKey golangrocksonazure:VUIcyIwLovhLHX0uiYqqsMMrSuUfrrlQ663nx+hSggo=
      User-Agent:
      - Go/go1.8 (amd64-windows) azure-storage-go/0.1.0 api-version/2016-05-31 blob
      X-Ms-Date:
      - Thu, 01 Jun 2017 21:31:05 GMT
      X-Ms-Version:
      - 2016-05-31
    url: https://golangrocksonazure.blob.core.windows.net/cnt-234containersuitetestcontain?restype=container
    method: HEAD
  response:
    body: ""
    headers:
      Date:
      - Thu, 01 Jun 2017 21:31:04 GMT
      Etag:
      - '"0x8D4A9358258E783"'
      Last-Modified:
      - Thu, 01 Jun 2017 21:31:05 GMT
      Server:
      - Windows-Azure-Blob/1.0 Microsoft-HTTPAPI/2.0
      X-Ms-Lease-State:
      - available
      X-Ms-Lease-Status:
      - unlocked
      X-Ms-Request-Id:
      - 084abe63-0001-00d0-7d1e-dbbe1b000000
      X-Ms-Version:
      - 2016-05-31
    status: 200 OK
    code: 200
- request:
    body: ""
    form: {}
    headers:
      User-Agent:
      - Go/go1.8 (amd64-windows) azure-storage-go/0.1.0 api-version/2016-05-31 blob
      X-Ms-Date:
      - Thu, 01 Jun 2017 21:31:05 GMT
      X-Ms-Version:
      - 2016-05-31
    url: https://golangrocksonazure.blob.core.windows.net/cnt-134containersuitetestcontain?restype=container&se=2050-12-20T21%3A55%3A06Z&sig=2dVsIeqhFWPPdmTGfwv3nkCkavSHjeCtWCv9rlqUxkw%3D&sp=racwdl&spr=https%2Chttp&sr=c&sv=2016-05-31
    method: HEAD
  response:
    body: ""
    headers:
      Date:
      - Thu, 01 Jun 2017 21:31:04 GMT
      Server:
      - Windows-Azure-Blob/1.0 Microsoft-HTTPAPI/2.0
      X-Ms-Request-Id:
      - 084abe72-0001-00d0-0c1e-dbbe1b000000
      X-Ms-Version:
      - 2016-05-31
    status: 403 This request is not authorized to perform this operation.
    code: 403
- request:
    body: ""
    form: {}
    headers:
      User-Agent:
      - Go/go1.8 (amd64-windows) azure-storage-go/0.1.0 api-version/2016-05-31 blob
      X-Ms-Date:
      - Thu, 01 Jun 2017 21:31:05 GMT
      X-Ms-Version:
      - 2016-05-31
    url: https://golangrocksonazure.blob.core.windows.net/cnt-234containersuitetestcontain?restype=container&se=2050-12-20T21%3A55%3A06Z&sig=C44GXGlHtd1gUw%2FwpFf%2Bf4TahvcijP%2FRevn%2FptcwI3U%3D&sp=racwdl&spr=https%2Chttp&sr=c&sv=2016-05-31
    method: HEAD
  response:
    body: ""
    headers:
      Date:
      - Thu, 01 Jun 2017 21:31:04 GMT
      Server:
      - Windows-Azure-Blob/1.0 Microsoft-HTTPAPI/2.0
      X-Ms-Request-Id:
      - 084abe8e-0001-00d0-241e-dbbe1b000000
      X-Ms-Version:
      - 2016-05-31
    status: 403 This request is not authorized to perform this operation.
    code: 403
- request:
    body: ""
    form: {}
    headers:
      User-Agent:
      - Go/go1.8 (amd64-windows) azure-storage-go/0.1.0 api-version/2016-05-31 blob
      X-Ms-Date:
      - Thu, 01 Jun 2017 21:31:05 GMT
      X-Ms-Version:
      - 2016-05-31
    url: https://golangrocksonazure.blob.core.windows.net/cnt-134containersuitetestcontain?restype=container&se=2050-12-20&sig=H47yV%2BBZqUb6EMXkxCwBoRUjUuBNbwqnUdArMgO3agQ%3D&sp=rwdlacup&spr=https&srt=sco&ss=b&sv=2016-05-31
    method: HEAD
  response:
    body: ""
    headers:
      Date:
      - Thu, 01 Jun 2017 21:31:04 GMT
      Server:
      - Windows-Azure-Blob/1.0 Microsoft-HTTPAPI/2.0
      X-Ms-Request-Id:
      - 084abe9e-0001-00d0-311e-dbbe1b000000
      X-Ms-Version:
      - 2016-05-31
    status: 404 The specified container does not exist.
    code: 404
- request:
    body: ""
    form: {}
    headers:
      User-Agent:
      - Go/go1.8 (amd64-windows) azure-storage-go/0.1.0 api-version/2016-05-31 blob
      X-Ms-Date:
      - Thu, 01 Jun 2017 21:31:05 GMT
      X-Ms-Version:
      - 2016-05-31
    url: https://golangrocksonazure.blob.core.windows.net/cnt-234containersuitetestcontain?restype=container&se=2050-12-20&sig=H47yV%2BBZqUb6EMXkxCwBoRUjUuBNbwqnUdArMgO3agQ%3D&sp=rwdlacup&spr=https&srt=sco&ss=b&sv=2016-05-31
    method: HEAD
  response:
    body: ""
    headers:
      Date:
      - Thu, 01 Jun 2017 21:31:04 GMT
      Etag:
      - '"0x8D4A9358258E783"'
      Last-Modified:
      - Thu, 01 Jun 2017 21:31:05 GMT
      Server:
      - Windows-Azure-Blob/1.0 Microsoft-HTTPAPI/2.0
      X-Ms-Lease-State:
      - available
      X-Ms-Lease-Status:
      - unlocked
      X-Ms-Request-Id:
      - 084abec0-0001-00d0-4f1e-dbbe1b000000
      X-Ms-Version:
      - 2016-05-31
    status: 200 OK
    code: 200
- request:
    body: ""
    form: {}
    headers:
      Authorization:
      - SharedKey golangrocksonazure:ZybIZXgjgCaILPLCn4qEUkul+pc84Sg1j3wafmSJXHU=
      User-Agent:
      - Go/go1.8 (amd64-windows) azure-storage-go/0.1.0 api-version/2016-05-31 blob
      X-Ms-Date:
      - Thu, 01 Jun 2017 21:31:05 GMT
      X-Ms-Version:
      - 2016-05-31
    url: https://golangrocksonazure.blob.core.windows.net/cnt-234containersuitetestcontain?restype=container
    method: DELETE
  response:
    body: ""
    headers:
      Date:
      - Thu, 01 Jun 2017 21:31:04 GMT
      Server:
      - Windows-Azure-Blob/1.0 Microsoft-HTTPAPI/2.0
      X-Ms-Request-Id:
      - 084abed4-0001-00d0-621e-dbbe1b000000
      X-Ms-Version:
      - 2016-05-31
    status: 202 Accepted
    code: 202
