---
version: 1
interactions:
- request:
    body: ""
    form: {}
    headers:
      Authorization:
      - SharedKey golangrocksonazure:C71OSAZyG4DZIBpiRauVsYdUr4ZYKNzBZbExnYoEfuc=
      User-Agent:
      - Go/go1.15.1 (amd64-windows) azure-storage-go/v52.6.0 api-version/2018-03-28
        blob
      x-ms-date:
      - Tue, 13 Apr 2021 15:57:35 GMT
      x-ms-version:
      - "2018-03-28"
    url: https://golangrocksonazure.blob.core.windows.net/145containersuitetestgetandsetco?restype=container
    method: PUT
  response:
    body: ""
    headers:
      Content-Length:
      - "0"
      Date:
      - Tue, 13 Apr 2021 15:57:34 GMT
      Etag:
      - '"0x8D8FE94DABF4900"'
      Last-Modified:
      - Tue, 13 Apr 2021 15:57:35 GMT
      Server:
      - Windows-Azure-Blob/1.0 Microsoft-HTTPAPI/2.0
      X-Ms-Request-Id:
      - 2c9dac44-801e-004c-097d-300fdd000000
      X-Ms-Version:
      - "2018-03-28"
    status: 201 Created
    code: 201
    duration: ""
- request:
    body: ""
    form: {}
    headers:
      Authorization:
      - SharedKey golangrocksonazure:v7RIHjKMY3n2skywk1/87nyJGJ6espaAvKEVDAK7mtE=
      User-Agent:
      - Go/go1.15.1 (amd64-windows) azure-storage-go/v52.6.0 api-version/2018-03-28
        blob
      x-ms-date:
      - Tue, 13 Apr 2021 15:57:35 GMT
      x-ms-version:
      - "2018-03-28"
    url: https://golangrocksonazure.blob.core.windows.net/145containersuitetestgetandsetco?comp=metadata&restype=container
    method: GET
  response:
    body: ""
    headers:
      Content-Length:
      - "0"
      Date:
      - Tue, 13 Apr 2021 15:57:34 GMT
      Etag:
      - '"0x8D8FE94DABF4900"'
      Last-Modified:
      - Tue, 13 Apr 2021 15:57:35 GMT
      Server:
      - Windows-Azure-Blob/1.0 Microsoft-HTTPAPI/2.0
      X-Ms-Request-Id:
      - 2c9dac58-801e-004c-1b7d-300fdd000000
      X-Ms-Version:
      - "2018-03-28"
    status: 200 OK
    code: 200
    duration: ""
- request:
    body: ""
    form: {}
    headers:
      Authorization:
      - SharedKey golangrocksonazure:S47apNXRkxHCUPmwbd3p7R66Hr48Q/Qfse0ApEdzYIQ=
      User-Agent:
      - Go/go1.15.1 (amd64-windows) azure-storage-go/v52.6.0 api-version/2018-03-28
        blob
      x-ms-date:
      - Tue, 13 Apr 2021 15:57:35 GMT
      x-ms-version:
      - "2018-03-28"
    url: https://golangrocksonazure.blob.core.windows.net/245containersuitetestgetandsetco?restype=container
    method: PUT
  response:
    body: ""
    headers:
      Content-Length:
      - "0"
      Date:
      - Tue, 13 Apr 2021 15:57:34 GMT
      Etag:
      - '"0x8D8FE94DAC5166C"'
      Last-Modified:
      - Tue, 13 Apr 2021 15:57:35 GMT
      Server:
      - Windows-Azure-Blob/1.0 Microsoft-HTTPAPI/2.0
      X-Ms-Request-Id:
      - 2c9dac63-801e-004c-257d-300fdd000000
      X-Ms-Version:
      - "2018-03-28"
    status: 201 Created
    code: 201
    duration: ""
- request:
    body: ""
    form: {}
    headers:
      Authorization:
      - SharedKey golangrocksonazure:x6JNOPYUqHYFnMR46NQ1nynWXSXMfk8fpTtlGdRjUQY=
      User-Agent:
      - Go/go1.15.1 (amd64-windows) azure-storage-go/v52.6.0 api-version/2018-03-28
        blob
      x-ms-date:
      - Tue, 13 Apr 2021 15:57:35 GMT
      x-ms-meta-lol:
      - rofl
      x-ms-meta-rofl_baz:
      - waz qux
      x-ms-version:
      - "2018-03-28"
    url: https://golangrocksonazure.blob.core.windows.net/245containersuitetestgetandsetco?comp=metadata&restype=container
    method: PUT
  response:
    body: ""
    headers:
      Content-Length:
      - "0"
      Date:
      - Tue, 13 Apr 2021 15:57:34 GMT
      Etag:
      - '"0x8D8FE94DAC8C016"'
      Last-Modified:
      - Tue, 13 Apr 2021 15:57:35 GMT
      Server:
      - Windows-Azure-Blob/1.0 Microsoft-HTTPAPI/2.0
      X-Ms-Request-Id:
      - 2c9dac7b-801e-004c-3b7d-300fdd000000
      X-Ms-Version:
      - "2018-03-28"
    status: 200 OK
    code: 200
    duration: ""
- request:
    body: ""
    form: {}
    headers:
      Authorization:
      - SharedKey golangrocksonazure:hX7kTKkUztsEsPRMLYi/frMN3l59ow/n8y/R8F9XZQ8=
      User-Agent:
      - Go/go1.15.1 (amd64-windows) azure-storage-go/v52.6.0 api-version/2018-03-28
        blob
      x-ms-date:
      - Tue, 13 Apr 2021 15:57:35 GMT
      x-ms-version:
      - "2018-03-28"
    url: https://golangrocksonazure.blob.core.windows.net/245containersuitetestgetandsetco?comp=metadata&restype=container
    method: GET
  response:
    body: ""
    headers:
      Content-Length:
      - "0"
      Date:
      - Tue, 13 Apr 2021 15:57:34 GMT
      Etag:
      - '"0x8D8FE94DAC8C016"'
      Last-Modified:
      - Tue, 13 Apr 2021 15:57:35 GMT
      Server:
      - Windows-Azure-Blob/1.0 Microsoft-HTTPAPI/2.0
      X-Ms-Meta-Lol:
      - rofl
      X-Ms-Meta-Rofl_baz:
      - waz qux
      X-Ms-Request-Id:
      - 2c9dac8d-801e-004c-4b7d-300fdd000000
      X-Ms-Version:
      - "2018-03-28"
    status: 200 OK
    code: 200
    duration: ""
- request:
    body: ""
    form: {}
    headers:
      Authorization:
      - SharedKey golangrocksonazure:lzm6syIM/i6CVYTQVNc3PJogv3NZbCYystju+hjR65U=
      User-Agent:
      - Go/go1.15.1 (amd64-windows) azure-storage-go/v52.6.0 api-version/2018-03-28
        blob
      x-ms-date:
      - Tue, 13 Apr 2021 15:57:35 GMT
      x-ms-version:
      - "2018-03-28"
    url: https://golangrocksonazure.blob.core.windows.net/245containersuitetestgetandsetco?restype=container
    method: DELETE
  response:
    body: ""
    headers:
      Content-Length:
      - "0"
      Date:
      - Tue, 13 Apr 2021 15:57:34 GMT
      Server:
      - Windows-Azure-Blob/1.0 Microsoft-HTTPAPI/2.0
      X-Ms-Request-Id:
      - 2c9daca4-801e-004c-607d-300fdd000000
      X-Ms-Version:
      - "2018-03-28"
    status: 202 Accepted
    code: 202
    duration: ""
- request:
    body: ""
    form: {}
    headers:
      Authorization:
      - SharedKey golangrocksonazure:YuKEIk3l9uJ58mvrkInrDNzwEwY0B7ly2R6cfx3DeiM=
      User-Agent:
      - Go/go1.15.1 (amd64-windows) azure-storage-go/v52.6.0 api-version/2018-03-28
        blob
      x-ms-date:
      - Tue, 13 Apr 2021 15:57:35 GMT
      x-ms-version:
      - "2018-03-28"
    url: https://golangrocksonazure.blob.core.windows.net/145containersuitetestgetandsetco?restype=container
    method: DELETE
  response:
    body: ""
    headers:
      Content-Length:
      - "0"
      Date:
      - Tue, 13 Apr 2021 15:57:34 GMT
      Server:
      - Windows-Azure-Blob/1.0 Microsoft-HTTPAPI/2.0
      X-Ms-Request-Id:
      - 2c9dacb9-801e-004c-757d-300fdd000000
      X-Ms-Version:
      - "2018-03-28"
    status: 202 Accepted
    code: 202
    duration: ""
