{
  "Entries": [
    {
      "RequestUri": "https://fakekvurl.vault.azure.net/certificates/certRecover634943320/create?api-version=7.3-preview",
      "RequestMethod": "POST",
      "RequestHeaders": {
        ":authority": "localhost:5001",
        ":method": "POST",
        ":path": "/certificates/certRecover634943320/create?api-version=7.3-preview",
        ":scheme": "https",
        "Accept": "application/json",
        "Accept-Encoding": "gzip",
        "Content-Length": "0",
        "Content-Type": "application/json",
        "User-Agent": "azsdk-go-generated/v0.1.0 azsdk-go-azcore/v0.20.0 (go1.17; Windows_NT)"
      },
      "RequestBody": null,
      "StatusCode": 401,
      "ResponseHeaders": {
        "Cache-Control": "no-cache",
        "Content-Length": "97",
        "Content-Type": "application/json; charset=utf-8",
        "Date": "Fri, 14 Jan 2022 21:58:00 GMT",
        "Expires": "-1",
        "Pragma": "no-cache",
        "Strict-Transport-Security": "max-age=31536000;includeSubDomains",
        "WWW-Authenticate": "Bearer authorization=\u0022https://login.windows.net/00000000-0000-0000-0000-000000000000\u0022, resource=\u0022https://vault.azure.net\u0022",
        "X-Content-Type-Options": "nosniff",
        "x-ms-keyvault-network-info": "conn_type=Ipv4;addr=72.49.29.93;act_addr_fam=InterNetwork;",
        "x-ms-keyvault-region": "westus2",
        "x-ms-keyvault-service-version": "1.9.253.1",
        "x-ms-request-id": "db7d980a-81ca-448a-8b2d-2cc975613309",
        "X-Powered-By": "ASP.NET"
      },
      "ResponseBody": {
        "error": {
          "code": "Unauthorized",
          "message": "AKV10000: Request is missing a Bearer or PoP token."
        }
      }
    },
    {
      "RequestUri": "https://fakekvurl.vault.azure.net/certificates/certRecover634943320/create?api-version=7.3-preview",
      "RequestMethod": "POST",
      "RequestHeaders": {
        ":authority": "localhost:5001",
        ":method": "POST",
        ":path": "/certificates/certRecover634943320/create?api-version=7.3-preview",
        ":scheme": "https",
        "Accept": "application/json",
        "Accept-Encoding": "gzip",
        "Authorization": "Sanitized",
        "Content-Length": "91",
        "Content-Type": "application/json",
        "User-Agent": "azsdk-go-generated/v0.1.0 azsdk-go-azcore/v0.20.0 (go1.17; Windows_NT)"
      },
      "RequestBody": {
        "policy": {
          "issuer": {
            "name": "Self"
          },
          "x509_props": {
            "sans": {},
            "subject": "CN=DefaultPolicy"
          }
        }
      },
      "StatusCode": 202,
      "ResponseHeaders": {
        "Cache-Control": "no-cache",
        "Content-Length": "1295",
        "Content-Type": "application/json; charset=utf-8",
        "Date": "Fri, 14 Jan 2022 21:58:02 GMT",
        "Expires": "-1",
        "Location": "https://fakekvurl.vault.azure.net/certificates/certRecover634943320/pending?api-version=7.3-preview\u0026request_id=324d0aa2015d4486bd99256d23a6ee96",
        "Pragma": "no-cache",
        "Retry-After": "10",
        "Strict-Transport-Security": "max-age=31536000;includeSubDomains",
        "X-Content-Type-Options": "nosniff",
        "x-ms-keyvault-network-info": "conn_type=Ipv4;addr=72.49.29.93;act_addr_fam=InterNetwork;",
        "x-ms-keyvault-region": "westus2",
        "x-ms-keyvault-service-version": "1.9.253.1",
        "x-ms-request-id": "bcaa7877-00ff-45f4-b903-023778098214",
        "X-Powered-By": "ASP.NET"
      },
      "ResponseBody": {
        "id": "https://fakekvurl.vault.azure.net/certificates/certRecover634943320/pending",
        "issuer": {
          "name": "Self"
        },
        "csr": "MIICqDCCAZACAQAwGDEWMBQGA1UEAxMNRGVmYXVsdFBvbGljeTCCASIwDQYJKoZIhvcNAQEBBQADggEPADCCAQoCggEBALbG9CVZvspXLcBY/wHX9EKRZTMPvoZ/CQLg5FSr3bYGM5nVUcpj6b17Hn9mgaWOU\u002BPHAmBf287yum\u002BGkbvCrvYZdSIqpCMY5u5\u002BpZL13SeKezykDssXZ6Bwg9I6R6Z1aIpHwyE4j4\u002Bor7wG\u002BkLGyZywPtv03dme6LqxMM/fdib2Z2SkdM3IxW21UAwY9SIZJf57SiDp8f/yYWDdQy0PkjL9QaBLJT3Z/BkIENuP3QpYMkfuVz/c50KM5iDR3ZsHRcqHOhg0XtggqIKScVeyWCd/NUjceczuqgdsWR87oIn/cAylBDT2DwjmM7ppnfP\u002B0YPUvxMW5cjsTxzjInkxsh0CAwEAAaBLMEkGCSqGSIb3DQEJDjE8MDowDgYDVR0PAQH/BAQDAgWgMB0GA1UdJQQWMBQGCCsGAQUFBwMBBggrBgEFBQcDAjAJBgNVHRMEAjAAMA0GCSqGSIb3DQEBCwUAA4IBAQC2HLWE4\u002B13NJNWIzrnwnmsKiU9wLdUbmov6gWjicsxjW00c4YCKZpqSVybIDfVwJOrvWCpRv6ejFKEXr3xC92/TQcv/p0ZkDPDXrXlFfB7FTDHUHVN8wdckioIt7vhKynGt\u002BKmsaQc9XzEFiBGFlagyF8hu1xvEG5EVfXU1ArqnIhUUAg9v0kUX0RnRxitqqjzY3Qn20UAr54D\u002BIog\u002BnphE2TWKC1c98VSR800WQ7IVWtOcZIKc/NAj6JiWmtan0gIIquK77cdEDuiz1k95oB\u002BWDzjfymRaMkdogP1w0d0RqC5hZFL8nmfr3bjuU6Fk\u002BuhdakTrTRz\u002BiQxMC7MzXTl",
        "cancellation_requested": false,
        "status": "inProgress",
        "status_details": "Pending certificate created. Certificate request is in progress. This may take some time based on the issuer provider. Please check again later.",
        "request_id": "324d0aa2015d4486bd99256d23a6ee96"
      }
    },
    {
      "RequestUri": "https://fakekvurl.vault.azure.net/certificates/certRecover634943320/?api-version=7.3-preview",
      "RequestMethod": "GET",
      "RequestHeaders": {
        ":authority": "localhost:5001",
        ":method": "GET",
        ":path": "/certificates/certRecover634943320/?api-version=7.3-preview",
        ":scheme": "https",
        "Accept": "application/json",
        "Accept-Encoding": "gzip",
        "Authorization": "Sanitized",
        "User-Agent": "azsdk-go-generated/v0.1.0 azsdk-go-azcore/v0.20.0 (go1.17; Windows_NT)"
      },
      "RequestBody": null,
      "StatusCode": 200,
      "ResponseHeaders": {
        "Cache-Control": "no-cache",
        "Content-Length": "1008",
        "Content-Type": "application/json; charset=utf-8",
        "Date": "Fri, 14 Jan 2022 21:58:02 GMT",
        "Expires": "-1",
        "Pragma": "no-cache",
        "Strict-Transport-Security": "max-age=31536000;includeSubDomains",
        "X-Content-Type-Options": "nosniff",
        "x-ms-keyvault-network-info": "conn_type=Ipv4;addr=72.49.29.93;act_addr_fam=InterNetwork;",
        "x-ms-keyvault-region": "westus2",
        "x-ms-keyvault-service-version": "1.9.253.1",
        "x-ms-request-id": "5a9719da-8120-4903-8085-c1298067fe33",
        "X-Powered-By": "ASP.NET"
      },
      "ResponseBody": {
        "id": "https://fakekvurl.vault.azure.net/certificates/certRecover634943320/50fc171a9ad64a10ba0f7cfddafc919b",
        "attributes": {
          "enabled": false,
          "nbf": 1642196882,
          "exp": 1673733482,
          "created": 1642197482,
          "updated": 1642197482,
          "recoveryLevel": "CustomizedRecoverable\u002BPurgeable",
          "recoverableDays": 7
        },
        "policy": {
          "id": "https://fakekvurl.vault.azure.net/certificates/certRecover634943320/policy",
          "key_props": {
            "exportable": true,
            "kty": "RSA",
            "key_size": 2048,
            "reuse_key": false
          },
          "secret_props": {
            "contentType": "application/x-pkcs12"
          },
          "x509_props": {
            "subject": "CN=DefaultPolicy",
            "sans": {},
            "ekus": [
              "1.3.6.1.5.5.7.3.1",
              "1.3.6.1.5.5.7.3.2"
            ],
            "key_usage": [
              "digitalSignature",
              "keyEncipherment"
            ],
            "validity_months": 12,
            "basic_constraints": {
              "ca": false
            }
          },
          "lifetime_actions": [
            {
              "trigger": {
                "lifetime_percentage": 80
              },
              "action": {
                "action_type": "AutoRenew"
              }
            }
          ],
          "issuer": {
            "name": "Self"
          },
          "attributes": {
            "enabled": true,
            "created": 1642197482,
            "updated": 1642197482
          }
        },
        "pending": {
          "id": "https://fakekvurl.vault.azure.net/certificates/certRecover634943320/pending"
        }
      }
    },
    {
      "RequestUri": "https://fakekvurl.vault.azure.net/certificates/certRecover634943320?api-version=7.3-preview",
      "RequestMethod": "DELETE",
      "RequestHeaders": {
        ":authority": "localhost:5001",
        ":method": "DELETE",
        ":path": "/certificates/certRecover634943320?api-version=7.3-preview",
        ":scheme": "https",
        "Accept": "application/json",
        "Accept-Encoding": "gzip",
        "Authorization": "Sanitized",
        "User-Agent": "azsdk-go-generated/v0.1.0 azsdk-go-azcore/v0.20.0 (go1.17; Windows_NT)"
      },
      "RequestBody": null,
      "StatusCode": 200,
      "ResponseHeaders": {
        "Cache-Control": "no-cache",
        "Content-Length": "1155",
        "Content-Type": "application/json; charset=utf-8",
        "Date": "Fri, 14 Jan 2022 21:58:02 GMT",
        "Expires": "-1",
        "Pragma": "no-cache",
        "Strict-Transport-Security": "max-age=31536000;includeSubDomains",
        "X-Content-Type-Options": "nosniff",
        "x-ms-keyvault-network-info": "conn_type=Ipv4;addr=72.49.29.93;act_addr_fam=InterNetwork;",
        "x-ms-keyvault-region": "westus2",
        "x-ms-keyvault-service-version": "1.9.253.1",
        "x-ms-request-id": "11b3be80-a86e-47b2-8c81-ab50bb01cc8f",
        "X-Powered-By": "ASP.NET"
      },
      "ResponseBody": {
        "recoveryId": "https://fakekvurl.vault.azure.net/deletedcertificates/certRecover634943320",
        "deletedDate": 1642197482,
        "scheduledPurgeDate": 1642802282,
        "id": "https://fakekvurl.vault.azure.net/certificates/certRecover634943320/50fc171a9ad64a10ba0f7cfddafc919b",
        "attributes": {
          "enabled": false,
          "nbf": 1642196882,
          "exp": 1673733482,
          "created": 1642197482,
          "updated": 1642197482,
          "recoveryLevel": "CustomizedRecoverable\u002BPurgeable",
          "recoverableDays": 7
        },
        "policy": {
          "id": "https://fakekvurl.vault.azure.net/certificates/certRecover634943320/policy",
          "key_props": {
            "exportable": true,
            "kty": "RSA",
            "key_size": 2048,
            "reuse_key": false
          },
          "secret_props": {
            "contentType": "application/x-pkcs12"
          },
          "x509_props": {
            "subject": "CN=DefaultPolicy",
            "sans": {},
            "ekus": [
              "1.3.6.1.5.5.7.3.1",
              "1.3.6.1.5.5.7.3.2"
            ],
            "key_usage": [
              "digitalSignature",
              "keyEncipherment"
            ],
            "validity_months": 12,
            "basic_constraints": {
              "ca": false
            }
          },
          "lifetime_actions": [
            {
              "trigger": {
                "lifetime_percentage": 80
              },
              "action": {
                "action_type": "AutoRenew"
              }
            }
          ],
          "issuer": {
            "name": "Self"
          },
          "attributes": {
            "enabled": true,
            "created": 1642197482,
            "updated": 1642197482
          }
        },
        "pending": {
          "id": "https://fakekvurl.vault.azure.net/certificates/certRecover634943320/pending"
        }
      }
    },
    {
      "RequestUri": "https://fakekvurl.vault.azure.net/deletedcertificates/certRecover634943320?api-version=7.3-preview",
      "RequestMethod": "GET",
      "RequestHeaders": {
        ":authority": "localhost:5001",
        ":method": "GET",
        ":path": "/deletedcertificates/certRecover634943320?api-version=7.3-preview",
        ":scheme": "https",
        "Accept": "application/json",
        "Accept-Encoding": "gzip",
        "Authorization": "Sanitized",
        "User-Agent": "azsdk-go-generated/v0.1.0 azsdk-go-azcore/v0.20.0 (go1.17; Windows_NT)"
      },
      "RequestBody": null,
      "StatusCode": 404,
      "ResponseHeaders": {
        "Cache-Control": "no-cache",
        "Content-Length": "104",
        "Content-Type": "application/json; charset=utf-8",
        "Date": "Fri, 14 Jan 2022 21:58:02 GMT",
        "Expires": "-1",
        "Pragma": "no-cache",
        "Strict-Transport-Security": "max-age=31536000;includeSubDomains",
        "X-Content-Type-Options": "nosniff",
        "x-ms-keyvault-network-info": "conn_type=Ipv4;addr=72.49.29.93;act_addr_fam=InterNetwork;",
        "x-ms-keyvault-region": "westus2",
        "x-ms-keyvault-service-version": "1.9.253.1",
        "x-ms-request-id": "4c790a92-a757-4519-bfca-da34dd5453de",
        "X-Powered-By": "ASP.NET"
      },
      "ResponseBody": {
        "error": {
          "code": "CertificateNotFound",
          "message": "Deleted Certificate not found: certRecover634943320"
        }
      }
    },
    {
      "RequestUri": "https://fakekvurl.vault.azure.net/deletedcertificates/certRecover634943320?api-version=7.3-preview",
      "RequestMethod": "GET",
      "RequestHeaders": {
        ":authority": "localhost:5001",
        ":method": "GET",
        ":path": "/deletedcertificates/certRecover634943320?api-version=7.3-preview",
        ":scheme": "https",
        "Accept": "application/json",
        "Accept-Encoding": "gzip",
        "Authorization": "Sanitized",
        "User-Agent": "azsdk-go-generated/v0.1.0 azsdk-go-azcore/v0.20.0 (go1.17; Windows_NT)"
      },
      "RequestBody": null,
      "StatusCode": 404,
      "ResponseHeaders": {
        "Cache-Control": "no-cache",
        "Content-Length": "104",
        "Content-Type": "application/json; charset=utf-8",
        "Date": "Fri, 14 Jan 2022 21:58:02 GMT",
        "Expires": "-1",
        "Pragma": "no-cache",
        "Strict-Transport-Security": "max-age=31536000;includeSubDomains",
        "X-Content-Type-Options": "nosniff",
        "x-ms-keyvault-network-info": "conn_type=Ipv4;addr=72.49.29.93;act_addr_fam=InterNetwork;",
        "x-ms-keyvault-region": "westus2",
        "x-ms-keyvault-service-version": "1.9.253.1",
        "x-ms-request-id": "f25bf227-9fdf-4296-bd56-86ef5367d4ee",
        "X-Powered-By": "ASP.NET"
      },
      "ResponseBody": {
        "error": {
          "code": "CertificateNotFound",
          "message": "Deleted Certificate not found: certRecover634943320"
        }
      }
    },
    {
      "RequestUri": "https://fakekvurl.vault.azure.net/deletedcertificates/certRecover634943320?api-version=7.3-preview",
      "RequestMethod": "GET",
      "RequestHeaders": {
        ":authority": "localhost:5001",
        ":method": "GET",
        ":path": "/deletedcertificates/certRecover634943320?api-version=7.3-preview",
        ":scheme": "https",
        "Accept": "application/json",
        "Accept-Encoding": "gzip",
        "Authorization": "Sanitized",
        "User-Agent": "azsdk-go-generated/v0.1.0 azsdk-go-azcore/v0.20.0 (go1.17; Windows_NT)"
      },
      "RequestBody": null,
      "StatusCode": 404,
      "ResponseHeaders": {
        "Cache-Control": "no-cache",
        "Content-Length": "104",
        "Content-Type": "application/json; charset=utf-8",
        "Date": "Fri, 14 Jan 2022 21:58:03 GMT",
        "Expires": "-1",
        "Pragma": "no-cache",
        "Strict-Transport-Security": "max-age=31536000;includeSubDomains",
        "X-Content-Type-Options": "nosniff",
        "x-ms-keyvault-network-info": "conn_type=Ipv4;addr=72.49.29.93;act_addr_fam=InterNetwork;",
        "x-ms-keyvault-region": "westus2",
        "x-ms-keyvault-service-version": "1.9.253.1",
        "x-ms-request-id": "c7714135-2b88-4785-9fd8-e908d63c0db6",
        "X-Powered-By": "ASP.NET"
      },
      "ResponseBody": {
        "error": {
          "code": "CertificateNotFound",
          "message": "Deleted Certificate not found: certRecover634943320"
        }
      }
    },
    {
      "RequestUri": "https://fakekvurl.vault.azure.net/deletedcertificates/certRecover634943320?api-version=7.3-preview",
      "RequestMethod": "GET",
      "RequestHeaders": {
        ":authority": "localhost:5001",
        ":method": "GET",
        ":path": "/deletedcertificates/certRecover634943320?api-version=7.3-preview",
        ":scheme": "https",
        "Accept": "application/json",
        "Accept-Encoding": "gzip",
        "Authorization": "Sanitized",
        "User-Agent": "azsdk-go-generated/v0.1.0 azsdk-go-azcore/v0.20.0 (go1.17; Windows_NT)"
      },
      "RequestBody": null,
      "StatusCode": 404,
      "ResponseHeaders": {
        "Cache-Control": "no-cache",
        "Content-Length": "104",
        "Content-Type": "application/json; charset=utf-8",
        "Date": "Fri, 14 Jan 2022 21:58:03 GMT",
        "Expires": "-1",
        "Pragma": "no-cache",
        "Strict-Transport-Security": "max-age=31536000;includeSubDomains",
        "X-Content-Type-Options": "nosniff",
        "x-ms-keyvault-network-info": "conn_type=Ipv4;addr=72.49.29.93;act_addr_fam=InterNetwork;",
        "x-ms-keyvault-region": "westus2",
        "x-ms-keyvault-service-version": "1.9.253.1",
        "x-ms-request-id": "2f7de2c6-32a5-48c3-90c6-661d8d24dcc0",
        "X-Powered-By": "ASP.NET"
      },
      "ResponseBody": {
        "error": {
          "code": "CertificateNotFound",
          "message": "Deleted Certificate not found: certRecover634943320"
        }
      }
    },
    {
      "RequestUri": "https://fakekvurl.vault.azure.net/deletedcertificates/certRecover634943320?api-version=7.3-preview",
      "RequestMethod": "GET",
      "RequestHeaders": {
        ":authority": "localhost:5001",
        ":method": "GET",
        ":path": "/deletedcertificates/certRecover634943320?api-version=7.3-preview",
        ":scheme": "https",
        "Accept": "application/json",
        "Accept-Encoding": "gzip",
        "Authorization": "Sanitized",
        "User-Agent": "azsdk-go-generated/v0.1.0 azsdk-go-azcore/v0.20.0 (go1.17; Windows_NT)"
      },
      "RequestBody": null,
      "StatusCode": 200,
      "ResponseHeaders": {
        "Cache-Control": "no-cache",
        "Content-Length": "1155",
        "Content-Type": "application/json; charset=utf-8",
        "Date": "Fri, 14 Jan 2022 21:58:04 GMT",
        "Expires": "-1",
        "Pragma": "no-cache",
        "Strict-Transport-Security": "max-age=31536000;includeSubDomains",
        "X-Content-Type-Options": "nosniff",
        "x-ms-keyvault-network-info": "conn_type=Ipv4;addr=72.49.29.93;act_addr_fam=InterNetwork;",
        "x-ms-keyvault-region": "westus2",
        "x-ms-keyvault-service-version": "1.9.253.1",
        "x-ms-request-id": "5dce0906-6ce8-43bc-8f28-dce7d796fc6a",
        "X-Powered-By": "ASP.NET"
      },
      "ResponseBody": {
        "recoveryId": "https://fakekvurl.vault.azure.net/deletedcertificates/certRecover634943320",
        "deletedDate": 1642197482,
        "scheduledPurgeDate": 1642802282,
        "id": "https://fakekvurl.vault.azure.net/certificates/certRecover634943320/50fc171a9ad64a10ba0f7cfddafc919b",
        "attributes": {
          "enabled": false,
          "nbf": 1642196882,
          "exp": 1673733482,
          "created": 1642197482,
          "updated": 1642197482,
          "recoveryLevel": "CustomizedRecoverable\u002BPurgeable",
          "recoverableDays": 7
        },
        "policy": {
          "id": "https://fakekvurl.vault.azure.net/certificates/certRecover634943320/policy",
          "key_props": {
            "exportable": true,
            "kty": "RSA",
            "key_size": 2048,
            "reuse_key": false
          },
          "secret_props": {
            "contentType": "application/x-pkcs12"
          },
          "x509_props": {
            "subject": "CN=DefaultPolicy",
            "sans": {},
            "ekus": [
              "1.3.6.1.5.5.7.3.1",
              "1.3.6.1.5.5.7.3.2"
            ],
            "key_usage": [
              "digitalSignature",
              "keyEncipherment"
            ],
            "validity_months": 12,
            "basic_constraints": {
              "ca": false
            }
          },
          "lifetime_actions": [
            {
              "trigger": {
                "lifetime_percentage": 80
              },
              "action": {
                "action_type": "AutoRenew"
              }
            }
          ],
          "issuer": {
            "name": "Self"
          },
          "attributes": {
            "enabled": true,
            "created": 1642197482,
            "updated": 1642197482
          }
        },
        "pending": {
          "id": "https://fakekvurl.vault.azure.net/certificates/certRecover634943320/pending"
        }
      }
    },
    {
      "RequestUri": "https://fakekvurl.vault.azure.net/certificates/certRecover634943320/?api-version=7.3-preview",
      "RequestMethod": "GET",
      "RequestHeaders": {
        ":authority": "localhost:5001",
        ":method": "GET",
        ":path": "/certificates/certRecover634943320/?api-version=7.3-preview",
        ":scheme": "https",
        "Accept": "application/json",
        "Accept-Encoding": "gzip",
        "Authorization": "Sanitized",
        "User-Agent": "azsdk-go-generated/v0.1.0 azsdk-go-azcore/v0.20.0 (go1.17; Windows_NT)"
      },
      "RequestBody": null,
      "StatusCode": 404,
      "ResponseHeaders": {
        "Cache-Control": "no-cache",
        "Content-Length": "332",
        "Content-Type": "application/json; charset=utf-8",
        "Date": "Fri, 14 Jan 2022 21:58:04 GMT",
        "Expires": "-1",
        "Pragma": "no-cache",
        "Strict-Transport-Security": "max-age=31536000;includeSubDomains",
        "X-Content-Type-Options": "nosniff",
        "x-ms-keyvault-network-info": "conn_type=Ipv4;addr=72.49.29.93;act_addr_fam=InterNetwork;",
        "x-ms-keyvault-region": "westus2",
        "x-ms-keyvault-service-version": "1.9.253.1",
        "x-ms-request-id": "bc137e57-772a-4def-a084-daa01b0fdc9b",
        "X-Powered-By": "ASP.NET"
      },
      "ResponseBody": {
        "error": {
          "code": "CertificateNotFound",
          "message": "A certificate with (name/id) certRecover634943320 was not found in this key vault. If you recently deleted this certificate you may be able to recover it using the correct recovery command. For help resolving this issue, please see https://go.microsoft.com/fwlink/?linkid=2125182"
        }
      }
    },
    {
      "RequestUri": "https://fakekvurl.vault.azure.net/deletedcertificates/certRecover634943320/recover?api-version=7.3-preview",
      "RequestMethod": "POST",
      "RequestHeaders": {
        ":authority": "localhost:5001",
        ":method": "POST",
        ":path": "/deletedcertificates/certRecover634943320/recover?api-version=7.3-preview",
        ":scheme": "https",
        "Accept": "application/json",
        "Accept-Encoding": "gzip",
        "Authorization": "Sanitized",
        "Content-Length": "0",
        "User-Agent": "azsdk-go-generated/v0.1.0 azsdk-go-azcore/v0.20.0 (go1.17; Windows_NT)"
      },
      "RequestBody": null,
      "StatusCode": 200,
      "ResponseHeaders": {
        "Cache-Control": "no-cache",
        "Content-Length": "1008",
        "Content-Type": "application/json; charset=utf-8",
        "Date": "Fri, 14 Jan 2022 21:58:04 GMT",
        "Expires": "-1",
        "Pragma": "no-cache",
        "Strict-Transport-Security": "max-age=31536000;includeSubDomains",
        "X-Content-Type-Options": "nosniff",
        "x-ms-keyvault-network-info": "conn_type=Ipv4;addr=72.49.29.93;act_addr_fam=InterNetwork;",
        "x-ms-keyvault-region": "westus2",
        "x-ms-keyvault-service-version": "1.9.253.1",
        "x-ms-request-id": "cceaf7c4-c09d-4582-a66a-062df8662d65",
        "X-Powered-By": "ASP.NET"
      },
      "ResponseBody": {
        "id": "https://fakekvurl.vault.azure.net/certificates/certRecover634943320/50fc171a9ad64a10ba0f7cfddafc919b",
        "attributes": {
          "enabled": false,
          "nbf": 1642196882,
          "exp": 1673733482,
          "created": 1642197482,
          "updated": 1642197482,
          "recoveryLevel": "CustomizedRecoverable\u002BPurgeable",
          "recoverableDays": 7
        },
        "policy": {
          "id": "https://fakekvurl.vault.azure.net/certificates/certRecover634943320/policy",
          "key_props": {
            "exportable": true,
            "kty": "RSA",
            "key_size": 2048,
            "reuse_key": false
          },
          "secret_props": {
            "contentType": "application/x-pkcs12"
          },
          "x509_props": {
            "subject": "CN=DefaultPolicy",
            "sans": {},
            "ekus": [
              "1.3.6.1.5.5.7.3.1",
              "1.3.6.1.5.5.7.3.2"
            ],
            "key_usage": [
              "digitalSignature",
              "keyEncipherment"
            ],
            "validity_months": 12,
            "basic_constraints": {
              "ca": false
            }
          },
          "lifetime_actions": [
            {
              "trigger": {
                "lifetime_percentage": 80
              },
              "action": {
                "action_type": "AutoRenew"
              }
            }
          ],
          "issuer": {
            "name": "Self"
          },
          "attributes": {
            "enabled": true,
            "created": 1642197482,
            "updated": 1642197482
          }
        },
        "pending": {
          "id": "https://fakekvurl.vault.azure.net/certificates/certRecover634943320/pending"
        }
      }
    },
    {
      "RequestUri": "https://fakekvurl.vault.azure.net/certificates/certRecover634943320/?api-version=7.3-preview",
      "RequestMethod": "GET",
      "RequestHeaders": {
        ":authority": "localhost:5001",
        ":method": "GET",
        ":path": "/certificates/certRecover634943320/?api-version=7.3-preview",
        ":scheme": "https",
        "Accept": "application/json",
        "Accept-Encoding": "gzip",
        "Authorization": "Sanitized",
        "User-Agent": "azsdk-go-generated/v0.1.0 azsdk-go-azcore/v0.20.0 (go1.17; Windows_NT)"
      },
      "RequestBody": null,
      "StatusCode": 404,
      "ResponseHeaders": {
        "Cache-Control": "no-cache",
        "Content-Length": "332",
        "Content-Type": "application/json; charset=utf-8",
        "Date": "Fri, 14 Jan 2022 21:58:05 GMT",
        "Expires": "-1",
        "Pragma": "no-cache",
        "Strict-Transport-Security": "max-age=31536000;includeSubDomains",
        "X-Content-Type-Options": "nosniff",
        "x-ms-keyvault-network-info": "conn_type=Ipv4;addr=72.49.29.93;act_addr_fam=InterNetwork;",
        "x-ms-keyvault-region": "westus2",
        "x-ms-keyvault-service-version": "1.9.253.1",
        "x-ms-request-id": "bc0aacfc-ffb1-4da0-b486-be21605038f0",
        "X-Powered-By": "ASP.NET"
      },
      "ResponseBody": {
        "error": {
          "code": "CertificateNotFound",
          "message": "A certificate with (name/id) certRecover634943320 was not found in this key vault. If you recently deleted this certificate you may be able to recover it using the correct recovery command. For help resolving this issue, please see https://go.microsoft.com/fwlink/?linkid=2125182"
        }
      }
    },
    {
      "RequestUri": "https://fakekvurl.vault.azure.net/certificates/certRecover634943320/?api-version=7.3-preview",
      "RequestMethod": "GET",
      "RequestHeaders": {
        ":authority": "localhost:5001",
        ":method": "GET",
        ":path": "/certificates/certRecover634943320/?api-version=7.3-preview",
        ":scheme": "https",
        "Accept": "application/json",
        "Accept-Encoding": "gzip",
        "Authorization": "Sanitized",
        "User-Agent": "azsdk-go-generated/v0.1.0 azsdk-go-azcore/v0.20.0 (go1.17; Windows_NT)"
      },
      "RequestBody": null,
      "StatusCode": 404,
      "ResponseHeaders": {
        "Cache-Control": "no-cache",
        "Content-Length": "332",
        "Content-Type": "application/json; charset=utf-8",
        "Date": "Fri, 14 Jan 2022 21:58:05 GMT",
        "Expires": "-1",
        "Pragma": "no-cache",
        "Strict-Transport-Security": "max-age=31536000;includeSubDomains",
        "X-Content-Type-Options": "nosniff",
        "x-ms-keyvault-network-info": "conn_type=Ipv4;addr=72.49.29.93;act_addr_fam=InterNetwork;",
        "x-ms-keyvault-region": "westus2",
        "x-ms-keyvault-service-version": "1.9.253.1",
        "x-ms-request-id": "ce3d64a7-9135-4cbe-8f30-2ad6206628f4",
        "X-Powered-By": "ASP.NET"
      },
      "ResponseBody": {
        "error": {
          "code": "CertificateNotFound",
          "message": "A certificate with (name/id) certRecover634943320 was not found in this key vault. If you recently deleted this certificate you may be able to recover it using the correct recovery command. For help resolving this issue, please see https://go.microsoft.com/fwlink/?linkid=2125182"
        }
      }
    },
    {
      "RequestUri": "https://fakekvurl.vault.azure.net/certificates/certRecover634943320/?api-version=7.3-preview",
      "RequestMethod": "GET",
      "RequestHeaders": {
        ":authority": "localhost:5001",
        ":method": "GET",
        ":path": "/certificates/certRecover634943320/?api-version=7.3-preview",
        ":scheme": "https",
        "Accept": "application/json",
        "Accept-Encoding": "gzip",
        "Authorization": "Sanitized",
        "User-Agent": "azsdk-go-generated/v0.1.0 azsdk-go-azcore/v0.20.0 (go1.17; Windows_NT)"
      },
      "RequestBody": null,
      "StatusCode": 200,
      "ResponseHeaders": {
        "Cache-Control": "no-cache",
        "Content-Length": "1008",
        "Content-Type": "application/json; charset=utf-8",
        "Date": "Fri, 14 Jan 2022 21:58:06 GMT",
        "Expires": "-1",
        "Pragma": "no-cache",
        "Strict-Transport-Security": "max-age=31536000;includeSubDomains",
        "X-Content-Type-Options": "nosniff",
        "x-ms-keyvault-network-info": "conn_type=Ipv4;addr=72.49.29.93;act_addr_fam=InterNetwork;",
        "x-ms-keyvault-region": "westus2",
        "x-ms-keyvault-service-version": "1.9.253.1",
        "x-ms-request-id": "6bc90ae7-89f2-4174-9b96-44ef790b0ded",
        "X-Powered-By": "ASP.NET"
      },
      "ResponseBody": {
        "id": "https://fakekvurl.vault.azure.net/certificates/certRecover634943320/50fc171a9ad64a10ba0f7cfddafc919b",
        "attributes": {
          "enabled": false,
          "nbf": 1642196882,
          "exp": 1673733482,
          "created": 1642197482,
          "updated": 1642197482,
          "recoveryLevel": "CustomizedRecoverable\u002BPurgeable",
          "recoverableDays": 7
        },
        "policy": {
          "id": "https://fakekvurl.vault.azure.net/certificates/certRecover634943320/policy",
          "key_props": {
            "exportable": true,
            "kty": "RSA",
            "key_size": 2048,
            "reuse_key": false
          },
          "secret_props": {
            "contentType": "application/x-pkcs12"
          },
          "x509_props": {
            "subject": "CN=DefaultPolicy",
            "sans": {},
            "ekus": [
              "1.3.6.1.5.5.7.3.1",
              "1.3.6.1.5.5.7.3.2"
            ],
            "key_usage": [
              "digitalSignature",
              "keyEncipherment"
            ],
            "validity_months": 12,
            "basic_constraints": {
              "ca": false
            }
          },
          "lifetime_actions": [
            {
              "trigger": {
                "lifetime_percentage": 80
              },
              "action": {
                "action_type": "AutoRenew"
              }
            }
          ],
          "issuer": {
            "name": "Self"
          },
          "attributes": {
            "enabled": true,
            "created": 1642197482,
            "updated": 1642197482
          }
        },
        "pending": {
          "id": "https://fakekvurl.vault.azure.net/certificates/certRecover634943320/pending"
        }
      }
    },
    {
      "RequestUri": "https://fakekvurl.vault.azure.net/certificates/certRecover634943320/?api-version=7.3-preview",
      "RequestMethod": "GET",
      "RequestHeaders": {
        ":authority": "localhost:5001",
        ":method": "GET",
        ":path": "/certificates/certRecover634943320/?api-version=7.3-preview",
        ":scheme": "https",
        "Accept": "application/json",
        "Accept-Encoding": "gzip",
        "Authorization": "Sanitized",
        "User-Agent": "azsdk-go-generated/v0.1.0 azsdk-go-azcore/v0.20.0 (go1.17; Windows_NT)"
      },
      "RequestBody": null,
      "StatusCode": 200,
      "ResponseHeaders": {
        "Cache-Control": "no-cache",
        "Content-Length": "1008",
        "Content-Type": "application/json; charset=utf-8",
        "Date": "Fri, 14 Jan 2022 21:58:07 GMT",
        "Expires": "-1",
        "Pragma": "no-cache",
        "Strict-Transport-Security": "max-age=31536000;includeSubDomains",
        "X-Content-Type-Options": "nosniff",
        "x-ms-keyvault-network-info": "conn_type=Ipv4;addr=72.49.29.93;act_addr_fam=InterNetwork;",
        "x-ms-keyvault-region": "westus2",
        "x-ms-keyvault-service-version": "1.9.253.1",
        "x-ms-request-id": "8aea6e03-8ddb-4684-b040-e63d9d2a8e93",
        "X-Powered-By": "ASP.NET"
      },
      "ResponseBody": {
        "id": "https://fakekvurl.vault.azure.net/certificates/certRecover634943320/50fc171a9ad64a10ba0f7cfddafc919b",
        "attributes": {
          "enabled": false,
          "nbf": 1642196882,
          "exp": 1673733482,
          "created": 1642197482,
          "updated": 1642197482,
          "recoveryLevel": "CustomizedRecoverable\u002BPurgeable",
          "recoverableDays": 7
        },
        "policy": {
          "id": "https://fakekvurl.vault.azure.net/certificates/certRecover634943320/policy",
          "key_props": {
            "exportable": true,
            "kty": "RSA",
            "key_size": 2048,
            "reuse_key": false
          },
          "secret_props": {
            "contentType": "application/x-pkcs12"
          },
          "x509_props": {
            "subject": "CN=DefaultPolicy",
            "sans": {},
            "ekus": [
              "1.3.6.1.5.5.7.3.1",
              "1.3.6.1.5.5.7.3.2"
            ],
            "key_usage": [
              "digitalSignature",
              "keyEncipherment"
            ],
            "validity_months": 12,
            "basic_constraints": {
              "ca": false
            }
          },
          "lifetime_actions": [
            {
              "trigger": {
                "lifetime_percentage": 80
              },
              "action": {
                "action_type": "AutoRenew"
              }
            }
          ],
          "issuer": {
            "name": "Self"
          },
          "attributes": {
            "enabled": true,
            "created": 1642197482,
            "updated": 1642197482
          }
        },
        "pending": {
          "id": "https://fakekvurl.vault.azure.net/certificates/certRecover634943320/pending"
        }
      }
    },
    {
      "RequestUri": "https://fakekvurl.vault.azure.net/certificates/certRecover634943320?api-version=7.3-preview",
      "RequestMethod": "DELETE",
      "RequestHeaders": {
        ":authority": "localhost:5001",
        ":method": "DELETE",
        ":path": "/certificates/certRecover634943320?api-version=7.3-preview",
        ":scheme": "https",
        "Accept": "application/json",
        "Accept-Encoding": "gzip",
        "Authorization": "Sanitized",
        "User-Agent": "azsdk-go-generated/v0.1.0 azsdk-go-azcore/v0.20.0 (go1.17; Windows_NT)"
      },
      "RequestBody": null,
      "StatusCode": 200,
      "ResponseHeaders": {
        "Cache-Control": "no-cache",
        "Content-Length": "1155",
        "Content-Type": "application/json; charset=utf-8",
        "Date": "Fri, 14 Jan 2022 21:58:07 GMT",
        "Expires": "-1",
        "Pragma": "no-cache",
        "Strict-Transport-Security": "max-age=31536000;includeSubDomains",
        "X-Content-Type-Options": "nosniff",
        "x-ms-keyvault-network-info": "conn_type=Ipv4;addr=72.49.29.93;act_addr_fam=InterNetwork;",
        "x-ms-keyvault-region": "westus2",
        "x-ms-keyvault-service-version": "1.9.253.1",
        "x-ms-request-id": "8b713937-b7c6-4015-a1c5-3d81c8aaf06a",
        "X-Powered-By": "ASP.NET"
      },
      "ResponseBody": {
        "recoveryId": "https://fakekvurl.vault.azure.net/deletedcertificates/certRecover634943320",
        "deletedDate": 1642197488,
        "scheduledPurgeDate": 1642802288,
        "id": "https://fakekvurl.vault.azure.net/certificates/certRecover634943320/50fc171a9ad64a10ba0f7cfddafc919b",
        "attributes": {
          "enabled": false,
          "nbf": 1642196882,
          "exp": 1673733482,
          "created": 1642197482,
          "updated": 1642197482,
          "recoveryLevel": "CustomizedRecoverable\u002BPurgeable",
          "recoverableDays": 7
        },
        "policy": {
          "id": "https://fakekvurl.vault.azure.net/certificates/certRecover634943320/policy",
          "key_props": {
            "exportable": true,
            "kty": "RSA",
            "key_size": 2048,
            "reuse_key": false
          },
          "secret_props": {
            "contentType": "application/x-pkcs12"
          },
          "x509_props": {
            "subject": "CN=DefaultPolicy",
            "sans": {},
            "ekus": [
              "1.3.6.1.5.5.7.3.1",
              "1.3.6.1.5.5.7.3.2"
            ],
            "key_usage": [
              "digitalSignature",
              "keyEncipherment"
            ],
            "validity_months": 12,
            "basic_constraints": {
              "ca": false
            }
          },
          "lifetime_actions": [
            {
              "trigger": {
                "lifetime_percentage": 80
              },
              "action": {
                "action_type": "AutoRenew"
              }
            }
          ],
          "issuer": {
            "name": "Self"
          },
          "attributes": {
            "enabled": true,
            "created": 1642197482,
            "updated": 1642197482
          }
        },
        "pending": {
          "id": "https://fakekvurl.vault.azure.net/certificates/certRecover634943320/pending"
        }
      }
    },
    {
      "RequestUri": "https://fakekvurl.vault.azure.net/deletedcertificates/certRecover634943320?api-version=7.3-preview",
      "RequestMethod": "GET",
      "RequestHeaders": {
        ":authority": "localhost:5001",
        ":method": "GET",
        ":path": "/deletedcertificates/certRecover634943320?api-version=7.3-preview",
        ":scheme": "https",
        "Accept": "application/json",
        "Accept-Encoding": "gzip",
        "Authorization": "Sanitized",
        "User-Agent": "azsdk-go-generated/v0.1.0 azsdk-go-azcore/v0.20.0 (go1.17; Windows_NT)"
      },
      "RequestBody": null,
      "StatusCode": 404,
      "ResponseHeaders": {
        "Cache-Control": "no-cache",
        "Content-Length": "104",
        "Content-Type": "application/json; charset=utf-8",
        "Date": "Fri, 14 Jan 2022 21:58:07 GMT",
        "Expires": "-1",
        "Pragma": "no-cache",
        "Strict-Transport-Security": "max-age=31536000;includeSubDomains",
        "X-Content-Type-Options": "nosniff",
        "x-ms-keyvault-network-info": "conn_type=Ipv4;addr=72.49.29.93;act_addr_fam=InterNetwork;",
        "x-ms-keyvault-region": "westus2",
        "x-ms-keyvault-service-version": "1.9.253.1",
        "x-ms-request-id": "eae4a58c-7703-4f22-97e2-96dac6bbb729",
        "X-Powered-By": "ASP.NET"
      },
      "ResponseBody": {
        "error": {
          "code": "CertificateNotFound",
          "message": "Deleted Certificate not found: certRecover634943320"
        }
      }
    },
    {
      "RequestUri": "https://fakekvurl.vault.azure.net/deletedcertificates/certRecover634943320?api-version=7.3-preview",
      "RequestMethod": "GET",
      "RequestHeaders": {
        ":authority": "localhost:5001",
        ":method": "GET",
        ":path": "/deletedcertificates/certRecover634943320?api-version=7.3-preview",
        ":scheme": "https",
        "Accept": "application/json",
        "Accept-Encoding": "gzip",
        "Authorization": "Sanitized",
        "User-Agent": "azsdk-go-generated/v0.1.0 azsdk-go-azcore/v0.20.0 (go1.17; Windows_NT)"
      },
      "RequestBody": null,
      "StatusCode": 404,
      "ResponseHeaders": {
        "Cache-Control": "no-cache",
        "Content-Length": "104",
        "Content-Type": "application/json; charset=utf-8",
        "Date": "Fri, 14 Jan 2022 21:58:07 GMT",
        "Expires": "-1",
        "Pragma": "no-cache",
        "Strict-Transport-Security": "max-age=31536000;includeSubDomains",
        "X-Content-Type-Options": "nosniff",
        "x-ms-keyvault-network-info": "conn_type=Ipv4;addr=72.49.29.93;act_addr_fam=InterNetwork;",
        "x-ms-keyvault-region": "westus2",
        "x-ms-keyvault-service-version": "1.9.253.1",
        "x-ms-request-id": "8a463b52-4ac5-4787-8172-506fe8cbb8a2",
        "X-Powered-By": "ASP.NET"
      },
      "ResponseBody": {
        "error": {
          "code": "CertificateNotFound",
          "message": "Deleted Certificate not found: certRecover634943320"
        }
      }
    },
    {
      "RequestUri": "https://fakekvurl.vault.azure.net/deletedcertificates/certRecover634943320?api-version=7.3-preview",
      "RequestMethod": "GET",
      "RequestHeaders": {
        ":authority": "localhost:5001",
        ":method": "GET",
        ":path": "/deletedcertificates/certRecover634943320?api-version=7.3-preview",
        ":scheme": "https",
        "Accept": "application/json",
        "Accept-Encoding": "gzip",
        "Authorization": "Sanitized",
        "User-Agent": "azsdk-go-generated/v0.1.0 azsdk-go-azcore/v0.20.0 (go1.17; Windows_NT)"
      },
      "RequestBody": null,
      "StatusCode": 404,
      "ResponseHeaders": {
        "Cache-Control": "no-cache",
        "Content-Length": "104",
        "Content-Type": "application/json; charset=utf-8",
        "Date": "Fri, 14 Jan 2022 21:58:08 GMT",
        "Expires": "-1",
        "Pragma": "no-cache",
        "Strict-Transport-Security": "max-age=31536000;includeSubDomains",
        "X-Content-Type-Options": "nosniff",
        "x-ms-keyvault-network-info": "conn_type=Ipv4;addr=72.49.29.93;act_addr_fam=InterNetwork;",
        "x-ms-keyvault-region": "westus2",
        "x-ms-keyvault-service-version": "1.9.253.1",
        "x-ms-request-id": "f3346b2b-3edc-4c3b-bb29-559197e996aa",
        "X-Powered-By": "ASP.NET"
      },
      "ResponseBody": {
        "error": {
          "code": "CertificateNotFound",
          "message": "Deleted Certificate not found: certRecover634943320"
        }
      }
    },
    {
      "RequestUri": "https://fakekvurl.vault.azure.net/deletedcertificates/certRecover634943320?api-version=7.3-preview",
      "RequestMethod": "GET",
      "RequestHeaders": {
        ":authority": "localhost:5001",
        ":method": "GET",
        ":path": "/deletedcertificates/certRecover634943320?api-version=7.3-preview",
        ":scheme": "https",
        "Accept": "application/json",
        "Accept-Encoding": "gzip",
        "Authorization": "Sanitized",
        "User-Agent": "azsdk-go-generated/v0.1.0 azsdk-go-azcore/v0.20.0 (go1.17; Windows_NT)"
      },
      "RequestBody": null,
      "StatusCode": 200,
      "ResponseHeaders": {
        "Cache-Control": "no-cache",
        "Content-Length": "1155",
        "Content-Type": "application/json; charset=utf-8",
        "Date": "Fri, 14 Jan 2022 21:58:09 GMT",
        "Expires": "-1",
        "Pragma": "no-cache",
        "Strict-Transport-Security": "max-age=31536000;includeSubDomains",
        "X-Content-Type-Options": "nosniff",
        "x-ms-keyvault-network-info": "conn_type=Ipv4;addr=72.49.29.93;act_addr_fam=InterNetwork;",
        "x-ms-keyvault-region": "westus2",
        "x-ms-keyvault-service-version": "1.9.253.1",
        "x-ms-request-id": "871b6003-6b24-45ab-aef9-53191cdc23bf",
        "X-Powered-By": "ASP.NET"
      },
      "ResponseBody": {
        "recoveryId": "https://fakekvurl.vault.azure.net/deletedcertificates/certRecover634943320",
        "deletedDate": 1642197488,
        "scheduledPurgeDate": 1642802288,
        "id": "https://fakekvurl.vault.azure.net/certificates/certRecover634943320/50fc171a9ad64a10ba0f7cfddafc919b",
        "attributes": {
          "enabled": false,
          "nbf": 1642196882,
          "exp": 1673733482,
          "created": 1642197482,
          "updated": 1642197482,
          "recoveryLevel": "CustomizedRecoverable\u002BPurgeable",
          "recoverableDays": 7
        },
        "policy": {
          "id": "https://fakekvurl.vault.azure.net/certificates/certRecover634943320/policy",
          "key_props": {
            "exportable": true,
            "kty": "RSA",
            "key_size": 2048,
            "reuse_key": false
          },
          "secret_props": {
            "contentType": "application/x-pkcs12"
          },
          "x509_props": {
            "subject": "CN=DefaultPolicy",
            "sans": {},
            "ekus": [
              "1.3.6.1.5.5.7.3.1",
              "1.3.6.1.5.5.7.3.2"
            ],
            "key_usage": [
              "digitalSignature",
              "keyEncipherment"
            ],
            "validity_months": 12,
            "basic_constraints": {
              "ca": false
            }
          },
          "lifetime_actions": [
            {
              "trigger": {
                "lifetime_percentage": 80
              },
              "action": {
                "action_type": "AutoRenew"
              }
            }
          ],
          "issuer": {
            "name": "Self"
          },
          "attributes": {
            "enabled": true,
            "created": 1642197482,
            "updated": 1642197482
          }
        },
        "pending": {
          "id": "https://fakekvurl.vault.azure.net/certificates/certRecover634943320/pending"
        }
      }
    },
    {
      "RequestUri": "https://fakekvurl.vault.azure.net/deletedcertificates/certRecover634943320?api-version=7.3-preview",
      "RequestMethod": "DELETE",
      "RequestHeaders": {
        ":authority": "localhost:5001",
        ":method": "DELETE",
        ":path": "/deletedcertificates/certRecover634943320?api-version=7.3-preview",
        ":scheme": "https",
        "Accept": "application/json",
        "Accept-Encoding": "gzip",
        "Authorization": "Sanitized",
        "User-Agent": "azsdk-go-generated/v0.1.0 azsdk-go-azcore/v0.20.0 (go1.17; Windows_NT)"
      },
      "RequestBody": null,
      "StatusCode": 204,
      "ResponseHeaders": {
        "Cache-Control": "no-cache",
        "Date": "Fri, 14 Jan 2022 21:58:09 GMT",
        "Expires": "-1",
        "Pragma": "no-cache",
        "Strict-Transport-Security": "max-age=31536000;includeSubDomains",
        "X-Content-Type-Options": "nosniff",
        "x-ms-keyvault-network-info": "conn_type=Ipv4;addr=72.49.29.93;act_addr_fam=InterNetwork;",
        "x-ms-keyvault-region": "westus2",
        "x-ms-keyvault-service-version": "1.9.253.1",
        "x-ms-request-id": "c0413c52-f5d5-4bb6-a6c8-fa266f31ea8d",
        "X-Powered-By": "ASP.NET"
      },
      "ResponseBody": null
    }
  ],
  "Variables": {}
}
