{
  "Entries": [
    {
      "RequestUri": "https://fakekvurl.vault.azure.net/certificates/cert2648374337/create?api-version=7.3",
      "RequestMethod": "POST",
      "RequestHeaders": {
        ":method": "POST",
        "Accept": "application/json",
        "Accept-Encoding": "gzip",
        "Content-Length": "0",
        "User-Agent": "azsdk-go-azcertificates/v0.3.0 azsdk-go-azcore/v0.23.0 (go1.18; Windows_NT)"
      },
      "RequestBody": null,
      "StatusCode": 401,
      "ResponseHeaders": {
        "Cache-Control": "no-cache",
        "Content-Length": "97",
        "Content-Type": "application/json; charset=utf-8",
        "Date": "Fri, 01 Apr 2022 20:44:01 GMT",
        "Expires": "-1",
        "Pragma": "no-cache",
        "Strict-Transport-Security": "max-age=31536000;includeSubDomains",
        "WWW-Authenticate": "Bearer authorization=\u0022https://login.windows.net/00000000-0000-0000-0000-000000000000\u0022, resource=\u0022https://vault.azure.net\u0022",
        "X-Content-Type-Options": "nosniff",
        "x-ms-keyvault-network-info": "conn_type=Ipv4;addr=184.56.155.243;act_addr_fam=InterNetwork;",
        "x-ms-keyvault-region": "westus2",
        "x-ms-keyvault-service-version": "1.9.331.5",
        "x-ms-request-id": "5b433880-f406-4937-9c0f-67ef09ca0d22",
        "X-Powered-By": "ASP.NET"
      },
      "ResponseBody": {
        "error": {
          "code": "Unauthorized",
          "message": "AKV10000: Request is missing a Bearer or PoP token."
        }
      }
    },
    {
      "RequestUri": "https://fakekvurl.vault.azure.net/certificates/cert2648374337/create?api-version=7.3",
      "RequestMethod": "POST",
      "RequestHeaders": {
        ":method": "POST",
        "Accept": "application/json",
        "Accept-Encoding": "gzip",
        "Authorization": "Sanitized",
        "Content-Length": "125",
        "Content-Type": "application/json",
        "User-Agent": "azsdk-go-azcertificates/v0.3.0 azsdk-go-azcore/v0.23.0 (go1.18; Windows_NT)"
      },
      "RequestBody": {
        "attributes": {},
        "policy": {
          "issuer": {
            "name": "Self"
          },
          "secret_props": {},
          "x509_props": {
            "sans": {},
            "subject": "CN=DefaultPolicy"
          }
        }
      },
      "StatusCode": 202,
      "ResponseHeaders": {
        "Cache-Control": "no-cache",
        "Content-Length": "1289",
        "Content-Type": "application/json; charset=utf-8",
        "Date": "Fri, 01 Apr 2022 20:44:03 GMT",
        "Expires": "-1",
        "Location": "https://fakekvurl.vault.azure.net/certificates/cert2648374337/pending?api-version=7.3\u0026request_id=df1bd8375c0847fa855844c12612e9b7",
        "Pragma": "no-cache",
        "Retry-After": "10",
        "Strict-Transport-Security": "max-age=31536000;includeSubDomains",
        "X-Content-Type-Options": "nosniff",
        "x-ms-keyvault-network-info": "conn_type=Ipv4;addr=184.56.155.243;act_addr_fam=InterNetwork;",
        "x-ms-keyvault-region": "westus2",
        "x-ms-keyvault-service-version": "1.9.331.5",
        "x-ms-request-id": "0136bff6-6346-4c9e-94ca-efab3c94053b",
        "X-Powered-By": "ASP.NET"
      },
      "ResponseBody": {
        "id": "https://fakekvurl.vault.azure.net/certificates/cert2648374337/pending",
        "issuer": {
          "name": "Self"
        },
        "csr": "MIICqDCCAZACAQAwGDEWMBQGA1UEAxMNRGVmYXVsdFBvbGljeTCCASIwDQYJKoZIhvcNAQEBBQADggEPADCCAQoCggEBAJ88WBfbVavNvBinWpc7WgA0v1f5gQkIdXAxmrb28u2gq152HFr5wBxIDG/cHfp/GmXS\u002B6PgyNbPV25erRvVYrer06GuNKWFo\u002Bt1KztCg/EgbS1RRIpEOfjXi5ImAtPXWX0bmPelsTQwen30iHNXIPwZ9Cfxc9kLLSYdlssYcq3g0SERHigaQTUd/fh4RER4Sxe7kyuEGc2kvP8MbOKu3cGs9QvkP9jyZZJYixyhPnTgXYMeRXl9Wythq7i1P1\u002BGZFx00AsfmPjAxLHJd8nYRLg4dx90rK1WYIPIgIaR1iwrJ3IseAWSeOFLscJ8i68tGMrJxtVUwuENN/C6WuYeZBUCAwEAAaBLMEkGCSqGSIb3DQEJDjE8MDowDgYDVR0PAQH/BAQDAgWgMB0GA1UdJQQWMBQGCCsGAQUFBwMBBggrBgEFBQcDAjAJBgNVHRMEAjAAMA0GCSqGSIb3DQEBCwUAA4IBAQAhuIM2jVrJIno7niq8Xp6d3TF7Nv0DNI6d024oNYRE7Q4jgIEIY5y5RU26Ngkz2MIbsPbh7\u002BGO2GGHjKDlrkLZChefHqMx9GaLHNNdSHp26MlpzfUsBBboDzSXQhdpHOTgA7rXz/6AKQPq1Jw1q0\u002BVqGHj19oclAavPGeRjhM3k/83sZXcqgNMLQLvQ4L/h1vmS9\u002BZm3yFi7H3Sc1YOuEjuyGbrrjKPOiRiuLHFdfqqoCOy2cHAHShbJqZKDnCfJkhx7ahY5Q6UHRiV/\u002BTzJsdU3sDf3\u002BbNd\u002BrJPMj8nlCLKIymt9wR7Pz4myk6vwznuJFPZBjPPSeGfvVsT5PYrBE",
        "cancellation_requested": false,
        "status": "inProgress",
        "status_details": "Pending certificate created. Certificate request is in progress. This may take some time based on the issuer provider. Please check again later.",
        "request_id": "df1bd8375c0847fa855844c12612e9b7"
      }
    },
    {
      "RequestUri": "https://fakekvurl.vault.azure.net/certificates/cert2648374337/?api-version=7.3",
      "RequestMethod": "GET",
      "RequestHeaders": {
        ":method": "GET",
        "Accept": "application/json",
        "Accept-Encoding": "gzip",
        "Authorization": "Sanitized",
        "User-Agent": "azsdk-go-azcertificates/v0.3.0 azsdk-go-azcore/v0.23.0 (go1.18; Windows_NT)"
      },
      "RequestBody": null,
      "StatusCode": 200,
      "ResponseHeaders": {
        "Cache-Control": "no-cache",
        "Content-Length": "990",
        "Content-Type": "application/json; charset=utf-8",
        "Date": "Fri, 01 Apr 2022 20:44:03 GMT",
        "Expires": "-1",
        "Pragma": "no-cache",
        "Strict-Transport-Security": "max-age=31536000;includeSubDomains",
        "X-Content-Type-Options": "nosniff",
        "x-ms-keyvault-network-info": "conn_type=Ipv4;addr=184.56.155.243;act_addr_fam=InterNetwork;",
        "x-ms-keyvault-region": "westus2",
        "x-ms-keyvault-service-version": "1.9.331.5",
        "x-ms-request-id": "5ea7b9f7-02ea-45cf-904a-4db6db8a31b3",
        "X-Powered-By": "ASP.NET"
      },
      "ResponseBody": {
        "id": "https://fakekvurl.vault.azure.net/certificates/cert2648374337/81508a9fe147483d8e627ea0fbb9699d",
        "attributes": {
          "enabled": false,
          "nbf": 1648845243,
          "exp": 1680381843,
          "created": 1648845843,
          "updated": 1648845843,
          "recoveryLevel": "CustomizedRecoverable\u002BPurgeable",
          "recoverableDays": 7
        },
        "policy": {
          "id": "https://fakekvurl.vault.azure.net/certificates/cert2648374337/policy",
          "key_props": {
            "exportable": true,
            "kty": "RSA",
            "key_size": 2048,
            "reuse_key": false
          },
          "secret_props": {
            "contentType": "application/x-pkcs12"
          },
          "x509_props": {
            "subject": "CN=DefaultPolicy",
            "sans": {},
            "ekus": [
              "1.3.6.1.5.5.7.3.1",
              "1.3.6.1.5.5.7.3.2"
            ],
            "key_usage": [
              "digitalSignature",
              "keyEncipherment"
            ],
            "validity_months": 12,
            "basic_constraints": {
              "ca": false
            }
          },
          "lifetime_actions": [
            {
              "trigger": {
                "lifetime_percentage": 80
              },
              "action": {
                "action_type": "AutoRenew"
              }
            }
          ],
          "issuer": {
            "name": "Self"
          },
          "attributes": {
            "enabled": true,
            "created": 1648845843,
            "updated": 1648845843
          }
        },
        "pending": {
          "id": "https://fakekvurl.vault.azure.net/certificates/cert2648374337/pending"
        }
      }
    },
    {
      "RequestUri": "https://fakekvurl.vault.azure.net/certificates/cert2648374337/pending?api-version=7.3",
      "RequestMethod": "GET",
      "RequestHeaders": {
        ":method": "GET",
        "Accept": "application/json",
        "Accept-Encoding": "gzip",
        "Authorization": "Sanitized",
        "User-Agent": "azsdk-go-azcertificates/v0.3.0 azsdk-go-azcore/v0.23.0 (go1.18; Windows_NT)"
      },
      "RequestBody": null,
      "StatusCode": 200,
      "ResponseHeaders": {
        "Cache-Control": "no-cache",
        "Content-Length": "1289",
        "Content-Type": "application/json; charset=utf-8",
        "Date": "Fri, 01 Apr 2022 20:44:03 GMT",
        "Expires": "-1",
        "Pragma": "no-cache",
        "Retry-After": "10",
        "Strict-Transport-Security": "max-age=31536000;includeSubDomains",
        "X-Content-Type-Options": "nosniff",
        "x-ms-keyvault-network-info": "conn_type=Ipv4;addr=184.56.155.243;act_addr_fam=InterNetwork;",
        "x-ms-keyvault-region": "westus2",
        "x-ms-keyvault-service-version": "1.9.331.5",
        "x-ms-request-id": "0f7478fe-3b51-4b36-9430-a8770a4f8866",
        "X-Powered-By": "ASP.NET"
      },
      "ResponseBody": {
        "id": "https://fakekvurl.vault.azure.net/certificates/cert2648374337/pending",
        "issuer": {
          "name": "Self"
        },
        "csr": "MIICqDCCAZACAQAwGDEWMBQGA1UEAxMNRGVmYXVsdFBvbGljeTCCASIwDQYJKoZIhvcNAQEBBQADggEPADCCAQoCggEBAJ88WBfbVavNvBinWpc7WgA0v1f5gQkIdXAxmrb28u2gq152HFr5wBxIDG/cHfp/GmXS\u002B6PgyNbPV25erRvVYrer06GuNKWFo\u002Bt1KztCg/EgbS1RRIpEOfjXi5ImAtPXWX0bmPelsTQwen30iHNXIPwZ9Cfxc9kLLSYdlssYcq3g0SERHigaQTUd/fh4RER4Sxe7kyuEGc2kvP8MbOKu3cGs9QvkP9jyZZJYixyhPnTgXYMeRXl9Wythq7i1P1\u002BGZFx00AsfmPjAxLHJd8nYRLg4dx90rK1WYIPIgIaR1iwrJ3IseAWSeOFLscJ8i68tGMrJxtVUwuENN/C6WuYeZBUCAwEAAaBLMEkGCSqGSIb3DQEJDjE8MDowDgYDVR0PAQH/BAQDAgWgMB0GA1UdJQQWMBQGCCsGAQUFBwMBBggrBgEFBQcDAjAJBgNVHRMEAjAAMA0GCSqGSIb3DQEBCwUAA4IBAQAhuIM2jVrJIno7niq8Xp6d3TF7Nv0DNI6d024oNYRE7Q4jgIEIY5y5RU26Ngkz2MIbsPbh7\u002BGO2GGHjKDlrkLZChefHqMx9GaLHNNdSHp26MlpzfUsBBboDzSXQhdpHOTgA7rXz/6AKQPq1Jw1q0\u002BVqGHj19oclAavPGeRjhM3k/83sZXcqgNMLQLvQ4L/h1vmS9\u002BZm3yFi7H3Sc1YOuEjuyGbrrjKPOiRiuLHFdfqqoCOy2cHAHShbJqZKDnCfJkhx7ahY5Q6UHRiV/\u002BTzJsdU3sDf3\u002BbNd\u002BrJPMj8nlCLKIymt9wR7Pz4myk6vwznuJFPZBjPPSeGfvVsT5PYrBE",
        "cancellation_requested": false,
        "status": "inProgress",
        "status_details": "Pending certificate created. Certificate request is in progress. This may take some time based on the issuer provider. Please check again later.",
        "request_id": "df1bd8375c0847fa855844c12612e9b7"
      }
    },
    {
      "RequestUri": "https://fakekvurl.vault.azure.net/certificates/cert2648374337?api-version=7.3",
      "RequestMethod": "DELETE",
      "RequestHeaders": {
        "Accept": "application/json",
        "Accept-Encoding": "gzip",
        "Authorization": "Sanitized",
        "User-Agent": "azsdk-go-azcertificates/v0.3.0 azsdk-go-azcore/v0.23.0 (go1.18; Windows_NT)"
      },
      "RequestBody": null,
      "StatusCode": 200,
      "ResponseHeaders": {
        "Cache-Control": "no-cache",
        "Content-Length": "1131",
        "Content-Type": "application/json; charset=utf-8",
        "Date": "Fri, 01 Apr 2022 20:44:03 GMT",
        "Expires": "-1",
        "Pragma": "no-cache",
        "Strict-Transport-Security": "max-age=31536000;includeSubDomains",
        "X-Content-Type-Options": "nosniff",
        "x-ms-keyvault-network-info": "conn_type=Ipv4;addr=184.56.155.243;act_addr_fam=InterNetwork;",
        "x-ms-keyvault-region": "westus2",
        "x-ms-keyvault-service-version": "1.9.331.5",
        "x-ms-request-id": "3521c0e8-feb8-4b24-b244-5d7ee4b1a648",
        "X-Powered-By": "ASP.NET"
      },
      "ResponseBody": {
        "recoveryId": "https://fakekvurl.vault.azure.net/deletedcertificates/cert2648374337",
        "deletedDate": 1648845843,
        "scheduledPurgeDate": 1649450643,
        "id": "https://fakekvurl.vault.azure.net/certificates/cert2648374337/81508a9fe147483d8e627ea0fbb9699d",
        "attributes": {
          "enabled": false,
          "nbf": 1648845243,
          "exp": 1680381843,
          "created": 1648845843,
          "updated": 1648845843,
          "recoveryLevel": "CustomizedRecoverable\u002BPurgeable",
          "recoverableDays": 7
        },
        "policy": {
          "id": "https://fakekvurl.vault.azure.net/certificates/cert2648374337/policy",
          "key_props": {
            "exportable": true,
            "kty": "RSA",
            "key_size": 2048,
            "reuse_key": false
          },
          "secret_props": {
            "contentType": "application/x-pkcs12"
          },
          "x509_props": {
            "subject": "CN=DefaultPolicy",
            "sans": {},
            "ekus": [
              "1.3.6.1.5.5.7.3.1",
              "1.3.6.1.5.5.7.3.2"
            ],
            "key_usage": [
              "digitalSignature",
              "keyEncipherment"
            ],
            "validity_months": 12,
            "basic_constraints": {
              "ca": false
            }
          },
          "lifetime_actions": [
            {
              "trigger": {
                "lifetime_percentage": 80
              },
              "action": {
                "action_type": "AutoRenew"
              }
            }
          ],
          "issuer": {
            "name": "Self"
          },
          "attributes": {
            "enabled": true,
            "created": 1648845843,
            "updated": 1648845843
          }
        },
        "pending": {
          "id": "https://fakekvurl.vault.azure.net/certificates/cert2648374337/pending"
        }
      }
    },
    {
      "RequestUri": "https://fakekvurl.vault.azure.net/deletedcertificates/cert2648374337?api-version=7.3",
      "RequestMethod": "GET",
      "RequestHeaders": {
        ":method": "GET",
        "Accept": "application/json",
        "Accept-Encoding": "gzip",
        "Authorization": "Sanitized",
        "User-Agent": "azsdk-go-azcertificates/v0.3.0 azsdk-go-azcore/v0.23.0 (go1.18; Windows_NT)"
      },
      "RequestBody": null,
      "StatusCode": 404,
      "ResponseHeaders": {
        "Cache-Control": "no-cache",
        "Content-Length": "98",
        "Content-Type": "application/json; charset=utf-8",
        "Date": "Fri, 01 Apr 2022 20:44:03 GMT",
        "Expires": "-1",
        "Pragma": "no-cache",
        "Strict-Transport-Security": "max-age=31536000;includeSubDomains",
        "X-Content-Type-Options": "nosniff",
        "x-ms-keyvault-network-info": "conn_type=Ipv4;addr=184.56.155.243;act_addr_fam=InterNetwork;",
        "x-ms-keyvault-region": "westus2",
        "x-ms-keyvault-service-version": "1.9.331.5",
        "x-ms-request-id": "52e030b4-b1ba-480b-98a5-ffbd3ce13c43",
        "X-Powered-By": "ASP.NET"
      },
      "ResponseBody": {
        "error": {
          "code": "CertificateNotFound",
          "message": "Deleted Certificate not found: cert2648374337"
        }
      }
    },
    {
      "RequestUri": "https://fakekvurl.vault.azure.net/deletedcertificates/cert2648374337?api-version=7.3",
      "RequestMethod": "GET",
      "RequestHeaders": {
        ":method": "GET",
        "Accept": "application/json",
        "Accept-Encoding": "gzip",
        "Authorization": "Sanitized",
        "User-Agent": "azsdk-go-azcertificates/v0.3.0 azsdk-go-azcore/v0.23.0 (go1.18; Windows_NT)"
      },
      "RequestBody": null,
      "StatusCode": 404,
      "ResponseHeaders": {
        "Cache-Control": "no-cache",
        "Content-Length": "98",
        "Content-Type": "application/json; charset=utf-8",
        "Date": "Fri, 01 Apr 2022 20:44:03 GMT",
        "Expires": "-1",
        "Pragma": "no-cache",
        "Strict-Transport-Security": "max-age=31536000;includeSubDomains",
        "X-Content-Type-Options": "nosniff",
        "x-ms-keyvault-network-info": "conn_type=Ipv4;addr=184.56.155.243;act_addr_fam=InterNetwork;",
        "x-ms-keyvault-region": "westus2",
        "x-ms-keyvault-service-version": "1.9.331.5",
        "x-ms-request-id": "0290213d-e058-465b-806c-5aca85244e67",
        "X-Powered-By": "ASP.NET"
      },
      "ResponseBody": {
        "error": {
          "code": "CertificateNotFound",
          "message": "Deleted Certificate not found: cert2648374337"
        }
      }
    },
    {
      "RequestUri": "https://fakekvurl.vault.azure.net/deletedcertificates/cert2648374337?api-version=7.3",
      "RequestMethod": "GET",
      "RequestHeaders": {
        ":method": "GET",
        "Accept": "application/json",
        "Accept-Encoding": "gzip",
        "Authorization": "Sanitized",
        "User-Agent": "azsdk-go-azcertificates/v0.3.0 azsdk-go-azcore/v0.23.0 (go1.18; Windows_NT)"
      },
      "RequestBody": null,
      "StatusCode": 404,
      "ResponseHeaders": {
        "Cache-Control": "no-cache",
        "Content-Length": "98",
        "Content-Type": "application/json; charset=utf-8",
        "Date": "Fri, 01 Apr 2022 20:44:04 GMT",
        "Expires": "-1",
        "Pragma": "no-cache",
        "Strict-Transport-Security": "max-age=31536000;includeSubDomains",
        "X-Content-Type-Options": "nosniff",
        "x-ms-keyvault-network-info": "conn_type=Ipv4;addr=184.56.155.243;act_addr_fam=InterNetwork;",
        "x-ms-keyvault-region": "westus2",
        "x-ms-keyvault-service-version": "1.9.331.5",
        "x-ms-request-id": "60be264b-d4e1-4df2-b7f5-a48395d0414e",
        "X-Powered-By": "ASP.NET"
      },
      "ResponseBody": {
        "error": {
          "code": "CertificateNotFound",
          "message": "Deleted Certificate not found: cert2648374337"
        }
      }
    },
    {
      "RequestUri": "https://fakekvurl.vault.azure.net/deletedcertificates/cert2648374337?api-version=7.3",
      "RequestMethod": "GET",
      "RequestHeaders": {
        ":method": "GET",
        "Accept": "application/json",
        "Accept-Encoding": "gzip",
        "Authorization": "Sanitized",
        "User-Agent": "azsdk-go-azcertificates/v0.3.0 azsdk-go-azcore/v0.23.0 (go1.18; Windows_NT)"
      },
      "RequestBody": null,
      "StatusCode": 200,
      "ResponseHeaders": {
        "Cache-Control": "no-cache",
        "Content-Length": "1131",
        "Content-Type": "application/json; charset=utf-8",
        "Date": "Fri, 01 Apr 2022 20:44:05 GMT",
        "Expires": "-1",
        "Pragma": "no-cache",
        "Strict-Transport-Security": "max-age=31536000;includeSubDomains",
        "X-Content-Type-Options": "nosniff",
        "x-ms-keyvault-network-info": "conn_type=Ipv4;addr=184.56.155.243;act_addr_fam=InterNetwork;",
        "x-ms-keyvault-region": "westus2",
        "x-ms-keyvault-service-version": "1.9.331.5",
        "x-ms-request-id": "7f8a4fe1-4f97-42eb-bfa0-f2fddfeaf819",
        "X-Powered-By": "ASP.NET"
      },
      "ResponseBody": {
        "recoveryId": "https://fakekvurl.vault.azure.net/deletedcertificates/cert2648374337",
        "deletedDate": 1648845843,
        "scheduledPurgeDate": 1649450643,
        "id": "https://fakekvurl.vault.azure.net/certificates/cert2648374337/81508a9fe147483d8e627ea0fbb9699d",
        "attributes": {
          "enabled": false,
          "nbf": 1648845243,
          "exp": 1680381843,
          "created": 1648845843,
          "updated": 1648845843,
          "recoveryLevel": "CustomizedRecoverable\u002BPurgeable",
          "recoverableDays": 7
        },
        "policy": {
          "id": "https://fakekvurl.vault.azure.net/certificates/cert2648374337/policy",
          "key_props": {
            "exportable": true,
            "kty": "RSA",
            "key_size": 2048,
            "reuse_key": false
          },
          "secret_props": {
            "contentType": "application/x-pkcs12"
          },
          "x509_props": {
            "subject": "CN=DefaultPolicy",
            "sans": {},
            "ekus": [
              "1.3.6.1.5.5.7.3.1",
              "1.3.6.1.5.5.7.3.2"
            ],
            "key_usage": [
              "digitalSignature",
              "keyEncipherment"
            ],
            "validity_months": 12,
            "basic_constraints": {
              "ca": false
            }
          },
          "lifetime_actions": [
            {
              "trigger": {
                "lifetime_percentage": 80
              },
              "action": {
                "action_type": "AutoRenew"
              }
            }
          ],
          "issuer": {
            "name": "Self"
          },
          "attributes": {
            "enabled": true,
            "created": 1648845843,
            "updated": 1648845843
          }
        },
        "pending": {
          "id": "https://fakekvurl.vault.azure.net/certificates/cert2648374337/pending"
        }
      }
    },
    {
      "RequestUri": "https://fakekvurl.vault.azure.net/deletedcertificates/cert2648374337?api-version=7.3",
      "RequestMethod": "DELETE",
      "RequestHeaders": {
        "Accept": "application/json",
        "Accept-Encoding": "gzip",
        "Authorization": "Sanitized",
        "User-Agent": "azsdk-go-azcertificates/v0.3.0 azsdk-go-azcore/v0.23.0 (go1.18; Windows_NT)"
      },
      "RequestBody": null,
      "StatusCode": 204,
      "ResponseHeaders": {
        "Cache-Control": "no-cache",
        "Date": "Fri, 01 Apr 2022 20:44:06 GMT",
        "Expires": "-1",
        "Pragma": "no-cache",
        "Strict-Transport-Security": "max-age=31536000;includeSubDomains",
        "X-Content-Type-Options": "nosniff",
        "x-ms-keyvault-network-info": "conn_type=Ipv4;addr=184.56.155.243;act_addr_fam=InterNetwork;",
        "x-ms-keyvault-region": "westus2",
        "x-ms-keyvault-service-version": "1.9.331.5",
        "x-ms-request-id": "8d412b17-e8a7-471f-b12a-59cde6f7b175",
        "X-Powered-By": "ASP.NET"
      },
      "ResponseBody": null
    }
  ],
  "Variables": {}
}
