{
  "Entries": [
    {
      "RequestUri": "https://fakekvurl.vault.azure.net/certificates/cert2648374337/create?api-version=7.3",
      "RequestMethod": "POST",
      "RequestHeaders": {
        ":method": "POST",
        "Accept": "application/json",
        "Accept-Encoding": "gzip",
        "Content-Length": "0",
        "User-Agent": "azsdk-go-generated/v0.1.0 azsdk-go-azcore/v0.21.0 (go1.17; Windows_NT)"
      },
      "RequestBody": null,
      "StatusCode": 401,
      "ResponseHeaders": {
        "Cache-Control": "no-cache",
        "Content-Length": "97",
        "Content-Type": "application/json; charset=utf-8",
        "Date": "Mon, 31 Jan 2022 22:12:35 GMT",
        "Expires": "-1",
        "Pragma": "no-cache",
        "Strict-Transport-Security": "max-age=31536000;includeSubDomains",
        "WWW-Authenticate": "Bearer authorization=\u0022https://login.windows.net/00000000-0000-0000-0000-000000000000\u0022, resource=\u0022https://vault.azure.net\u0022",
        "X-Content-Type-Options": "nosniff",
        "x-ms-keyvault-network-info": "conn_type=Ipv4;addr=72.49.29.93;act_addr_fam=InterNetwork;",
        "x-ms-keyvault-region": "westus2",
        "x-ms-keyvault-service-version": "1.9.264.2",
        "x-ms-request-id": "eb4b727f-95cc-4ea7-938b-4e7dcc59f872",
        "X-Powered-By": "ASP.NET"
      },
      "ResponseBody": {
        "error": {
          "code": "Unauthorized",
          "message": "AKV10000: Request is missing a Bearer or PoP token."
        }
      }
    },
    {
      "RequestUri": "https://fakekvurl.vault.azure.net/certificates/cert2648374337/create?api-version=7.3",
      "RequestMethod": "POST",
      "RequestHeaders": {
        ":method": "POST",
        "Accept": "application/json",
        "Accept-Encoding": "gzip",
        "Authorization": "Sanitized",
        "Content-Length": "91",
        "Content-Type": "application/json",
        "User-Agent": "azsdk-go-generated/v0.1.0 azsdk-go-azcore/v0.21.0 (go1.17; Windows_NT)"
      },
      "RequestBody": {
        "policy": {
          "issuer": {
            "name": "Self"
          },
          "x509_props": {
            "sans": {},
            "subject": "CN=DefaultPolicy"
          }
        }
      },
      "StatusCode": 202,
      "ResponseHeaders": {
        "Cache-Control": "no-cache",
        "Content-Length": "1289",
        "Content-Type": "application/json; charset=utf-8",
        "Date": "Mon, 31 Jan 2022 22:12:37 GMT",
        "Expires": "-1",
        "Location": "https://fakekvurl.vault.azure.net/certificates/cert2648374337/pending?api-version=7.3\u0026request_id=0b0c4f79f708453a8259f43b2596081f",
        "Pragma": "no-cache",
        "Retry-After": "10",
        "Strict-Transport-Security": "max-age=31536000;includeSubDomains",
        "X-Content-Type-Options": "nosniff",
        "x-ms-keyvault-network-info": "conn_type=Ipv4;addr=72.49.29.93;act_addr_fam=InterNetwork;",
        "x-ms-keyvault-region": "westus2",
        "x-ms-keyvault-service-version": "1.9.264.2",
        "x-ms-request-id": "e8d04399-e12a-40ca-8b4f-3826433ed9ed",
        "X-Powered-By": "ASP.NET"
      },
      "ResponseBody": {
        "id": "https://fakekvurl.vault.azure.net/certificates/cert2648374337/pending",
        "issuer": {
          "name": "Self"
        },
        "csr": "MIICqDCCAZACAQAwGDEWMBQGA1UEAxMNRGVmYXVsdFBvbGljeTCCASIwDQYJKoZIhvcNAQEBBQADggEPADCCAQoCggEBAJO0z4fgSMZMQXWW0vQkoVwTIccC/pScSrln5UtPlJO/GQ7SnB12Xg5\u002B\u002Bz1UoV0v1dpf0UUAG0lRqfz9z\u002BSzRkk9J9082G9g9TjG1Utr80Onn66ynZFNeHE46Ex/pf8yM3nBPOgXCMxom18XDKW9R3pQVx/j\u002B\u002BWoSVdYjPCGit4ovQdVr\u002BWfM2qlry828yXnwUwTT1dPT027JYXs/tUP1HchlW\u002BaDXGwJdEpqmnwxnjVxw2A8sZWIlNbUqat6FsmuAtISIZcr2SxhyUggsVXNnuL3pmFOpt/gvlXgczll1QclLvAh5\u002B26dJUmGuSxUwktNdhB1I4erbWk6jwZlTls2UCAwEAAaBLMEkGCSqGSIb3DQEJDjE8MDowDgYDVR0PAQH/BAQDAgWgMB0GA1UdJQQWMBQGCCsGAQUFBwMBBggrBgEFBQcDAjAJBgNVHRMEAjAAMA0GCSqGSIb3DQEBCwUAA4IBAQAGtb59TFj/KsmSpkj0rbJ77ijRG1SI7jhfDUsSFcXl6LC0nzJgUqyujbJgtgxot9ftG6EtaFLc5IJH7py2g\u002BqICdgHwF6juEbrNWfCDzX/H7q08tbCYK\u002BsDRejo1c6GjQ2mbm72BHuEQSfIgXetdsF8rrioDFESYfPiU3eGxXWppaeywxKmR0PSephBg1HHPOlH4PZ\u002BiqO7HrM5hHquZm1q8gL5gMXQ1E2EzV7FvibEbZoRrpX8zexUKCikpIuBOIFOiLD95Aq6nSscbWxjGP0miBSG/6hyFFvJg4Otg9345puCsfG1Bq9S/LhEU\u002Bx5viqtaG\u002Bp5aW3qbVw2mD5Q1Y",
        "cancellation_requested": false,
        "status": "inProgress",
        "status_details": "Pending certificate created. Certificate request is in progress. This may take some time based on the issuer provider. Please check again later.",
        "request_id": "0b0c4f79f708453a8259f43b2596081f"
      }
    },
    {
      "RequestUri": "https://fakekvurl.vault.azure.net/certificates/cert2648374337/?api-version=7.3",
      "RequestMethod": "GET",
      "RequestHeaders": {
        ":method": "GET",
        "Accept": "application/json",
        "Accept-Encoding": "gzip",
        "Authorization": "Sanitized",
        "User-Agent": "azsdk-go-generated/v0.1.0 azsdk-go-azcore/v0.21.0 (go1.17; Windows_NT)"
      },
      "RequestBody": null,
      "StatusCode": 200,
      "ResponseHeaders": {
        "Cache-Control": "no-cache",
        "Content-Length": "990",
        "Content-Type": "application/json; charset=utf-8",
        "Date": "Mon, 31 Jan 2022 22:12:37 GMT",
        "Expires": "-1",
        "Pragma": "no-cache",
        "Strict-Transport-Security": "max-age=31536000;includeSubDomains",
        "X-Content-Type-Options": "nosniff",
        "x-ms-keyvault-network-info": "conn_type=Ipv4;addr=72.49.29.93;act_addr_fam=InterNetwork;",
        "x-ms-keyvault-region": "westus2",
        "x-ms-keyvault-service-version": "1.9.264.2",
        "x-ms-request-id": "c4ec18e8-26ca-47a6-ac4f-bf3642c70b02",
        "X-Powered-By": "ASP.NET"
      },
      "ResponseBody": {
        "id": "https://fakekvurl.vault.azure.net/certificates/cert2648374337/71d7ac6f66c942098d84b591062503ed",
        "attributes": {
          "enabled": false,
          "nbf": 1643666556,
          "exp": 1675203156,
          "created": 1643667156,
          "updated": 1643667156,
          "recoveryLevel": "CustomizedRecoverable\u002BPurgeable",
          "recoverableDays": 7
        },
        "policy": {
          "id": "https://fakekvurl.vault.azure.net/certificates/cert2648374337/policy",
          "key_props": {
            "exportable": true,
            "kty": "RSA",
            "key_size": 2048,
            "reuse_key": false
          },
          "secret_props": {
            "contentType": "application/x-pkcs12"
          },
          "x509_props": {
            "subject": "CN=DefaultPolicy",
            "sans": {},
            "ekus": [
              "1.3.6.1.5.5.7.3.1",
              "1.3.6.1.5.5.7.3.2"
            ],
            "key_usage": [
              "digitalSignature",
              "keyEncipherment"
            ],
            "validity_months": 12,
            "basic_constraints": {
              "ca": false
            }
          },
          "lifetime_actions": [
            {
              "trigger": {
                "lifetime_percentage": 80
              },
              "action": {
                "action_type": "AutoRenew"
              }
            }
          ],
          "issuer": {
            "name": "Self"
          },
          "attributes": {
            "enabled": true,
            "created": 1643667157,
            "updated": 1643667157
          }
        },
        "pending": {
          "id": "https://fakekvurl.vault.azure.net/certificates/cert2648374337/pending"
        }
      }
    },
    {
      "RequestUri": "https://fakekvurl.vault.azure.net/certificates/cert2648374337/pending?api-version=7.3",
      "RequestMethod": "GET",
      "RequestHeaders": {
        ":method": "GET",
        "Accept": "application/json",
        "Accept-Encoding": "gzip",
        "Authorization": "Sanitized",
        "User-Agent": "azsdk-go-generated/v0.1.0 azsdk-go-azcore/v0.21.0 (go1.17; Windows_NT)"
      },
      "RequestBody": null,
      "StatusCode": 200,
      "ResponseHeaders": {
        "Cache-Control": "no-cache",
        "Content-Length": "1289",
        "Content-Type": "application/json; charset=utf-8",
        "Date": "Mon, 31 Jan 2022 22:12:37 GMT",
        "Expires": "-1",
        "Pragma": "no-cache",
        "Retry-After": "10",
        "Strict-Transport-Security": "max-age=31536000;includeSubDomains",
        "X-Content-Type-Options": "nosniff",
        "x-ms-keyvault-network-info": "conn_type=Ipv4;addr=72.49.29.93;act_addr_fam=InterNetwork;",
        "x-ms-keyvault-region": "westus2",
        "x-ms-keyvault-service-version": "1.9.264.2",
        "x-ms-request-id": "ce0b9a42-6830-42f9-b6fc-9f4c52cb1a35",
        "X-Powered-By": "ASP.NET"
      },
      "ResponseBody": {
        "id": "https://fakekvurl.vault.azure.net/certificates/cert2648374337/pending",
        "issuer": {
          "name": "Self"
        },
        "csr": "MIICqDCCAZACAQAwGDEWMBQGA1UEAxMNRGVmYXVsdFBvbGljeTCCASIwDQYJKoZIhvcNAQEBBQADggEPADCCAQoCggEBAJO0z4fgSMZMQXWW0vQkoVwTIccC/pScSrln5UtPlJO/GQ7SnB12Xg5\u002B\u002Bz1UoV0v1dpf0UUAG0lRqfz9z\u002BSzRkk9J9082G9g9TjG1Utr80Onn66ynZFNeHE46Ex/pf8yM3nBPOgXCMxom18XDKW9R3pQVx/j\u002B\u002BWoSVdYjPCGit4ovQdVr\u002BWfM2qlry828yXnwUwTT1dPT027JYXs/tUP1HchlW\u002BaDXGwJdEpqmnwxnjVxw2A8sZWIlNbUqat6FsmuAtISIZcr2SxhyUggsVXNnuL3pmFOpt/gvlXgczll1QclLvAh5\u002B26dJUmGuSxUwktNdhB1I4erbWk6jwZlTls2UCAwEAAaBLMEkGCSqGSIb3DQEJDjE8MDowDgYDVR0PAQH/BAQDAgWgMB0GA1UdJQQWMBQGCCsGAQUFBwMBBggrBgEFBQcDAjAJBgNVHRMEAjAAMA0GCSqGSIb3DQEBCwUAA4IBAQAGtb59TFj/KsmSpkj0rbJ77ijRG1SI7jhfDUsSFcXl6LC0nzJgUqyujbJgtgxot9ftG6EtaFLc5IJH7py2g\u002BqICdgHwF6juEbrNWfCDzX/H7q08tbCYK\u002BsDRejo1c6GjQ2mbm72BHuEQSfIgXetdsF8rrioDFESYfPiU3eGxXWppaeywxKmR0PSephBg1HHPOlH4PZ\u002BiqO7HrM5hHquZm1q8gL5gMXQ1E2EzV7FvibEbZoRrpX8zexUKCikpIuBOIFOiLD95Aq6nSscbWxjGP0miBSG/6hyFFvJg4Otg9345puCsfG1Bq9S/LhEU\u002Bx5viqtaG\u002Bp5aW3qbVw2mD5Q1Y",
        "cancellation_requested": false,
        "status": "inProgress",
        "status_details": "Pending certificate created. Certificate request is in progress. This may take some time based on the issuer provider. Please check again later.",
        "request_id": "0b0c4f79f708453a8259f43b2596081f"
      }
    },
    {
      "RequestUri": "https://fakekvurl.vault.azure.net/certificates/cert2648374337?api-version=7.3",
      "RequestMethod": "DELETE",
      "RequestHeaders": {
        "Accept": "application/json",
        "Accept-Encoding": "gzip",
        "Authorization": "Sanitized",
        "User-Agent": "azsdk-go-generated/v0.1.0 azsdk-go-azcore/v0.21.0 (go1.17; Windows_NT)"
      },
      "RequestBody": null,
      "StatusCode": 200,
      "ResponseHeaders": {
        "Cache-Control": "no-cache",
        "Content-Length": "1131",
        "Content-Type": "application/json; charset=utf-8",
        "Date": "Mon, 31 Jan 2022 22:12:37 GMT",
        "Expires": "-1",
        "Pragma": "no-cache",
        "Strict-Transport-Security": "max-age=31536000;includeSubDomains",
        "X-Content-Type-Options": "nosniff",
        "x-ms-keyvault-network-info": "conn_type=Ipv4;addr=72.49.29.93;act_addr_fam=InterNetwork;",
        "x-ms-keyvault-region": "westus2",
        "x-ms-keyvault-service-version": "1.9.264.2",
        "x-ms-request-id": "96eb11be-b692-46bc-921b-07d10c30732c",
        "X-Powered-By": "ASP.NET"
      },
      "ResponseBody": {
        "recoveryId": "https://fakekvurl.vault.azure.net/deletedcertificates/cert2648374337",
        "deletedDate": 1643667157,
        "scheduledPurgeDate": 1644271957,
        "id": "https://fakekvurl.vault.azure.net/certificates/cert2648374337/71d7ac6f66c942098d84b591062503ed",
        "attributes": {
          "enabled": false,
          "nbf": 1643666556,
          "exp": 1675203156,
          "created": 1643667156,
          "updated": 1643667156,
          "recoveryLevel": "CustomizedRecoverable\u002BPurgeable",
          "recoverableDays": 7
        },
        "policy": {
          "id": "https://fakekvurl.vault.azure.net/certificates/cert2648374337/policy",
          "key_props": {
            "exportable": true,
            "kty": "RSA",
            "key_size": 2048,
            "reuse_key": false
          },
          "secret_props": {
            "contentType": "application/x-pkcs12"
          },
          "x509_props": {
            "subject": "CN=DefaultPolicy",
            "sans": {},
            "ekus": [
              "1.3.6.1.5.5.7.3.1",
              "1.3.6.1.5.5.7.3.2"
            ],
            "key_usage": [
              "digitalSignature",
              "keyEncipherment"
            ],
            "validity_months": 12,
            "basic_constraints": {
              "ca": false
            }
          },
          "lifetime_actions": [
            {
              "trigger": {
                "lifetime_percentage": 80
              },
              "action": {
                "action_type": "AutoRenew"
              }
            }
          ],
          "issuer": {
            "name": "Self"
          },
          "attributes": {
            "enabled": true,
            "created": 1643667157,
            "updated": 1643667157
          }
        },
        "pending": {
          "id": "https://fakekvurl.vault.azure.net/certificates/cert2648374337/pending"
        }
      }
    },
    {
      "RequestUri": "https://fakekvurl.vault.azure.net/deletedcertificates/cert2648374337?api-version=7.3",
      "RequestMethod": "GET",
      "RequestHeaders": {
        ":method": "GET",
        "Accept": "application/json",
        "Accept-Encoding": "gzip",
        "Authorization": "Sanitized",
        "User-Agent": "azsdk-go-generated/v0.1.0 azsdk-go-azcore/v0.21.0 (go1.17; Windows_NT)"
      },
      "RequestBody": null,
      "StatusCode": 404,
      "ResponseHeaders": {
        "Cache-Control": "no-cache",
        "Content-Length": "98",
        "Content-Type": "application/json; charset=utf-8",
        "Date": "Mon, 31 Jan 2022 22:12:37 GMT",
        "Expires": "-1",
        "Pragma": "no-cache",
        "Strict-Transport-Security": "max-age=31536000;includeSubDomains",
        "X-Content-Type-Options": "nosniff",
        "x-ms-keyvault-network-info": "conn_type=Ipv4;addr=72.49.29.93;act_addr_fam=InterNetwork;",
        "x-ms-keyvault-region": "westus2",
        "x-ms-keyvault-service-version": "1.9.264.2",
        "x-ms-request-id": "b2a54df1-603d-47d9-924e-c7e777093d8d",
        "X-Powered-By": "ASP.NET"
      },
      "ResponseBody": {
        "error": {
          "code": "CertificateNotFound",
          "message": "Deleted Certificate not found: cert2648374337"
        }
      }
    },
    {
      "RequestUri": "https://fakekvurl.vault.azure.net/deletedcertificates/cert2648374337?api-version=7.3",
      "RequestMethod": "GET",
      "RequestHeaders": {
        ":method": "GET",
        "Accept": "application/json",
        "Accept-Encoding": "gzip",
        "Authorization": "Sanitized",
        "User-Agent": "azsdk-go-generated/v0.1.0 azsdk-go-azcore/v0.21.0 (go1.17; Windows_NT)"
      },
      "RequestBody": null,
      "StatusCode": 404,
      "ResponseHeaders": {
        "Cache-Control": "no-cache",
        "Content-Length": "98",
        "Content-Type": "application/json; charset=utf-8",
        "Date": "Mon, 31 Jan 2022 22:12:37 GMT",
        "Expires": "-1",
        "Pragma": "no-cache",
        "Strict-Transport-Security": "max-age=31536000;includeSubDomains",
        "X-Content-Type-Options": "nosniff",
        "x-ms-keyvault-network-info": "conn_type=Ipv4;addr=72.49.29.93;act_addr_fam=InterNetwork;",
        "x-ms-keyvault-region": "westus2",
        "x-ms-keyvault-service-version": "1.9.264.2",
        "x-ms-request-id": "81ce73ab-1f03-4329-8251-2de7ebcdfbc6",
        "X-Powered-By": "ASP.NET"
      },
      "ResponseBody": {
        "error": {
          "code": "CertificateNotFound",
          "message": "Deleted Certificate not found: cert2648374337"
        }
      }
    },
    {
      "RequestUri": "https://fakekvurl.vault.azure.net/deletedcertificates/cert2648374337?api-version=7.3",
      "RequestMethod": "GET",
      "RequestHeaders": {
        ":method": "GET",
        "Accept": "application/json",
        "Accept-Encoding": "gzip",
        "Authorization": "Sanitized",
        "User-Agent": "azsdk-go-generated/v0.1.0 azsdk-go-azcore/v0.21.0 (go1.17; Windows_NT)"
      },
      "RequestBody": null,
      "StatusCode": 200,
      "ResponseHeaders": {
        "Cache-Control": "no-cache",
        "Content-Length": "1131",
        "Content-Type": "application/json; charset=utf-8",
        "Date": "Mon, 31 Jan 2022 22:12:39 GMT",
        "Expires": "-1",
        "Pragma": "no-cache",
        "Strict-Transport-Security": "max-age=31536000;includeSubDomains",
        "X-Content-Type-Options": "nosniff",
        "x-ms-keyvault-network-info": "conn_type=Ipv4;addr=72.49.29.93;act_addr_fam=InterNetwork;",
        "x-ms-keyvault-region": "westus2",
        "x-ms-keyvault-service-version": "1.9.264.2",
        "x-ms-request-id": "313b4532-a170-4fbd-ab29-1373a77689c8",
        "X-Powered-By": "ASP.NET"
      },
      "ResponseBody": {
        "recoveryId": "https://fakekvurl.vault.azure.net/deletedcertificates/cert2648374337",
        "deletedDate": 1643667157,
        "scheduledPurgeDate": 1644271957,
        "id": "https://fakekvurl.vault.azure.net/certificates/cert2648374337/71d7ac6f66c942098d84b591062503ed",
        "attributes": {
          "enabled": false,
          "nbf": 1643666556,
          "exp": 1675203156,
          "created": 1643667156,
          "updated": 1643667156,
          "recoveryLevel": "CustomizedRecoverable\u002BPurgeable",
          "recoverableDays": 7
        },
        "policy": {
          "id": "https://fakekvurl.vault.azure.net/certificates/cert2648374337/policy",
          "key_props": {
            "exportable": true,
            "kty": "RSA",
            "key_size": 2048,
            "reuse_key": false
          },
          "secret_props": {
            "contentType": "application/x-pkcs12"
          },
          "x509_props": {
            "subject": "CN=DefaultPolicy",
            "sans": {},
            "ekus": [
              "1.3.6.1.5.5.7.3.1",
              "1.3.6.1.5.5.7.3.2"
            ],
            "key_usage": [
              "digitalSignature",
              "keyEncipherment"
            ],
            "validity_months": 12,
            "basic_constraints": {
              "ca": false
            }
          },
          "lifetime_actions": [
            {
              "trigger": {
                "lifetime_percentage": 80
              },
              "action": {
                "action_type": "AutoRenew"
              }
            }
          ],
          "issuer": {
            "name": "Self"
          },
          "attributes": {
            "enabled": true,
            "created": 1643667157,
            "updated": 1643667157
          }
        },
        "pending": {
          "id": "https://fakekvurl.vault.azure.net/certificates/cert2648374337/pending"
        }
      }
    },
    {
      "RequestUri": "https://fakekvurl.vault.azure.net/deletedcertificates/cert2648374337?api-version=7.3",
      "RequestMethod": "DELETE",
      "RequestHeaders": {
        "Accept": "application/json",
        "Accept-Encoding": "gzip",
        "Authorization": "Sanitized",
        "User-Agent": "azsdk-go-generated/v0.1.0 azsdk-go-azcore/v0.21.0 (go1.17; Windows_NT)"
      },
      "RequestBody": null,
      "StatusCode": 204,
      "ResponseHeaders": {
        "Cache-Control": "no-cache",
        "Date": "Mon, 31 Jan 2022 22:12:39 GMT",
        "Expires": "-1",
        "Pragma": "no-cache",
        "Strict-Transport-Security": "max-age=31536000;includeSubDomains",
        "X-Content-Type-Options": "nosniff",
        "x-ms-keyvault-network-info": "conn_type=Ipv4;addr=72.49.29.93;act_addr_fam=InterNetwork;",
        "x-ms-keyvault-region": "westus2",
        "x-ms-keyvault-service-version": "1.9.264.2",
        "x-ms-request-id": "472772fb-0152-4451-9388-63b8402cb663",
        "X-Powered-By": "ASP.NET"
      },
      "ResponseBody": null
    }
  ],
  "Variables": {}
}
