{
  "Entries": [
    {
      "RequestUri": "https://fakekvurl.managedhsm.azure.net/keys/key2201827963/create?api-version=7.3-preview",
      "RequestMethod": "POST",
      "RequestHeaders": {
        ":authority": "localhost:5001",
        ":method": "POST",
        ":path": "/keys/key2201827963/create?api-version=7.3-preview",
        ":scheme": "https",
        "Accept": "application/json",
        "Accept-Encoding": "gzip",
        "Content-Length": "0",
        "User-Agent": "azsdk-go-internal/v0.1.1 azsdk-go-azcore/v0.20.0 (go1.17; Windows_NT)"
      },
      "RequestBody": null,
      "StatusCode": 401,
      "ResponseHeaders": {
        "Cache-Control": "no-cache",
        "Content-Length": "0",
        "Content-Security-Policy": "default-src \u0027self\u0027",
        "Content-Type": "application/json; charset=utf-8",
        "Strict-Transport-Security": "max-age=31536000; includeSubDomains",
        "WWW-Authenticate": "Bearer authorization=\u0022https://login.microsoftonline.com/00000000-0000-0000-0000-000000000000\u0022, resource=\u0022https://managedhsm.azure.net\u0022",
        "X-Content-Type-Options": "nosniff",
        "X-Frame-Options": "SAMEORIGIN",
        "x-ms-request-id": "aa594e1e-61b3-11ec-985f-000d3aec06d7",
        "x-ms-server-latency": "0"
      },
      "ResponseBody": null
    },
    {
      "RequestUri": "https://fakekvurl.managedhsm.azure.net/keys/key2201827963/create?api-version=7.3-preview",
      "RequestMethod": "POST",
      "RequestHeaders": {
        ":authority": "localhost:5001",
        ":method": "POST",
        ":path": "/keys/key2201827963/create?api-version=7.3-preview",
        ":scheme": "https",
        "Accept": "application/json",
        "Accept-Encoding": "gzip",
        "Authorization": "Sanitized",
        "Content-Length": "13",
        "Content-Type": "application/json",
        "User-Agent": "azsdk-go-internal/v0.1.1 azsdk-go-azcore/v0.20.0 (go1.17; Windows_NT)"
      },
      "RequestBody": {
        "kty": "RSA"
      },
      "StatusCode": 200,
      "ResponseHeaders": {
        "Cache-Control": "no-cache",
        "Content-Length": "716",
        "Content-Security-Policy": "default-src \u0027self\u0027",
        "Content-Type": "application/json; charset=utf-8",
        "Strict-Transport-Security": "max-age=31536000; includeSubDomains",
        "X-Content-Type-Options": "nosniff",
        "X-Frame-Options": "SAMEORIGIN",
        "x-ms-keyvault-network-info": "conn_type=Ipv4;addr=72.49.29.93;act_addr_fam=Ipv4;",
        "x-ms-keyvault-region": "southcentralus",
        "x-ms-request-id": "aa902704-61b3-11ec-985f-000d3aec06d7",
        "x-ms-server-latency": "225"
      },
      "ResponseBody": {
        "attributes": {
          "created": 1640018483,
          "enabled": true,
          "exportable": false,
          "recoverableDays": 7,
          "recoveryLevel": "CustomizedRecoverable\u002BPurgeable",
          "updated": 1640018483
        },
        "key": {
          "e": "AQAB",
          "key_ops": [
            "wrapKey",
            "decrypt",
            "encrypt",
            "unwrapKey",
            "sign",
            "verify"
          ],
          "kid": "https://rosebudhsm.managedhsm.azure.net/keys/key2201827963/ddc161944abe0e1d898762c03e3dd087",
          "kty": "RSA-HSM",
          "n": "rlLaB8Ndm8JCkRNDhbgQdHtSYl7UNe0YX5pMw4X_IQg_baOkhAq7JyyX8t3onGbFQsfQbla-JJNnikvTCLY2TGFIYbWAuwj4ONRTtEI3GDMVZcGUydw1-mV1X-Y6S0fyb8qJuif3IgcN-kB-r7bmbbcy-tvChfWHFCd1cdehiV2xWk22taPiYVGOIpkJ9diMmFMsDm16NkdP_mrx1ZeMA-Ha_aOOVaPB50Ul6rSgTslUKxZSwje0cIsvPuRujZIOBvoLAjkEPxWqmMEJOpPte2-bEz9vPYTEcgHOLhLYzrtRJvNH_HJcOwEQvI2NoY8CLGGQ5tIH8Si_5vsSjcL0TQ"
        }
      }
    },
    {
      "RequestUri": "https://fakekvurl.managedhsm.azure.net/keys/key2201827963/create?api-version=7.3-preview",
      "RequestMethod": "POST",
      "RequestHeaders": {
        ":authority": "localhost:5001",
        ":method": "POST",
        ":path": "/keys/key2201827963/create?api-version=7.3-preview",
        ":scheme": "https",
        "Accept": "application/json",
        "Accept-Encoding": "gzip",
        "Authorization": "Sanitized",
        "Content-Length": "13",
        "Content-Type": "application/json",
        "User-Agent": "azsdk-go-internal/v0.1.1 azsdk-go-azcore/v0.20.0 (go1.17; Windows_NT)"
      },
      "RequestBody": {
        "kty": "RSA"
      },
      "StatusCode": 200,
      "ResponseHeaders": {
        "Cache-Control": "no-cache",
        "Content-Length": "716",
        "Content-Security-Policy": "default-src \u0027self\u0027",
        "Content-Type": "application/json; charset=utf-8",
        "Strict-Transport-Security": "max-age=31536000; includeSubDomains",
        "X-Content-Type-Options": "nosniff",
        "X-Frame-Options": "SAMEORIGIN",
        "x-ms-keyvault-network-info": "conn_type=Ipv4;addr=72.49.29.93;act_addr_fam=Ipv4;",
        "x-ms-keyvault-region": "southcentralus",
        "x-ms-request-id": "aabcb684-61b3-11ec-985f-000d3aec06d7",
        "x-ms-server-latency": "303"
      },
      "ResponseBody": {
        "attributes": {
          "created": 1640018483,
          "enabled": true,
          "exportable": false,
          "recoverableDays": 7,
          "recoveryLevel": "CustomizedRecoverable\u002BPurgeable",
          "updated": 1640018483
        },
        "key": {
          "e": "AQAB",
          "key_ops": [
            "wrapKey",
            "sign",
            "verify",
            "encrypt",
            "decrypt",
            "unwrapKey"
          ],
          "kid": "https://rosebudhsm.managedhsm.azure.net/keys/key2201827963/1d56e2806f310d95303fb1d8279cc76f",
          "kty": "RSA-HSM",
          "n": "pTHSxrE6cRlhIRxDwOzNsLzy-LxrFQimFORGklT4Ft9H_xhUCs3bH6m2aCFhcX6OS2KceZ6zy9-E0aJWui464ARLQT3lJDooGgnEceLu4tl0WVlb4qqIFBn6FPtFRgpT6td33NDZXfqLZ6fjLXfEkQ-14nLyjYAlJmNwjaoVADonXqe9xR_vnrrJalv4MHh9dBCQcc1isKBu0lRV1gwUTBLh6f4YSDFwEIyk-5mETMIRQlvu_s178Zd-8cQzZ2g0cMUGaJUPuPWnh9n6F6Sj3LN5inh9EDqwa0epYxZSYakanjsrO3cZmCNEdAabKBX0-a0KwQezqeAw1plrroFVjw"
        }
      }
    },
    {
      "RequestUri": "https://fakekvurl.managedhsm.azure.net/keys/key2201827963/create?api-version=7.3-preview",
      "RequestMethod": "POST",
      "RequestHeaders": {
        ":authority": "localhost:5001",
        ":method": "POST",
        ":path": "/keys/key2201827963/create?api-version=7.3-preview",
        ":scheme": "https",
        "Accept": "application/json",
        "Accept-Encoding": "gzip",
        "Authorization": "Sanitized",
        "Content-Length": "13",
        "Content-Type": "application/json",
        "User-Agent": "azsdk-go-internal/v0.1.1 azsdk-go-azcore/v0.20.0 (go1.17; Windows_NT)"
      },
      "RequestBody": {
        "kty": "RSA"
      },
      "StatusCode": 200,
      "ResponseHeaders": {
        "Cache-Control": "no-cache",
        "Content-Length": "716",
        "Content-Security-Policy": "default-src \u0027self\u0027",
        "Content-Type": "application/json; charset=utf-8",
        "Strict-Transport-Security": "max-age=31536000; includeSubDomains",
        "X-Content-Type-Options": "nosniff",
        "X-Frame-Options": "SAMEORIGIN",
        "x-ms-keyvault-network-info": "conn_type=Ipv4;addr=72.49.29.93;act_addr_fam=Ipv4;",
        "x-ms-keyvault-region": "southcentralus",
        "x-ms-request-id": "aaf51e0c-61b3-11ec-985f-000d3aec06d7",
        "x-ms-server-latency": "290"
      },
      "ResponseBody": {
        "attributes": {
          "created": 1640018483,
          "enabled": true,
          "exportable": false,
          "recoverableDays": 7,
          "recoveryLevel": "CustomizedRecoverable\u002BPurgeable",
          "updated": 1640018483
        },
        "key": {
          "e": "AQAB",
          "key_ops": [
            "wrapKey",
            "sign",
            "verify",
            "encrypt",
            "decrypt",
            "unwrapKey"
          ],
          "kid": "https://rosebudhsm.managedhsm.azure.net/keys/key2201827963/d23d776cd0114e5d993c3bc3bb0ee0a7",
          "kty": "RSA-HSM",
          "n": "rQpmpU_VIkaG2ypcPVf2x8n46aLNjrvgLmaHXV-nv7qspG3Axg7wCKnqO46GWPsrQ4leIz3HjAQoTIA3koLbAwiFbfQm4ZQxBSP9Jr3cFW2zQqr_D0PLL92i1XbxINquOFf7wQVsJVOf46G5B_COk5I7LROimo4Zq93lqej7WdEAYQzLBhRD7SIqwMwKrVi0f6lTp_mhll9c98MIh6-7Re4AIIsXi4ubJLEI_VNSqM1pYRtvD9h2ddxfn9DTnrgdJ2sLF0F-3Lx-KRhC6si21AD_KlV_4FWDjBz7_nrYDN1c7igCdYEKStUuPpPRSgKqFsIx8wUNd67SzHDLp95fKQ"
        }
      }
    },
    {
      "RequestUri": "https://fakekvurl.managedhsm.azure.net/keys/key2201827963/create?api-version=7.3-preview",
      "RequestMethod": "POST",
      "RequestHeaders": {
        ":authority": "localhost:5001",
        ":method": "POST",
        ":path": "/keys/key2201827963/create?api-version=7.3-preview",
        ":scheme": "https",
        "Accept": "application/json",
        "Accept-Encoding": "gzip",
        "Authorization": "Sanitized",
        "Content-Length": "13",
        "Content-Type": "application/json",
        "User-Agent": "azsdk-go-internal/v0.1.1 azsdk-go-azcore/v0.20.0 (go1.17; Windows_NT)"
      },
      "RequestBody": {
        "kty": "RSA"
      },
      "StatusCode": 200,
      "ResponseHeaders": {
        "Cache-Control": "no-cache",
        "Content-Length": "716",
        "Content-Security-Policy": "default-src \u0027self\u0027",
        "Content-Type": "application/json; charset=utf-8",
        "Strict-Transport-Security": "max-age=31536000; includeSubDomains",
        "X-Content-Type-Options": "nosniff",
        "X-Frame-Options": "SAMEORIGIN",
        "x-ms-keyvault-network-info": "conn_type=Ipv4;addr=72.49.29.93;act_addr_fam=Ipv4;",
        "x-ms-keyvault-region": "southcentralus",
        "x-ms-request-id": "ab2b7d58-61b3-11ec-985f-000d3aec06d7",
        "x-ms-server-latency": "311"
      },
      "ResponseBody": {
        "attributes": {
          "created": 1640018484,
          "enabled": true,
          "exportable": false,
          "recoverableDays": 7,
          "recoveryLevel": "CustomizedRecoverable\u002BPurgeable",
          "updated": 1640018484
        },
        "key": {
          "e": "AQAB",
          "key_ops": [
            "wrapKey",
            "sign",
            "verify",
            "encrypt",
            "decrypt",
            "unwrapKey"
          ],
          "kid": "https://rosebudhsm.managedhsm.azure.net/keys/key2201827963/ab89ce2c997f490d9eedcd578e95931e",
          "kty": "RSA-HSM",
          "n": "3AfiR1j4W5IYtvKoY1oQPYJE6zEqEzcNaObCjpsGGEKusIOGY9xscgRUz5cclZZfw59C4wPnCG8yq-hl37kOqbpwheLOnrvQOV54czL4x235bd61mMUTh7eFm6bvnqfuEajXxlOVmLyzo7hXEaLEKEeGH3YIkVI3wLUa5kfh_cPsbVnEWuziTk-llcIo9ft_MPjVnabUMCLz2dd_VoNlwFB2zXlcAmaM_D83DIJW1Ux7-X1FhXgmPjSIA3LINihe8wSzPUvip9yTpq18dqKXisOcGx_593abfHM_4hBrHMS7LOd4XqyhBAX2rV5N6zzkc8zLA6spclWpa5g9hF94UQ"
        }
      }
    },
    {
      "RequestUri": "https://fakekvurl.managedhsm.azure.net/keys/key2201827963/create?api-version=7.3-preview",
      "RequestMethod": "POST",
      "RequestHeaders": {
        ":authority": "localhost:5001",
        ":method": "POST",
        ":path": "/keys/key2201827963/create?api-version=7.3-preview",
        ":scheme": "https",
        "Accept": "application/json",
        "Accept-Encoding": "gzip",
        "Authorization": "Sanitized",
        "Content-Length": "13",
        "Content-Type": "application/json",
        "User-Agent": "azsdk-go-internal/v0.1.1 azsdk-go-azcore/v0.20.0 (go1.17; Windows_NT)"
      },
      "RequestBody": {
        "kty": "RSA"
      },
      "StatusCode": 200,
      "ResponseHeaders": {
        "Cache-Control": "no-cache",
        "Content-Length": "716",
        "Content-Security-Policy": "default-src \u0027self\u0027",
        "Content-Type": "application/json; charset=utf-8",
        "Strict-Transport-Security": "max-age=31536000; includeSubDomains",
        "X-Content-Type-Options": "nosniff",
        "X-Frame-Options": "SAMEORIGIN",
        "x-ms-keyvault-network-info": "conn_type=Ipv4;addr=72.49.29.93;act_addr_fam=Ipv4;",
        "x-ms-keyvault-region": "southcentralus",
        "x-ms-request-id": "ab6550b4-61b3-11ec-985f-000d3aec06d7",
        "x-ms-server-latency": "312"
      },
      "ResponseBody": {
        "attributes": {
          "created": 1640018484,
          "enabled": true,
          "exportable": false,
          "recoverableDays": 7,
          "recoveryLevel": "CustomizedRecoverable\u002BPurgeable",
          "updated": 1640018484
        },
        "key": {
          "e": "AQAB",
          "key_ops": [
            "wrapKey",
            "sign",
            "verify",
            "encrypt",
            "decrypt",
            "unwrapKey"
          ],
          "kid": "https://rosebudhsm.managedhsm.azure.net/keys/key2201827963/daf3fe4135b80b502dce1d7126f93fa1",
          "kty": "RSA-HSM",
          "n": "61uiXPvtVtKqOimhcg9b95aZOAs7JokoK82f7ZR4GAhw1gFxXZTwf3Hi_F79hvcyafEckgmcNQH9yUilAnjRIVipVrnGuV5NlDfoTOLN6F1vwNOq5bQSmhlzNXDhnBBlJYpsoKmvBr38Iug2UZhiCyZG2khbSyBGI_shPEws9G0pEAab5oy6qqdu4y7L7Ebsa2rvVyatr9_1hPYVtzD5J3ITR6eAbIF-lLMGtW1Y36FReyqR_KAMixIG0PNzLt5I3vhksIKLL8Fd4pGDdyZPC0RpryrCWda1wpYgcLrM2p1hVjj6cEFPBnsxoBm9qUpkKQK94vfml5Oon1CJT2Q75Q"
        }
      }
    },
    {
      "RequestUri": "https://fakekvurl.managedhsm.azure.net/keys/key2201827963/create?api-version=7.3-preview",
      "RequestMethod": "POST",
      "RequestHeaders": {
        ":authority": "localhost:5001",
        ":method": "POST",
        ":path": "/keys/key2201827963/create?api-version=7.3-preview",
        ":scheme": "https",
        "Accept": "application/json",
        "Accept-Encoding": "gzip",
        "Authorization": "Sanitized",
        "Content-Length": "13",
        "Content-Type": "application/json",
        "User-Agent": "azsdk-go-internal/v0.1.1 azsdk-go-azcore/v0.20.0 (go1.17; Windows_NT)"
      },
      "RequestBody": {
        "kty": "RSA"
      },
      "StatusCode": 200,
      "ResponseHeaders": {
        "Cache-Control": "no-cache",
        "Content-Length": "716",
        "Content-Security-Policy": "default-src \u0027self\u0027",
        "Content-Type": "application/json; charset=utf-8",
        "Strict-Transport-Security": "max-age=31536000; includeSubDomains",
        "X-Content-Type-Options": "nosniff",
        "X-Frame-Options": "SAMEORIGIN",
        "x-ms-keyvault-network-info": "conn_type=Ipv4;addr=72.49.29.93;act_addr_fam=Ipv4;",
        "x-ms-keyvault-region": "southcentralus",
        "x-ms-request-id": "ab9f131c-61b3-11ec-985f-000d3aec06d7",
        "x-ms-server-latency": "291"
      },
      "ResponseBody": {
        "attributes": {
          "created": 1640018484,
          "enabled": true,
          "exportable": false,
          "recoverableDays": 7,
          "recoveryLevel": "CustomizedRecoverable\u002BPurgeable",
          "updated": 1640018484
        },
        "key": {
          "e": "AQAB",
          "key_ops": [
            "wrapKey",
            "sign",
            "verify",
            "encrypt",
            "decrypt",
            "unwrapKey"
          ],
          "kid": "https://rosebudhsm.managedhsm.azure.net/keys/key2201827963/5cc3dcdd32fc4cd58e9caac53ce10425",
          "kty": "RSA-HSM",
          "n": "q8Ak62c4Nvtw0i8JS_aXFzEcntlM2Wb0_CjSHfrSHtCRyHg9DpNMml8GIRfavTYP48_lksYRNI3_8K-8-ucmEXM5XMqAEKyNNdo3MzKlHu-0e72zdAuqK2bdx3UsqDfpE81sPb-Iqb4kmWWjDrJypD22RhCiQYj548ncGCpqeSt-Ktm4ISHCB0zhiTMzfp4ElZVFrrnP4EGyvY7a3qUBhD0PbQY3sVCUJuYq3pbFrXkJuS0bO9rYNAowTN9E-KfZYxufEATkiHERnWU0tVT44Uj2b98nr3z1fltscdPH4K1nNyKzCDcQ1wjrjONoSDhpaXpa_YFcBoMVP0YHvgBSYw"
        }
      }
    },
    {
      "RequestUri": "https://fakekvurl.managedhsm.azure.net/keys/key2201827963/versions?api-version=7.3-preview",
      "RequestMethod": "GET",
      "RequestHeaders": {
        ":authority": "localhost:5001",
        ":method": "GET",
        ":path": "/keys/key2201827963/versions?api-version=7.3-preview",
        ":scheme": "https",
        "Accept": "application/json",
        "Accept-Encoding": "gzip",
        "Authorization": "Sanitized",
        "User-Agent": "azsdk-go-internal/v0.1.1 azsdk-go-azcore/v0.20.0 (go1.17; Windows_NT)"
      },
      "RequestBody": null,
      "StatusCode": 200,
      "ResponseHeaders": {
        "Cache-Control": "no-cache",
        "Content-Length": "1589",
        "Content-Security-Policy": "default-src \u0027self\u0027",
        "Content-Type": "application/json; charset=utf-8",
        "Strict-Transport-Security": "max-age=31536000; includeSubDomains",
        "X-Content-Type-Options": "nosniff",
        "X-Frame-Options": "SAMEORIGIN",
        "x-ms-build-version": "1.0.20211206-1-be739728-develop",
        "x-ms-keyvault-network-info": "conn_type=Ipv4;addr=72.49.29.93;act_addr_fam=Ipv4;",
        "x-ms-keyvault-region": "southcentralus",
        "x-ms-request-id": "abd7b3ac-61b3-11ec-985f-000d3aec06d7",
        "x-ms-server-latency": "100"
      },
      "ResponseBody": {
        "value": [
          {
            "attributes": {
              "created": 1640018483,
              "enabled": true,
              "exportable": false,
              "recoverableDays": 7,
              "recoveryLevel": "CustomizedRecoverable\u002BPurgeable",
              "updated": 1640018483
            },
            "kid": "https://rosebudhsm.managedhsm.azure.net/keys/key2201827963/ddc161944abe0e1d898762c03e3dd087"
          },
          {
            "attributes": {
              "created": 1640018483,
              "enabled": true,
              "exportable": false,
              "recoverableDays": 7,
              "recoveryLevel": "CustomizedRecoverable\u002BPurgeable",
              "updated": 1640018483
            },
            "kid": "https://rosebudhsm.managedhsm.azure.net/keys/key2201827963/1d56e2806f310d95303fb1d8279cc76f"
          },
          {
            "attributes": {
              "created": 1640018483,
              "enabled": true,
              "exportable": false,
              "recoverableDays": 7,
              "recoveryLevel": "CustomizedRecoverable\u002BPurgeable",
              "updated": 1640018483
            },
            "kid": "https://rosebudhsm.managedhsm.azure.net/keys/key2201827963/d23d776cd0114e5d993c3bc3bb0ee0a7"
          },
          {
            "attributes": {
              "created": 1640018484,
              "enabled": true,
              "exportable": false,
              "recoverableDays": 7,
              "recoveryLevel": "CustomizedRecoverable\u002BPurgeable",
              "updated": 1640018484
            },
            "kid": "https://rosebudhsm.managedhsm.azure.net/keys/key2201827963/ab89ce2c997f490d9eedcd578e95931e"
          },
          {
            "attributes": {
              "created": 1640018484,
              "enabled": true,
              "exportable": false,
              "recoverableDays": 7,
              "recoveryLevel": "CustomizedRecoverable\u002BPurgeable",
              "updated": 1640018484
            },
            "kid": "https://rosebudhsm.managedhsm.azure.net/keys/key2201827963/daf3fe4135b80b502dce1d7126f93fa1"
          },
          {
            "attributes": {
              "created": 1640018484,
              "enabled": true,
              "exportable": false,
              "recoverableDays": 7,
              "recoveryLevel": "CustomizedRecoverable\u002BPurgeable",
              "updated": 1640018484
            },
            "kid": "https://rosebudhsm.managedhsm.azure.net/keys/key2201827963/5cc3dcdd32fc4cd58e9caac53ce10425"
          }
        ]
      }
    },
    {
      "RequestUri": "https://fakekvurl.managedhsm.azure.net/keys/key2201827963?api-version=7.3-preview",
      "RequestMethod": "DELETE",
      "RequestHeaders": {
        ":authority": "localhost:5001",
        ":method": "DELETE",
        ":path": "/keys/key2201827963?api-version=7.3-preview",
        ":scheme": "https",
        "Accept": "application/json",
        "Accept-Encoding": "gzip",
        "Authorization": "Sanitized",
        "User-Agent": "azsdk-go-internal/v0.1.1 azsdk-go-azcore/v0.20.0 (go1.17; Windows_NT)"
      },
      "RequestBody": null,
      "StatusCode": 200,
      "ResponseHeaders": {
        "Cache-Control": "no-cache",
        "Content-Length": "854",
        "Content-Security-Policy": "default-src \u0027self\u0027",
        "Content-Type": "application/json; charset=utf-8",
        "Strict-Transport-Security": "max-age=31536000; includeSubDomains",
        "X-Content-Type-Options": "nosniff",
        "X-Frame-Options": "SAMEORIGIN",
        "x-ms-keyvault-network-info": "conn_type=Ipv4;addr=72.49.29.93;act_addr_fam=Ipv4;",
        "x-ms-keyvault-region": "southcentralus",
        "x-ms-request-id": "abf16720-61b3-11ec-985f-000d3aec06d7",
        "x-ms-server-latency": "90"
      },
      "ResponseBody": {
        "attributes": {
          "created": 1640018484,
          "enabled": true,
          "exportable": false,
          "recoverableDays": 7,
          "recoveryLevel": "CustomizedRecoverable\u002BPurgeable",
          "updated": 1640018484
        },
        "deletedDate": 1640018485,
        "key": {
          "e": "AQAB",
          "key_ops": [
            "wrapKey",
            "sign",
            "verify",
            "encrypt",
            "decrypt",
            "unwrapKey"
          ],
          "kid": "https://rosebudhsm.managedhsm.azure.net/keys/key2201827963/5cc3dcdd32fc4cd58e9caac53ce10425",
          "kty": "RSA-HSM",
          "n": "q8Ak62c4Nvtw0i8JS_aXFzEcntlM2Wb0_CjSHfrSHtCRyHg9DpNMml8GIRfavTYP48_lksYRNI3_8K-8-ucmEXM5XMqAEKyNNdo3MzKlHu-0e72zdAuqK2bdx3UsqDfpE81sPb-Iqb4kmWWjDrJypD22RhCiQYj548ncGCpqeSt-Ktm4ISHCB0zhiTMzfp4ElZVFrrnP4EGyvY7a3qUBhD0PbQY3sVCUJuYq3pbFrXkJuS0bO9rYNAowTN9E-KfZYxufEATkiHERnWU0tVT44Uj2b98nr3z1fltscdPH4K1nNyKzCDcQ1wjrjONoSDhpaXpa_YFcBoMVP0YHvgBSYw"
        },
        "recoveryId": "https://rosebudhsm.managedhsm.azure.net/deletedkeys/key2201827963",
        "scheduledPurgeDate": 1640623285
      }
    },
    {
      "RequestUri": "https://fakekvurl.managedhsm.azure.net/deletedkeys/key2201827963?api-version=7.3-preview",
      "RequestMethod": "GET",
      "RequestHeaders": {
        ":authority": "localhost:5001",
        ":method": "GET",
        ":path": "/deletedkeys/key2201827963?api-version=7.3-preview",
        ":scheme": "https",
        "Accept": "application/json",
        "Accept-Encoding": "gzip",
        "Authorization": "Sanitized",
        "User-Agent": "azsdk-go-internal/v0.1.1 azsdk-go-azcore/v0.20.0 (go1.17; Windows_NT)"
      },
      "RequestBody": null,
      "StatusCode": 200,
      "ResponseHeaders": {
        "Cache-Control": "no-cache",
        "Content-Length": "854",
        "Content-Security-Policy": "default-src \u0027self\u0027",
        "Content-Type": "application/json; charset=utf-8",
        "Strict-Transport-Security": "max-age=31536000; includeSubDomains",
        "X-Content-Type-Options": "nosniff",
        "X-Frame-Options": "SAMEORIGIN",
        "x-ms-build-version": "1.0.20211206-1-be739728-develop",
        "x-ms-keyvault-network-info": "conn_type=Ipv4;addr=72.49.29.93;act_addr_fam=Ipv4;",
        "x-ms-keyvault-region": "southcentralus",
        "x-ms-request-id": "ac09ce96-61b3-11ec-985f-000d3aec06d7",
        "x-ms-server-latency": "34"
      },
      "ResponseBody": {
        "attributes": {
          "created": 1640018484,
          "enabled": true,
          "exportable": false,
          "recoverableDays": 7,
          "recoveryLevel": "CustomizedRecoverable\u002BPurgeable",
          "updated": 1640018484
        },
        "deletedDate": 1640018485,
        "key": {
          "e": "AQAB",
          "key_ops": [
            "unwrapKey",
            "decrypt",
            "encrypt",
            "verify",
            "sign",
            "wrapKey"
          ],
          "kid": "https://rosebudhsm.managedhsm.azure.net/keys/key2201827963/5cc3dcdd32fc4cd58e9caac53ce10425",
          "kty": "RSA-HSM",
          "n": "q8Ak62c4Nvtw0i8JS_aXFzEcntlM2Wb0_CjSHfrSHtCRyHg9DpNMml8GIRfavTYP48_lksYRNI3_8K-8-ucmEXM5XMqAEKyNNdo3MzKlHu-0e72zdAuqK2bdx3UsqDfpE81sPb-Iqb4kmWWjDrJypD22RhCiQYj548ncGCpqeSt-Ktm4ISHCB0zhiTMzfp4ElZVFrrnP4EGyvY7a3qUBhD0PbQY3sVCUJuYq3pbFrXkJuS0bO9rYNAowTN9E-KfZYxufEATkiHERnWU0tVT44Uj2b98nr3z1fltscdPH4K1nNyKzCDcQ1wjrjONoSDhpaXpa_YFcBoMVP0YHvgBSYw"
        },
        "recoveryId": "https://rosebudhsm.managedhsm.azure.net/deletedkeys/key2201827963",
        "scheduledPurgeDate": 1640623285
      }
    },
    {
      "RequestUri": "https://fakekvurl.managedhsm.azure.net/deletedkeys/key2201827963?api-version=7.3-preview",
      "RequestMethod": "GET",
      "RequestHeaders": {
        ":authority": "localhost:5001",
        ":method": "GET",
        ":path": "/deletedkeys/key2201827963?api-version=7.3-preview",
        ":scheme": "https",
        "Accept": "application/json",
        "Accept-Encoding": "gzip",
        "Authorization": "Sanitized",
        "User-Agent": "azsdk-go-internal/v0.1.1 azsdk-go-azcore/v0.20.0 (go1.17; Windows_NT)"
      },
      "RequestBody": null,
      "StatusCode": 200,
      "ResponseHeaders": {
        "Cache-Control": "no-cache",
        "Content-Length": "854",
        "Content-Security-Policy": "default-src \u0027self\u0027",
        "Content-Type": "application/json; charset=utf-8",
        "Strict-Transport-Security": "max-age=31536000; includeSubDomains",
        "X-Content-Type-Options": "nosniff",
        "X-Frame-Options": "SAMEORIGIN",
        "x-ms-build-version": "1.0.20211206-1-be739728-develop",
        "x-ms-keyvault-network-info": "conn_type=Ipv4;addr=72.49.29.93;act_addr_fam=Ipv4;",
        "x-ms-keyvault-region": "southcentralus",
        "x-ms-request-id": "ac1960c2-61b3-11ec-985f-000d3aec06d7",
        "x-ms-server-latency": "37"
      },
      "ResponseBody": {
        "attributes": {
          "created": 1640018484,
          "enabled": true,
          "exportable": false,
          "recoverableDays": 7,
          "recoveryLevel": "CustomizedRecoverable\u002BPurgeable",
          "updated": 1640018484
        },
        "deletedDate": 1640018485,
        "key": {
          "e": "AQAB",
          "key_ops": [
            "unwrapKey",
            "decrypt",
            "encrypt",
            "verify",
            "sign",
            "wrapKey"
          ],
          "kid": "https://rosebudhsm.managedhsm.azure.net/keys/key2201827963/5cc3dcdd32fc4cd58e9caac53ce10425",
          "kty": "RSA-HSM",
          "n": "q8Ak62c4Nvtw0i8JS_aXFzEcntlM2Wb0_CjSHfrSHtCRyHg9DpNMml8GIRfavTYP48_lksYRNI3_8K-8-ucmEXM5XMqAEKyNNdo3MzKlHu-0e72zdAuqK2bdx3UsqDfpE81sPb-Iqb4kmWWjDrJypD22RhCiQYj548ncGCpqeSt-Ktm4ISHCB0zhiTMzfp4ElZVFrrnP4EGyvY7a3qUBhD0PbQY3sVCUJuYq3pbFrXkJuS0bO9rYNAowTN9E-KfZYxufEATkiHERnWU0tVT44Uj2b98nr3z1fltscdPH4K1nNyKzCDcQ1wjrjONoSDhpaXpa_YFcBoMVP0YHvgBSYw"
        },
        "recoveryId": "https://rosebudhsm.managedhsm.azure.net/deletedkeys/key2201827963",
        "scheduledPurgeDate": 1640623285
      }
    },
    {
      "RequestUri": "https://fakekvurl.managedhsm.azure.net/deletedkeys/key2201827963?api-version=7.3-preview",
      "RequestMethod": "DELETE",
      "RequestHeaders": {
        ":authority": "localhost:5001",
        ":method": "DELETE",
        ":path": "/deletedkeys/key2201827963?api-version=7.3-preview",
        ":scheme": "https",
        "Accept": "application/json",
        "Accept-Encoding": "gzip",
        "Authorization": "Sanitized",
        "User-Agent": "azsdk-go-internal/v0.1.1 azsdk-go-azcore/v0.20.0 (go1.17; Windows_NT)"
      },
      "RequestBody": null,
      "StatusCode": 204,
      "ResponseHeaders": {
        "Cache-Control": "no-cache",
        "Content-Length": "0",
        "Content-Security-Policy": "default-src \u0027self\u0027",
        "Content-Type": "application/json; charset=utf-8",
        "Strict-Transport-Security": "max-age=31536000; includeSubDomains",
        "X-Content-Type-Options": "nosniff",
        "X-Frame-Options": "SAMEORIGIN",
        "x-ms-keyvault-network-info": "conn_type=Ipv4;addr=72.49.29.93;act_addr_fam=Ipv4;",
        "x-ms-keyvault-region": "southcentralus",
        "x-ms-request-id": "ac295612-61b3-11ec-985f-000d3aec06d7",
        "x-ms-server-latency": "129"
      },
      "ResponseBody": null
    }
  ],
  "Variables": {}
}
