{
  "Entries": [
    {
      "RequestUri": "https://management.azure.com/subscriptions/00000000-0000-0000-0000-000000000000/resourcegroups/go-sdk-test-rg?api-version=2021-04-01",
      "RequestMethod": "PUT",
      "RequestHeaders": {
        "Accept": "application/json",
        "Accept-Encoding": "gzip",
        "Authorization": "Sanitized",
        "Content-Length": "21",
        "Content-Type": "application/json",
        "User-Agent": "azsdk-go-armresources/v1.0.0 (go1.19; Windows_NT)"
      },
      "RequestBody": {
        "location": "westus"
      },
      "StatusCode": 201,
      "ResponseHeaders": {
        "Cache-Control": "no-cache",
        "Content-Length": "225",
        "Content-Type": "application/json; charset=utf-8",
        "Date": "Thu, 03 Nov 2022 08:01:22 GMT",
        "Expires": "-1",
        "Pragma": "no-cache",
        "Strict-Transport-Security": "max-age=31536000; includeSubDomains",
        "X-Content-Type-Options": "nosniff",
        "x-ms-correlation-request-id": "00000000-0000-0000-0000-000000000000",
        "x-ms-ratelimit-remaining-subscription-writes": "1188",
        "x-ms-request-id": "00000000-0000-0000-0000-000000000000",
        "x-ms-routing-request-id": "SOUTHEASTASIA:20221103T080123Z:00000000-0000-0000-0000-000000000000"
      },
      "ResponseBody": {
        "id": "/subscriptions/00000000-0000-0000-0000-000000000000/resourceGroups/go-sdk-test-rg",
        "name": "go-sdk-test-rg",
        "type": "Microsoft.Resources/resourceGroups",
        "location": "westus",
        "properties": {
          "provisioningState": "Succeeded"
        }
      }
    },
    {
      "RequestUri": "https://management.azure.com/subscriptions/00000000-0000-0000-0000-000000000000/resourcegroups/go-sdk-test-rg/providers/Microsoft.OperationalInsights/workspaces/oiintelliagencepackpeY9An?api-version=2021-12-01-preview",
      "RequestMethod": "PUT",
      "RequestHeaders": {
        "Accept": "application/json",
        "Accept-Encoding": "gzip",
        "Authorization": "Sanitized",
        "Content-Length": "84",
        "Content-Type": "application/json",
        "User-Agent": "azsdk-go-armoperationalinsights/v2.0.0-beta.2 (go1.19; Windows_NT)"
      },
      "RequestBody": {
        "location": "westus",
        "properties": {
          "retentionInDays": 30,
          "sku": {
            "name": "PerGB2018"
          }
        }
      },
      "StatusCode": 201,
      "ResponseHeaders": {
        "Access-Control-Allow-Origin": "*",
        "api-supported-versions": "2021-12-01-preview",
        "Cache-Control": "no-cache",
        "Content-Length": "855",
        "Content-Type": "application/json; charset=utf-8",
        "Date": "Thu, 03 Nov 2022 08:01:26 GMT",
        "Expires": "-1",
        "Location": "https://management.azure.com/subscriptions/00000000-0000-0000-0000-000000000000/resourceGroups/go-sdk-test-rg/providers/Microsoft.OperationalInsights/workspaces/oiintelliagencepackpeY9An?api-version=2021-12-01-preview",
        "Pragma": "no-cache",
        "Request-Context": "appId=cid-v1:00000000-0000-0000-0000-000000000000",
        "Strict-Transport-Security": "max-age=31536000; includeSubDomains",
        "X-Content-Type-Options": "nosniff",
        "x-ms-correlation-request-id": "00000000-0000-0000-0000-000000000000",
        "x-ms-ratelimit-remaining-subscription-writes": "1187",
        "x-ms-request-id": "00000000-0000-0000-0000-000000000000",
        "x-ms-routing-request-id": "SOUTHEASTASIA:20221103T080126Z:00000000-0000-0000-0000-000000000000",
        "X-Powered-By": "ASP.NET"
      },
      "ResponseBody": {
        "properties": {
          "customerId": "00000000-0000-0000-0000-000000000000",
          "provisioningState": "Creating",
          "sku": {
            "name": "PerGB2018",
            "lastSkuUpdate": "2022-11-03T08:01:25.5313476Z"
          },
          "retentionInDays": 30,
          "features": {
            "legacy": 0,
            "searchVersion": 1,
            "enableLogAccessUsingOnlyResourcePermissions": true
          },
          "workspaceCapping": {
            "dailyQuotaGb": -1.0,
            "quotaNextResetTime": "2022-11-04T02:00:00Z",
            "dataIngestionStatus": "RespectQuota"
          },
          "publicNetworkAccessForIngestion": "Enabled",
          "publicNetworkAccessForQuery": "Enabled",
          "createdDate": "2022-11-03T08:01:25.5313476Z",
          "modifiedDate": "2022-11-03T08:01:25.5313476Z"
        },
        "location": "westus",
        "id": "/subscriptions/00000000-0000-0000-0000-000000000000/resourceGroups/go-sdk-test-rg/providers/Microsoft.OperationalInsights/workspaces/oiintelliagencepackpeY9An",
        "name": "oiintelliagencepackpeY9An",
        "type": "Microsoft.OperationalInsights/workspaces"
      }
    },
    {
      "RequestUri": "https://management.azure.com/subscriptions/00000000-0000-0000-0000-000000000000/resourceGroups/go-sdk-test-rg/providers/Microsoft.OperationalInsights/workspaces/oiintelliagencepackpeY9An?api-version=2021-12-01-preview",
      "RequestMethod": "GET",
      "RequestHeaders": {
        "Accept-Encoding": "gzip",
        "Authorization": "Sanitized",
        "User-Agent": "azsdk-go-armoperationalinsights/v2.0.0-beta.2 (go1.19; Windows_NT)"
      },
      "RequestBody": null,
      "StatusCode": 200,
      "ResponseHeaders": {
        "Access-Control-Allow-Origin": "*",
        "api-supported-versions": "2021-12-01-preview",
        "Cache-Control": "no-cache",
        "Content-Encoding": "gzip",
        "Content-Type": "application/json; charset=utf-8",
        "Date": "Thu, 03 Nov 2022 08:01:26 GMT",
        "Expires": "-1",
        "Pragma": "no-cache",
        "Request-Context": "appId=cid-v1:00000000-0000-0000-0000-000000000000",
        "Strict-Transport-Security": "max-age=31536000; includeSubDomains",
        "Transfer-Encoding": "chunked",
        "Vary": [
          "Accept-Encoding",
          "Accept-Encoding",
          "Accept-Encoding"
        ],
        "X-Content-Type-Options": "nosniff",
        "x-ms-correlation-request-id": "00000000-0000-0000-0000-000000000000",
        "x-ms-ratelimit-remaining-subscription-reads": "11928",
        "x-ms-request-id": "00000000-0000-0000-0000-000000000000",
        "x-ms-routing-request-id": "SOUTHEASTASIA:20221103T080127Z:00000000-0000-0000-0000-000000000000",
        "X-Powered-By": "ASP.NET"
      },
      "ResponseBody": {
        "properties": {
          "customerId": "00000000-0000-0000-0000-000000000000",
          "provisioningState": "Succeeded",
          "sku": {
            "name": "PerGB2018",
            "lastSkuUpdate": "2022-11-03T08:01:25.5313476Z"
          },
          "retentionInDays": 30,
          "features": {
            "legacy": 0,
            "searchVersion": 1,
            "enableLogAccessUsingOnlyResourcePermissions": true
          },
          "workspaceCapping": {
            "dailyQuotaGb": -1.0,
            "quotaNextResetTime": "2022-11-04T02:00:00Z",
            "dataIngestionStatus": "RespectQuota"
          },
          "publicNetworkAccessForIngestion": "Enabled",
          "publicNetworkAccessForQuery": "Enabled",
          "createdDate": "2022-11-03T08:01:25.5313476Z",
          "modifiedDate": "2022-11-03T08:01:25.5313476Z"
        },
        "location": "westus",
        "id": "/subscriptions/00000000-0000-0000-0000-000000000000/resourceGroups/go-sdk-test-rg/providers/Microsoft.OperationalInsights/workspaces/oiintelliagencepackpeY9An",
        "name": "oiintelliagencepackpeY9An",
        "type": "Microsoft.OperationalInsights/workspaces"
      }
    },
    {
      "RequestUri": "https://management.azure.com/subscriptions/00000000-0000-0000-0000-000000000000/resourcegroups/go-sdk-test-rg/providers/Microsoft.OperationalInsights/workspaces/oiintelliagencepackpeY9An/intelligencePacks?api-version=2020-08-01",
      "RequestMethod": "GET",
      "RequestHeaders": {
        "Accept": "application/json",
        "Accept-Encoding": "gzip",
        "Authorization": "Sanitized",
        "User-Agent": "azsdk-go-armoperationalinsights/v2.0.0-beta.2 (go1.19; Windows_NT)"
      },
      "RequestBody": null,
      "StatusCode": 200,
      "ResponseHeaders": {
        "Access-Control-Allow-Origin": "*",
        "api-supported-versions": "2015-03-20, 2020-08-01",
        "Cache-Control": "no-cache",
        "Content-Encoding": "gzip",
        "Content-Type": "application/json; charset=utf-8",
        "Date": "Thu, 03 Nov 2022 08:01:27 GMT",
        "Expires": "-1",
        "Pragma": "no-cache",
        "Request-Context": "appId=cid-v1:00000000-0000-0000-0000-000000000000",
        "Strict-Transport-Security": "max-age=31536000; includeSubDomains",
        "Transfer-Encoding": "chunked",
        "Vary": [
          "Accept-Encoding",
          "Accept-Encoding",
          "Accept-Encoding"
        ],
        "X-Content-Type-Options": "nosniff",
        "x-ms-correlation-request-id": "00000000-0000-0000-0000-000000000000",
        "x-ms-ratelimit-remaining-subscription-reads": "11927",
        "x-ms-request-id": "00000000-0000-0000-0000-000000000000",
        "x-ms-routing-request-id": "SOUTHEASTASIA:20221103T080127Z:00000000-0000-0000-0000-000000000000",
        "X-Powered-By": "ASP.NET"
      },
      "ResponseBody": "[{\u0022displayname\u0022:\u0022Capacity and Performance\u0022,\u0022enabled\u0022:false,\u0022name\u0022:\u0022CapacityPerformance\u0022},{\u0022displayname\u0022:\u0022Azure Web Apps Analytics (Preview)\u0022,\u0022enabled\u0022:false,\u0022name\u0022:\u0022AzureWebAppsAnalytics\u0022},{\u0022displayname\u0022:\u0022BehaviorAnalyticsInsights_DisplayName_TBD\u0022,\u0022enabled\u0022:false,\u0022name\u0022:\u0022BehaviorAnalyticsInsights\u0022},{\u0022displayname\u0022:\u0022Security and Audit\u0022,\u0022enabled\u0022:false,\u0022name\u0022:\u0022Security\u0022},{\u0022displayname\u0022:\u0022Update Management\u0022,\u0022enabled\u0022:false,\u0022name\u0022:\u0022Updates\u0022},{\u0022displayname\u0022:\u0022Antimalware Assessment\u0022,\u0022enabled\u0022:false,\u0022name\u0022:\u0022AntiMalware\u0022},{\u0022displayname\u0022:\u0022Log Management\u0022,\u0022enabled\u0022:true,\u0022name\u0022:\u0022LogManagement\u0022},{\u0022displayname\u0022:\u0022Azure Resources\u0022,\u0022enabled\u0022:true,\u0022name\u0022:\u0022AzureResources\u0022},{\u0022displayname\u0022:\u0022Change Tracking\u0022,\u0022enabled\u0022:false,\u0022name\u0022:\u0022ChangeTracking\u0022},{\u0022displayname\u0022:\u0022SQL Health Check\u0022,\u0022enabled\u0022:false,\u0022name\u0022:\u0022SQLAssessment\u0022},{\u0022displayname\u0022:\u0022System Center Operations Manager Health Check\u0022,\u0022enabled\u0022:false,\u0022name\u0022:\u0022SCOMAssessment\u0022},{\u0022displayname\u0022:\u0022IT Service Management Connector(Preview)\u0022,\u0022enabled\u0022:false,\u0022name\u0022:\u0022ServiceDesk\u0022},{\u0022displayname\u0022:\u0022SQL Server Assessment\u0022,\u0022enabled\u0022:false,\u0022name\u0022:\u0022SQLAssessmentPlus\u0022},{\u0022displayname\u0022:\u0022Active Directory Health Check\u0022,\u0022enabled\u0022:false,\u0022name\u0022:\u0022ADAssessment\u0022},{\u0022displayname\u0022:\u0022Alert Management\u0022,\u0022enabled\u0022:false,\u0022name\u0022:\u0022AlertManagement\u0022},{\u0022displayname\u0022:\u0022Azure Automation\u0022,\u0022enabled\u0022:false,\u0022name\u0022:\u0022AzureAutomation\u0022},{\u0022displayname\u0022:\u0022Wire Data\u0022,\u0022enabled\u0022:false,\u0022name\u0022:\u0022WireData\u0022},{\u0022displayname\u0022:\u0022Azure Site Recovery\u0022,\u0022enabled\u0022:false,\u0022name\u0022:\u0022SiteRecovery\u0022},{\u0022displayname\u0022:\u0022Backup\u0022,\u0022enabled\u0022:false,\u0022name\u0022:\u0022Backup\u0022},{\u0022displayname\u0022:\u0022Surface Hub\u0022,\u0022enabled\u0022:false,\u0022name\u0022:\u0022SurfaceHub\u0022},{\u0022displayname\u0022:\u0022Network Performance Monitor\u0022,\u0022enabled\u0022:false,\u0022name\u0022:\u0022NetworkMonitoring\u0022},{\u0022displayname\u0022:\u0022Container Monitoring Solution\u0022,\u0022enabled\u0022:false,\u0022name\u0022:\u0022Containers\u0022},{\u0022displayname\u0022:\u0022Container Insights\u0022,\u0022enabled\u0022:false,\u0022name\u0022:\u0022ContainerInsights\u0022},{\u0022displayname\u0022:\u0022Service Map\u0022,\u0022enabled\u0022:false,\u0022name\u0022:\u0022ServiceMap\u0022},{\u0022displayname\u0022:\u0022Azure Networking Analytics (Deprecated)\u0022,\u0022enabled\u0022:false,\u0022name\u0022:\u0022AzureNetworking\u0022},{\u0022displayname\u0022:\u0022AD Replication Status\u0022,\u0022enabled\u0022:false,\u0022name\u0022:\u0022ADReplication\u0022},{\u0022displayname\u0022:\u0022Office 365 (Preview)\u0022,\u0022enabled\u0022:false,\u0022name\u0022:\u0022Office365\u0022},{\u0022displayname\u0022:\u0022Upgrade Readiness\u0022,\u0022enabled\u0022:false,\u0022name\u0022:\u0022CompatibilityAssessment\u0022},{\u0022displayname\u0022:\u0022Key Vault (Deprecated)\u0022,\u0022enabled\u0022:false,\u0022name\u0022:\u0022KeyVault\u0022},{\u0022displayname\u0022:\u0022Service Fabric\u0022,\u0022enabled\u0022:false,\u0022name\u0022:\u0022ServiceFabric\u0022},{\u0022displayname\u0022:\u0022DNS Analytics (Preview)\u0022,\u0022enabled\u0022:false,\u0022name\u0022:\u0022DnsAnalytics\u0022},{\u0022displayname\u0022:\u0022Application Insights (Preview)\u0022,\u0022enabled\u0022:false,\u0022name\u0022:\u0022ApplicationInsights\u0022},{\u0022displayname\u0022:\u0022Wire Data 2.0\u0022,\u0022enabled\u0022:false,\u0022name\u0022:\u0022WireData2\u0022},{\u0022displayname\u0022:\u0022Update Compliance\u0022,\u0022enabled\u0022:false,\u0022name\u0022:\u0022WaaSUpdateInsights\u0022},{\u0022displayname\u0022:\u0022Agent Health \u0022,\u0022enabled\u0022:false,\u0022name\u0022:\u0022AgentHealthAssessment\u0022},{\u0022displayname\u0022:\u0022Activity Log Analytics\u0022,\u0022enabled\u0022:false,\u0022name\u0022:\u0022AzureActivity\u0022},{\u0022displayname\u0022:\u0022HDInsight HBase Monitoring (Preview)\u0022,\u0022enabled\u0022:false,\u0022name\u0022:\u0022HDInsight\u0022},{\u0022displayname\u0022:\u0022HDInsight Kafka Monitoring\u0022,\u0022enabled\u0022:false,\u0022name\u0022:\u0022HDInsightKafka\u0022},{\u0022displayname\u0022:\u0022HDInsight Spark Monitoring\u0022,\u0022enabled\u0022:false,\u0022name\u0022:\u0022HDInsightSpark\u0022},{\u0022displayname\u0022:\u0022HDInsight Hadoop Monitoring\u0022,\u0022enabled\u0022:false,\u0022name\u0022:\u0022HDInsightHadoop\u0022},{\u0022displayname\u0022:\u0022Azure CDN Core Analytics\u0022,\u0022enabled\u0022:false,\u0022name\u0022:\u0022AzureCdnCoreAnalytics\u0022},{\u0022displayname\u0022:\u0022HDInsight Storm Monitoring\u0022,\u0022enabled\u0022:false,\u0022name\u0022:\u0022HDInsightStorm\u0022},{\u0022displayname\u0022:\u0022HDInsight InteractiveQuery Monitoring\u0022,\u0022enabled\u0022:false,\u0022name\u0022:\u0022HDInsightInteractiveQuery\u0022},{\u0022displayname\u0022:\u0022VMware (Preview)\u0022,\u0022enabled\u0022:false,\u0022name\u0022:\u0022VMware\u0022},{\u0022displayname\u0022:\u0022Security Center Free \u2013 for Azure Resources only\u0022,\u0022enabled\u0022:false,\u0022name\u0022:\u0022SecurityCenterFree\u0022},{\u0022displayname\u0022:\u0022Logic Apps Management\u0022,\u0022enabled\u0022:false,\u0022name\u0022:\u0022LogicAppsManagement\u0022},{\u0022displayname\u0022:\u0022Logic Apps B2B\u0022,\u0022enabled\u0022:false,\u0022name\u0022:\u0022LogicAppB2B\u0022},{\u0022displayname\u0022:\u0022Azure SQL Analytics (Preview)\u0022,\u0022enabled\u0022:false,\u0022name\u0022:\u0022AzureSQLAnalytics\u0022},{\u0022displayname\u0022:\u0022Key Vault Analytics\u0022,\u0022enabled\u0022:false,\u0022name\u0022:\u0022KeyVaultAnalytics\u0022},{\u0022displayname\u0022:\u0022Azure Network Security Group Analytics\u0022,\u0022enabled\u0022:false,\u0022name\u0022:\u0022AzureNSGAnalytics\u0022},{\u0022displayname\u0022:\u0022Azure Application Gateway Analytics\u0022,\u0022enabled\u0022:false,\u0022name\u0022:\u0022AzureAppGatewayAnalytics\u0022},{\u0022displayname\u0022:\u0022Device Health (Preview)\u0022,\u0022enabled\u0022:false,\u0022name\u0022:\u0022DeviceHealthProd\u0022},{\u0022displayname\u0022:\u0022Windows Defender ATP\u0022,\u0022enabled\u0022:false,\u0022name\u0022:\u0022WindowsDefenderATP\u0022},{\u0022displayname\u0022:\u0022Stable Windows Defender ATP\u0022,\u0022enabled\u0022:false,\u0022name\u0022:\u0022WindowsDefenderATPStable\u0022},{\u0022displayname\u0022:\u0022Infrastructure Insights\u0022,\u0022enabled\u0022:false,\u0022name\u0022:\u0022InfrastructureInsights\u0022},{\u0022displayname\u0022:\u0022ProcessInvestigator\u0022,\u0022enabled\u0022:false,\u0022name\u0022:\u0022ProcessInvestigator\u0022},{\u0022displayname\u0022:\u0022Microsoft 365 Analytics\u0022,\u0022enabled\u0022:false,\u0022name\u0022:\u0022Microsoft365Analytics\u0022},{\u0022displayname\u0022:\u0022Azure Site Recovery Analytics\u0022,\u0022enabled\u0022:false,\u0022name\u0022:\u0022ASRAnalytics\u0022},{\u0022displayname\u0022:\u0022Security Insights (Private Preview)\u0022,\u0022enabled\u0022:false,\u0022name\u0022:\u0022AzureSentinelPrivatePreview\u0022},{\u0022displayname\u0022:\u0022AzureSentinel DSRE\u0022,\u0022enabled\u0022:false,\u0022name\u0022:\u0022AzureSentinelDSRE\u0022},{\u0022displayname\u0022:\u0022Security Insights\u0022,\u0022enabled\u0022:false,\u0022name\u0022:\u0022SecurityInsights\u0022},{\u0022displayname\u0022:\u0022Security Center Network Traffic\u0022,\u0022enabled\u0022:false,\u0022name\u0022:\u0022SecurityCenterNetworkTraffic\u0022},{\u0022displayname\u0022:\u0022Windows Firewall\u0022,\u0022enabled\u0022:false,\u0022name\u0022:\u0022WindowsFirewall\u0022},{\u0022displayname\u0022:\u0022Windows Event Forwarding\u0022,\u0022enabled\u0022:false,\u0022name\u0022:\u0022WindowsEventForwarding\u0022},{\u0022displayname\u0022:\u0022Internal Windows Event\u0022,\u0022enabled\u0022:false,\u0022name\u0022:\u0022InternalWindowsEvent\u0022},{\u0022displayname\u0022:\u0022Customized Windows Events Filtering\u0022,\u0022enabled\u0022:false,\u0022name\u0022:\u0022CustomizedWindowsEventsFiltering\u0022},{\u0022displayname\u0022:\u0022WEF Internal Uat\u0022,\u0022enabled\u0022:false,\u0022name\u0022:\u0022WEFInternalUat\u0022},{\u0022displayname\u0022:\u0022WEF Internal\u0022,\u0022enabled\u0022:false,\u0022name\u0022:\u0022WEFInternal\u0022},{\u0022displayname\u0022:\u0022WEF_10x\u0022,\u0022enabled\u0022:false,\u0022name\u0022:\u0022WEF_10x\u0022},{\u0022displayname\u0022:\u0022WEF_10xDSRE\u0022,\u0022enabled\u0022:false,\u0022name\u0022:\u0022WEF_10xDSRE\u0022},{\u0022displayname\u0022:\u0022DHCPActivity\u0022,\u0022enabled\u0022:false,\u0022name\u0022:\u0022DHCPActivity\u0022},{\u0022displayname\u0022:\u0022Azure Data Factory Analytics (Preview)\u0022,\u0022enabled\u0022:false,\u0022name\u0022:\u0022AzureDataFactoryAnalytics\u0022},{\u0022displayname\u0022:\u0022Azure Security of Things solution\u0022,\u0022enabled\u0022:false,\u0022name\u0022:\u0022AzureSecurityOfThings\u0022},{\u0022displayname\u0022:\u0022SQL Vulnerability Assessment\u0022,\u0022enabled\u0022:false,\u0022name\u0022:\u0022SQLVulnerabilityAssessment\u0022},{\u0022displayname\u0022:\u0022SQL Advanced Threat Protection\u0022,\u0022enabled\u0022:false,\u0022name\u0022:\u0022SQLAdvancedThreatProtection\u0022},{\u0022displayname\u0022:\u0022Azure Monitor - VM Insights\u0022,\u0022enabled\u0022:false,\u0022name\u0022:\u0022VMInsights\u0022},{\u0022displayname\u0022:\u0022WinLog\u0022,\u0022enabled\u0022:false,\u0022name\u0022:\u0022WinLog\u0022},{\u0022displayname\u0022:\u0022NetFlow\u0022,\u0022enabled\u0022:false,\u0022name\u0022:\u0022NetFlow\u0022}]"
    },
    {
      "RequestUri": "https://management.azure.com/subscriptions/00000000-0000-0000-0000-000000000000/resourcegroups/go-sdk-test-rg/providers/Microsoft.OperationalInsights/workspaces/oiintelliagencepackpeY9An/intelligencePacks/ChangeTracking/Enable?api-version=2020-08-01",
      "RequestMethod": "POST",
      "RequestHeaders": {
        "Accept-Encoding": "gzip",
        "Authorization": "Sanitized",
        "Content-Length": "0",
        "User-Agent": "azsdk-go-armoperationalinsights/v2.0.0-beta.2 (go1.19; Windows_NT)"
      },
      "RequestBody": null,
      "StatusCode": 200,
      "ResponseHeaders": {
        "Access-Control-Allow-Origin": "*",
        "api-supported-versions": "2015-03-20, 2020-08-01",
        "Cache-Control": "no-cache",
        "Content-Length": "0",
        "Date": "Thu, 03 Nov 2022 08:01:28 GMT",
        "Expires": "-1",
        "Pragma": "no-cache",
        "Request-Context": "appId=cid-v1:00000000-0000-0000-0000-000000000000",
        "Strict-Transport-Security": "max-age=31536000; includeSubDomains",
        "X-Content-Type-Options": "nosniff",
        "x-ms-correlation-request-id": "00000000-0000-0000-0000-000000000000",
        "x-ms-ratelimit-remaining-subscription-writes": "1199",
        "x-ms-request-id": "00000000-0000-0000-0000-000000000000",
        "x-ms-routing-request-id": "SOUTHEASTASIA:20221103T080129Z:00000000-0000-0000-0000-000000000000",
        "X-Powered-By": "ASP.NET"
      },
      "ResponseBody": null
    },
    {
      "RequestUri": "https://management.azure.com/subscriptions/00000000-0000-0000-0000-000000000000/resourcegroups/go-sdk-test-rg/providers/Microsoft.OperationalInsights/workspaces/oiintelliagencepackpeY9An/intelligencePacks/ChangeTracking/Disable?api-version=2020-08-01",
      "RequestMethod": "POST",
      "RequestHeaders": {
        "Accept-Encoding": "gzip",
        "Authorization": "Sanitized",
        "Content-Length": "0",
        "User-Agent": "azsdk-go-armoperationalinsights/v2.0.0-beta.2 (go1.19; Windows_NT)"
      },
      "RequestBody": null,
      "StatusCode": 200,
      "ResponseHeaders": {
        "Access-Control-Allow-Origin": "*",
        "api-supported-versions": "2015-03-20, 2020-08-01",
        "Cache-Control": "no-cache",
        "Content-Length": "0",
        "Date": "Thu, 03 Nov 2022 08:01:29 GMT",
        "Expires": "-1",
        "Pragma": "no-cache",
        "Request-Context": "appId=cid-v1:00000000-0000-0000-0000-000000000000",
        "Strict-Transport-Security": "max-age=31536000; includeSubDomains",
        "X-Content-Type-Options": "nosniff",
        "x-ms-correlation-request-id": "00000000-0000-0000-0000-000000000000",
        "x-ms-ratelimit-remaining-subscription-writes": "1198",
        "x-ms-request-id": "00000000-0000-0000-0000-000000000000",
        "x-ms-routing-request-id": "SOUTHEASTASIA:20221103T080130Z:00000000-0000-0000-0000-000000000000",
        "X-Powered-By": "ASP.NET"
      },
      "ResponseBody": null
    },
    {
      "RequestUri": "https://management.azure.com/subscriptions/00000000-0000-0000-0000-000000000000/resourcegroups/go-sdk-test-rg?api-version=2021-04-01",
      "RequestMethod": "DELETE",
      "RequestHeaders": {
        "Accept": "application/json",
        "Accept-Encoding": "gzip",
        "Authorization": "Sanitized",
        "User-Agent": "azsdk-go-armresources/v1.0.0 (go1.19; Windows_NT)"
      },
      "RequestBody": null,
      "StatusCode": 202,
      "ResponseHeaders": {
        "Cache-Control": "no-cache",
        "Content-Length": "0",
        "Date": "Thu, 03 Nov 2022 08:01:30 GMT",
        "Expires": "-1",
        "Location": "https://management.azure.com/subscriptions/00000000-0000-0000-0000-000000000000/operationresults/eyJqb2JJZCI6IlJFU09VUkNFR1JPVVBERUxFVElPTkpPQi1HTzoyRFNESzoyRFRFU1Q6MkQyMjktV0VTVFVTIiwiam9iTG9jYXRpb24iOiJ3ZXN0dXMifQ?api-version=2021-04-01",
        "Pragma": "no-cache",
        "Retry-After": "15",
        "Strict-Transport-Security": "max-age=31536000; includeSubDomains",
        "X-Content-Type-Options": "nosniff",
        "x-ms-correlation-request-id": "00000000-0000-0000-0000-000000000000",
        "x-ms-ratelimit-remaining-subscription-deletes": "14993",
        "x-ms-request-id": "00000000-0000-0000-0000-000000000000",
        "x-ms-routing-request-id": "SOUTHEASTASIA:20221103T080131Z:00000000-0000-0000-0000-000000000000"
      },
      "ResponseBody": null
    }
  ],
  "Variables": {
    "recordingRandomSeed": "1667460681"
  }
}
