{
  "Entries": [
    {
      "RequestUri": "https://fakekvurl.vault.azure.net/keys/key3789901543/create?api-version=7.3-preview",
      "RequestMethod": "POST",
      "RequestHeaders": {
        ":authority": "localhost:5001",
        ":method": "POST",
        ":path": "/keys/key3789901543/create?api-version=7.3-preview",
        ":scheme": "https",
        "Accept": "application/json",
        "Accept-Encoding": "gzip",
        "Content-Length": "0",
        "Content-Type": "application/json",
        "User-Agent": "azsdk-go-internal/v0.1.1 azsdk-go-azcore/v0.20.0 (go1.17; Windows_NT)"
      },
      "RequestBody": null,
      "StatusCode": 401,
      "ResponseHeaders": {
        "Cache-Control": "no-cache",
        "Content-Length": "97",
        "Content-Type": "application/json; charset=utf-8",
        "Date": "Thu, 09 Dec 2021 15:54:13 GMT",
        "Expires": "-1",
        "Pragma": "no-cache",
        "Strict-Transport-Security": "max-age=31536000;includeSubDomains",
        "WWW-Authenticate": "Bearer authorization=\u0022https://login.windows.net/00000000-0000-0000-0000-000000000000\u0022, resource=\u0022https://vault.azure.net\u0022",
        "X-Content-Type-Options": "nosniff",
        "x-ms-keyvault-network-info": "conn_type=Ipv4;addr=72.49.29.93;act_addr_fam=InterNetwork;",
        "x-ms-keyvault-region": "westus2",
        "x-ms-keyvault-service-version": "1.9.195.1",
        "x-ms-request-id": "856d452f-9a09-41fe-aa10-b6c8acd6680e",
        "X-Powered-By": "ASP.NET"
      },
      "ResponseBody": {
        "error": {
          "code": "Unauthorized",
          "message": "AKV10000: Request is missing a Bearer or PoP token."
        }
      }
    },
    {
      "RequestUri": "https://fakekvurl.vault.azure.net/keys/key3789901543/create?api-version=7.3-preview",
      "RequestMethod": "POST",
      "RequestHeaders": {
        ":authority": "localhost:5001",
        ":method": "POST",
        ":path": "/keys/key3789901543/create?api-version=7.3-preview",
        ":scheme": "https",
        "Accept": "application/json",
        "Accept-Encoding": "gzip",
        "Authorization": "Sanitized",
        "Content-Length": "13",
        "Content-Type": "application/json",
        "User-Agent": "azsdk-go-internal/v0.1.1 azsdk-go-azcore/v0.20.0 (go1.17; Windows_NT)"
      },
      "RequestBody": {
        "kty": "RSA"
      },
      "StatusCode": 200,
      "ResponseHeaders": {
        "Cache-Control": "no-cache",
        "Content-Length": "687",
        "Content-Type": "application/json; charset=utf-8",
        "Date": "Thu, 09 Dec 2021 15:54:13 GMT",
        "Expires": "-1",
        "Pragma": "no-cache",
        "Strict-Transport-Security": "max-age=31536000;includeSubDomains",
        "X-Content-Type-Options": "nosniff",
        "x-ms-keyvault-network-info": "conn_type=Ipv4;addr=72.49.29.93;act_addr_fam=InterNetwork;",
        "x-ms-keyvault-region": "westus2",
        "x-ms-keyvault-service-version": "1.9.195.1",
        "x-ms-request-id": "fc2c76e4-522f-469f-a0ff-e247e3b5cbd2",
        "X-Powered-By": "ASP.NET"
      },
      "ResponseBody": {
        "key": {
          "kid": "https://fakekvurl.vault.azure.net/keys/key3789901543/1c924578b1a5481cbd7c8bed0982c967",
          "kty": "RSA",
          "key_ops": [
            "encrypt",
            "decrypt",
            "sign",
            "verify",
            "wrapKey",
            "unwrapKey"
          ],
          "n": "oe96xQdzjJBSlCpHUoVequ49zklq9GDRgRFkLwKX-gAJ8xWIc9t-Dspdd6CTMQXYwtG8UzzjHh4D4CzwhUXg6ruNElYkFOitrUlxQs0nySj2PKjEtDPnHJ0scwsdTqR4Z8YPbOw5EhUNeQDXuaJWYMnSeBe4K0EBVRu5fDsVzTPEA-rKSD3Osx1MN7vjMUZNz6mbyIEgfYaG_kIFMLaYGaPr37jLKHJ8gsKecjOtr0PpJITnqmG5NeHa7tIlGy4WznjPWKuhddmVg1KoQoRX2cm1At_JuQCCT4vgV_YYPokvYmqDMLzcvytoiMEWhjMaXztJ6zhzRp0qkdn9L-_O3Q",
          "e": "AQAB"
        },
        "attributes": {
          "enabled": true,
          "created": 1639065254,
          "updated": 1639065254,
          "recoveryLevel": "CustomizedRecoverable\u002BPurgeable",
          "recoverableDays": 7
        }
      }
    },
    {
      "RequestUri": "https://fakekvurl.vault.azure.net/keys/key3789901543/rotationpolicy?api-version=7.3-preview",
      "RequestMethod": "PUT",
      "RequestHeaders": {
        ":authority": "localhost:5001",
        ":method": "PUT",
        ":path": "/keys/key3789901543/rotationpolicy?api-version=7.3-preview",
        ":scheme": "https",
        "Accept": "application/json",
        "Accept-Encoding": "gzip",
        "Authorization": "Sanitized",
        "Content-Length": "123",
        "Content-Type": "application/json",
        "User-Agent": "azsdk-go-internal/v0.1.1 azsdk-go-azcore/v0.20.0 (go1.17; Windows_NT)"
      },
      "RequestBody": {
        "attributes": {
          "expiryTime": "P90D"
        },
        "lifetimeActions": [
          {
            "action": {
              "type": "notify"
            },
            "trigger": {
              "timeBeforeExpiry": "P30D"
            }
          }
        ]
      },
      "StatusCode": 403,
      "ResponseHeaders": {
        "Cache-Control": "no-cache",
        "Content-Length": "446",
        "Content-Type": "application/json; charset=utf-8",
        "Date": "Thu, 09 Dec 2021 15:54:14 GMT",
        "Expires": "-1",
        "Pragma": "no-cache",
        "Strict-Transport-Security": "max-age=31536000;includeSubDomains",
        "X-Content-Type-Options": "nosniff",
        "x-ms-keyvault-network-info": "conn_type=Ipv4;addr=72.49.29.93;act_addr_fam=InterNetwork;",
        "x-ms-keyvault-region": "westus2",
        "x-ms-keyvault-service-version": "1.9.195.1",
        "x-ms-request-id": "b05e243f-d2c2-463d-b506-69055f5c6300",
        "X-Powered-By": "ASP.NET"
      },
      "ResponseBody": {
        "error": {
          "code": "Forbidden",
          "message": "The user, group or application \u0027appid=7f1c20cf-6bda-4597-8d23-58369dd6d607;oid=5f44d53d-e301-4951-8ab5-87c4202caf84;iss=https://sts.windows.net/72f988bf-86f1-41af-91ab-2d7cd011db47/\u0027 does not have keys setrotationpolicy permission on key vault \u0027rosebud;location=westus2\u0027. For help resolving this issue, please see https://go.microsoft.com/fwlink/?linkid=2125287",
          "innererror": {
            "code": "ForbiddenByPolicy"
          }
        }
      }
    },
    {
      "RequestUri": "https://fakekvurl.vault.azure.net/keys/key3789901543?api-version=7.3-preview",
      "RequestMethod": "DELETE",
      "RequestHeaders": {
        ":authority": "localhost:5001",
        ":method": "DELETE",
        ":path": "/keys/key3789901543?api-version=7.3-preview",
        ":scheme": "https",
        "Accept": "application/json",
        "Accept-Encoding": "gzip",
        "Authorization": "Sanitized",
        "User-Agent": "azsdk-go-internal/v0.1.1 azsdk-go-azcore/v0.20.0 (go1.17; Windows_NT)"
      },
      "RequestBody": null,
      "StatusCode": 200,
      "ResponseHeaders": {
        "Cache-Control": "no-cache",
        "Content-Length": "819",
        "Content-Type": "application/json; charset=utf-8",
        "Date": "Thu, 09 Dec 2021 15:54:14 GMT",
        "Expires": "-1",
        "Pragma": "no-cache",
        "Strict-Transport-Security": "max-age=31536000;includeSubDomains",
        "X-Content-Type-Options": "nosniff",
        "x-ms-keyvault-network-info": "conn_type=Ipv4;addr=72.49.29.93;act_addr_fam=InterNetwork;",
        "x-ms-keyvault-region": "westus2",
        "x-ms-keyvault-service-version": "1.9.195.1",
        "x-ms-request-id": "6c83d96f-cb93-4cef-a793-2577d8bfadf5",
        "X-Powered-By": "ASP.NET"
      },
      "ResponseBody": {
        "recoveryId": "https://fakekvurl.vault.azure.net/deletedkeys/key3789901543",
        "deletedDate": 1639065254,
        "scheduledPurgeDate": 1639670054,
        "key": {
          "kid": "https://fakekvurl.vault.azure.net/keys/key3789901543/1c924578b1a5481cbd7c8bed0982c967",
          "kty": "RSA",
          "key_ops": [
            "encrypt",
            "decrypt",
            "sign",
            "verify",
            "wrapKey",
            "unwrapKey"
          ],
          "n": "oe96xQdzjJBSlCpHUoVequ49zklq9GDRgRFkLwKX-gAJ8xWIc9t-Dspdd6CTMQXYwtG8UzzjHh4D4CzwhUXg6ruNElYkFOitrUlxQs0nySj2PKjEtDPnHJ0scwsdTqR4Z8YPbOw5EhUNeQDXuaJWYMnSeBe4K0EBVRu5fDsVzTPEA-rKSD3Osx1MN7vjMUZNz6mbyIEgfYaG_kIFMLaYGaPr37jLKHJ8gsKecjOtr0PpJITnqmG5NeHa7tIlGy4WznjPWKuhddmVg1KoQoRX2cm1At_JuQCCT4vgV_YYPokvYmqDMLzcvytoiMEWhjMaXztJ6zhzRp0qkdn9L-_O3Q",
          "e": "AQAB"
        },
        "attributes": {
          "enabled": true,
          "created": 1639065254,
          "updated": 1639065254,
          "recoveryLevel": "CustomizedRecoverable\u002BPurgeable",
          "recoverableDays": 7
        }
      }
    },
    {
      "RequestUri": "https://fakekvurl.vault.azure.net/deletedkeys/key3789901543?api-version=7.3-preview",
      "RequestMethod": "GET",
      "RequestHeaders": {
        ":authority": "localhost:5001",
        ":method": "GET",
        ":path": "/deletedkeys/key3789901543?api-version=7.3-preview",
        ":scheme": "https",
        "Accept": "application/json",
        "Accept-Encoding": "gzip",
        "Authorization": "Sanitized",
        "User-Agent": "azsdk-go-internal/v0.1.1 azsdk-go-azcore/v0.20.0 (go1.17; Windows_NT)"
      },
      "RequestBody": null,
      "StatusCode": 404,
      "ResponseHeaders": {
        "Cache-Control": "no-cache",
        "Content-Length": "81",
        "Content-Type": "application/json; charset=utf-8",
        "Date": "Thu, 09 Dec 2021 15:54:14 GMT",
        "Expires": "-1",
        "Pragma": "no-cache",
        "Strict-Transport-Security": "max-age=31536000;includeSubDomains",
        "X-Content-Type-Options": "nosniff",
        "x-ms-keyvault-network-info": "conn_type=Ipv4;addr=72.49.29.93;act_addr_fam=InterNetwork;",
        "x-ms-keyvault-region": "westus2",
        "x-ms-keyvault-service-version": "1.9.195.1",
        "x-ms-request-id": "e91d8da7-a2b5-44b2-aa1d-ac245137a695",
        "X-Powered-By": "ASP.NET"
      },
      "ResponseBody": {
        "error": {
          "code": "KeyNotFound",
          "message": "Deleted Key not found: key3789901543"
        }
      }
    },
    {
      "RequestUri": "https://fakekvurl.vault.azure.net/deletedkeys/key3789901543?api-version=7.3-preview",
      "RequestMethod": "GET",
      "RequestHeaders": {
        ":authority": "localhost:5001",
        ":method": "GET",
        ":path": "/deletedkeys/key3789901543?api-version=7.3-preview",
        ":scheme": "https",
        "Accept": "application/json",
        "Accept-Encoding": "gzip",
        "Authorization": "Sanitized",
        "User-Agent": "azsdk-go-internal/v0.1.1 azsdk-go-azcore/v0.20.0 (go1.17; Windows_NT)"
      },
      "RequestBody": null,
      "StatusCode": 404,
      "ResponseHeaders": {
        "Cache-Control": "no-cache",
        "Content-Length": "81",
        "Content-Type": "application/json; charset=utf-8",
        "Date": "Thu, 09 Dec 2021 15:54:14 GMT",
        "Expires": "-1",
        "Pragma": "no-cache",
        "Strict-Transport-Security": "max-age=31536000;includeSubDomains",
        "X-Content-Type-Options": "nosniff",
        "x-ms-keyvault-network-info": "conn_type=Ipv4;addr=72.49.29.93;act_addr_fam=InterNetwork;",
        "x-ms-keyvault-region": "westus2",
        "x-ms-keyvault-service-version": "1.9.195.1",
        "x-ms-request-id": "38d46314-2f7b-4066-990d-b54ca94095a3",
        "X-Powered-By": "ASP.NET"
      },
      "ResponseBody": {
        "error": {
          "code": "KeyNotFound",
          "message": "Deleted Key not found: key3789901543"
        }
      }
    },
    {
      "RequestUri": "https://fakekvurl.vault.azure.net/deletedkeys/key3789901543?api-version=7.3-preview",
      "RequestMethod": "GET",
      "RequestHeaders": {
        ":authority": "localhost:5001",
        ":method": "GET",
        ":path": "/deletedkeys/key3789901543?api-version=7.3-preview",
        ":scheme": "https",
        "Accept": "application/json",
        "Accept-Encoding": "gzip",
        "Authorization": "Sanitized",
        "User-Agent": "azsdk-go-internal/v0.1.1 azsdk-go-azcore/v0.20.0 (go1.17; Windows_NT)"
      },
      "RequestBody": null,
      "StatusCode": 404,
      "ResponseHeaders": {
        "Cache-Control": "no-cache",
        "Content-Length": "81",
        "Content-Type": "application/json; charset=utf-8",
        "Date": "Thu, 09 Dec 2021 15:54:14 GMT",
        "Expires": "-1",
        "Pragma": "no-cache",
        "Strict-Transport-Security": "max-age=31536000;includeSubDomains",
        "X-Content-Type-Options": "nosniff",
        "x-ms-keyvault-network-info": "conn_type=Ipv4;addr=72.49.29.93;act_addr_fam=InterNetwork;",
        "x-ms-keyvault-region": "westus2",
        "x-ms-keyvault-service-version": "1.9.195.1",
        "x-ms-request-id": "79b81022-970a-4ba9-9895-9b1997612d59",
        "X-Powered-By": "ASP.NET"
      },
      "ResponseBody": {
        "error": {
          "code": "KeyNotFound",
          "message": "Deleted Key not found: key3789901543"
        }
      }
    },
    {
      "RequestUri": "https://fakekvurl.vault.azure.net/deletedkeys/key3789901543?api-version=7.3-preview",
      "RequestMethod": "GET",
      "RequestHeaders": {
        ":authority": "localhost:5001",
        ":method": "GET",
        ":path": "/deletedkeys/key3789901543?api-version=7.3-preview",
        ":scheme": "https",
        "Accept": "application/json",
        "Accept-Encoding": "gzip",
        "Authorization": "Sanitized",
        "User-Agent": "azsdk-go-internal/v0.1.1 azsdk-go-azcore/v0.20.0 (go1.17; Windows_NT)"
      },
      "RequestBody": null,
      "StatusCode": 200,
      "ResponseHeaders": {
        "Cache-Control": "no-cache",
        "Content-Length": "819",
        "Content-Type": "application/json; charset=utf-8",
        "Date": "Thu, 09 Dec 2021 15:54:15 GMT",
        "Expires": "-1",
        "Pragma": "no-cache",
        "Strict-Transport-Security": "max-age=31536000;includeSubDomains",
        "X-Content-Type-Options": "nosniff",
        "x-ms-keyvault-network-info": "conn_type=Ipv4;addr=72.49.29.93;act_addr_fam=InterNetwork;",
        "x-ms-keyvault-region": "westus2",
        "x-ms-keyvault-service-version": "1.9.195.1",
        "x-ms-request-id": "caaaac4c-de24-42e8-ab1d-e6c4774b09e2",
        "X-Powered-By": "ASP.NET"
      },
      "ResponseBody": {
        "recoveryId": "https://fakekvurl.vault.azure.net/deletedkeys/key3789901543",
        "deletedDate": 1639065254,
        "scheduledPurgeDate": 1639670054,
        "key": {
          "kid": "https://fakekvurl.vault.azure.net/keys/key3789901543/1c924578b1a5481cbd7c8bed0982c967",
          "kty": "RSA",
          "key_ops": [
            "encrypt",
            "decrypt",
            "sign",
            "verify",
            "wrapKey",
            "unwrapKey"
          ],
          "n": "oe96xQdzjJBSlCpHUoVequ49zklq9GDRgRFkLwKX-gAJ8xWIc9t-Dspdd6CTMQXYwtG8UzzjHh4D4CzwhUXg6ruNElYkFOitrUlxQs0nySj2PKjEtDPnHJ0scwsdTqR4Z8YPbOw5EhUNeQDXuaJWYMnSeBe4K0EBVRu5fDsVzTPEA-rKSD3Osx1MN7vjMUZNz6mbyIEgfYaG_kIFMLaYGaPr37jLKHJ8gsKecjOtr0PpJITnqmG5NeHa7tIlGy4WznjPWKuhddmVg1KoQoRX2cm1At_JuQCCT4vgV_YYPokvYmqDMLzcvytoiMEWhjMaXztJ6zhzRp0qkdn9L-_O3Q",
          "e": "AQAB"
        },
        "attributes": {
          "enabled": true,
          "created": 1639065254,
          "updated": 1639065254,
          "recoveryLevel": "CustomizedRecoverable\u002BPurgeable",
          "recoverableDays": 7
        }
      }
    },
    {
      "RequestUri": "https://fakekvurl.vault.azure.net/deletedkeys/key3789901543?api-version=7.3-preview",
      "RequestMethod": "DELETE",
      "RequestHeaders": {
        ":authority": "localhost:5001",
        ":method": "DELETE",
        ":path": "/deletedkeys/key3789901543?api-version=7.3-preview",
        ":scheme": "https",
        "Accept": "application/json",
        "Accept-Encoding": "gzip",
        "Authorization": "Sanitized",
        "User-Agent": "azsdk-go-internal/v0.1.1 azsdk-go-azcore/v0.20.0 (go1.17; Windows_NT)"
      },
      "RequestBody": null,
      "StatusCode": 204,
      "ResponseHeaders": {
        "Cache-Control": "no-cache",
        "Date": "Thu, 09 Dec 2021 15:54:15 GMT",
        "Expires": "-1",
        "Pragma": "no-cache",
        "Strict-Transport-Security": "max-age=31536000;includeSubDomains",
        "X-Content-Type-Options": "nosniff",
        "x-ms-keyvault-network-info": "conn_type=Ipv4;addr=72.49.29.93;act_addr_fam=InterNetwork;",
        "x-ms-keyvault-region": "westus2",
        "x-ms-keyvault-service-version": "1.9.195.1",
        "x-ms-request-id": "cea87b40-8152-4aa3-a4ea-acd87be2aed9",
        "X-Powered-By": "ASP.NET"
      },
      "ResponseBody": null
    }
  ],
  "Variables": {}
}
