{
  "Entries": [
    {
      "RequestUri": "https://fakekvurl.vault.azure.net/keys/key3813505923/create?api-version=7.3-preview",
      "RequestMethod": "POST",
      "RequestHeaders": {
        ":authority": "localhost:5001",
        ":method": "POST",
        ":path": "/keys/key3813505923/create?api-version=7.3-preview",
        ":scheme": "https",
        "Accept": "application/json",
        "Accept-Encoding": "gzip",
        "Content-Length": "0",
        "User-Agent": "azsdk-go-internal/v0.1.1 azsdk-go-azcore/v0.20.0 (go1.17; Windows_NT)"
      },
      "RequestBody": null,
      "StatusCode": 401,
      "ResponseHeaders": {
        "Cache-Control": "no-cache",
        "Content-Length": "97",
        "Content-Type": "application/json; charset=utf-8",
        "Date": "Mon, 20 Dec 2021 16:42:57 GMT",
        "Expires": "-1",
        "Pragma": "no-cache",
        "Strict-Transport-Security": "max-age=31536000;includeSubDomains",
        "WWW-Authenticate": "Bearer authorization=\u0022https://login.windows.net/00000000-0000-0000-0000-000000000000\u0022, resource=\u0022https://vault.azure.net\u0022",
        "X-Content-Type-Options": "nosniff",
        "x-ms-keyvault-network-info": "conn_type=Ipv4;addr=72.49.29.93;act_addr_fam=InterNetwork;",
        "x-ms-keyvault-region": "westus2",
        "x-ms-keyvault-service-version": "1.9.195.1",
        "x-ms-request-id": "c8aa3b53-a28b-43a4-950b-1d553c12512b",
        "X-Powered-By": "ASP.NET"
      },
      "ResponseBody": {
        "error": {
          "code": "Unauthorized",
          "message": "AKV10000: Request is missing a Bearer or PoP token."
        }
      }
    },
    {
      "RequestUri": "https://fakekvurl.vault.azure.net/keys/key3813505923/create?api-version=7.3-preview",
      "RequestMethod": "POST",
      "RequestHeaders": {
        ":authority": "localhost:5001",
        ":method": "POST",
        ":path": "/keys/key3813505923/create?api-version=7.3-preview",
        ":scheme": "https",
        "Accept": "application/json",
        "Accept-Encoding": "gzip",
        "Authorization": "Sanitized",
        "Content-Length": "13",
        "Content-Type": "application/json",
        "User-Agent": "azsdk-go-internal/v0.1.1 azsdk-go-azcore/v0.20.0 (go1.17; Windows_NT)"
      },
      "RequestBody": {
        "kty": "RSA"
      },
      "StatusCode": 200,
      "ResponseHeaders": {
        "Cache-Control": "no-cache",
        "Content-Length": "687",
        "Content-Type": "application/json; charset=utf-8",
        "Date": "Mon, 20 Dec 2021 16:42:58 GMT",
        "Expires": "-1",
        "Pragma": "no-cache",
        "Strict-Transport-Security": "max-age=31536000;includeSubDomains",
        "X-Content-Type-Options": "nosniff",
        "x-ms-keyvault-network-info": "conn_type=Ipv4;addr=72.49.29.93;act_addr_fam=InterNetwork;",
        "x-ms-keyvault-region": "westus2",
        "x-ms-keyvault-service-version": "1.9.195.1",
        "x-ms-request-id": "44ff3e8e-c166-481e-8059-b7ba96500805",
        "X-Powered-By": "ASP.NET"
      },
      "ResponseBody": {
        "key": {
          "kid": "https://fakekvurl.vault.azure.net/keys/key3813505923/4ac8e7acdafb427daa86a099a7a44112",
          "kty": "RSA",
          "key_ops": [
            "encrypt",
            "decrypt",
            "sign",
            "verify",
            "wrapKey",
            "unwrapKey"
          ],
          "n": "tlIz3yZZZJ4MS3FBkRXjrntzLnYiSNx7yl-3L-M8qaiNkd6J1SVe6fOZLvWjq5FbAYBxr3TPKfE451NlVaKjpguTarsPnySFIoeG4IjgkeYEkOMii0MaHnGv_6r0F9v4EHnYc6vUlfnvNJrJD7ijlPW_viR0cpjaTLTcg4sOQAWPH-U_me6K_U5wB_4BKC9tdFJabmZ8sFi5Yo-mj22nlYo1Yarz27or_6kN4TGWgefanVe-FtkvkgcgXcMs5-WUwBHlUYcGtV2hn8jBz_Kr6C4FgB1TKd5b_VEvFCvEZj1L53IWYeutOi80x68q1w57ueRSSBCgLhzQZ8sJyJM8gQ",
          "e": "AQAB"
        },
        "attributes": {
          "enabled": true,
          "created": 1640018578,
          "updated": 1640018578,
          "recoveryLevel": "CustomizedRecoverable\u002BPurgeable",
          "recoverableDays": 7
        }
      }
    },
    {
      "RequestUri": "https://fakekvurl.vault.azure.net/keys/key3813505923//release?api-version=7.3-preview",
      "RequestMethod": "POST",
      "RequestHeaders": {
        ":authority": "localhost:5001",
        ":method": "POST",
        ":path": "/keys/key3813505923//release?api-version=7.3-preview",
        ":scheme": "https",
        "Accept": "application/json",
        "Accept-Encoding": "gzip",
        "Authorization": "Sanitized",
        "Content-Length": "19",
        "Content-Type": "application/json",
        "User-Agent": "azsdk-go-internal/v0.1.1 azsdk-go-azcore/v0.20.0 (go1.17; Windows_NT)"
      },
      "RequestBody": {
        "target": "target"
      },
      "StatusCode": 403,
      "ResponseHeaders": {
        "Cache-Control": "no-cache",
        "Content-Length": "140",
        "Content-Type": "application/json; charset=utf-8",
        "Date": "Mon, 20 Dec 2021 16:42:58 GMT",
        "Expires": "-1",
        "Pragma": "no-cache",
        "Strict-Transport-Security": "max-age=31536000;includeSubDomains",
        "X-Content-Type-Options": "nosniff",
        "x-ms-keyvault-network-info": "conn_type=Ipv4;addr=72.49.29.93;act_addr_fam=InterNetwork;",
        "x-ms-keyvault-region": "westus2",
        "x-ms-keyvault-service-version": "1.9.195.1",
        "x-ms-request-id": "6bf9181f-b5c1-4c88-9b49-e2ce99cbf2b0",
        "X-Powered-By": "ASP.NET"
      },
      "ResponseBody": {
        "error": {
          "code": "Forbidden",
          "message": "Target environment attestation statement cannot be verified.",
          "innererror": {
            "code": "AccessDenied"
          }
        }
      }
    },
    {
      "RequestUri": "https://fakekvurl.vault.azure.net/keys/key3813505923?api-version=7.3-preview",
      "RequestMethod": "DELETE",
      "RequestHeaders": {
        ":authority": "localhost:5001",
        ":method": "DELETE",
        ":path": "/keys/key3813505923?api-version=7.3-preview",
        ":scheme": "https",
        "Accept": "application/json",
        "Accept-Encoding": "gzip",
        "Authorization": "Sanitized",
        "User-Agent": "azsdk-go-internal/v0.1.1 azsdk-go-azcore/v0.20.0 (go1.17; Windows_NT)"
      },
      "RequestBody": null,
      "StatusCode": 200,
      "ResponseHeaders": {
        "Cache-Control": "no-cache",
        "Content-Length": "819",
        "Content-Type": "application/json; charset=utf-8",
        "Date": "Mon, 20 Dec 2021 16:42:58 GMT",
        "Expires": "-1",
        "Pragma": "no-cache",
        "Strict-Transport-Security": "max-age=31536000;includeSubDomains",
        "X-Content-Type-Options": "nosniff",
        "x-ms-keyvault-network-info": "conn_type=Ipv4;addr=72.49.29.93;act_addr_fam=InterNetwork;",
        "x-ms-keyvault-region": "westus2",
        "x-ms-keyvault-service-version": "1.9.195.1",
        "x-ms-request-id": "07b63764-ea4e-4c66-983f-0c25bce5ab02",
        "X-Powered-By": "ASP.NET"
      },
      "ResponseBody": {
        "recoveryId": "https://fakekvurl.vault.azure.net/deletedkeys/key3813505923",
        "deletedDate": 1640018578,
        "scheduledPurgeDate": 1640623378,
        "key": {
          "kid": "https://fakekvurl.vault.azure.net/keys/key3813505923/4ac8e7acdafb427daa86a099a7a44112",
          "kty": "RSA",
          "key_ops": [
            "encrypt",
            "decrypt",
            "sign",
            "verify",
            "wrapKey",
            "unwrapKey"
          ],
          "n": "tlIz3yZZZJ4MS3FBkRXjrntzLnYiSNx7yl-3L-M8qaiNkd6J1SVe6fOZLvWjq5FbAYBxr3TPKfE451NlVaKjpguTarsPnySFIoeG4IjgkeYEkOMii0MaHnGv_6r0F9v4EHnYc6vUlfnvNJrJD7ijlPW_viR0cpjaTLTcg4sOQAWPH-U_me6K_U5wB_4BKC9tdFJabmZ8sFi5Yo-mj22nlYo1Yarz27or_6kN4TGWgefanVe-FtkvkgcgXcMs5-WUwBHlUYcGtV2hn8jBz_Kr6C4FgB1TKd5b_VEvFCvEZj1L53IWYeutOi80x68q1w57ueRSSBCgLhzQZ8sJyJM8gQ",
          "e": "AQAB"
        },
        "attributes": {
          "enabled": true,
          "created": 1640018578,
          "updated": 1640018578,
          "recoveryLevel": "CustomizedRecoverable\u002BPurgeable",
          "recoverableDays": 7
        }
      }
    },
    {
      "RequestUri": "https://fakekvurl.vault.azure.net/deletedkeys/key3813505923?api-version=7.3-preview",
      "RequestMethod": "GET",
      "RequestHeaders": {
        ":authority": "localhost:5001",
        ":method": "GET",
        ":path": "/deletedkeys/key3813505923?api-version=7.3-preview",
        ":scheme": "https",
        "Accept": "application/json",
        "Accept-Encoding": "gzip",
        "Authorization": "Sanitized",
        "User-Agent": "azsdk-go-internal/v0.1.1 azsdk-go-azcore/v0.20.0 (go1.17; Windows_NT)"
      },
      "RequestBody": null,
      "StatusCode": 404,
      "ResponseHeaders": {
        "Cache-Control": "no-cache",
        "Content-Length": "81",
        "Content-Type": "application/json; charset=utf-8",
        "Date": "Mon, 20 Dec 2021 16:42:58 GMT",
        "Expires": "-1",
        "Pragma": "no-cache",
        "Strict-Transport-Security": "max-age=31536000;includeSubDomains",
        "X-Content-Type-Options": "nosniff",
        "x-ms-keyvault-network-info": "conn_type=Ipv4;addr=72.49.29.93;act_addr_fam=InterNetwork;",
        "x-ms-keyvault-region": "westus2",
        "x-ms-keyvault-service-version": "1.9.195.1",
        "x-ms-request-id": "84a3bdc1-f458-48e9-a34c-b856b7569239",
        "X-Powered-By": "ASP.NET"
      },
      "ResponseBody": {
        "error": {
          "code": "KeyNotFound",
          "message": "Deleted Key not found: key3813505923"
        }
      }
    },
    {
      "RequestUri": "https://fakekvurl.vault.azure.net/deletedkeys/key3813505923?api-version=7.3-preview",
      "RequestMethod": "GET",
      "RequestHeaders": {
        ":authority": "localhost:5001",
        ":method": "GET",
        ":path": "/deletedkeys/key3813505923?api-version=7.3-preview",
        ":scheme": "https",
        "Accept": "application/json",
        "Accept-Encoding": "gzip",
        "Authorization": "Sanitized",
        "User-Agent": "azsdk-go-internal/v0.1.1 azsdk-go-azcore/v0.20.0 (go1.17; Windows_NT)"
      },
      "RequestBody": null,
      "StatusCode": 404,
      "ResponseHeaders": {
        "Cache-Control": "no-cache",
        "Content-Length": "81",
        "Content-Type": "application/json; charset=utf-8",
        "Date": "Mon, 20 Dec 2021 16:42:58 GMT",
        "Expires": "-1",
        "Pragma": "no-cache",
        "Strict-Transport-Security": "max-age=31536000;includeSubDomains",
        "X-Content-Type-Options": "nosniff",
        "x-ms-keyvault-network-info": "conn_type=Ipv4;addr=72.49.29.93;act_addr_fam=InterNetwork;",
        "x-ms-keyvault-region": "westus2",
        "x-ms-keyvault-service-version": "1.9.195.1",
        "x-ms-request-id": "1e1ec4c7-dfac-42c4-9cdb-bc02ff9e8c69",
        "X-Powered-By": "ASP.NET"
      },
      "ResponseBody": {
        "error": {
          "code": "KeyNotFound",
          "message": "Deleted Key not found: key3813505923"
        }
      }
    },
    {
      "RequestUri": "https://fakekvurl.vault.azure.net/deletedkeys/key3813505923?api-version=7.3-preview",
      "RequestMethod": "GET",
      "RequestHeaders": {
        ":authority": "localhost:5001",
        ":method": "GET",
        ":path": "/deletedkeys/key3813505923?api-version=7.3-preview",
        ":scheme": "https",
        "Accept": "application/json",
        "Accept-Encoding": "gzip",
        "Authorization": "Sanitized",
        "User-Agent": "azsdk-go-internal/v0.1.1 azsdk-go-azcore/v0.20.0 (go1.17; Windows_NT)"
      },
      "RequestBody": null,
      "StatusCode": 200,
      "ResponseHeaders": {
        "Cache-Control": "no-cache",
        "Content-Length": "819",
        "Content-Type": "application/json; charset=utf-8",
        "Date": "Mon, 20 Dec 2021 16:42:59 GMT",
        "Expires": "-1",
        "Pragma": "no-cache",
        "Strict-Transport-Security": "max-age=31536000;includeSubDomains",
        "X-Content-Type-Options": "nosniff",
        "x-ms-keyvault-network-info": "conn_type=Ipv4;addr=72.49.29.93;act_addr_fam=InterNetwork;",
        "x-ms-keyvault-region": "westus2",
        "x-ms-keyvault-service-version": "1.9.195.1",
        "x-ms-request-id": "ab5b188f-2554-4811-96b2-55f6050df213",
        "X-Powered-By": "ASP.NET"
      },
      "ResponseBody": {
        "recoveryId": "https://fakekvurl.vault.azure.net/deletedkeys/key3813505923",
        "deletedDate": 1640018578,
        "scheduledPurgeDate": 1640623378,
        "key": {
          "kid": "https://fakekvurl.vault.azure.net/keys/key3813505923/4ac8e7acdafb427daa86a099a7a44112",
          "kty": "RSA",
          "key_ops": [
            "encrypt",
            "decrypt",
            "sign",
            "verify",
            "wrapKey",
            "unwrapKey"
          ],
          "n": "tlIz3yZZZJ4MS3FBkRXjrntzLnYiSNx7yl-3L-M8qaiNkd6J1SVe6fOZLvWjq5FbAYBxr3TPKfE451NlVaKjpguTarsPnySFIoeG4IjgkeYEkOMii0MaHnGv_6r0F9v4EHnYc6vUlfnvNJrJD7ijlPW_viR0cpjaTLTcg4sOQAWPH-U_me6K_U5wB_4BKC9tdFJabmZ8sFi5Yo-mj22nlYo1Yarz27or_6kN4TGWgefanVe-FtkvkgcgXcMs5-WUwBHlUYcGtV2hn8jBz_Kr6C4FgB1TKd5b_VEvFCvEZj1L53IWYeutOi80x68q1w57ueRSSBCgLhzQZ8sJyJM8gQ",
          "e": "AQAB"
        },
        "attributes": {
          "enabled": true,
          "created": 1640018578,
          "updated": 1640018578,
          "recoveryLevel": "CustomizedRecoverable\u002BPurgeable",
          "recoverableDays": 7
        }
      }
    },
    {
      "RequestUri": "https://fakekvurl.vault.azure.net/deletedkeys/key3813505923?api-version=7.3-preview",
      "RequestMethod": "DELETE",
      "RequestHeaders": {
        ":authority": "localhost:5001",
        ":method": "DELETE",
        ":path": "/deletedkeys/key3813505923?api-version=7.3-preview",
        ":scheme": "https",
        "Accept": "application/json",
        "Accept-Encoding": "gzip",
        "Authorization": "Sanitized",
        "User-Agent": "azsdk-go-internal/v0.1.1 azsdk-go-azcore/v0.20.0 (go1.17; Windows_NT)"
      },
      "RequestBody": null,
      "StatusCode": 204,
      "ResponseHeaders": {
        "Cache-Control": "no-cache",
        "Date": "Mon, 20 Dec 2021 16:42:59 GMT",
        "Expires": "-1",
        "Pragma": "no-cache",
        "Strict-Transport-Security": "max-age=31536000;includeSubDomains",
        "X-Content-Type-Options": "nosniff",
        "x-ms-keyvault-network-info": "conn_type=Ipv4;addr=72.49.29.93;act_addr_fam=InterNetwork;",
        "x-ms-keyvault-region": "westus2",
        "x-ms-keyvault-service-version": "1.9.195.1",
        "x-ms-request-id": "0956640e-e1ba-4f28-9914-f4695f8edfc2",
        "X-Powered-By": "ASP.NET"
      },
      "ResponseBody": null
    }
  ],
  "Variables": {}
}
