{
  "Entries": [
    {
      "RequestUri": "https://management.azure.com/subscriptions/00000000-0000-0000-0000-000000000000/resourcegroups/go-sdk-test-rg?api-version=2021-04-01",
      "RequestMethod": "PUT",
      "RequestHeaders": {
        "Accept": "application/json",
        "Accept-Encoding": "gzip",
        "Authorization": "Sanitized",
        "Content-Length": "21",
        "Content-Type": "application/json",
        "User-Agent": "azsdk-go-armresources/v1.0.0 (go1.19; Windows_NT)"
      },
      "RequestBody": {
        "location": "westus"
      },
      "StatusCode": 201,
      "ResponseHeaders": {
        "Cache-Control": "no-cache",
        "Content-Length": "225",
        "Content-Type": "application/json; charset=utf-8",
        "Date": "Fri, 03 Mar 2023 02:46:07 GMT",
        "Expires": "-1",
        "Pragma": "no-cache",
        "Strict-Transport-Security": "max-age=31536000; includeSubDomains",
        "X-Content-Type-Options": "nosniff",
        "x-ms-correlation-request-id": "00000000-0000-0000-0000-000000000000",
        "x-ms-ratelimit-remaining-subscription-writes": "1185",
        "x-ms-request-id": "00000000-0000-0000-0000-000000000000",
        "x-ms-routing-request-id": "SOUTHEASTASIA:20230303T024608Z:00000000-0000-0000-0000-000000000000"
      },
      "ResponseBody": {
        "id": "/subscriptions/00000000-0000-0000-0000-000000000000/resourceGroups/go-sdk-test-rg",
        "name": "go-sdk-test-rg",
        "type": "Microsoft.Resources/resourceGroups",
        "location": "westus",
        "properties": {
          "provisioningState": "Succeeded"
        }
      }
    },
    {
      "RequestUri": "https://management.azure.com/subscriptions/00000000-0000-0000-0000-000000000000/resourceGroups/go-sdk-test-rg/providers/Microsoft.Network/virtualNetworks/test-vnet?api-version=2022-07-01",
      "RequestMethod": "PUT",
      "RequestHeaders": {
        "Accept": "application/json",
        "Accept-Encoding": "gzip",
        "Authorization": "Sanitized",
        "Content-Length": "174",
        "Content-Type": "application/json",
        "User-Agent": "azsdk-go-armnetwork/v2.1.0 (go1.19; Windows_NT)"
      },
      "RequestBody": {
        "location": "westus",
        "properties": {
          "addressSpace": {
            "addressPrefixes": [
              "10.0.0.0/16"
            ]
          },
          "subnets": [
            {
              "name": "AzureBastionSubnet",
              "properties": {
                "addressPrefix": "10.0.0.0/24"
              }
            }
          ]
        }
      },
      "StatusCode": 201,
      "ResponseHeaders": {
        "Azure-AsyncNotification": "Enabled",
        "Azure-AsyncOperation": "https://management.azure.com/subscriptions/00000000-0000-0000-0000-000000000000/providers/Microsoft.Network/locations/westus/operations/00000000-0000-0000-0000-000000000000?api-version=2022-07-01",
        "Cache-Control": "no-cache",
        "Content-Length": "1247",
        "Content-Type": "application/json; charset=utf-8",
        "Date": "Fri, 03 Mar 2023 02:46:10 GMT",
        "Expires": "-1",
        "Pragma": "no-cache",
        "Retry-After": "3",
        "Server": [
          "Microsoft-HTTPAPI/2.0",
          "Microsoft-HTTPAPI/2.0"
        ],
        "Strict-Transport-Security": "max-age=31536000; includeSubDomains",
        "X-Content-Type-Options": "nosniff",
        "x-ms-arm-service-request-id": "00000000-0000-0000-0000-000000000000",
        "x-ms-correlation-request-id": "00000000-0000-0000-0000-000000000000",
        "x-ms-ratelimit-remaining-subscription-writes": "1184",
        "x-ms-request-id": "00000000-0000-0000-0000-000000000000",
        "x-ms-routing-request-id": "SOUTHEASTASIA:20230303T024611Z:00000000-0000-0000-0000-000000000000"
      },
      "ResponseBody": {
        "name": "test-vnet",
        "id": "/subscriptions/00000000-0000-0000-0000-000000000000/resourceGroups/go-sdk-test-rg/providers/Microsoft.Network/virtualNetworks/test-vnet",
        "etag": "W/\u002200000000-0000-0000-0000-000000000000\u0022",
        "type": "Microsoft.Network/virtualNetworks",
        "location": "westus",
        "properties": {
          "provisioningState": "Updating",
          "resourceGuid": "00000000-0000-0000-0000-000000000000",
          "addressSpace": {
            "addressPrefixes": [
              "10.0.0.0/16"
            ]
          },
          "subnets": [
            {
              "name": "AzureBastionSubnet",
              "id": "/subscriptions/00000000-0000-0000-0000-000000000000/resourceGroups/go-sdk-test-rg/providers/Microsoft.Network/virtualNetworks/test-vnet/subnets/AzureBastionSubnet",
              "etag": "W/\u002200000000-0000-0000-0000-000000000000\u0022",
              "properties": {
                "provisioningState": "Updating",
                "addressPrefix": "10.0.0.0/24",
                "delegations": [],
                "privateEndpointNetworkPolicies": "Disabled",
                "privateLinkServiceNetworkPolicies": "Enabled"
              },
              "type": "Microsoft.Network/virtualNetworks/subnets"
            }
          ],
          "virtualNetworkPeerings": [],
          "enableDdosProtection": false
        }
      }
    },
    {
      "RequestUri": "https://management.azure.com/subscriptions/00000000-0000-0000-0000-000000000000/providers/Microsoft.Network/locations/westus/operations/00000000-0000-0000-0000-000000000000?api-version=2022-07-01",
      "RequestMethod": "GET",
      "RequestHeaders": {
        "Accept-Encoding": "gzip",
        "Authorization": "Sanitized",
        "User-Agent": "azsdk-go-armnetwork/v2.1.0 (go1.19; Windows_NT)"
      },
      "RequestBody": null,
      "StatusCode": 200,
      "ResponseHeaders": {
        "Cache-Control": "no-cache",
        "Content-Encoding": "gzip",
        "Content-Type": "application/json; charset=utf-8",
        "Date": "Fri, 03 Mar 2023 02:46:14 GMT",
        "Expires": "-1",
        "Pragma": "no-cache",
        "Server": [
          "Microsoft-HTTPAPI/2.0",
          "Microsoft-HTTPAPI/2.0"
        ],
        "Strict-Transport-Security": "max-age=31536000; includeSubDomains",
        "Transfer-Encoding": "chunked",
        "Vary": "Accept-Encoding",
        "X-Content-Type-Options": "nosniff",
        "x-ms-arm-service-request-id": "00000000-0000-0000-0000-000000000000",
        "x-ms-correlation-request-id": "00000000-0000-0000-0000-000000000000",
        "x-ms-ratelimit-remaining-subscription-reads": "11954",
        "x-ms-request-id": "00000000-0000-0000-0000-000000000000",
        "x-ms-routing-request-id": "SOUTHEASTASIA:20230303T024615Z:00000000-0000-0000-0000-000000000000"
      },
      "ResponseBody": {
        "status": "Succeeded"
      }
    },
    {
      "RequestUri": "https://management.azure.com/subscriptions/00000000-0000-0000-0000-000000000000/resourceGroups/go-sdk-test-rg/providers/Microsoft.Network/virtualNetworks/test-vnet?api-version=2022-07-01",
      "RequestMethod": "GET",
      "RequestHeaders": {
        "Accept-Encoding": "gzip",
        "Authorization": "Sanitized",
        "User-Agent": "azsdk-go-armnetwork/v2.1.0 (go1.19; Windows_NT)"
      },
      "RequestBody": null,
      "StatusCode": 200,
      "ResponseHeaders": {
        "Cache-Control": "no-cache",
        "Content-Encoding": "gzip",
        "Content-Type": "application/json; charset=utf-8",
        "Date": "Fri, 03 Mar 2023 02:46:14 GMT",
        "ETag": "W/\u002200000000-0000-0000-0000-000000000000\u0022",
        "Expires": "-1",
        "Pragma": "no-cache",
        "Server": [
          "Microsoft-HTTPAPI/2.0",
          "Microsoft-HTTPAPI/2.0"
        ],
        "Strict-Transport-Security": "max-age=31536000; includeSubDomains",
        "Transfer-Encoding": "chunked",
        "Vary": "Accept-Encoding",
        "X-Content-Type-Options": "nosniff",
        "x-ms-arm-service-request-id": "00000000-0000-0000-0000-000000000000",
        "x-ms-correlation-request-id": "00000000-0000-0000-0000-000000000000",
        "x-ms-ratelimit-remaining-subscription-reads": "11953",
        "x-ms-request-id": "00000000-0000-0000-0000-000000000000",
        "x-ms-routing-request-id": "SOUTHEASTASIA:20230303T024615Z:00000000-0000-0000-0000-000000000000"
      },
      "ResponseBody": {
        "name": "test-vnet",
        "id": "/subscriptions/00000000-0000-0000-0000-000000000000/resourceGroups/go-sdk-test-rg/providers/Microsoft.Network/virtualNetworks/test-vnet",
        "etag": "W/\u002200000000-0000-0000-0000-000000000000\u0022",
        "type": "Microsoft.Network/virtualNetworks",
        "location": "westus",
        "properties": {
          "provisioningState": "Succeeded",
          "resourceGuid": "00000000-0000-0000-0000-000000000000",
          "addressSpace": {
            "addressPrefixes": [
              "10.0.0.0/16"
            ]
          },
          "subnets": [
            {
              "name": "AzureBastionSubnet",
              "id": "/subscriptions/00000000-0000-0000-0000-000000000000/resourceGroups/go-sdk-test-rg/providers/Microsoft.Network/virtualNetworks/test-vnet/subnets/AzureBastionSubnet",
              "etag": "W/\u002200000000-0000-0000-0000-000000000000\u0022",
              "properties": {
                "provisioningState": "Succeeded",
                "addressPrefix": "10.0.0.0/24",
                "delegations": [],
                "privateEndpointNetworkPolicies": "Disabled",
                "privateLinkServiceNetworkPolicies": "Enabled"
              },
              "type": "Microsoft.Network/virtualNetworks/subnets"
            }
          ],
          "virtualNetworkPeerings": [],
          "enableDdosProtection": false
        }
      }
    },
    {
      "RequestUri": "https://management.azure.com/subscriptions/00000000-0000-0000-0000-000000000000/resourceGroups/go-sdk-test-rg/providers/Microsoft.Network/publicIPAddresses/test-ip?api-version=2022-07-01",
      "RequestMethod": "PUT",
      "RequestHeaders": {
        "Accept": "application/json",
        "Accept-Encoding": "gzip",
        "Authorization": "Sanitized",
        "Content-Length": "174",
        "Content-Type": "application/json",
        "User-Agent": "azsdk-go-armnetwork/v2.1.0 (go1.19; Windows_NT)"
      },
      "RequestBody": {
        "location": "westus",
        "properties": {
          "idleTimeoutInMinutes": 10,
          "publicIPAddressVersion": "IPv4",
          "publicIPAllocationMethod": "Static"
        },
        "sku": {
          "name": "Standard",
          "tier": "Regional"
        }
      },
      "StatusCode": 201,
      "ResponseHeaders": {
        "Azure-AsyncNotification": "Enabled",
        "Azure-AsyncOperation": "https://management.azure.com/subscriptions/00000000-0000-0000-0000-000000000000/providers/Microsoft.Network/locations/westus/operations/00000000-0000-0000-0000-000000000000?api-version=2022-07-01",
        "Cache-Control": "no-cache",
        "Content-Length": "711",
        "Content-Type": "application/json; charset=utf-8",
        "Date": "Fri, 03 Mar 2023 02:46:18 GMT",
        "Expires": "-1",
        "Pragma": "no-cache",
        "Retry-After": "1",
        "Server": [
          "Microsoft-HTTPAPI/2.0",
          "Microsoft-HTTPAPI/2.0"
        ],
        "Strict-Transport-Security": "max-age=31536000; includeSubDomains",
        "X-Content-Type-Options": "nosniff",
        "x-ms-arm-service-request-id": "00000000-0000-0000-0000-000000000000",
        "x-ms-correlation-request-id": "00000000-0000-0000-0000-000000000000",
        "x-ms-ratelimit-remaining-subscription-writes": "1183",
        "x-ms-request-id": "00000000-0000-0000-0000-000000000000",
        "x-ms-routing-request-id": "SOUTHEASTASIA:20230303T024618Z:00000000-0000-0000-0000-000000000000"
      },
      "ResponseBody": {
        "name": "test-ip",
        "id": "/subscriptions/00000000-0000-0000-0000-000000000000/resourceGroups/go-sdk-test-rg/providers/Microsoft.Network/publicIPAddresses/test-ip",
        "etag": "W/\u002200000000-0000-0000-0000-000000000000\u0022",
        "location": "westus",
        "properties": {
          "provisioningState": "Updating",
          "resourceGuid": "00000000-0000-0000-0000-000000000000",
          "publicIPAddressVersion": "IPv4",
          "publicIPAllocationMethod": "Static",
          "idleTimeoutInMinutes": 10,
          "ipTags": [],
          "ddosSettings": {
            "protectionMode": "VirtualNetworkInherited"
          }
        },
        "type": "Microsoft.Network/publicIPAddresses",
        "sku": {
          "name": "Standard",
          "tier": "Regional"
        }
      }
    },
    {
      "RequestUri": "https://management.azure.com/subscriptions/00000000-0000-0000-0000-000000000000/providers/Microsoft.Network/locations/westus/operations/00000000-0000-0000-0000-000000000000?api-version=2022-07-01",
      "RequestMethod": "GET",
      "RequestHeaders": {
        "Accept-Encoding": "gzip",
        "Authorization": "Sanitized",
        "User-Agent": "azsdk-go-armnetwork/v2.1.0 (go1.19; Windows_NT)"
      },
      "RequestBody": null,
      "StatusCode": 200,
      "ResponseHeaders": {
        "Cache-Control": "no-cache",
        "Content-Encoding": "gzip",
        "Content-Type": "application/json; charset=utf-8",
        "Date": "Fri, 03 Mar 2023 02:46:20 GMT",
        "Expires": "-1",
        "Pragma": "no-cache",
        "Server": [
          "Microsoft-HTTPAPI/2.0",
          "Microsoft-HTTPAPI/2.0"
        ],
        "Strict-Transport-Security": "max-age=31536000; includeSubDomains",
        "Transfer-Encoding": "chunked",
        "Vary": "Accept-Encoding",
        "X-Content-Type-Options": "nosniff",
        "x-ms-arm-service-request-id": "00000000-0000-0000-0000-000000000000",
        "x-ms-correlation-request-id": "00000000-0000-0000-0000-000000000000",
        "x-ms-ratelimit-remaining-subscription-reads": "11952",
        "x-ms-request-id": "00000000-0000-0000-0000-000000000000",
        "x-ms-routing-request-id": "SOUTHEASTASIA:20230303T024620Z:00000000-0000-0000-0000-000000000000"
      },
      "ResponseBody": {
        "status": "Succeeded"
      }
    },
    {
      "RequestUri": "https://management.azure.com/subscriptions/00000000-0000-0000-0000-000000000000/resourceGroups/go-sdk-test-rg/providers/Microsoft.Network/publicIPAddresses/test-ip?api-version=2022-07-01",
      "RequestMethod": "GET",
      "RequestHeaders": {
        "Accept-Encoding": "gzip",
        "Authorization": "Sanitized",
        "User-Agent": "azsdk-go-armnetwork/v2.1.0 (go1.19; Windows_NT)"
      },
      "RequestBody": null,
      "StatusCode": 200,
      "ResponseHeaders": {
        "Cache-Control": "no-cache",
        "Content-Encoding": "gzip",
        "Content-Type": "application/json; charset=utf-8",
        "Date": "Fri, 03 Mar 2023 02:46:20 GMT",
        "ETag": "W/\u002200000000-0000-0000-0000-000000000000\u0022",
        "Expires": "-1",
        "Pragma": "no-cache",
        "Server": [
          "Microsoft-HTTPAPI/2.0",
          "Microsoft-HTTPAPI/2.0"
        ],
        "Strict-Transport-Security": "max-age=31536000; includeSubDomains",
        "Transfer-Encoding": "chunked",
        "Vary": "Accept-Encoding",
        "X-Content-Type-Options": "nosniff",
        "x-ms-arm-service-request-id": "00000000-0000-0000-0000-000000000000",
        "x-ms-correlation-request-id": "00000000-0000-0000-0000-000000000000",
        "x-ms-ratelimit-remaining-subscription-reads": "11951",
        "x-ms-request-id": "00000000-0000-0000-0000-000000000000",
        "x-ms-routing-request-id": "SOUTHEASTASIA:20230303T024620Z:00000000-0000-0000-0000-000000000000"
      },
      "ResponseBody": {
        "name": "test-ip",
        "id": "/subscriptions/00000000-0000-0000-0000-000000000000/resourceGroups/go-sdk-test-rg/providers/Microsoft.Network/publicIPAddresses/test-ip",
        "etag": "W/\u002200000000-0000-0000-0000-000000000000\u0022",
        "location": "westus",
        "properties": {
          "provisioningState": "Succeeded",
          "resourceGuid": "00000000-0000-0000-0000-000000000000",
          "ipAddress": "40.118.237.66",
          "publicIPAddressVersion": "IPv4",
          "publicIPAllocationMethod": "Static",
          "idleTimeoutInMinutes": 10,
          "ipTags": [],
          "ddosSettings": {
            "protectionMode": "VirtualNetworkInherited"
          }
        },
        "type": "Microsoft.Network/publicIPAddresses",
        "sku": {
          "name": "Standard",
          "tier": "Regional"
        }
      }
    },
    {
      "RequestUri": "https://management.azure.com/subscriptions/00000000-0000-0000-0000-000000000000/resourceGroups/go-sdk-test-rg/providers/Microsoft.Network/bastionHosts/bastionhosQ78Hvh?api-version=2022-07-01",
      "RequestMethod": "PUT",
      "RequestHeaders": {
        "Accept": "application/json",
        "Accept-Encoding": "gzip",
        "Authorization": "Sanitized",
        "Content-Length": "454",
        "Content-Type": "application/json",
        "User-Agent": "azsdk-go-armnetwork/v2.1.0 (go1.19; Windows_NT)"
      },
      "RequestBody": {
        "location": "westus",
        "properties": {
          "ipConfigurations": [
            {
              "name": "bastionHostIpConfiguration",
              "properties": {
                "publicIPAddress": {
                  "id": "/subscriptions/00000000-0000-0000-0000-000000000000/resourceGroups/go-sdk-test-rg/providers/Microsoft.Network/publicIPAddresses/test-ip"
                },
                "subnet": {
                  "id": "/subscriptions/00000000-0000-0000-0000-000000000000/resourceGroups/go-sdk-test-rg/providers/Microsoft.Network/virtualNetworks/test-vnet/subnets/AzureBastionSubnet"
                }
              }
            }
          ]
        }
      },
      "StatusCode": 201,
      "ResponseHeaders": {
        "Azure-AsyncNotification": "Enabled",
        "Azure-AsyncOperation": "https://management.azure.com/subscriptions/00000000-0000-0000-0000-000000000000/providers/Microsoft.Network/locations/westus/operations/00000000-0000-0000-0000-000000000000?api-version=2022-07-01",
        "Cache-Control": "no-cache",
        "Content-Length": "1446",
        "Content-Type": "application/json; charset=utf-8",
        "Date": "Fri, 03 Mar 2023 02:46:23 GMT",
        "Expires": "-1",
        "Pragma": "no-cache",
        "Retry-After": "10",
        "Server": [
          "Microsoft-HTTPAPI/2.0",
          "Microsoft-HTTPAPI/2.0"
        ],
        "Strict-Transport-Security": "max-age=31536000; includeSubDomains",
        "X-Content-Type-Options": "nosniff",
        "x-ms-arm-service-request-id": "00000000-0000-0000-0000-000000000000",
        "x-ms-correlation-request-id": "00000000-0000-0000-0000-000000000000",
        "x-ms-ratelimit-remaining-subscription-writes": "1182",
        "x-ms-request-id": "00000000-0000-0000-0000-000000000000",
        "x-ms-routing-request-id": "SOUTHEASTASIA:20230303T024623Z:00000000-0000-0000-0000-000000000000"
      },
      "ResponseBody": {
        "name": "bastionhosQ78Hvh",
        "id": "/subscriptions/00000000-0000-0000-0000-000000000000/resourceGroups/go-sdk-test-rg/providers/Microsoft.Network/bastionHosts/bastionhosQ78Hvh",
        "etag": "W/\u002200000000-0000-0000-0000-000000000000\u0022",
        "type": "Microsoft.Network/bastionHosts",
        "location": "westus",
        "properties": {
          "provisioningState": "Updating",
          "scaleUnits": 2,
          "ipConfigurations": [
            {
              "name": "bastionHostIpConfiguration",
              "id": "/subscriptions/00000000-0000-0000-0000-000000000000/resourceGroups/go-sdk-test-rg/providers/Microsoft.Network/bastionHosts/bastionhosQ78Hvh/bastionHostIpConfigurations/bastionHostIpConfiguration",
              "etag": "W/\u002200000000-0000-0000-0000-000000000000\u0022",
              "type": "Microsoft.Network/bastionHosts/bastionHostIpConfigurations",
              "properties": {
                "provisioningState": "Succeeded",
                "privateIPAllocationMethod": "Dynamic",
                "publicIPAddress": {
                  "id": "/subscriptions/00000000-0000-0000-0000-000000000000/resourceGroups/go-sdk-test-rg/providers/Microsoft.Network/publicIPAddresses/test-ip"
                },
                "subnet": {
                  "id": "/subscriptions/00000000-0000-0000-0000-000000000000/resourceGroups/go-sdk-test-rg/providers/Microsoft.Network/virtualNetworks/test-vnet/subnets/AzureBastionSubnet"
                }
              }
            }
          ]
        },
        "sku": {
          "name": "Basic"
        }
      }
    },
    {
      "RequestUri": "https://management.azure.com/subscriptions/00000000-0000-0000-0000-000000000000/providers/Microsoft.Network/locations/westus/operations/00000000-0000-0000-0000-000000000000?api-version=2022-07-01",
      "RequestMethod": "GET",
      "RequestHeaders": {
        "Accept-Encoding": "gzip",
        "Authorization": "Sanitized",
        "User-Agent": "azsdk-go-armnetwork/v2.1.0 (go1.19; Windows_NT)"
      },
      "RequestBody": null,
      "StatusCode": 200,
      "ResponseHeaders": {
        "Cache-Control": "no-cache",
        "Content-Encoding": "gzip",
        "Content-Type": "application/json; charset=utf-8",
        "Date": "Fri, 03 Mar 2023 02:46:33 GMT",
        "Expires": "-1",
        "Pragma": "no-cache",
        "Retry-After": "10",
        "Server": [
          "Microsoft-HTTPAPI/2.0",
          "Microsoft-HTTPAPI/2.0"
        ],
        "Strict-Transport-Security": "max-age=31536000; includeSubDomains",
        "Transfer-Encoding": "chunked",
        "Vary": "Accept-Encoding",
        "X-Content-Type-Options": "nosniff",
        "x-ms-arm-service-request-id": "00000000-0000-0000-0000-000000000000",
        "x-ms-correlation-request-id": "00000000-0000-0000-0000-000000000000",
        "x-ms-ratelimit-remaining-subscription-reads": "11950",
        "x-ms-request-id": "00000000-0000-0000-0000-000000000000",
        "x-ms-routing-request-id": "SOUTHEASTASIA:20230303T024633Z:00000000-0000-0000-0000-000000000000"
      },
      "ResponseBody": {
        "status": "InProgress"
      }
    },
    {
      "RequestUri": "https://management.azure.com/subscriptions/00000000-0000-0000-0000-000000000000/providers/Microsoft.Network/locations/westus/operations/00000000-0000-0000-0000-000000000000?api-version=2022-07-01",
      "RequestMethod": "GET",
      "RequestHeaders": {
        "Accept-Encoding": "gzip",
        "Authorization": "Sanitized",
        "User-Agent": "azsdk-go-armnetwork/v2.1.0 (go1.19; Windows_NT)"
      },
      "RequestBody": null,
      "StatusCode": 200,
      "ResponseHeaders": {
        "Cache-Control": "no-cache",
        "Content-Encoding": "gzip",
        "Content-Type": "application/json; charset=utf-8",
        "Date": "Fri, 03 Mar 2023 02:46:43 GMT",
        "Expires": "-1",
        "Pragma": "no-cache",
        "Retry-After": "20",
        "Server": [
          "Microsoft-HTTPAPI/2.0",
          "Microsoft-HTTPAPI/2.0"
        ],
        "Strict-Transport-Security": "max-age=31536000; includeSubDomains",
        "Transfer-Encoding": "chunked",
        "Vary": "Accept-Encoding",
        "X-Content-Type-Options": "nosniff",
        "x-ms-arm-service-request-id": "00000000-0000-0000-0000-000000000000",
        "x-ms-correlation-request-id": "00000000-0000-0000-0000-000000000000",
        "x-ms-ratelimit-remaining-subscription-reads": "11949",
        "x-ms-request-id": "00000000-0000-0000-0000-000000000000",
        "x-ms-routing-request-id": "SOUTHEASTASIA:20230303T024644Z:00000000-0000-0000-0000-000000000000"
      },
      "ResponseBody": {
        "status": "InProgress"
      }
    },
    {
      "RequestUri": "https://management.azure.com/subscriptions/00000000-0000-0000-0000-000000000000/providers/Microsoft.Network/locations/westus/operations/00000000-0000-0000-0000-000000000000?api-version=2022-07-01",
      "RequestMethod": "GET",
      "RequestHeaders": {
        "Accept-Encoding": "gzip",
        "Authorization": "Sanitized",
        "User-Agent": "azsdk-go-armnetwork/v2.1.0 (go1.19; Windows_NT)"
      },
      "RequestBody": null,
      "StatusCode": 200,
      "ResponseHeaders": {
        "Cache-Control": "no-cache",
        "Content-Encoding": "gzip",
        "Content-Type": "application/json; charset=utf-8",
        "Date": "Fri, 03 Mar 2023 02:47:03 GMT",
        "Expires": "-1",
        "Pragma": "no-cache",
        "Retry-After": "20",
        "Server": [
          "Microsoft-HTTPAPI/2.0",
          "Microsoft-HTTPAPI/2.0"
        ],
        "Strict-Transport-Security": "max-age=31536000; includeSubDomains",
        "Transfer-Encoding": "chunked",
        "Vary": "Accept-Encoding",
        "X-Content-Type-Options": "nosniff",
        "x-ms-arm-service-request-id": "00000000-0000-0000-0000-000000000000",
        "x-ms-correlation-request-id": "00000000-0000-0000-0000-000000000000",
        "x-ms-ratelimit-remaining-subscription-reads": "11948",
        "x-ms-request-id": "00000000-0000-0000-0000-000000000000",
        "x-ms-routing-request-id": "SOUTHEASTASIA:20230303T024704Z:00000000-0000-0000-0000-000000000000"
      },
      "ResponseBody": {
        "status": "InProgress"
      }
    },
    {
      "RequestUri": "https://management.azure.com/subscriptions/00000000-0000-0000-0000-000000000000/providers/Microsoft.Network/locations/westus/operations/00000000-0000-0000-0000-000000000000?api-version=2022-07-01",
      "RequestMethod": "GET",
      "RequestHeaders": {
        "Accept-Encoding": "gzip",
        "Authorization": "Sanitized",
        "User-Agent": "azsdk-go-armnetwork/v2.1.0 (go1.19; Windows_NT)"
      },
      "RequestBody": null,
      "StatusCode": 200,
      "ResponseHeaders": {
        "Cache-Control": "no-cache",
        "Content-Encoding": "gzip",
        "Content-Type": "application/json; charset=utf-8",
        "Date": "Fri, 03 Mar 2023 02:47:23 GMT",
        "Expires": "-1",
        "Pragma": "no-cache",
        "Retry-After": "40",
        "Server": [
          "Microsoft-HTTPAPI/2.0",
          "Microsoft-HTTPAPI/2.0"
        ],
        "Strict-Transport-Security": "max-age=31536000; includeSubDomains",
        "Transfer-Encoding": "chunked",
        "Vary": "Accept-Encoding",
        "X-Content-Type-Options": "nosniff",
        "x-ms-arm-service-request-id": "00000000-0000-0000-0000-000000000000",
        "x-ms-correlation-request-id": "00000000-0000-0000-0000-000000000000",
        "x-ms-ratelimit-remaining-subscription-reads": "11947",
        "x-ms-request-id": "00000000-0000-0000-0000-000000000000",
        "x-ms-routing-request-id": "SOUTHEASTASIA:20230303T024724Z:00000000-0000-0000-0000-000000000000"
      },
      "ResponseBody": {
        "status": "InProgress"
      }
    },
    {
      "RequestUri": "https://management.azure.com/subscriptions/00000000-0000-0000-0000-000000000000/providers/Microsoft.Network/locations/westus/operations/00000000-0000-0000-0000-000000000000?api-version=2022-07-01",
      "RequestMethod": "GET",
      "RequestHeaders": {
        "Accept-Encoding": "gzip",
        "Authorization": "Sanitized",
        "User-Agent": "azsdk-go-armnetwork/v2.1.0 (go1.19; Windows_NT)"
      },
      "RequestBody": null,
      "StatusCode": 200,
      "ResponseHeaders": {
        "Cache-Control": "no-cache",
        "Content-Encoding": "gzip",
        "Content-Type": "application/json; charset=utf-8",
        "Date": "Fri, 03 Mar 2023 02:48:04 GMT",
        "Expires": "-1",
        "Pragma": "no-cache",
        "Retry-After": "40",
        "Server": [
          "Microsoft-HTTPAPI/2.0",
          "Microsoft-HTTPAPI/2.0"
        ],
        "Strict-Transport-Security": "max-age=31536000; includeSubDomains",
        "Transfer-Encoding": "chunked",
        "Vary": "Accept-Encoding",
        "X-Content-Type-Options": "nosniff",
        "x-ms-arm-service-request-id": "00000000-0000-0000-0000-000000000000",
        "x-ms-correlation-request-id": "00000000-0000-0000-0000-000000000000",
        "x-ms-ratelimit-remaining-subscription-reads": "11946",
        "x-ms-request-id": "00000000-0000-0000-0000-000000000000",
        "x-ms-routing-request-id": "SOUTHEASTASIA:20230303T024804Z:00000000-0000-0000-0000-000000000000"
      },
      "ResponseBody": {
        "status": "InProgress"
      }
    },
    {
      "RequestUri": "https://management.azure.com/subscriptions/00000000-0000-0000-0000-000000000000/providers/Microsoft.Network/locations/westus/operations/00000000-0000-0000-0000-000000000000?api-version=2022-07-01",
      "RequestMethod": "GET",
      "RequestHeaders": {
        "Accept-Encoding": "gzip",
        "Authorization": "Sanitized",
        "User-Agent": "azsdk-go-armnetwork/v2.1.0 (go1.19; Windows_NT)"
      },
      "RequestBody": null,
      "StatusCode": 200,
      "ResponseHeaders": {
        "Cache-Control": "no-cache",
        "Content-Encoding": "gzip",
        "Content-Type": "application/json; charset=utf-8",
        "Date": "Fri, 03 Mar 2023 02:48:45 GMT",
        "Expires": "-1",
        "Pragma": "no-cache",
        "Retry-After": "80",
        "Server": [
          "Microsoft-HTTPAPI/2.0",
          "Microsoft-HTTPAPI/2.0"
        ],
        "Strict-Transport-Security": "max-age=31536000; includeSubDomains",
        "Transfer-Encoding": "chunked",
        "Vary": "Accept-Encoding",
        "X-Content-Type-Options": "nosniff",
        "x-ms-arm-service-request-id": "00000000-0000-0000-0000-000000000000",
        "x-ms-correlation-request-id": "00000000-0000-0000-0000-000000000000",
        "x-ms-ratelimit-remaining-subscription-reads": "11945",
        "x-ms-request-id": "00000000-0000-0000-0000-000000000000",
        "x-ms-routing-request-id": "SOUTHEASTASIA:20230303T024845Z:00000000-0000-0000-0000-000000000000"
      },
      "ResponseBody": {
        "status": "InProgress"
      }
    },
    {
      "RequestUri": "https://management.azure.com/subscriptions/00000000-0000-0000-0000-000000000000/providers/Microsoft.Network/locations/westus/operations/00000000-0000-0000-0000-000000000000?api-version=2022-07-01",
      "RequestMethod": "GET",
      "RequestHeaders": {
        "Accept-Encoding": "gzip",
        "Authorization": "Sanitized",
        "User-Agent": "azsdk-go-armnetwork/v2.1.0 (go1.19; Windows_NT)"
      },
      "RequestBody": null,
      "StatusCode": 200,
      "ResponseHeaders": {
        "Cache-Control": "no-cache",
        "Content-Encoding": "gzip",
        "Content-Type": "application/json; charset=utf-8",
        "Date": "Fri, 03 Mar 2023 02:50:11 GMT",
        "Expires": "-1",
        "Pragma": "no-cache",
        "Retry-After": "160",
        "Server": [
          "Microsoft-HTTPAPI/2.0",
          "Microsoft-HTTPAPI/2.0"
        ],
        "Strict-Transport-Security": "max-age=31536000; includeSubDomains",
        "Transfer-Encoding": "chunked",
        "Vary": "Accept-Encoding",
        "X-Content-Type-Options": "nosniff",
        "x-ms-arm-service-request-id": "00000000-0000-0000-0000-000000000000",
        "x-ms-correlation-request-id": "00000000-0000-0000-0000-000000000000",
        "x-ms-ratelimit-remaining-subscription-reads": "11999",
        "x-ms-request-id": "00000000-0000-0000-0000-000000000000",
        "x-ms-routing-request-id": "SOUTHEASTASIA:20230303T025011Z:00000000-0000-0000-0000-000000000000"
      },
      "ResponseBody": {
        "status": "InProgress"
      }
    },
    {
      "RequestUri": "https://management.azure.com/subscriptions/00000000-0000-0000-0000-000000000000/providers/Microsoft.Network/locations/westus/operations/00000000-0000-0000-0000-000000000000?api-version=2022-07-01",
      "RequestMethod": "GET",
      "RequestHeaders": {
        "Accept-Encoding": "gzip",
        "Authorization": "Sanitized",
        "User-Agent": "azsdk-go-armnetwork/v2.1.0 (go1.19; Windows_NT)"
      },
      "RequestBody": null,
      "StatusCode": 200,
      "ResponseHeaders": {
        "Cache-Control": "no-cache",
        "Content-Encoding": "gzip",
        "Content-Type": "application/json; charset=utf-8",
        "Date": "Fri, 03 Mar 2023 02:52:52 GMT",
        "Expires": "-1",
        "Pragma": "no-cache",
        "Server": [
          "Microsoft-HTTPAPI/2.0",
          "Microsoft-HTTPAPI/2.0"
        ],
        "Strict-Transport-Security": "max-age=31536000; includeSubDomains",
        "Transfer-Encoding": "chunked",
        "Vary": "Accept-Encoding",
        "X-Content-Type-Options": "nosniff",
        "x-ms-arm-service-request-id": "00000000-0000-0000-0000-000000000000",
        "x-ms-correlation-request-id": "00000000-0000-0000-0000-000000000000",
        "x-ms-ratelimit-remaining-subscription-reads": "11999",
        "x-ms-request-id": "00000000-0000-0000-0000-000000000000",
        "x-ms-routing-request-id": "SOUTHEASTASIA:20230303T025252Z:00000000-0000-0000-0000-000000000000"
      },
      "ResponseBody": {
        "status": "Succeeded"
      }
    },
    {
      "RequestUri": "https://management.azure.com/subscriptions/00000000-0000-0000-0000-000000000000/resourceGroups/go-sdk-test-rg/providers/Microsoft.Network/bastionHosts/bastionhosQ78Hvh?api-version=2022-07-01",
      "RequestMethod": "GET",
      "RequestHeaders": {
        "Accept-Encoding": "gzip",
        "Authorization": "Sanitized",
        "User-Agent": "azsdk-go-armnetwork/v2.1.0 (go1.19; Windows_NT)"
      },
      "RequestBody": null,
      "StatusCode": 200,
      "ResponseHeaders": {
        "Cache-Control": "no-cache",
        "Content-Encoding": "gzip",
        "Content-Type": "application/json; charset=utf-8",
        "Date": "Fri, 03 Mar 2023 02:52:53 GMT",
        "ETag": "W/\u002200000000-0000-0000-0000-000000000000\u0022",
        "Expires": "-1",
        "Pragma": "no-cache",
        "Server": [
          "Microsoft-HTTPAPI/2.0",
          "Microsoft-HTTPAPI/2.0"
        ],
        "Strict-Transport-Security": "max-age=31536000; includeSubDomains",
        "Transfer-Encoding": "chunked",
        "Vary": "Accept-Encoding",
        "X-Content-Type-Options": "nosniff",
        "x-ms-arm-service-request-id": "00000000-0000-0000-0000-000000000000",
        "x-ms-correlation-request-id": "00000000-0000-0000-0000-000000000000",
        "x-ms-ratelimit-remaining-subscription-reads": "11998",
        "x-ms-request-id": "00000000-0000-0000-0000-000000000000",
        "x-ms-routing-request-id": "SOUTHEASTASIA:20230303T025254Z:00000000-0000-0000-0000-000000000000"
      },
      "ResponseBody": {
        "name": "bastionhosQ78Hvh",
        "id": "/subscriptions/00000000-0000-0000-0000-000000000000/resourceGroups/go-sdk-test-rg/providers/Microsoft.Network/bastionHosts/bastionhosQ78Hvh",
        "etag": "W/\u002200000000-0000-0000-0000-000000000000\u0022",
        "type": "Microsoft.Network/bastionHosts",
        "location": "westus",
        "properties": {
          "provisioningState": "Succeeded",
          "dnsName": "bst-00000000-0000-0000-0000-000000000000.bastion.azure.com",
          "scaleUnits": 2,
          "ipConfigurations": [
            {
              "name": "bastionHostIpConfiguration",
              "id": "/subscriptions/00000000-0000-0000-0000-000000000000/resourceGroups/go-sdk-test-rg/providers/Microsoft.Network/bastionHosts/bastionhosQ78Hvh/bastionHostIpConfigurations/bastionHostIpConfiguration",
              "etag": "W/\u002200000000-0000-0000-0000-000000000000\u0022",
              "type": "Microsoft.Network/bastionHosts/bastionHostIpConfigurations",
              "properties": {
                "provisioningState": "Succeeded",
                "privateIPAllocationMethod": "Dynamic",
                "publicIPAddress": {
                  "id": "/subscriptions/00000000-0000-0000-0000-000000000000/resourceGroups/go-sdk-test-rg/providers/Microsoft.Network/publicIPAddresses/test-ip"
                },
                "subnet": {
                  "id": "/subscriptions/00000000-0000-0000-0000-000000000000/resourceGroups/go-sdk-test-rg/providers/Microsoft.Network/virtualNetworks/test-vnet/subnets/AzureBastionSubnet"
                }
              }
            }
          ]
        },
        "sku": {
          "name": "Basic"
        }
      }
    },
    {
      "RequestUri": "https://management.azure.com/subscriptions/00000000-0000-0000-0000-000000000000/providers/Microsoft.Network/bastionHosts?api-version=2022-07-01",
      "RequestMethod": "GET",
      "RequestHeaders": {
        "Accept": "application/json",
        "Accept-Encoding": "gzip",
        "Authorization": "Sanitized",
        "User-Agent": "azsdk-go-armnetwork/v2.1.0 (go1.19; Windows_NT)"
      },
      "RequestBody": null,
      "StatusCode": 200,
      "ResponseHeaders": {
        "Cache-Control": "no-cache",
        "Content-Encoding": "gzip",
        "Content-Type": "application/json; charset=utf-8",
        "Date": "Fri, 03 Mar 2023 02:52:54 GMT",
        "Expires": "-1",
        "Pragma": "no-cache",
        "Server": [
          "Microsoft-HTTPAPI/2.0",
          "Microsoft-HTTPAPI/2.0"
        ],
        "Strict-Transport-Security": "max-age=31536000; includeSubDomains",
        "Transfer-Encoding": "chunked",
        "Vary": "Accept-Encoding",
        "X-Content-Type-Options": "nosniff",
        "x-ms-arm-service-request-id": "00000000-0000-0000-0000-000000000000",
        "x-ms-correlation-request-id": "00000000-0000-0000-0000-000000000000",
        "x-ms-ratelimit-remaining-subscription-reads": "11997",
        "x-ms-request-id": "00000000-0000-0000-0000-000000000000",
        "x-ms-routing-request-id": "SOUTHEASTASIA:20230303T025254Z:00000000-0000-0000-0000-000000000000"
      },
      "ResponseBody": {
        "value": [
          {
            "name": "bastionhosQ78Hvh",
            "id": "/subscriptions/00000000-0000-0000-0000-000000000000/resourceGroups/go-sdk-test-rg/providers/Microsoft.Network/bastionHosts/bastionhosQ78Hvh",
            "etag": "W/\u002200000000-0000-0000-0000-000000000000\u0022",
            "type": "Microsoft.Network/bastionHosts",
            "location": "westus",
            "properties": {
              "provisioningState": "Succeeded",
              "dnsName": "bst-00000000-0000-0000-0000-000000000000.bastion.azure.com",
              "scaleUnits": 2,
              "ipConfigurations": [
                {
                  "name": "bastionHostIpConfiguration",
                  "id": "/subscriptions/00000000-0000-0000-0000-000000000000/resourceGroups/go-sdk-test-rg/providers/Microsoft.Network/bastionHosts/bastionhosQ78Hvh/bastionHostIpConfigurations/bastionHostIpConfiguration",
                  "etag": "W/\u002200000000-0000-0000-0000-000000000000\u0022",
                  "type": "Microsoft.Network/bastionHosts/bastionHostIpConfigurations",
                  "properties": {
                    "provisioningState": "Succeeded",
                    "privateIPAllocationMethod": "Dynamic",
                    "publicIPAddress": {
                      "id": "/subscriptions/00000000-0000-0000-0000-000000000000/resourceGroups/go-sdk-test-rg/providers/Microsoft.Network/publicIPAddresses/test-ip"
                    },
                    "subnet": {
                      "id": "/subscriptions/00000000-0000-0000-0000-000000000000/resourceGroups/go-sdk-test-rg/providers/Microsoft.Network/virtualNetworks/test-vnet/subnets/AzureBastionSubnet"
                    }
                  }
                }
              ]
            },
            "sku": {
              "name": "Basic"
            }
          },
          {
            "name": "bastionhoswTvha8",
            "id": "/subscriptions/00000000-0000-0000-0000-000000000000/resourceGroups/go-sdk-test-rg/providers/Microsoft.Network/bastionHosts/bastionhoswTvha8",
            "etag": "W/\u002200000000-0000-0000-0000-000000000000\u0022",
            "type": "Microsoft.Network/bastionHosts",
            "location": "westus",
            "properties": {
              "provisioningState": "Succeeded",
              "dnsName": "bst-00000000-0000-0000-0000-000000000000.bastion.azure.com",
              "scaleUnits": 2,
              "ipConfigurations": [
                {
                  "name": "bastionHostIpConfiguration",
                  "id": "/subscriptions/00000000-0000-0000-0000-000000000000/resourceGroups/go-sdk-test-rg/providers/Microsoft.Network/bastionHosts/bastionhoswTvha8/bastionHostIpConfigurations/bastionHostIpConfiguration",
                  "etag": "W/\u002200000000-0000-0000-0000-000000000000\u0022",
                  "type": "Microsoft.Network/bastionHosts/bastionHostIpConfigurations",
                  "properties": {
                    "provisioningState": "Succeeded",
                    "privateIPAllocationMethod": "Dynamic",
                    "publicIPAddress": {
                      "id": "/subscriptions/00000000-0000-0000-0000-000000000000/resourceGroups/go-sdk-test-rg/providers/Microsoft.Network/publicIPAddresses/test-ip"
                    },
                    "subnet": {
                      "id": "/subscriptions/00000000-0000-0000-0000-000000000000/resourceGroups/go-sdk-test-rg/providers/Microsoft.Network/virtualNetworks/test-vnet/subnets/AzureBastionSubnet"
                    }
                  }
                }
              ]
            },
            "sku": {
              "name": "Basic"
            }
          }
        ]
      }
    },
    {
      "RequestUri": "https://management.azure.com/subscriptions/00000000-0000-0000-0000-000000000000/resourceGroups/go-sdk-test-rg/providers/Microsoft.Network/bastionHosts?api-version=2022-07-01",
      "RequestMethod": "GET",
      "RequestHeaders": {
        "Accept": "application/json",
        "Accept-Encoding": "gzip",
        "Authorization": "Sanitized",
        "User-Agent": "azsdk-go-armnetwork/v2.1.0 (go1.19; Windows_NT)"
      },
      "RequestBody": null,
      "StatusCode": 200,
      "ResponseHeaders": {
        "Cache-Control": "no-cache",
        "Content-Encoding": "gzip",
        "Content-Type": "application/json; charset=utf-8",
        "Date": "Fri, 03 Mar 2023 02:52:54 GMT",
        "Expires": "-1",
        "Pragma": "no-cache",
        "Server": [
          "Microsoft-HTTPAPI/2.0",
          "Microsoft-HTTPAPI/2.0"
        ],
        "Strict-Transport-Security": "max-age=31536000; includeSubDomains",
        "Transfer-Encoding": "chunked",
        "Vary": "Accept-Encoding",
        "X-Content-Type-Options": "nosniff",
        "x-ms-arm-service-request-id": "00000000-0000-0000-0000-000000000000",
        "x-ms-correlation-request-id": "00000000-0000-0000-0000-000000000000",
        "x-ms-ratelimit-remaining-subscription-reads": "11996",
        "x-ms-request-id": "00000000-0000-0000-0000-000000000000",
        "x-ms-routing-request-id": "SOUTHEASTASIA:20230303T025254Z:00000000-0000-0000-0000-000000000000"
      },
      "ResponseBody": {
        "value": [
          {
            "name": "bastionhosQ78Hvh",
            "id": "/subscriptions/00000000-0000-0000-0000-000000000000/resourceGroups/go-sdk-test-rg/providers/Microsoft.Network/bastionHosts/bastionhosQ78Hvh",
            "etag": "W/\u002200000000-0000-0000-0000-000000000000\u0022",
            "type": "Microsoft.Network/bastionHosts",
            "location": "westus",
            "properties": {
              "provisioningState": "Succeeded",
              "dnsName": "bst-00000000-0000-0000-0000-000000000000.bastion.azure.com",
              "scaleUnits": 2,
              "ipConfigurations": [
                {
                  "name": "bastionHostIpConfiguration",
                  "id": "/subscriptions/00000000-0000-0000-0000-000000000000/resourceGroups/go-sdk-test-rg/providers/Microsoft.Network/bastionHosts/bastionhosQ78Hvh/bastionHostIpConfigurations/bastionHostIpConfiguration",
                  "etag": "W/\u002200000000-0000-0000-0000-000000000000\u0022",
                  "type": "Microsoft.Network/bastionHosts/bastionHostIpConfigurations",
                  "properties": {
                    "provisioningState": "Succeeded",
                    "privateIPAllocationMethod": "Dynamic",
                    "publicIPAddress": {
                      "id": "/subscriptions/00000000-0000-0000-0000-000000000000/resourceGroups/go-sdk-test-rg/providers/Microsoft.Network/publicIPAddresses/test-ip"
                    },
                    "subnet": {
                      "id": "/subscriptions/00000000-0000-0000-0000-000000000000/resourceGroups/go-sdk-test-rg/providers/Microsoft.Network/virtualNetworks/test-vnet/subnets/AzureBastionSubnet"
                    }
                  }
                }
              ]
            },
            "sku": {
              "name": "Basic"
            }
          }
        ]
      }
    },
    {
      "RequestUri": "https://management.azure.com/subscriptions/00000000-0000-0000-0000-000000000000/resourceGroups/go-sdk-test-rg/providers/Microsoft.Network/bastionHosts/bastionhosQ78Hvh?api-version=2022-07-01",
      "RequestMethod": "GET",
      "RequestHeaders": {
        "Accept": "application/json",
        "Accept-Encoding": "gzip",
        "Authorization": "Sanitized",
        "User-Agent": "azsdk-go-armnetwork/v2.1.0 (go1.19; Windows_NT)"
      },
      "RequestBody": null,
      "StatusCode": 200,
      "ResponseHeaders": {
        "Cache-Control": "no-cache",
        "Content-Encoding": "gzip",
        "Content-Type": "application/json; charset=utf-8",
        "Date": "Fri, 03 Mar 2023 02:52:55 GMT",
        "ETag": "W/\u002200000000-0000-0000-0000-000000000000\u0022",
        "Expires": "-1",
        "Pragma": "no-cache",
        "Server": [
          "Microsoft-HTTPAPI/2.0",
          "Microsoft-HTTPAPI/2.0"
        ],
        "Strict-Transport-Security": "max-age=31536000; includeSubDomains",
        "Transfer-Encoding": "chunked",
        "Vary": "Accept-Encoding",
        "X-Content-Type-Options": "nosniff",
        "x-ms-arm-service-request-id": "00000000-0000-0000-0000-000000000000",
        "x-ms-correlation-request-id": "00000000-0000-0000-0000-000000000000",
        "x-ms-ratelimit-remaining-subscription-reads": "11995",
        "x-ms-request-id": "00000000-0000-0000-0000-000000000000",
        "x-ms-routing-request-id": "SOUTHEASTASIA:20230303T025255Z:00000000-0000-0000-0000-000000000000"
      },
      "ResponseBody": {
        "name": "bastionhosQ78Hvh",
        "id": "/subscriptions/00000000-0000-0000-0000-000000000000/resourceGroups/go-sdk-test-rg/providers/Microsoft.Network/bastionHosts/bastionhosQ78Hvh",
        "etag": "W/\u002200000000-0000-0000-0000-000000000000\u0022",
        "type": "Microsoft.Network/bastionHosts",
        "location": "westus",
        "properties": {
          "provisioningState": "Succeeded",
          "dnsName": "bst-00000000-0000-0000-0000-000000000000.bastion.azure.com",
          "scaleUnits": 2,
          "ipConfigurations": [
            {
              "name": "bastionHostIpConfiguration",
              "id": "/subscriptions/00000000-0000-0000-0000-000000000000/resourceGroups/go-sdk-test-rg/providers/Microsoft.Network/bastionHosts/bastionhosQ78Hvh/bastionHostIpConfigurations/bastionHostIpConfiguration",
              "etag": "W/\u002200000000-0000-0000-0000-000000000000\u0022",
              "type": "Microsoft.Network/bastionHosts/bastionHostIpConfigurations",
              "properties": {
                "provisioningState": "Succeeded",
                "privateIPAllocationMethod": "Dynamic",
                "publicIPAddress": {
                  "id": "/subscriptions/00000000-0000-0000-0000-000000000000/resourceGroups/go-sdk-test-rg/providers/Microsoft.Network/publicIPAddresses/test-ip"
                },
                "subnet": {
                  "id": "/subscriptions/00000000-0000-0000-0000-000000000000/resourceGroups/go-sdk-test-rg/providers/Microsoft.Network/virtualNetworks/test-vnet/subnets/AzureBastionSubnet"
                }
              }
            }
          ]
        },
        "sku": {
          "name": "Basic"
        }
      }
    },
    {
      "RequestUri": "https://management.azure.com/subscriptions/00000000-0000-0000-0000-000000000000/resourceGroups/go-sdk-test-rg/providers/Microsoft.Network/bastionHosts/bastionhosQ78Hvh?api-version=2022-07-01",
      "RequestMethod": "PATCH",
      "RequestHeaders": {
        "Accept": "application/json",
        "Accept-Encoding": "gzip",
        "Authorization": "Sanitized",
        "Content-Length": "42",
        "Content-Type": "application/json",
        "User-Agent": "azsdk-go-armnetwork/v2.1.0 (go1.19; Windows_NT)"
      },
      "RequestBody": {
        "tags": {
          "tag1": "value1",
          "tag2": "value2"
        }
      },
      "StatusCode": 200,
      "ResponseHeaders": {
        "azure-asyncnotification": "Enabled",
        "Cache-Control": "no-cache",
        "Content-Encoding": "gzip",
        "Content-Type": "application/json; charset=utf-8",
        "Date": "Fri, 03 Mar 2023 02:52:58 GMT",
        "Expires": "-1",
        "Pragma": "no-cache",
        "Retry-After": "10",
        "Server": [
          "Microsoft-HTTPAPI/2.0",
          "Microsoft-HTTPAPI/2.0"
        ],
        "Strict-Transport-Security": "max-age=31536000; includeSubDomains",
        "Transfer-Encoding": "chunked",
        "Vary": "Accept-Encoding",
        "X-Content-Type-Options": "nosniff",
        "x-ms-arm-service-request-id": "00000000-0000-0000-0000-000000000000",
        "x-ms-correlation-request-id": "00000000-0000-0000-0000-000000000000",
        "x-ms-ratelimit-remaining-subscription-writes": "1199",
        "x-ms-request-id": "00000000-0000-0000-0000-000000000000",
        "x-ms-routing-request-id": "SOUTHEASTASIA:20230303T025258Z:00000000-0000-0000-0000-000000000000"
      },
      "ResponseBody": {
        "name": "bastionhosQ78Hvh",
        "id": "/subscriptions/00000000-0000-0000-0000-000000000000/resourceGroups/go-sdk-test-rg/providers/Microsoft.Network/bastionHosts/bastionhosQ78Hvh",
        "etag": "W/\u002200000000-0000-0000-0000-000000000000\u0022",
        "type": "Microsoft.Network/bastionHosts",
        "location": "westus",
        "tags": {
          "tag1": "value1",
          "tag2": "value2"
        },
        "properties": {
          "provisioningState": "Updating",
          "dnsName": "bst-00000000-0000-0000-0000-000000000000.bastion.azure.com",
          "scaleUnits": 2,
          "ipConfigurations": [
            {
              "name": "bastionHostIpConfiguration",
              "id": "/subscriptions/00000000-0000-0000-0000-000000000000/resourceGroups/go-sdk-test-rg/providers/Microsoft.Network/bastionHosts/bastionhosQ78Hvh/bastionHostIpConfigurations/bastionHostIpConfiguration",
              "etag": "W/\u002200000000-0000-0000-0000-000000000000\u0022",
              "type": "Microsoft.Network/bastionHosts/bastionHostIpConfigurations",
              "properties": {
                "provisioningState": "Succeeded",
                "privateIPAllocationMethod": "Dynamic",
                "publicIPAddress": {
                  "id": "/subscriptions/00000000-0000-0000-0000-000000000000/resourceGroups/go-sdk-test-rg/providers/Microsoft.Network/publicIPAddresses/test-ip"
                },
                "subnet": {
                  "id": "/subscriptions/00000000-0000-0000-0000-000000000000/resourceGroups/go-sdk-test-rg/providers/Microsoft.Network/virtualNetworks/test-vnet/subnets/AzureBastionSubnet"
                }
              }
            }
          ]
        },
        "sku": {
          "name": "Basic"
        }
      }
    },
    {
      "RequestUri": "https://management.azure.com/subscriptions/00000000-0000-0000-0000-000000000000/resourceGroups/go-sdk-test-rg/providers/Microsoft.Network/bastionHosts/bastionhosQ78Hvh?api-version=2022-07-01",
      "RequestMethod": "GET",
      "RequestHeaders": {
        "Accept-Encoding": "gzip",
        "Authorization": "Sanitized",
        "User-Agent": "azsdk-go-armnetwork/v2.1.0 (go1.19; Windows_NT)"
      },
      "RequestBody": null,
      "StatusCode": 200,
      "ResponseHeaders": {
        "Cache-Control": "no-cache",
        "Content-Encoding": "gzip",
        "Content-Type": "application/json; charset=utf-8",
        "Date": "Fri, 03 Mar 2023 02:53:08 GMT",
        "ETag": "W/\u002200000000-0000-0000-0000-000000000000\u0022",
        "Expires": "-1",
        "Pragma": "no-cache",
        "Server": [
          "Microsoft-HTTPAPI/2.0",
          "Microsoft-HTTPAPI/2.0"
        ],
        "Strict-Transport-Security": "max-age=31536000; includeSubDomains",
        "Transfer-Encoding": "chunked",
        "Vary": "Accept-Encoding",
        "X-Content-Type-Options": "nosniff",
        "x-ms-arm-service-request-id": "00000000-0000-0000-0000-000000000000",
        "x-ms-correlation-request-id": "00000000-0000-0000-0000-000000000000",
        "x-ms-ratelimit-remaining-subscription-reads": "11994",
        "x-ms-request-id": "00000000-0000-0000-0000-000000000000",
        "x-ms-routing-request-id": "SOUTHEASTASIA:20230303T025309Z:00000000-0000-0000-0000-000000000000"
      },
      "ResponseBody": {
        "name": "bastionhosQ78Hvh",
        "id": "/subscriptions/00000000-0000-0000-0000-000000000000/resourceGroups/go-sdk-test-rg/providers/Microsoft.Network/bastionHosts/bastionhosQ78Hvh",
        "etag": "W/\u002200000000-0000-0000-0000-000000000000\u0022",
        "type": "Microsoft.Network/bastionHosts",
        "location": "westus",
        "tags": {
          "tag1": "value1",
          "tag2": "value2"
        },
        "properties": {
          "provisioningState": "Succeeded",
          "dnsName": "bst-00000000-0000-0000-0000-000000000000.bastion.azure.com",
          "scaleUnits": 2,
          "ipConfigurations": [
            {
              "name": "bastionHostIpConfiguration",
              "id": "/subscriptions/00000000-0000-0000-0000-000000000000/resourceGroups/go-sdk-test-rg/providers/Microsoft.Network/bastionHosts/bastionhosQ78Hvh/bastionHostIpConfigurations/bastionHostIpConfiguration",
              "etag": "W/\u002200000000-0000-0000-0000-000000000000\u0022",
              "type": "Microsoft.Network/bastionHosts/bastionHostIpConfigurations",
              "properties": {
                "provisioningState": "Succeeded",
                "privateIPAllocationMethod": "Dynamic",
                "publicIPAddress": {
                  "id": "/subscriptions/00000000-0000-0000-0000-000000000000/resourceGroups/go-sdk-test-rg/providers/Microsoft.Network/publicIPAddresses/test-ip"
                },
                "subnet": {
                  "id": "/subscriptions/00000000-0000-0000-0000-000000000000/resourceGroups/go-sdk-test-rg/providers/Microsoft.Network/virtualNetworks/test-vnet/subnets/AzureBastionSubnet"
                }
              }
            }
          ]
        },
        "sku": {
          "name": "Basic"
        }
      }
    },
    {
      "RequestUri": "https://management.azure.com/subscriptions/00000000-0000-0000-0000-000000000000/resourceGroups/go-sdk-test-rg/providers/Microsoft.Network/bastionHosts/bastionhosQ78Hvh?api-version=2022-07-01",
      "RequestMethod": "DELETE",
      "RequestHeaders": {
        "Accept": "application/json",
        "Accept-Encoding": "gzip",
        "Authorization": "Sanitized",
        "User-Agent": "azsdk-go-armnetwork/v2.1.0 (go1.19; Windows_NT)"
      },
      "RequestBody": null,
      "StatusCode": 202,
      "ResponseHeaders": {
        "azure-asyncnotification": "Enabled",
        "azure-asyncoperation": "https://management.azure.com/subscriptions/00000000-0000-0000-0000-000000000000/providers/Microsoft.Network/locations/westus/operations/00000000-0000-0000-0000-000000000000?api-version=2022-07-01",
        "Cache-Control": "no-cache",
        "Content-Length": "0",
        "Date": "Fri, 03 Mar 2023 02:53:09 GMT",
        "Expires": "-1",
        "Location": "https://management.azure.com/subscriptions/00000000-0000-0000-0000-000000000000/providers/Microsoft.Network/locations/westus/operationResults/00000000-0000-0000-0000-000000000000?api-version=2022-07-01",
        "Pragma": "no-cache",
        "Retry-After": "10",
        "Server": [
          "Microsoft-HTTPAPI/2.0",
          "Microsoft-HTTPAPI/2.0"
        ],
        "Strict-Transport-Security": "max-age=31536000; includeSubDomains",
        "X-Content-Type-Options": "nosniff",
        "x-ms-arm-service-request-id": "00000000-0000-0000-0000-000000000000",
        "x-ms-correlation-request-id": "00000000-0000-0000-0000-000000000000",
        "x-ms-ratelimit-remaining-subscription-deletes": "14999",
        "x-ms-request-id": "00000000-0000-0000-0000-000000000000",
        "x-ms-routing-request-id": "SOUTHEASTASIA:20230303T025310Z:00000000-0000-0000-0000-000000000000"
      },
      "ResponseBody": null
    },
    {
      "RequestUri": "https://management.azure.com/subscriptions/00000000-0000-0000-0000-000000000000/providers/Microsoft.Network/locations/westus/operations/00000000-0000-0000-0000-000000000000?api-version=2022-07-01",
      "RequestMethod": "GET",
      "RequestHeaders": {
        "Accept-Encoding": "gzip",
        "Authorization": "Sanitized",
        "User-Agent": "azsdk-go-armnetwork/v2.1.0 (go1.19; Windows_NT)"
      },
      "RequestBody": null,
      "StatusCode": 200,
      "ResponseHeaders": {
        "Cache-Control": "no-cache",
        "Content-Encoding": "gzip",
        "Content-Type": "application/json; charset=utf-8",
        "Date": "Fri, 03 Mar 2023 02:53:19 GMT",
        "Expires": "-1",
        "Pragma": "no-cache",
        "Retry-After": "10",
        "Server": [
          "Microsoft-HTTPAPI/2.0",
          "Microsoft-HTTPAPI/2.0"
        ],
        "Strict-Transport-Security": "max-age=31536000; includeSubDomains",
        "Transfer-Encoding": "chunked",
        "Vary": "Accept-Encoding",
        "X-Content-Type-Options": "nosniff",
        "x-ms-arm-service-request-id": "00000000-0000-0000-0000-000000000000",
        "x-ms-correlation-request-id": "00000000-0000-0000-0000-000000000000",
        "x-ms-ratelimit-remaining-subscription-reads": "11993",
        "x-ms-request-id": "00000000-0000-0000-0000-000000000000",
        "x-ms-routing-request-id": "SOUTHEASTASIA:20230303T025320Z:00000000-0000-0000-0000-000000000000"
      },
      "ResponseBody": {
        "status": "InProgress"
      }
    },
    {
      "RequestUri": "https://management.azure.com/subscriptions/00000000-0000-0000-0000-000000000000/providers/Microsoft.Network/locations/westus/operations/00000000-0000-0000-0000-000000000000?api-version=2022-07-01",
      "RequestMethod": "GET",
      "RequestHeaders": {
        "Accept-Encoding": "gzip",
        "Authorization": "Sanitized",
        "User-Agent": "azsdk-go-armnetwork/v2.1.0 (go1.19; Windows_NT)"
      },
      "RequestBody": null,
      "StatusCode": 200,
      "ResponseHeaders": {
        "Cache-Control": "no-cache",
        "Content-Encoding": "gzip",
        "Content-Type": "application/json; charset=utf-8",
        "Date": "Fri, 03 Mar 2023 02:53:29 GMT",
        "Expires": "-1",
        "Pragma": "no-cache",
        "Retry-After": "20",
        "Server": [
          "Microsoft-HTTPAPI/2.0",
          "Microsoft-HTTPAPI/2.0"
        ],
        "Strict-Transport-Security": "max-age=31536000; includeSubDomains",
        "Transfer-Encoding": "chunked",
        "Vary": "Accept-Encoding",
        "X-Content-Type-Options": "nosniff",
        "x-ms-arm-service-request-id": "00000000-0000-0000-0000-000000000000",
        "x-ms-correlation-request-id": "00000000-0000-0000-0000-000000000000",
        "x-ms-ratelimit-remaining-subscription-reads": "11992",
        "x-ms-request-id": "00000000-0000-0000-0000-000000000000",
        "x-ms-routing-request-id": "SOUTHEASTASIA:20230303T025330Z:00000000-0000-0000-0000-000000000000"
      },
      "ResponseBody": {
        "status": "InProgress"
      }
    },
    {
      "RequestUri": "https://management.azure.com/subscriptions/00000000-0000-0000-0000-000000000000/providers/Microsoft.Network/locations/westus/operations/00000000-0000-0000-0000-000000000000?api-version=2022-07-01",
      "RequestMethod": "GET",
      "RequestHeaders": {
        "Accept-Encoding": "gzip",
        "Authorization": "Sanitized",
        "User-Agent": "azsdk-go-armnetwork/v2.1.0 (go1.19; Windows_NT)"
      },
      "RequestBody": null,
      "StatusCode": 200,
      "ResponseHeaders": {
        "Cache-Control": "no-cache",
        "Content-Encoding": "gzip",
        "Content-Type": "application/json; charset=utf-8",
        "Date": "Fri, 03 Mar 2023 02:53:50 GMT",
        "Expires": "-1",
        "Pragma": "no-cache",
        "Retry-After": "20",
        "Server": [
          "Microsoft-HTTPAPI/2.0",
          "Microsoft-HTTPAPI/2.0"
        ],
        "Strict-Transport-Security": "max-age=31536000; includeSubDomains",
        "Transfer-Encoding": "chunked",
        "Vary": "Accept-Encoding",
        "X-Content-Type-Options": "nosniff",
        "x-ms-arm-service-request-id": "00000000-0000-0000-0000-000000000000",
        "x-ms-correlation-request-id": "00000000-0000-0000-0000-000000000000",
        "x-ms-ratelimit-remaining-subscription-reads": "11991",
        "x-ms-request-id": "00000000-0000-0000-0000-000000000000",
        "x-ms-routing-request-id": "SOUTHEASTASIA:20230303T025350Z:00000000-0000-0000-0000-000000000000"
      },
      "ResponseBody": {
        "status": "InProgress"
      }
    },
    {
      "RequestUri": "https://management.azure.com/subscriptions/00000000-0000-0000-0000-000000000000/providers/Microsoft.Network/locations/westus/operations/00000000-0000-0000-0000-000000000000?api-version=2022-07-01",
      "RequestMethod": "GET",
      "RequestHeaders": {
        "Accept-Encoding": "gzip",
        "Authorization": "Sanitized",
        "User-Agent": "azsdk-go-armnetwork/v2.1.0 (go1.19; Windows_NT)"
      },
      "RequestBody": null,
      "StatusCode": 200,
      "ResponseHeaders": {
        "Cache-Control": "no-cache",
        "Content-Encoding": "gzip",
        "Content-Type": "application/json; charset=utf-8",
        "Date": "Fri, 03 Mar 2023 02:54:10 GMT",
        "Expires": "-1",
        "Pragma": "no-cache",
        "Retry-After": "40",
        "Server": [
          "Microsoft-HTTPAPI/2.0",
          "Microsoft-HTTPAPI/2.0"
        ],
        "Strict-Transport-Security": "max-age=31536000; includeSubDomains",
        "Transfer-Encoding": "chunked",
        "Vary": "Accept-Encoding",
        "X-Content-Type-Options": "nosniff",
        "x-ms-arm-service-request-id": "00000000-0000-0000-0000-000000000000",
        "x-ms-correlation-request-id": "00000000-0000-0000-0000-000000000000",
        "x-ms-ratelimit-remaining-subscription-reads": "11990",
        "x-ms-request-id": "00000000-0000-0000-0000-000000000000",
        "x-ms-routing-request-id": "SOUTHEASTASIA:20230303T025411Z:00000000-0000-0000-0000-000000000000"
      },
      "ResponseBody": {
        "status": "InProgress"
      }
    },
    {
      "RequestUri": "https://management.azure.com/subscriptions/00000000-0000-0000-0000-000000000000/providers/Microsoft.Network/locations/westus/operations/00000000-0000-0000-0000-000000000000?api-version=2022-07-01",
      "RequestMethod": "GET",
      "RequestHeaders": {
        "Accept-Encoding": "gzip",
        "Authorization": "Sanitized",
        "User-Agent": "azsdk-go-armnetwork/v2.1.0 (go1.19; Windows_NT)"
      },
      "RequestBody": null,
      "StatusCode": 200,
      "ResponseHeaders": {
        "Cache-Control": "no-cache",
        "Content-Encoding": "gzip",
        "Content-Type": "application/json; charset=utf-8",
        "Date": "Fri, 03 Mar 2023 02:54:51 GMT",
        "Expires": "-1",
        "Pragma": "no-cache",
        "Retry-After": "40",
        "Server": [
          "Microsoft-HTTPAPI/2.0",
          "Microsoft-HTTPAPI/2.0"
        ],
        "Strict-Transport-Security": "max-age=31536000; includeSubDomains",
        "Transfer-Encoding": "chunked",
        "Vary": "Accept-Encoding",
        "X-Content-Type-Options": "nosniff",
        "x-ms-arm-service-request-id": "00000000-0000-0000-0000-000000000000",
        "x-ms-correlation-request-id": "00000000-0000-0000-0000-000000000000",
        "x-ms-ratelimit-remaining-subscription-reads": "11989",
        "x-ms-request-id": "00000000-0000-0000-0000-000000000000",
        "x-ms-routing-request-id": "SOUTHEASTASIA:20230303T025452Z:00000000-0000-0000-0000-000000000000"
      },
      "ResponseBody": {
        "status": "InProgress"
      }
    },
    {
      "RequestUri": "https://management.azure.com/subscriptions/00000000-0000-0000-0000-000000000000/providers/Microsoft.Network/locations/westus/operations/00000000-0000-0000-0000-000000000000?api-version=2022-07-01",
      "RequestMethod": "GET",
      "RequestHeaders": {
        "Accept-Encoding": "gzip",
        "Authorization": "Sanitized",
        "User-Agent": "azsdk-go-armnetwork/v2.1.0 (go1.19; Windows_NT)"
      },
      "RequestBody": null,
      "StatusCode": 200,
      "ResponseHeaders": {
        "Cache-Control": "no-cache",
        "Content-Encoding": "gzip",
        "Content-Type": "application/json; charset=utf-8",
        "Date": "Fri, 03 Mar 2023 02:55:32 GMT",
        "Expires": "-1",
        "Pragma": "no-cache",
        "Retry-After": "80",
        "Server": [
          "Microsoft-HTTPAPI/2.0",
          "Microsoft-HTTPAPI/2.0"
        ],
        "Strict-Transport-Security": "max-age=31536000; includeSubDomains",
        "Transfer-Encoding": "chunked",
        "Vary": "Accept-Encoding",
        "X-Content-Type-Options": "nosniff",
        "x-ms-arm-service-request-id": "00000000-0000-0000-0000-000000000000",
        "x-ms-correlation-request-id": "00000000-0000-0000-0000-000000000000",
        "x-ms-ratelimit-remaining-subscription-reads": "11988",
        "x-ms-request-id": "00000000-0000-0000-0000-000000000000",
        "x-ms-routing-request-id": "SOUTHEASTASIA:20230303T025532Z:00000000-0000-0000-0000-000000000000"
      },
      "ResponseBody": {
        "status": "InProgress"
      }
    },
    {
      "RequestUri": "https://management.azure.com/subscriptions/00000000-0000-0000-0000-000000000000/providers/Microsoft.Network/locations/westus/operations/00000000-0000-0000-0000-000000000000?api-version=2022-07-01",
      "RequestMethod": "GET",
      "RequestHeaders": {
        "Accept-Encoding": "gzip",
        "Authorization": "Sanitized",
        "User-Agent": "azsdk-go-armnetwork/v2.1.0 (go1.19; Windows_NT)"
      },
      "RequestBody": null,
      "StatusCode": 200,
      "ResponseHeaders": {
        "Cache-Control": "no-cache",
        "Content-Encoding": "gzip",
        "Content-Type": "application/json; charset=utf-8",
        "Date": "Fri, 03 Mar 2023 02:56:53 GMT",
        "Expires": "-1",
        "Pragma": "no-cache",
        "Retry-After": "160",
        "Server": [
          "Microsoft-HTTPAPI/2.0",
          "Microsoft-HTTPAPI/2.0"
        ],
        "Strict-Transport-Security": "max-age=31536000; includeSubDomains",
        "Transfer-Encoding": "chunked",
        "Vary": "Accept-Encoding",
        "X-Content-Type-Options": "nosniff",
        "x-ms-arm-service-request-id": "00000000-0000-0000-0000-000000000000",
        "x-ms-correlation-request-id": "00000000-0000-0000-0000-000000000000",
        "x-ms-ratelimit-remaining-subscription-reads": "11999",
        "x-ms-request-id": "00000000-0000-0000-0000-000000000000",
        "x-ms-routing-request-id": "SOUTHEASTASIA:20230303T025653Z:00000000-0000-0000-0000-000000000000"
      },
      "ResponseBody": {
        "status": "InProgress"
      }
    },
    {
      "RequestUri": "https://management.azure.com/subscriptions/00000000-0000-0000-0000-000000000000/providers/Microsoft.Network/locations/westus/operations/00000000-0000-0000-0000-000000000000?api-version=2022-07-01",
      "RequestMethod": "GET",
      "RequestHeaders": {
        "Accept-Encoding": "gzip",
        "Authorization": "Sanitized",
        "User-Agent": "azsdk-go-armnetwork/v2.1.0 (go1.19; Windows_NT)"
      },
      "RequestBody": null,
      "StatusCode": 200,
      "ResponseHeaders": {
        "Cache-Control": "no-cache",
        "Content-Encoding": "gzip",
        "Content-Type": "application/json; charset=utf-8",
        "Date": "Fri, 03 Mar 2023 02:59:35 GMT",
        "Expires": "-1",
        "Pragma": "no-cache",
        "Server": [
          "Microsoft-HTTPAPI/2.0",
          "Microsoft-HTTPAPI/2.0"
        ],
        "Strict-Transport-Security": "max-age=31536000; includeSubDomains",
        "Transfer-Encoding": "chunked",
        "Vary": "Accept-Encoding",
        "X-Content-Type-Options": "nosniff",
        "x-ms-arm-service-request-id": "00000000-0000-0000-0000-000000000000",
        "x-ms-correlation-request-id": "00000000-0000-0000-0000-000000000000",
        "x-ms-ratelimit-remaining-subscription-reads": "11999",
        "x-ms-request-id": "00000000-0000-0000-0000-000000000000",
        "x-ms-routing-request-id": "SOUTHEASTASIA:20230303T025935Z:00000000-0000-0000-0000-000000000000"
      },
      "ResponseBody": {
        "status": "Succeeded"
      }
    },
    {
      "RequestUri": "https://management.azure.com/subscriptions/00000000-0000-0000-0000-000000000000/resourcegroups/go-sdk-test-rg?api-version=2021-04-01",
      "RequestMethod": "DELETE",
      "RequestHeaders": {
        "Accept": "application/json",
        "Accept-Encoding": "gzip",
        "Authorization": "Sanitized",
        "User-Agent": "azsdk-go-armresources/v1.0.0 (go1.19; Windows_NT)"
      },
      "RequestBody": null,
      "StatusCode": 202,
      "ResponseHeaders": {
        "Cache-Control": "no-cache",
        "Content-Length": "0",
        "Date": "Fri, 03 Mar 2023 02:59:38 GMT",
        "Expires": "-1",
        "Location": "https://management.azure.com/subscriptions/00000000-0000-0000-0000-000000000000/operationresults/eyJqb2JJZCI6IlJFU09VUkNFR1JPVVBERUxFVElPTkpPQi1HTzoyRFNESzoyRFRFU1Q6MkQyOTEtV0VTVFVTIiwiam9iTG9jYXRpb24iOiJ3ZXN0dXMifQ?api-version=2021-04-01",
        "Pragma": "no-cache",
        "Retry-After": "15",
        "Strict-Transport-Security": "max-age=31536000; includeSubDomains",
        "X-Content-Type-Options": "nosniff",
        "x-ms-correlation-request-id": "00000000-0000-0000-0000-000000000000",
        "x-ms-ratelimit-remaining-subscription-deletes": "14999",
        "x-ms-request-id": "00000000-0000-0000-0000-000000000000",
        "x-ms-routing-request-id": "SOUTHEASTASIA:20230303T025939Z:00000000-0000-0000-0000-000000000000"
      },
      "ResponseBody": null
    }
  ],
  "Variables": {
    "recordingRandomSeed": "1677811516"
  }
}
