{
  "Entries": [
    {
      "RequestUri": "https://fakestorageaccount.table.core.windows.net/Tables",
      "RequestMethod": "POST",
      "RequestHeaders": {
        ":authority": "localhost:5001",
        ":method": "POST",
        ":path": "/Tables",
        ":scheme": "https",
        "Accept": "application/json;odata=minimalmetadata",
        "Accept-Encoding": "gzip",
        "Authorization": "Sanitized",
        "Content-Length": "35",
        "Content-Type": "application/json",
        "dataserviceversion": "3.0",
        "User-Agent": "azsdk-go-internal/v0.1.0 azsdk-go-internal/v0.1.0 azcore/v0.18.0 (go1.17; Windows_NT)",
        "x-ms-date": "Tue, 31 Aug 2021 15:40:49 GMT",
        "x-ms-version": "2019-02-02"
      },
      "RequestBody": {
        "TableName": "tableName1539808374"
      },
      "StatusCode": 201,
      "ResponseHeaders": {
        "Cache-Control": "no-cache",
        "Content-Type": "application/json; odata=minimalmetadata; streaming=true; charset=utf-8",
        "Date": "Tue, 31 Aug 2021 15:40:49 GMT",
        "Location": "https://seankaneprim.table.core.windows.net/Tables(\u0027tableName1539808374\u0027)",
        "Server": [
          "Windows-Azure-Table/1.0",
          "Microsoft-HTTPAPI/2.0"
        ],
        "Transfer-Encoding": "chunked",
        "X-Content-Type-Options": "nosniff",
        "x-ms-request-id": "6b1c0bab-b002-0007-027e-9e1dbe000000",
        "x-ms-version": "2019-02-02"
      },
      "ResponseBody": {
        "odata.metadata": "https://seankaneprim.table.core.windows.net/$metadata#Tables/@Element",
        "TableName": "tableName1539808374"
      }
    },
    {
      "RequestUri": "https://fakestorageaccount.table.core.windows.net/tableName1539808374",
      "RequestMethod": "POST",
      "RequestHeaders": {
        ":authority": "localhost:5001",
        ":method": "POST",
        ":path": "/tableName1539808374",
        ":scheme": "https",
        "Accept": "application/json;odata=minimalmetadata",
        "Accept-Encoding": "gzip",
        "Authorization": "Sanitized",
        "Content-Length": "125",
        "Content-Type": "application/json",
        "dataserviceversion": "3.0",
        "prefer": "return-no-content",
        "User-Agent": "azsdk-go-internal/v0.1.0 azsdk-go-internal/v0.1.0 azcore/v0.18.0 (go1.17; Windows_NT)",
        "x-ms-date": "Tue, 31 Aug 2021 15:40:49 GMT",
        "x-ms-version": "2019-02-02"
      },
      "RequestBody": {
        "Bool": true,
        "Integer": 1,
        "PartitionKey": "partition",
        "RowKey": "1",
        "String": "some string 1",
        "Timestamp": "0001-01-01T00:00:00Z"
      },
      "StatusCode": 204,
      "ResponseHeaders": {
        "Cache-Control": "no-cache",
        "Content-Length": "0",
        "DataServiceId": "https://seankaneprim.table.core.windows.net/tableName1539808374(PartitionKey=\u0027partition\u0027,RowKey=\u00271\u0027)",
        "Date": "Tue, 31 Aug 2021 15:40:49 GMT",
        "ETag": "W/\u0022datetime\u00272021-08-31T15%3A40%3A49.6724407Z\u0027\u0022",
        "Location": "https://seankaneprim.table.core.windows.net/tableName1539808374(PartitionKey=\u0027partition\u0027,RowKey=\u00271\u0027)",
        "Preference-Applied": "return-no-content",
        "Server": [
          "Windows-Azure-Table/1.0",
          "Microsoft-HTTPAPI/2.0"
        ],
        "X-Content-Type-Options": "nosniff",
        "x-ms-request-id": "6b1c0be1-b002-0007-357e-9e1dbe000000",
        "x-ms-version": "2019-02-02"
      },
      "ResponseBody": null
    },
    {
      "RequestUri": "https://fakestorageaccount.table.core.windows.net/tableName1539808374(PartitionKey=\u0027partition\u0027,RowKey=\u00271\u0027)?%24format=application%2Fjson%3Bodata%3Dminimalmetadata",
      "RequestMethod": "GET",
      "RequestHeaders": {
        ":authority": "localhost:5001",
        ":method": "GET",
        ":path": "/tableName1539808374(PartitionKey=\u0027partition\u0027,RowKey=\u00271\u0027)?%24format=application%2Fjson%3Bodata%3Dminimalmetadata",
        ":scheme": "https",
        "Accept": "application/json;odata=minimalmetadata",
        "Accept-Encoding": "gzip",
        "Authorization": "Sanitized",
        "dataserviceversion": "3.0",
        "User-Agent": "azsdk-go-internal/v0.1.0 azsdk-go-internal/v0.1.0 azcore/v0.18.0 (go1.17; Windows_NT)",
        "x-ms-date": "Tue, 31 Aug 2021 15:40:49 GMT",
        "x-ms-version": "2019-02-02"
      },
      "RequestBody": null,
      "StatusCode": 200,
      "ResponseHeaders": {
        "Cache-Control": "no-cache",
        "Content-Type": "application/json; odata=minimalmetadata; streaming=true; charset=utf-8",
        "Date": "Tue, 31 Aug 2021 15:40:49 GMT",
        "ETag": "W/\u0022datetime\u00272021-08-31T15%3A40%3A49.6724407Z\u0027\u0022",
        "Server": [
          "Windows-Azure-Table/1.0",
          "Microsoft-HTTPAPI/2.0"
        ],
        "Transfer-Encoding": "chunked",
        "X-Content-Type-Options": "nosniff",
        "x-ms-request-id": "6b1c0c0b-b002-0007-5e7e-9e1dbe000000",
        "x-ms-version": "2019-02-02"
      },
      "ResponseBody": {
        "odata.metadata": "https://seankaneprim.table.core.windows.net/$metadata#tableName1539808374/@Element",
        "odata.etag": "W/\u0022datetime\u00272021-08-31T15%3A40%3A49.6724407Z\u0027\u0022",
        "PartitionKey": "partition",
        "RowKey": "1",
        "Timestamp": "2021-08-31T15:40:49.6724407Z",
        "Bool": true,
        "Integer": 1,
        "String": "some string 1"
      }
    },
    {
      "RequestUri": "https://fakestorageaccount.table.core.windows.net/tableName1539808374(PartitionKey=\u0027partition\u0027,RowKey=\u00271\u0027)",
      "RequestMethod": "PATCH",
      "RequestHeaders": {
        ":authority": "localhost:5001",
        ":method": "PATCH",
        ":path": "/tableName1539808374(PartitionKey=\u0027partition\u0027,RowKey=\u00271\u0027)",
        ":scheme": "https",
        "Accept": "application/json",
        "Accept-Encoding": "gzip",
        "Authorization": "Sanitized",
        "Content-Length": "147",
        "Content-Type": "application/json",
        "dataserviceversion": "3.0",
        "If-Match": "*",
        "User-Agent": "azsdk-go-internal/v0.1.0 azsdk-go-internal/v0.1.0 azcore/v0.18.0 (go1.17; Windows_NT)",
        "x-ms-date": "Tue, 31 Aug 2021 15:40:49 GMT",
        "x-ms-version": "2019-02-02"
      },
      "RequestBody": {
        "Bool": true,
        "Integer": 1,
        "MergeProperty": "foo",
        "PartitionKey": "partition",
        "RowKey": "1",
        "String": "some string 1",
        "Timestamp": "0001-01-01T00:00:00Z"
      },
      "StatusCode": 204,
      "ResponseHeaders": {
        "Cache-Control": "no-cache",
        "Content-Length": "0",
        "Date": "Tue, 31 Aug 2021 15:40:49 GMT",
        "ETag": "W/\u0022datetime\u00272021-08-31T15%3A40%3A49.8696359Z\u0027\u0022",
        "Server": [
          "Windows-Azure-Table/1.0",
          "Microsoft-HTTPAPI/2.0"
        ],
        "X-Content-Type-Options": "nosniff",
        "x-ms-request-id": "6b1c0c3f-b002-0007-107e-9e1dbe000000",
        "x-ms-version": "2019-02-02"
      },
      "ResponseBody": null
    },
    {
      "RequestUri": "https://fakestorageaccount.table.core.windows.net/tableName1539808374()?%24filter=RowKey\u002Beq\u002B%271%27\u0026%24format=application%2Fjson%3Bodata%3Dminimalmetadata",
      "RequestMethod": "GET",
      "RequestHeaders": {
        ":authority": "localhost:5001",
        ":method": "GET",
        ":path": "/tableName1539808374()?%24filter=RowKey\u002Beq\u002B%271%27\u0026%24format=application%2Fjson%3Bodata%3Dminimalmetadata",
        ":scheme": "https",
        "Accept": "application/json;odata=minimalmetadata",
        "Accept-Encoding": "gzip",
        "Authorization": "Sanitized",
        "dataserviceversion": "3.0",
        "User-Agent": "azsdk-go-internal/v0.1.0 azsdk-go-internal/v0.1.0 azcore/v0.18.0 (go1.17; Windows_NT)",
        "x-ms-date": "Tue, 31 Aug 2021 15:40:49 GMT",
        "x-ms-version": "2019-02-02"
      },
      "RequestBody": null,
      "StatusCode": 200,
      "ResponseHeaders": {
        "Cache-Control": "no-cache",
        "Content-Type": "application/json; odata=minimalmetadata; streaming=true; charset=utf-8",
        "Date": "Tue, 31 Aug 2021 15:40:49 GMT",
        "Server": [
          "Windows-Azure-Table/1.0",
          "Microsoft-HTTPAPI/2.0"
        ],
        "Transfer-Encoding": "chunked",
        "X-Content-Type-Options": "nosniff",
        "x-ms-request-id": "6b1c0c87-b002-0007-557e-9e1dbe000000",
        "x-ms-version": "2019-02-02"
      },
      "ResponseBody": {
        "odata.metadata": "https://seankaneprim.table.core.windows.net/$metadata#tableName1539808374",
        "value": [
          {
            "odata.etag": "W/\u0022datetime\u00272021-08-31T15%3A40%3A49.8696359Z\u0027\u0022",
            "PartitionKey": "partition",
            "RowKey": "1",
            "Timestamp": "2021-08-31T15:40:49.8696359Z",
            "Bool": true,
            "Integer": 1,
            "MergeProperty": "foo",
            "String": "some string 1"
          }
        ]
      }
    },
    {
      "RequestUri": "https://fakestorageaccount.table.core.windows.net/Tables(\u0027tableName1539808374\u0027)",
      "RequestMethod": "DELETE",
      "RequestHeaders": {
        ":authority": "localhost:5001",
        ":method": "DELETE",
        ":path": "/Tables(\u0027tableName1539808374\u0027)",
        ":scheme": "https",
        "Accept": "application/json",
        "Accept-Encoding": "gzip",
        "Authorization": "Sanitized",
        "User-Agent": "azsdk-go-internal/v0.1.0 azsdk-go-internal/v0.1.0 azcore/v0.18.0 (go1.17; Windows_NT)",
        "x-ms-date": "Tue, 31 Aug 2021 15:40:49 GMT",
        "x-ms-version": "2019-02-02"
      },
      "RequestBody": null,
      "StatusCode": 204,
      "ResponseHeaders": {
        "Cache-Control": "no-cache",
        "Content-Length": "0",
        "Date": "Tue, 31 Aug 2021 15:40:49 GMT",
        "Server": [
          "Windows-Azure-Table/1.0",
          "Microsoft-HTTPAPI/2.0"
        ],
        "X-Content-Type-Options": "nosniff",
        "x-ms-request-id": "6b1c0cbf-b002-0007-0a7e-9e1dbe000000",
        "x-ms-version": "2019-02-02"
      },
      "ResponseBody": null
    }
  ],
  "Variables": {}
}