---
version: 1
interactions:
- request:
    body: '{"TableName":"gotabledak1a1arh606r"}'
    form: {}
    headers:
      Accept:
      - application/json;odata=minimalmetadata
      Authorization:
      - sanitized
      Content-Length:
      - "36"
      Content-Type:
      - application/json
      Dataserviceversion:
      - "3.0"
      User-Agent:
      - azsdk-go-aztable/<version> azsdk-go-aztable/<version> azcore/v0.16.2 (go1.16.5;
        Windows_NT)
      X-Ms-Date:
      - Wed, 14 Jul 2021 17:25:01 GMT
      X-Ms-Version:
      - "2019-02-02"
    url: https://seankaneprim.table.cosmos.azure.com/Tables
    method: POST
  response:
    body: '{"TableName":"gotabledak1a1arh606r","odata.metadata":"https://seankaneprim.table.cosmos.azure.com/$metadata#Tables/@Element"}'
    headers:
      Content-Type:
      - application/json;odata=minimalmetadata
      Date:
      - Wed, 14 Jul 2021 17:25:01 GMT
      Etag:
      - W/"datetime'2021-07-14T17%3A25%3A01.1972104Z'"
      Location:
      - https://seankaneprim.table.cosmos.azure.com/Tables('gotabledak1a1arh606r')
      X-Ms-Request-Id:
      - 466b5097-f1e6-4504-8620-3602d7c59220
    status: 201 Created
    code: 201
    duration: ""
- request:
    body: '{"Bool":true,"Byte":"c29tZWJ5dGVz","DateTime":"2021-07-13T00:00:00Z","Float":3.14159,"Integer":1,"PartitionKey":"partition","RowKey":"row","String":"someString","TimeStamp":"0001-01-01T00:00:00Z"}'
    form: {}
    headers:
      Accept:
      - application/json;odata=minimalmetadata
      Authorization:
      - sanitized
      Content-Length:
      - "196"
      Content-Type:
      - application/json
      Dataserviceversion:
      - "3.0"
      Prefer:
      - return-no-content
      User-Agent:
      - azsdk-go-aztable/<version> azsdk-go-aztable/<version> azcore/v0.16.2 (go1.16.5;
        Windows_NT)
      X-Ms-Date:
      - Wed, 14 Jul 2021 17:25:02 GMT
      X-Ms-Version:
      - "2019-02-02"
    url: https://seankaneprim.table.cosmos.azure.com/gotabledak1a1arh606r
    method: POST
  response:
    body: ""
    headers:
      Date:
      - Wed, 14 Jul 2021 17:25:01 GMT
      Etag:
      - W/"datetime'2021-07-14T17%3A25%3A01.8787848Z'"
      Location:
      - https://seankaneprim.table.cosmos.azure.com/gotabledak1a1arh606r(PartitionKey='partition',RowKey='row')
      Preference-Applied:
      - return-no-content
      X-Ms-Request-Id:
      - dd3a508c-b694-4258-9048-b60b2c3aff86
    status: 204 No Content
    code: 204
    duration: ""
- request:
    body: ""
    form: {}
    headers:
      Accept:
      - application/json
      Authorization:
      - sanitized
      User-Agent:
      - azsdk-go-aztable/<version> azsdk-go-aztable/<version> azcore/v0.16.2 (go1.16.5;
        Windows_NT)
      X-Ms-Date:
      - Wed, 14 Jul 2021 17:25:02 GMT
      X-Ms-Version:
      - "2019-02-02"
    url: https://seankaneprim.table.cosmos.azure.com/Tables('gotabledak1a1arh606r')
    method: DELETE
  response:
    body: ""
    headers:
      Date:
      - Wed, 14 Jul 2021 17:25:01 GMT
      X-Ms-Request-Id:
      - f0237e68-d7fc-4054-bcab-a510a1b1f69f
    status: 204 No Content
    code: 204
    duration: ""
