---
version: 1
interactions:
- request:
    body: '{"TableName":"gotablehbb6pzx61ag1m"}'
    form: {}
    headers:
      Accept:
      - application/json;odata=minimalmetadata
      Authorization:
      - sanitized
      Content-Length:
      - "36"
      Content-Type:
      - application/json
      Dataserviceversion:
      - "3.0"
      User-Agent:
      - azsdk-go-aztable/<version> azsdk-go-aztable/<version> azcore/v0.16.2 (go1.16.5;
        Windows_NT)
      X-Ms-Date:
      - Mon, 26 Jul 2021 21:18:24 GMT
      X-Ms-Version:
      - "2019-02-02"
    url: https://seankaneprim.table.cosmos.azure.com/Tables
    method: POST
  response:
    body: '{"TableName":"gotablehbb6pzx61ag1m","odata.metadata":"https://seankaneprim.table.cosmos.azure.com/$metadata#Tables/@Element"}'
    headers:
      Content-Type:
      - application/json;odata=minimalmetadata
      Date:
      - Mon, 26 Jul 2021 21:18:24 GMT
      Etag:
      - W/"datetime'2021-07-26T21%3A18%3A24.7500808Z'"
      Location:
      - https://seankaneprim.table.cosmos.azure.com/Tables('gotablehbb6pzx61ag1m')
      X-Ms-Request-Id:
      - 1f820d6d-07dc-4a45-b547-0ac1e2d9ffbc
    status: 201 Created
    code: 201
    duration: ""
- request:
    body: '{"TableName":"gotablehbb6pzx61ag1m"}'
    form: {}
    headers:
      Accept:
      - application/json;odata=minimalmetadata
      Authorization:
      - sanitized
      Content-Length:
      - "36"
      Content-Type:
      - application/json
      Dataserviceversion:
      - "3.0"
      User-Agent:
      - azsdk-go-aztable/<version> azsdk-go-aztable/<version> azcore/v0.16.2 (go1.16.5;
        Windows_NT)
      X-Ms-Date:
      - Mon, 26 Jul 2021 21:18:25 GMT
      X-Ms-Version:
      - "2019-02-02"
    url: https://seankaneprim.table.cosmos.azure.com/Tables
    method: POST
  response:
    body: "{\"odata.error\":{\"code\":\"TableAlreadyExists\",\"message\":{\"lang\":\"en-us\",\"value\":\"The
      specified table already exists.\\nRequestID:d6bf8608-bce6-47de-abf4-d16ffc554997\\n\"}}}\r\n"
    headers:
      Content-Type:
      - application/json;odata=minimalmetadata
      Date:
      - Mon, 26 Jul 2021 21:18:24 GMT
      X-Ms-Request-Id:
      - d6bf8608-bce6-47de-abf4-d16ffc554997
    status: 409 Conflict
    code: 409
    duration: ""
- request:
    body: ""
    form: {}
    headers:
      Accept:
      - application/json
      Authorization:
      - sanitized
      User-Agent:
      - azsdk-go-aztable/<version> azsdk-go-aztable/<version> azcore/v0.16.2 (go1.16.5;
        Windows_NT)
      X-Ms-Date:
      - Mon, 26 Jul 2021 21:18:25 GMT
      X-Ms-Version:
      - "2019-02-02"
    url: https://seankaneprim.table.cosmos.azure.com/Tables('gotablehbb6pzx61ag1m')
    method: DELETE
  response:
    body: ""
    headers:
      Date:
      - Mon, 26 Jul 2021 21:18:25 GMT
      X-Ms-Request-Id:
      - 8432df94-cd39-4748-b441-ced3b3ffd118
    status: 204 No Content
    code: 204
    duration: ""
