---
version: 1
interactions:
- request:
    body: ""
    form: {}
    headers:
      Authorization:
      - SharedKey golangrocksonazure:jiDGKfJnWpT8/MABnDk7dBrUl0gKrreClLYXXFHZ4aU=
      User-Agent:
      - Go/go1.12.4 (amd64-windows) azure-storage-go/latest api-version/2018-03-28
        blob
      x-ms-date:
      - Tue, 28 May 2019 22:36:07 GMT
      x-ms-version:
      - "2018-03-28"
    url: https://golangrocksonazure.blob.core.windows.net/cnt-40leaseblobsuitetestchangele?restype=container
    method: PUT
  response:
    body: ""
    headers:
      Content-Length:
      - "0"
      Date:
      - Tue, 28 May 2019 22:36:06 GMT
      Etag:
      - '"0x8D6E3BCE0012AE7"'
      Last-Modified:
      - Tue, 28 May 2019 22:36:07 GMT
      Server:
      - Windows-Azure-Blob/1.0 Microsoft-HTTPAPI/2.0
      X-Ms-Request-Id:
      - 3781cdee-e01e-00b7-08a5-15d5a7000000
      X-Ms-Version:
      - "2018-03-28"
    status: 201 Created
    code: 201
    duration: ""
- request:
    body: Hello!
    form: {}
    headers:
      Authorization:
      - SharedKey golangrocksonazure:sKIUUcm5o3JjQ4ej17ivQYMkL03uqxLJX82z3WsSxwM=
      Content-Length:
      - "6"
      User-Agent:
      - Go/go1.12.4 (amd64-windows) azure-storage-go/latest api-version/2018-03-28
        blob
      x-ms-blob-type:
      - BlockBlob
      x-ms-date:
      - Tue, 28 May 2019 22:36:07 GMT
      x-ms-version:
      - "2018-03-28"
    url: https://golangrocksonazure.blob.core.windows.net/cnt-40leaseblobsuitetestchangele/blob/40leaseblobsuitetestchangeleasesuccessful
    method: PUT
  response:
    body: ""
    headers:
      Content-Length:
      - "0"
      Content-Md5:
      - lS0sVtBIWVgzZ0e83ZhZDQ==
      Date:
      - Tue, 28 May 2019 22:36:06 GMT
      Etag:
      - '"0x8D6E3BCE0035B80"'
      Last-Modified:
      - Tue, 28 May 2019 22:36:07 GMT
      Server:
      - Windows-Azure-Blob/1.0 Microsoft-HTTPAPI/2.0
      X-Ms-Request-Id:
      - 3781ce02-e01e-00b7-1aa5-15d5a7000000
      X-Ms-Request-Server-Encrypted:
      - "true"
      X-Ms-Version:
      - "2018-03-28"
    status: 201 Created
    code: 201
    duration: ""
- request:
    body: ""
    form: {}
    headers:
      Authorization:
      - SharedKey golangrocksonazure:HcQLEBDvD6adDpQdnjtqIXTMswJ7+lfutjYE+nTbh9Y=
      User-Agent:
      - Go/go1.12.4 (amd64-windows) azure-storage-go/latest api-version/2018-03-28
        blob
      x-ms-date:
      - Tue, 28 May 2019 22:36:07 GMT
      x-ms-lease-action:
      - acquire
      x-ms-lease-duration:
      - "30"
      x-ms-proposed-lease-id:
      - dfe6dde8-68d5-4910-9248-c97c61768fea
      x-ms-version:
      - "2018-03-28"
    url: https://golangrocksonazure.blob.core.windows.net/cnt-40leaseblobsuitetestchangele/blob/40leaseblobsuitetestchangeleasesuccessful?comp=lease
    method: PUT
  response:
    body: ""
    headers:
      Content-Length:
      - "0"
      Date:
      - Tue, 28 May 2019 22:36:06 GMT
      Etag:
      - '"0x8D6E3BCE0035B80"'
      Last-Modified:
      - Tue, 28 May 2019 22:36:07 GMT
      Server:
      - Windows-Azure-Blob/1.0 Microsoft-HTTPAPI/2.0
      X-Ms-Lease-Id:
      - dfe6dde8-68d5-4910-9248-c97c61768fea
      X-Ms-Request-Id:
      - 3781ce18-e01e-00b7-2fa5-15d5a7000000
      X-Ms-Version:
      - "2018-03-28"
    status: 201 Created
    code: 201
    duration: ""
- request:
    body: ""
    form: {}
    headers:
      Authorization:
      - SharedKey golangrocksonazure:pMae5tUaQSaaspeNP6kOcGsZsJ81jiHdXPhwQ1NnQco=
      User-Agent:
      - Go/go1.12.4 (amd64-windows) azure-storage-go/latest api-version/2018-03-28
        blob
      x-ms-date:
      - Tue, 28 May 2019 22:36:07 GMT
      x-ms-lease-action:
      - change
      x-ms-lease-id:
      - dfe6dde8-68d5-4910-9248-c97c61768fea
      x-ms-proposed-lease-id:
      - dfe6dde8-68d5-4910-9248-c97c61768fbb
      x-ms-version:
      - "2018-03-28"
    url: https://golangrocksonazure.blob.core.windows.net/cnt-40leaseblobsuitetestchangele/blob/40leaseblobsuitetestchangeleasesuccessful?comp=lease
    method: PUT
  response:
    body: ""
    headers:
      Content-Length:
      - "0"
      Date:
      - Tue, 28 May 2019 22:36:06 GMT
      Etag:
      - '"0x8D6E3BCE0035B80"'
      Last-Modified:
      - Tue, 28 May 2019 22:36:07 GMT
      Server:
      - Windows-Azure-Blob/1.0 Microsoft-HTTPAPI/2.0
      X-Ms-Lease-Id:
      - dfe6dde8-68d5-4910-9248-c97c61768fbb
      X-Ms-Request-Id:
      - 3781ce28-e01e-00b7-3ea5-15d5a7000000
      X-Ms-Version:
      - "2018-03-28"
    status: 200 OK
    code: 200
    duration: ""
- request:
    body: ""
    form: {}
    headers:
      Authorization:
      - SharedKey golangrocksonazure:WSFm7n1KMj3K8Xsh8eDQwfaLfQsDp6ANQ3WfwwezHuU=
      User-Agent:
      - Go/go1.12.4 (amd64-windows) azure-storage-go/latest api-version/2018-03-28
        blob
      x-ms-date:
      - Tue, 28 May 2019 22:36:07 GMT
      x-ms-version:
      - "2018-03-28"
    url: https://golangrocksonazure.blob.core.windows.net/cnt-40leaseblobsuitetestchangele?restype=container
    method: DELETE
  response:
    body: ""
    headers:
      Content-Length:
      - "0"
      Date:
      - Tue, 28 May 2019 22:36:07 GMT
      Server:
      - Windows-Azure-Blob/1.0 Microsoft-HTTPAPI/2.0
      X-Ms-Request-Id:
      - 3781ce38-e01e-00b7-4ea5-15d5a7000000
      X-Ms-Version:
      - "2018-03-28"
    status: 202 Accepted
    code: 202
    duration: ""
