---
version: 1
rwmutex: {}
interactions:
- request:
    body: ""
    form: {}
    headers:
      Authorization:
      - SharedKey golangrocksonazure:/aMWaS2dFJEZNJGcSuViOUfzPef2ZUpgeD3U92j/Hwg=
      User-Agent:
      - Go/go1.8 (amd64-windows) azure-storage-go/0.1.0 api-version/2016-05-31 blob
      X-Ms-Date:
      - Wed, 05 Apr 2017 22:33:05 GMT
      X-Ms-Version:
      - 2016-05-31
    url: https://golangrocksonazure.blob.core.windows.net/cnt-38storageblobsuitetestgetblo?restype=container
    method: PUT
  response:
    body: ""
    headers:
      Date:
      - Wed, 05 Apr 2017 22:33:04 GMT
      Etag:
      - '"0x8D47C73B9F9B36A"'
      Last-Modified:
      - Wed, 05 Apr 2017 22:33:04 GMT
      Server:
      - Windows-Azure-Blob/1.0 Microsoft-HTTPAPI/2.0
      X-Ms-Request-Id:
      - 5eac2c6a-0001-00d8-685c-aea568000000
      X-Ms-Version:
      - 2016-05-31
    status: 201 Created
    code: 201
- request:
    body: ""
    form: {}
    headers:
      Authorization:
      - SharedKey golangrocksonazure:W3NzjgVnrmyJjA8cPbqf/p5LR+TyFsGu32DjARXWP+Q=
      User-Agent:
      - Go/go1.8 (amd64-windows) azure-storage-go/0.1.0 api-version/2016-05-31 blob
      X-Ms-Date:
      - Wed, 05 Apr 2017 22:33:05 GMT
      X-Ms-Version:
      - 2016-05-31
    url: https://golangrocksonazure.blob.core.windows.net/cnt-38storageblobsuitetestgetblo/blob/138storageblobsuitetestgetblobproperties
    method: HEAD
  response:
    body: ""
    headers:
      Date:
      - Wed, 05 Apr 2017 22:33:04 GMT
      Server:
      - Windows-Azure-Blob/1.0 Microsoft-HTTPAPI/2.0
      X-Ms-Request-Id:
      - 5eac2c8d-0001-00d8-075c-aea568000000
      X-Ms-Version:
      - 2016-05-31
    status: 404 The specified blob does not exist.
    code: 404
- request:
    body: Lorem ipsum dolor sit amet, consectetur adipiscing elit. Integer
    form: {}
    headers:
      Authorization:
      - SharedKey golangrocksonazure:CwrWIVB3Z7jsnM9uyPXSRb2IpKKajvJ4RicMK5UlBRI=
      Content-Length:
      - "64"
      User-Agent:
      - Go/go1.8 (amd64-windows) azure-storage-go/0.1.0 api-version/2016-05-31 blob
      X-Ms-Blob-Type:
      - BlockBlob
      X-Ms-Date:
      - Wed, 05 Apr 2017 22:33:05 GMT
      X-Ms-Version:
      - 2016-05-31
    url: https://golangrocksonazure.blob.core.windows.net/cnt-38storageblobsuitetestgetblo/blob/238storageblobsuitetestgetblobproperties
    method: PUT
  response:
    body: ""
    headers:
      Content-Md5:
      - k5xcYcwrRU0Jp851wBBhJg==
      Date:
      - Wed, 05 Apr 2017 22:33:04 GMT
      Etag:
      - '"0x8D47C73B9F3A49E"'
      Last-Modified:
      - Wed, 05 Apr 2017 22:33:04 GMT
      Server:
      - Windows-Azure-Blob/1.0 Microsoft-HTTPAPI/2.0
      X-Ms-Request-Id:
      - 5eac2cad-0001-00d8-235c-aea568000000
      X-Ms-Request-Server-Encrypted:
      - "false"
      X-Ms-Version:
      - 2016-05-31
    status: 201 Created
    code: 201
- request:
    body: ""
    form: {}
    headers:
      Authorization:
      - SharedKey golangrocksonazure:FzWuTkmxE4vu7bYoCcJ1Lqz0ARR5HhGsfiY/AZJsIwE=
      User-Agent:
      - Go/go1.8 (amd64-windows) azure-storage-go/0.1.0 api-version/2016-05-31 blob
      X-Ms-Date:
      - Wed, 05 Apr 2017 22:33:05 GMT
      X-Ms-Version:
      - 2016-05-31
    url: https://golangrocksonazure.blob.core.windows.net/cnt-38storageblobsuitetestgetblo/blob/238storageblobsuitetestgetblobproperties
    method: HEAD
  response:
    body: ""
    headers:
      Accept-Ranges:
      - bytes
      Content-Length:
      - "64"
      Content-Md5:
      - k5xcYcwrRU0Jp851wBBhJg==
      Content-Type:
      - application/octet-stream
      Date:
      - Wed, 05 Apr 2017 22:33:04 GMT
      Etag:
      - '"0x8D47C73B9F3A49E"'
      Last-Modified:
      - Wed, 05 Apr 2017 22:33:04 GMT
      Server:
      - Windows-Azure-Blob/1.0 Microsoft-HTTPAPI/2.0
      X-Ms-Blob-Type:
      - BlockBlob
      X-Ms-Lease-State:
      - available
      X-Ms-Lease-Status:
      - unlocked
      X-Ms-Request-Id:
      - 5eac2cca-0001-00d8-3d5c-aea568000000
      X-Ms-Server-Encrypted:
      - "false"
      X-Ms-Version:
      - 2016-05-31
    status: 200 OK
    code: 200
- request:
    body: ""
    form: {}
    headers:
      Authorization:
      - SharedKey golangrocksonazure:xd4tWwfwPL5s9t3qRWG4jEOb7ftlL/J2J6XjCurknUk=
      User-Agent:
      - Go/go1.8 (amd64-windows) azure-storage-go/0.1.0 api-version/2016-05-31 blob
      X-Ms-Date:
      - Wed, 05 Apr 2017 22:33:05 GMT
      X-Ms-Version:
      - 2016-05-31
    url: https://golangrocksonazure.blob.core.windows.net/cnt-38storageblobsuitetestgetblo?restype=container
    method: DELETE
  response:
    body: ""
    headers:
      Date:
      - Wed, 05 Apr 2017 22:33:04 GMT
      Server:
      - Windows-Azure-Blob/1.0 Microsoft-HTTPAPI/2.0
      X-Ms-Request-Id:
      - 5eac2cda-0001-00d8-4c5c-aea568000000
      X-Ms-Version:
      - 2016-05-31
    status: 202 Accepted
    code: 202
