---
version: 1
rwmutex: {}
interactions:
- request:
    body: ""
    form: {}
    headers:
      Authorization:
      - SharedKey golangrocksonazure:eynfs+QloEhoyfjXWPhjenVYqxOwVGaVaMtUV7n8LmI=
      User-Agent:
      - Go/go1.8 (amd64-windows) azure-storage-go/0.1.0 api-version/2016-05-31 blob
      X-Ms-Date:
      - Wed, 05 Apr 2017 22:33:05 GMT
      X-Ms-Version:
      - 2016-05-31
    url: https://golangrocksonazure.blob.core.windows.net/cnt-40storageblobsuitetestmetada?restype=container
    method: PUT
  response:
    body: ""
    headers:
      Date:
      - Wed, 05 Apr 2017 22:33:05 GMT
      Etag:
      - '"0x8D47C73BA58378E"'
      Last-Modified:
      - Wed, 05 Apr 2017 22:33:05 GMT
      Server:
      - Windows-Azure-Blob/1.0 Microsoft-HTTPAPI/2.0
      X-Ms-Request-Id:
      - 5eac2d7c-0001-00d8-595c-aea568000000
      X-Ms-Version:
      - 2016-05-31
    status: 201 Created
    code: 201
- request:
    body: Hello!
    form: {}
    headers:
      Authorization:
      - SharedKey golangrocksonazure:iKmxay9pGw/Qi1TDUapSfbmReOvJ6KnC4G7AYytjyFk=
      Content-Length:
      - "6"
      User-Agent:
      - Go/go1.8 (amd64-windows) azure-storage-go/0.1.0 api-version/2016-05-31 blob
      X-Ms-Blob-Type:
      - BlockBlob
      X-Ms-Date:
      - Wed, 05 Apr 2017 22:33:05 GMT
      X-Ms-Version:
      - 2016-05-31
    url: https://golangrocksonazure.blob.core.windows.net/cnt-40storageblobsuitetestmetada/blob/40storageblobsuitetestmetadatacasemunging
    method: PUT
  response:
    body: ""
    headers:
      Content-Md5:
      - lS0sVtBIWVgzZ0e83ZhZDQ==
      Date:
      - Wed, 05 Apr 2017 22:33:05 GMT
      Etag:
      - '"0x8D47C73BA4AFC1B"'
      Last-Modified:
      - Wed, 05 Apr 2017 22:33:05 GMT
      Server:
      - Windows-Azure-Blob/1.0 Microsoft-HTTPAPI/2.0
      X-Ms-Request-Id:
      - 5eac2d90-0001-00d8-6b5c-aea568000000
      X-Ms-Request-Server-Encrypted:
      - "false"
      X-Ms-Version:
      - 2016-05-31
    status: 201 Created
    code: 201
- request:
    body: ""
    form: {}
    headers:
      Authorization:
      - SharedKey golangrocksonazure:fxkZ9YdeAw6WI7UJSYEPkS2PBZErF6meDnGPyDTo/sg=
      User-Agent:
      - Go/go1.8 (amd64-windows) azure-storage-go/0.1.0 api-version/2016-05-31 blob
      X-Ms-Date:
      - Wed, 05 Apr 2017 22:33:05 GMT
      X-Ms-Meta-Lol:
      - different rofl
      X-Ms-Meta-Rofl_baz:
      - different waz qux
      X-Ms-Version:
      - 2016-05-31
    url: https://golangrocksonazure.blob.core.windows.net/cnt-40storageblobsuitetestmetada/blob/40storageblobsuitetestmetadatacasemunging?comp=metadata
    method: PUT
  response:
    body: ""
    headers:
      Date:
      - Wed, 05 Apr 2017 22:33:05 GMT
      Etag:
      - '"0x8D47C73BA558551"'
      Last-Modified:
      - Wed, 05 Apr 2017 22:33:05 GMT
      Server:
      - Windows-Azure-Blob/1.0 Microsoft-HTTPAPI/2.0
      X-Ms-Request-Id:
      - 5eac2dba-0001-00d8-0d5c-aea568000000
      X-Ms-Request-Server-Encrypted:
      - "false"
      X-Ms-Version:
      - 2016-05-31
    status: 200 OK
    code: 200
- request:
    body: ""
    form: {}
    headers:
      Authorization:
      - SharedKey golangrocksonazure:4KsPkofVcu8LLMk/WfruMS8zDV9yi7NaKHrM9eiOpAg=
      User-Agent:
      - Go/go1.8 (amd64-windows) azure-storage-go/0.1.0 api-version/2016-05-31 blob
      X-Ms-Date:
      - Wed, 05 Apr 2017 22:33:05 GMT
      X-Ms-Version:
      - 2016-05-31
    url: https://golangrocksonazure.blob.core.windows.net/cnt-40storageblobsuitetestmetada/blob/40storageblobsuitetestmetadatacasemunging?comp=metadata
    method: GET
  response:
    body: ""
    headers:
      Date:
      - Wed, 05 Apr 2017 22:33:05 GMT
      Etag:
      - '"0x8D47C73BA558551"'
      Last-Modified:
      - Wed, 05 Apr 2017 22:33:05 GMT
      Server:
      - Windows-Azure-Blob/1.0 Microsoft-HTTPAPI/2.0
      X-Ms-Meta-Lol:
      - different rofl
      X-Ms-Meta-Rofl_baz:
      - different waz qux
      X-Ms-Request-Id:
      - 5eac2dd2-0001-00d8-215c-aea568000000
      X-Ms-Version:
      - 2016-05-31
    status: 200 OK
    code: 200
- request:
    body: ""
    form: {}
    headers:
      Authorization:
      - SharedKey golangrocksonazure:PHr64tjU6Rufx3kOOECaW6z1pnNuLTLtOLtwR9TY4/k=
      User-Agent:
      - Go/go1.8 (amd64-windows) azure-storage-go/0.1.0 api-version/2016-05-31 blob
      X-Ms-Date:
      - Wed, 05 Apr 2017 22:33:05 GMT
      X-Ms-Version:
      - 2016-05-31
    url: https://golangrocksonazure.blob.core.windows.net/cnt-40storageblobsuitetestmetada?restype=container
    method: DELETE
  response:
    body: ""
    headers:
      Date:
      - Wed, 05 Apr 2017 22:33:05 GMT
      Server:
      - Windows-Azure-Blob/1.0 Microsoft-HTTPAPI/2.0
      X-Ms-Request-Id:
      - 5eac2de3-0001-00d8-325c-aea568000000
      X-Ms-Version:
      - 2016-05-31
    status: 202 Accepted
    code: 202
