---
version: 1
interactions:
- request:
    body: ""
    form: {}
    headers:
      Authorization:
      - SharedKey golangrocksonazure:WdHF/jcUvg0BVSy2567O2TqgoC4QJYgvtvsPt9d882U=
      User-Agent:
      - Go/go1.15.1 (amd64-windows) azure-storage-go/v52.6.0 api-version/2018-03-28
        blob
      x-ms-date:
      - Tue, 13 Apr 2021 15:57:09 GMT
      x-ms-version:
      - "2018-03-28"
    url: https://golangrocksonazure.blob.core.windows.net/42storageblobsuitetestgetandsetb?restype=container
    method: PUT
  response:
    body: ""
    headers:
      Content-Length:
      - "0"
      Date:
      - Tue, 13 Apr 2021 15:57:08 GMT
      Etag:
      - '"0x8D8FE94CB7DAFA3"'
      Last-Modified:
      - Tue, 13 Apr 2021 15:57:09 GMT
      Server:
      - Windows-Azure-Blob/1.0 Microsoft-HTTPAPI/2.0
      X-Ms-Request-Id:
      - 2c9d7727-801e-004c-217d-300fdd000000
      X-Ms-Version:
      - "2018-03-28"
    status: 201 Created
    code: 201
    duration: ""
- request:
    body: Hello!
    form: {}
    headers:
      Authorization:
      - SharedKey golangrocksonazure:2yjZqXz3/PRwVEGT3uQAb7QbuFQejzNmtDv5ziOf0Hk=
      Content-Length:
      - "6"
      User-Agent:
      - Go/go1.15.1 (amd64-windows) azure-storage-go/v52.6.0 api-version/2018-03-28
        blob
      x-ms-blob-type:
      - BlockBlob
      x-ms-date:
      - Tue, 13 Apr 2021 15:57:09 GMT
      x-ms-version:
      - "2018-03-28"
    url: https://golangrocksonazure.blob.core.windows.net/42storageblobsuitetestgetandsetb/blob/142storageblobsuitetestgetandsetblobmetadata
    method: PUT
  response:
    body: ""
    headers:
      Content-Length:
      - "0"
      Content-Md5:
      - lS0sVtBIWVgzZ0e83ZhZDQ==
      Date:
      - Tue, 13 Apr 2021 15:57:08 GMT
      Etag:
      - '"0x8D8FE94CB8A8B59"'
      Last-Modified:
      - Tue, 13 Apr 2021 15:57:09 GMT
      Server:
      - Windows-Azure-Blob/1.0 Microsoft-HTTPAPI/2.0
      X-Ms-Request-Id:
      - 2c9d772e-801e-004c-277d-300fdd000000
      X-Ms-Request-Server-Encrypted:
      - "true"
      X-Ms-Version:
      - "2018-03-28"
    status: 201 Created
    code: 201
    duration: ""
- request:
    body: ""
    form: {}
    headers:
      Authorization:
      - SharedKey golangrocksonazure:82obfX7zK1i3jSfgISBxvOrqvojKzG/vF+wStYXm474=
      User-Agent:
      - Go/go1.15.1 (amd64-windows) azure-storage-go/v52.6.0 api-version/2018-03-28
        blob
      x-ms-date:
      - Tue, 13 Apr 2021 15:57:09 GMT
      x-ms-version:
      - "2018-03-28"
    url: https://golangrocksonazure.blob.core.windows.net/42storageblobsuitetestgetandsetb/blob/142storageblobsuitetestgetandsetblobmetadata?comp=metadata
    method: GET
  response:
    body: ""
    headers:
      Content-Length:
      - "0"
      Date:
      - Tue, 13 Apr 2021 15:57:08 GMT
      Etag:
      - '"0x8D8FE94CB8A8B59"'
      Last-Modified:
      - Tue, 13 Apr 2021 15:57:09 GMT
      Server:
      - Windows-Azure-Blob/1.0 Microsoft-HTTPAPI/2.0
      X-Ms-Request-Id:
      - 2c9d774a-801e-004c-3d7d-300fdd000000
      X-Ms-Version:
      - "2018-03-28"
    status: 200 OK
    code: 200
    duration: ""
- request:
    body: Hello!
    form: {}
    headers:
      Authorization:
      - SharedKey golangrocksonazure:l4EfMiOKgaVasFts6Qcq+zUoEDGl9sXifMClDri5bZg=
      Content-Length:
      - "6"
      User-Agent:
      - Go/go1.15.1 (amd64-windows) azure-storage-go/v52.6.0 api-version/2018-03-28
        blob
      x-ms-blob-type:
      - BlockBlob
      x-ms-date:
      - Tue, 13 Apr 2021 15:57:09 GMT
      x-ms-version:
      - "2018-03-28"
    url: https://golangrocksonazure.blob.core.windows.net/42storageblobsuitetestgetandsetb/blob/242storageblobsuitetestgetandsetblobmetadata
    method: PUT
  response:
    body: ""
    headers:
      Content-Length:
      - "0"
      Content-Md5:
      - lS0sVtBIWVgzZ0e83ZhZDQ==
      Date:
      - Tue, 13 Apr 2021 15:57:08 GMT
      Etag:
      - '"0x8D8FE94CB99A94D"'
      Last-Modified:
      - Tue, 13 Apr 2021 15:57:09 GMT
      Server:
      - Windows-Azure-Blob/1.0 Microsoft-HTTPAPI/2.0
      X-Ms-Request-Id:
      - 2c9d774c-801e-004c-3f7d-300fdd000000
      X-Ms-Request-Server-Encrypted:
      - "true"
      X-Ms-Version:
      - "2018-03-28"
    status: 201 Created
    code: 201
    duration: ""
- request:
    body: ""
    form: {}
    headers:
      Authorization:
      - SharedKey golangrocksonazure:RYjLUoJCrmNUcOFtjP/tQr9GWb5xxqi3r2xrC72uW74=
      User-Agent:
      - Go/go1.15.1 (amd64-windows) azure-storage-go/v52.6.0 api-version/2018-03-28
        blob
      x-ms-date:
      - Tue, 13 Apr 2021 15:57:10 GMT
      x-ms-meta-lol:
      - rofl
      x-ms-meta-rofl_baz:
      - waz qux
      x-ms-version:
      - "2018-03-28"
    url: https://golangrocksonazure.blob.core.windows.net/42storageblobsuitetestgetandsetb/blob/242storageblobsuitetestgetandsetblobmetadata?comp=metadata
    method: PUT
  response:
    body: ""
    headers:
      Content-Length:
      - "0"
      Date:
      - Tue, 13 Apr 2021 15:57:08 GMT
      Etag:
      - '"0x8D8FE94CB9D7A93"'
      Last-Modified:
      - Tue, 13 Apr 2021 15:57:09 GMT
      Server:
      - Windows-Azure-Blob/1.0 Microsoft-HTTPAPI/2.0
      X-Ms-Request-Id:
      - 2c9d776b-801e-004c-5b7d-300fdd000000
      X-Ms-Request-Server-Encrypted:
      - "true"
      X-Ms-Version:
      - "2018-03-28"
    status: 200 OK
    code: 200
    duration: ""
- request:
    body: ""
    form: {}
    headers:
      Authorization:
      - SharedKey golangrocksonazure:/2c7rNnBXXVcCRXDcnnmrRdY677jkAXf7ek3CDogRkU=
      User-Agent:
      - Go/go1.15.1 (amd64-windows) azure-storage-go/v52.6.0 api-version/2018-03-28
        blob
      x-ms-date:
      - Tue, 13 Apr 2021 15:57:10 GMT
      x-ms-version:
      - "2018-03-28"
    url: https://golangrocksonazure.blob.core.windows.net/42storageblobsuitetestgetandsetb/blob/242storageblobsuitetestgetandsetblobmetadata?comp=metadata
    method: GET
  response:
    body: ""
    headers:
      Content-Length:
      - "0"
      Date:
      - Tue, 13 Apr 2021 15:57:08 GMT
      Etag:
      - '"0x8D8FE94CB9D7A93"'
      Last-Modified:
      - Tue, 13 Apr 2021 15:57:09 GMT
      Server:
      - Windows-Azure-Blob/1.0 Microsoft-HTTPAPI/2.0
      X-Ms-Meta-Lol:
      - rofl
      X-Ms-Meta-Rofl_baz:
      - waz qux
      X-Ms-Request-Id:
      - 2c9d7776-801e-004c-657d-300fdd000000
      X-Ms-Version:
      - "2018-03-28"
    status: 200 OK
    code: 200
    duration: ""
- request:
    body: ""
    form: {}
    headers:
      Authorization:
      - SharedKey golangrocksonazure:6MdAsVuslfi2v7GiKh0uJVUjT+faTVKEqq5pHBqB6KM=
      User-Agent:
      - Go/go1.15.1 (amd64-windows) azure-storage-go/v52.6.0 api-version/2018-03-28
        blob
      x-ms-date:
      - Tue, 13 Apr 2021 15:57:10 GMT
      x-ms-version:
      - "2018-03-28"
    url: https://golangrocksonazure.blob.core.windows.net/42storageblobsuitetestgetandsetb?restype=container
    method: DELETE
  response:
    body: ""
    headers:
      Content-Length:
      - "0"
      Date:
      - Tue, 13 Apr 2021 15:57:08 GMT
      Server:
      - Windows-Azure-Blob/1.0 Microsoft-HTTPAPI/2.0
      X-Ms-Request-Id:
      - 2c9d7779-801e-004c-677d-300fdd000000
      X-Ms-Version:
      - "2018-03-28"
    status: 202 Accepted
    code: 202
    duration: ""
