{
  "Entries": [
    {
      "RequestUri": "https://fakestorage.blob.core.windows.net/goccontainersetpermissionspublicaccessnone?restype=container",
      "RequestMethod": "PUT",
      "RequestHeaders": {
        "Accept": "application/xml",
        "Accept-Encoding": "gzip",
        "Authorization": "Sanitized",
        "Content-Length": "0",
        "User-Agent": "azsdk-go-azblob/v0.5.0 (go1.19; Windows_NT)",
        "X-Ms-Date": "Wed, 10 Aug 2022 23:34:14 GMT",
        "x-ms-version": "2020-10-02"
      },
      "RequestBody": null,
      "StatusCode": 201,
      "ResponseHeaders": {
        "Content-Length": "0",
        "Date": "Wed, 10 Aug 2022 23:34:14 GMT",
        "ETag": "\u00220x8DA7B303EA8B5E9\u0022",
        "Last-Modified": "Thu, 11 Aug 2022 00:27:16 GMT",
        "Server": [
          "Windows-Azure-Blob/1.0",
          "Microsoft-HTTPAPI/2.0"
        ],
        "x-ms-request-id": "00000000-0000-0000-0000-000000000000",
        "x-ms-version": "2020-10-02"
      },
      "ResponseBody": null
    },
    {
      "RequestUri": "https://fakestorage.blob.core.windows.net/goccontainersetpermissionspublicaccessnone/gotestblobcontainersetpermissionspublicaccessnone",
      "RequestMethod": "PUT",
      "RequestHeaders": {
        "Accept": "application/xml",
        "Accept-Encoding": "gzip",
        "Authorization": "Sanitized",
        "Content-Length": "15",
        "Content-Type": "application/octet-stream",
        "User-Agent": "azsdk-go-azblob/v0.5.0 (go1.19; Windows_NT)",
        "x-ms-blob-type": "BlockBlob",
        "X-Ms-Date": "Wed, 10 Aug 2022 23:34:14 GMT",
        "x-ms-version": "2020-10-02"
      },
      "RequestBody": "R29CbG9ja0Jsb2JEYXRh",
      "StatusCode": 201,
      "ResponseHeaders": {
        "Content-Length": "0",
        "Content-MD5": "ebncwguMQu9sgPmr0GazhA==",
        "Date": "Wed, 10 Aug 2022 23:34:14 GMT",
        "ETag": "\u00220x8DA7B303EB182D4\u0022",
        "Last-Modified": "Thu, 11 Aug 2022 00:27:16 GMT",
        "Server": [
          "Windows-Azure-Blob/1.0",
          "Microsoft-HTTPAPI/2.0"
        ],
        "x-ms-content-crc64": "\u002BJGsS7CR5kg=",
        "x-ms-request-id": "00000000-0000-0000-0000-000000000000",
        "x-ms-request-server-encrypted": "true",
        "x-ms-version": "2020-10-02",
        "x-ms-version-id": "2022-08-11T00:27:16.6813908Z"
      },
      "ResponseBody": null
    },
    {
      "RequestUri": "https://fakestorage.blob.core.windows.net/goccontainersetpermissionspublicaccessnone?comp=acl\u0026restype=container",
      "RequestMethod": "PUT",
      "RequestHeaders": {
        "Accept": "application/xml",
        "Accept-Encoding": "gzip",
        "Authorization": "Sanitized",
        "Content-Length": "78",
        "Content-Type": "application/xml",
        "User-Agent": "azsdk-go-azblob/v0.5.0 (go1.19; Windows_NT)",
        "X-Ms-Date": "Wed, 10 Aug 2022 23:34:14 GMT",
        "x-ms-version": "2020-10-02"
      },
      "RequestBody": [
        "\u003C?xml version=\u00221.0\u0022 encoding=\u0022UTF-8\u0022?\u003E\n",
        "\u003CSignedIdentifiers\u003E\u003C/SignedIdentifiers\u003E"
      ],
      "StatusCode": 200,
      "ResponseHeaders": {
        "Content-Length": "0",
        "Date": "Wed, 10 Aug 2022 23:34:14 GMT",
        "ETag": "\u00220x8DA7B303EB580DA\u0022",
        "Last-Modified": "Thu, 11 Aug 2022 00:27:16 GMT",
        "Server": [
          "Windows-Azure-Blob/1.0",
          "Microsoft-HTTPAPI/2.0"
        ],
        "x-ms-request-id": "00000000-0000-0000-0000-000000000000",
        "x-ms-version": "2020-10-02"
      },
      "ResponseBody": null
    },
    {
      "RequestUri": "https://fakestorage.blob.core.windows.net/goccontainersetpermissionspublicaccessnone?comp=acl\u0026restype=container",
      "RequestMethod": "GET",
      "RequestHeaders": {
        "Accept": "application/xml",
        "Accept-Encoding": "gzip",
        "Authorization": "Sanitized",
        "User-Agent": "azsdk-go-azblob/v0.5.0 (go1.19; Windows_NT)",
        "X-Ms-Date": "Wed, 10 Aug 2022 23:34:14 GMT",
        "x-ms-version": "2020-10-02"
      },
      "RequestBody": null,
      "StatusCode": 200,
      "ResponseHeaders": {
        "Content-Type": "application/xml",
        "Date": "Wed, 10 Aug 2022 23:34:14 GMT",
        "ETag": "\u00220x8DA7B303EB580DA\u0022",
        "Last-Modified": "Thu, 11 Aug 2022 00:27:16 GMT",
        "Server": [
          "Windows-Azure-Blob/1.0",
          "Microsoft-HTTPAPI/2.0"
        ],
        "Transfer-Encoding": "chunked",
        "x-ms-request-id": "00000000-0000-0000-0000-000000000000",
        "x-ms-version": "2020-10-02"
      },
      "ResponseBody": "\uFEFF\u003C?xml version=\u00221.0\u0022 encoding=\u0022utf-8\u0022?\u003E\u003CSignedIdentifiers /\u003E"
    },
    {
      "RequestUri": "https://fakestorage.blob.core.windows.net/goccontainersetpermissionspublicaccessnone?restype=container",
      "RequestMethod": "DELETE",
      "RequestHeaders": {
        "Accept": "application/xml",
        "Accept-Encoding": "gzip",
        "Authorization": "Sanitized",
        "User-Agent": "azsdk-go-azblob/v0.5.0 (go1.19; Windows_NT)",
        "X-Ms-Date": "Wed, 10 Aug 2022 23:34:14 GMT",
        "x-ms-version": "2020-10-02"
      },
      "RequestBody": null,
      "StatusCode": 202,
      "ResponseHeaders": {
        "Content-Length": "0",
        "Date": "Wed, 10 Aug 2022 23:34:14 GMT",
        "Server": [
          "Windows-Azure-Blob/1.0",
          "Microsoft-HTTPAPI/2.0"
        ],
        "x-ms-request-id": "00000000-0000-0000-0000-000000000000",
        "x-ms-version": "2020-10-02"
      },
      "ResponseBody": null
    }
  ],
  "Variables": {}
}
