{
  "Entries": [
    {
      "RequestUri": "https://fakestorage.blob.core.windows.net/gocuploadblockblobwithspecialcharactersintags?restype=container",
      "RequestMethod": "PUT",
      "RequestHeaders": {
        "Accept": "application/xml",
        "Accept-Encoding": "gzip",
        "Authorization": "Sanitized",
        "Content-Length": "0",
        "User-Agent": "azsdk-go-azblob/v0.6.2 (go1.19; Windows_NT)",
        "X-Ms-Date": "Tue, 17 Jan 2023 21:59:03 GMT",
        "x-ms-version": "2020-10-02"
      },
      "RequestBody": null,
      "StatusCode": 201,
      "ResponseHeaders": {
        "Content-Length": "0",
        "Date": "Tue, 17 Jan 2023 21:59:04 GMT",
        "ETag": "\u00220x8DAF8D60CC36BDB\u0022",
        "Last-Modified": "Tue, 17 Jan 2023 21:59:04 GMT",
        "Server": [
          "Windows-Azure-Blob/1.0",
          "Microsoft-HTTPAPI/2.0"
        ],
        "x-ms-request-id": "00000000-0000-0000-0000-000000000000",
        "x-ms-version": "2020-10-02"
      },
      "ResponseBody": null
    },
    {
      "RequestUri": "https://fakestorage.blob.core.windows.net/gocuploadblockblobwithspecialcharactersintags/gotestblobuploadblockblobwithspecialcharactersintags",
      "RequestMethod": "PUT",
      "RequestHeaders": {
        "Accept": "application/xml",
        "Accept-Encoding": "gzip",
        "Authorization": "Sanitized",
        "Content-Length": "4",
        "Content-Type": "application/octet-stream",
        "User-Agent": "azsdk-go-azblob/v0.6.2 (go1.19; Windows_NT)",
        "x-ms-blob-cache-control": "control",
        "x-ms-blob-content-disposition": "my_disposition",
        "x-ms-blob-content-encoding": "my_encoding",
        "x-ms-blob-content-language": "my_language",
        "x-ms-blob-content-type": "my_type",
        "x-ms-blob-type": "BlockBlob",
        "X-Ms-Date": "Tue, 17 Jan 2023 21:59:03 GMT",
        "x-ms-meta-Foo": "bar",
        "x-ms-tags": "%2B-.%2F%3A%3D_\u002B=firsttag\u0026tag2=%2B-.%2F%3A%3D_\u0026%2B-.%2F%3A%3D_1=%2B-.%2F%3A%3D_",
        "x-ms-version": "2020-10-02"
      },
      "RequestBody": "ZGF0YQ==",
      "StatusCode": 201,
      "ResponseHeaders": {
        "Content-Length": "0",
        "Content-MD5": "jXd/OF09/siBXSD3SWAm3A==",
        "Date": "Tue, 17 Jan 2023 21:59:04 GMT",
        "ETag": "\u00220x8DAF8D60CD1BB6E\u0022",
        "Last-Modified": "Tue, 17 Jan 2023 21:59:04 GMT",
        "Server": [
          "Windows-Azure-Blob/1.0",
          "Microsoft-HTTPAPI/2.0"
        ],
        "x-ms-content-crc64": "gCf8jkNhru0=",
        "x-ms-request-id": "00000000-0000-0000-0000-000000000000",
        "x-ms-request-server-encrypted": "true",
        "x-ms-version": "2020-10-02",
        "x-ms-version-id": "2023-01-17T21:59:04.8107886Z"
      },
      "ResponseBody": null
    },
    {
      "RequestUri": "https://fakestorage.blob.core.windows.net/gocuploadblockblobwithspecialcharactersintags/gotestblobuploadblockblobwithspecialcharactersintags?comp=tags",
      "RequestMethod": "GET",
      "RequestHeaders": {
        "Accept": "application/xml",
        "Accept-Encoding": "gzip",
        "Authorization": "Sanitized",
        "User-Agent": "azsdk-go-azblob/v0.6.2 (go1.19; Windows_NT)",
        "X-Ms-Date": "Tue, 17 Jan 2023 21:59:03 GMT",
        "x-ms-version": "2020-10-02"
      },
      "RequestBody": null,
      "StatusCode": 200,
      "ResponseHeaders": {
        "Content-Length": "225",
        "Content-Type": "application/xml",
        "Date": "Tue, 17 Jan 2023 21:59:04 GMT",
        "Server": [
          "Windows-Azure-Blob/1.0",
          "Microsoft-HTTPAPI/2.0"
        ],
        "x-ms-request-id": "00000000-0000-0000-0000-000000000000",
        "x-ms-version": "2020-10-02"
      },
      "ResponseBody": [
        "\uFEFF\u003C?xml version=\u00221.0\u0022 encoding=\u0022utf-8\u0022?\u003E\n",
        "\u003CTags\u003E\u003CTagSet\u003E\u003CTag\u003E\u003CKey\u003E\u002B-./:=_ \u003C/Key\u003E\u003CValue\u003Efirsttag\u003C/Value\u003E\u003C/Tag\u003E\u003CTag\u003E\u003CKey\u003E\u002B-./:=_1\u003C/Key\u003E\u003CValue\u003E\u002B-./:=_\u003C/Value\u003E\u003C/Tag\u003E\u003CTag\u003E\u003CKey\u003Etag2\u003C/Key\u003E\u003CValue\u003E\u002B-./:=_\u003C/Value\u003E\u003C/Tag\u003E\u003C/TagSet\u003E\u003C/Tags\u003E"
      ]
    },
    {
      "RequestUri": "https://fakestorage.blob.core.windows.net/gocuploadblockblobwithspecialcharactersintags?restype=container",
      "RequestMethod": "DELETE",
      "RequestHeaders": {
        "Accept": "application/xml",
        "Accept-Encoding": "gzip",
        "Authorization": "Sanitized",
        "User-Agent": "azsdk-go-azblob/v0.6.2 (go1.19; Windows_NT)",
        "X-Ms-Date": "Tue, 17 Jan 2023 21:59:03 GMT",
        "x-ms-version": "2020-10-02"
      },
      "RequestBody": null,
      "StatusCode": 202,
      "ResponseHeaders": {
        "Content-Length": "0",
        "Date": "Tue, 17 Jan 2023 21:59:04 GMT",
        "Server": [
          "Windows-Azure-Blob/1.0",
          "Microsoft-HTTPAPI/2.0"
        ],
        "x-ms-request-id": "00000000-0000-0000-0000-000000000000",
        "x-ms-version": "2020-10-02"
      },
      "ResponseBody": null
    }
  ],
  "Variables": {}
}
