{
  "Entries": [
    {
      "RequestUri": "https://fakestorage.blob.core.windows.net/gocblobsnapshotifmodifiedsincetrue?restype=container",
      "RequestMethod": "PUT",
      "RequestHeaders": {
        "Accept": "application/xml",
        "Accept-Encoding": "gzip",
        "Authorization": "Sanitized",
        "Content-Length": "0",
        "User-Agent": "azsdk-go-azblob/v0.5.0 (go1.19; Windows_NT)",
        "X-Ms-Date": "Thu, 11 Aug 2022 15:07:53 GMT",
        "x-ms-version": "2020-10-02"
      },
      "RequestBody": null,
      "StatusCode": 201,
      "ResponseHeaders": {
        "Content-Length": "0",
        "Date": "Thu, 11 Aug 2022 15:07:52 GMT",
        "ETag": "\u00220x8DA7BAB43B6FC77\u0022",
        "Last-Modified": "Thu, 11 Aug 2022 15:07:53 GMT",
        "Server": [
          "Windows-Azure-Blob/1.0",
          "Microsoft-HTTPAPI/2.0"
        ],
        "x-ms-request-id": "00000000-0000-0000-0000-000000000000",
        "x-ms-version": "2020-10-02"
      },
      "ResponseBody": null
    },
    {
      "RequestUri": "https://fakestorage.blob.core.windows.net/gocblobsnapshotifmodifiedsincetrue/gotestblobblobsnapshotifmodifiedsincetrue",
      "RequestMethod": "PUT",
      "RequestHeaders": {
        "Accept": "application/xml",
        "Accept-Encoding": "gzip",
        "Authorization": "Sanitized",
        "Content-Length": "15",
        "Content-Type": "application/octet-stream",
        "User-Agent": "azsdk-go-azblob/v0.5.0 (go1.19; Windows_NT)",
        "x-ms-blob-type": "BlockBlob",
        "X-Ms-Date": "Thu, 11 Aug 2022 15:07:53 GMT",
        "x-ms-version": "2020-10-02"
      },
      "RequestBody": "R29CbG9ja0Jsb2JEYXRh",
      "StatusCode": 201,
      "ResponseHeaders": {
        "Content-Length": "0",
        "Content-MD5": "ebncwguMQu9sgPmr0GazhA==",
        "Date": "Thu, 11 Aug 2022 15:07:53 GMT",
        "ETag": "\u00220x8DA7BAB43BC3DB5\u0022",
        "Last-Modified": "Thu, 11 Aug 2022 15:07:53 GMT",
        "Server": [
          "Windows-Azure-Blob/1.0",
          "Microsoft-HTTPAPI/2.0"
        ],
        "x-ms-content-crc64": "\u002BJGsS7CR5kg=",
        "x-ms-request-id": "00000000-0000-0000-0000-000000000000",
        "x-ms-request-server-encrypted": "true",
        "x-ms-version": "2020-10-02",
        "x-ms-version-id": "2022-08-11T15:07:53.2380597Z"
      },
      "ResponseBody": null
    },
    {
      "RequestUri": "https://fakestorage.blob.core.windows.net/gocblobsnapshotifmodifiedsincetrue/gotestblobblobsnapshotifmodifiedsincetrue?comp=snapshot",
      "RequestMethod": "PUT",
      "RequestHeaders": {
        "Accept": "application/xml",
        "Accept-Encoding": "gzip",
        "Authorization": "Sanitized",
        "Content-Length": "0",
        "If-Modified-Since": "Thu, 11 Aug 2022 15:07:43 GMT",
        "User-Agent": "azsdk-go-azblob/v0.5.0 (go1.19; Windows_NT)",
        "X-Ms-Date": "Thu, 11 Aug 2022 15:07:53 GMT",
        "x-ms-version": "2020-10-02"
      },
      "RequestBody": null,
      "StatusCode": 201,
      "ResponseHeaders": {
        "Content-Length": "0",
        "Date": "Thu, 11 Aug 2022 15:07:53 GMT",
        "ETag": "\u00220x8DA7BAB43BC3DB5\u0022",
        "Last-Modified": "Thu, 11 Aug 2022 15:07:53 GMT",
        "Server": [
          "Windows-Azure-Blob/1.0",
          "Microsoft-HTTPAPI/2.0"
        ],
        "x-ms-request-id": "00000000-0000-0000-0000-000000000000",
        "x-ms-request-server-encrypted": "false",
        "x-ms-snapshot": "2022-08-11T15:07:53.2670435Z",
        "x-ms-version": "2020-10-02",
        "x-ms-version-id": "2022-08-11T15:07:53.2680435Z"
      },
      "ResponseBody": null
    },
    {
      "RequestUri": "https://fakestorage.blob.core.windows.net/gocblobsnapshotifmodifiedsincetrue?restype=container",
      "RequestMethod": "DELETE",
      "RequestHeaders": {
        "Accept": "application/xml",
        "Accept-Encoding": "gzip",
        "Authorization": "Sanitized",
        "User-Agent": "azsdk-go-azblob/v0.5.0 (go1.19; Windows_NT)",
        "X-Ms-Date": "Thu, 11 Aug 2022 15:07:53 GMT",
        "x-ms-version": "2020-10-02"
      },
      "RequestBody": null,
      "StatusCode": 202,
      "ResponseHeaders": {
        "Content-Length": "0",
        "Date": "Thu, 11 Aug 2022 15:07:53 GMT",
        "Server": [
          "Windows-Azure-Blob/1.0",
          "Microsoft-HTTPAPI/2.0"
        ],
        "x-ms-request-id": "00000000-0000-0000-0000-000000000000",
        "x-ms-version": "2020-10-02"
      },
      "ResponseBody": null
    }
  ],
  "Variables": {}
}
