{
  "Entries": [
    {
      "RequestUri": "https://fakestorage.blob.core.windows.net/goclistblobreturnstags?restype=container",
      "RequestMethod": "PUT",
      "RequestHeaders": {
        "Accept": "application/xml",
        "Accept-Encoding": "gzip",
        "Authorization": "Sanitized",
        "Content-Length": "0",
        "User-Agent": "azsdk-go-azblob/v0.6.2 (go1.19; Windows_NT)",
        "X-Ms-Date": "Tue, 17 Jan 2023 22:01:17 GMT",
        "x-ms-version": "2020-10-02"
      },
      "RequestBody": null,
      "StatusCode": 201,
      "ResponseHeaders": {
        "Content-Length": "0",
        "Date": "Tue, 17 Jan 2023 22:01:19 GMT",
        "ETag": "\u00220x8DAF8D65CF4ED24\u0022",
        "Last-Modified": "Tue, 17 Jan 2023 22:01:19 GMT",
        "Server": [
          "Windows-Azure-Blob/1.0",
          "Microsoft-HTTPAPI/2.0"
        ],
        "x-ms-request-id": "00000000-0000-0000-0000-000000000000",
        "x-ms-version": "2020-10-02"
      },
      "ResponseBody": null
    },
    {
      "RequestUri": "https://fakestorage.blob.core.windows.net/goclistblobreturnstags/gotestbloblistblobreturnstags",
      "RequestMethod": "PUT",
      "RequestHeaders": {
        "Accept": "application/xml",
        "Accept-Encoding": "gzip",
        "Authorization": "Sanitized",
        "Content-Length": "15",
        "Content-Type": "application/octet-stream",
        "User-Agent": "azsdk-go-azblob/v0.6.2 (go1.19; Windows_NT)",
        "x-ms-blob-type": "BlockBlob",
        "X-Ms-Date": "Tue, 17 Jan 2023 22:01:18 GMT",
        "x-ms-version": "2020-10-02"
      },
      "RequestBody": "R29CbG9ja0Jsb2JEYXRh",
      "StatusCode": 201,
      "ResponseHeaders": {
        "Content-Length": "0",
        "Content-MD5": "ebncwguMQu9sgPmr0GazhA==",
        "Date": "Tue, 17 Jan 2023 22:01:19 GMT",
        "ETag": "\u00220x8DAF8D65D04EB6D\u0022",
        "Last-Modified": "Tue, 17 Jan 2023 22:01:19 GMT",
        "Server": [
          "Windows-Azure-Blob/1.0",
          "Microsoft-HTTPAPI/2.0"
        ],
        "x-ms-content-crc64": "\u002BJGsS7CR5kg=",
        "x-ms-request-id": "00000000-0000-0000-0000-000000000000",
        "x-ms-request-server-encrypted": "true",
        "x-ms-version": "2020-10-02",
        "x-ms-version-id": "2023-01-17T22:01:19.3639789Z"
      },
      "ResponseBody": null
    },
    {
      "RequestUri": "https://fakestorage.blob.core.windows.net/goclistblobreturnstags/gotestbloblistblobreturnstags?comp=tags",
      "RequestMethod": "PUT",
      "RequestHeaders": {
        "Accept": "application/xml",
        "Accept-Encoding": "gzip",
        "Authorization": "Sanitized",
        "Content-Length": "222",
        "Content-Type": "application/xml",
        "User-Agent": "azsdk-go-azblob/v0.6.2 (go1.19; Windows_NT)",
        "X-Ms-Date": "Tue, 17 Jan 2023 22:01:18 GMT",
        "x-ms-version": "2020-10-02"
      },
      "RequestBody": [
        "\u003C?xml version=\u00221.0\u0022 encoding=\u0022UTF-8\u0022?\u003E\n",
        "\u003CTags\u003E\u003CTagSet\u003E\u003CTag\u003E\u003CKey\u003E\u002B-./:=_ \u003C/Key\u003E\u003CValue\u003Efirsttag\u003C/Value\u003E\u003C/Tag\u003E\u003CTag\u003E\u003CKey\u003Etag2\u003C/Key\u003E\u003CValue\u003E\u002B-./:=_\u003C/Value\u003E\u003C/Tag\u003E\u003CTag\u003E\u003CKey\u003E\u002B-./:=_1\u003C/Key\u003E\u003CValue\u003E\u002B-./:=_\u003C/Value\u003E\u003C/Tag\u003E\u003C/TagSet\u003E\u003C/Tags\u003E"
      ],
      "StatusCode": 204,
      "ResponseHeaders": {
        "Date": "Tue, 17 Jan 2023 22:01:19 GMT",
        "Server": [
          "Windows-Azure-Blob/1.0",
          "Microsoft-HTTPAPI/2.0"
        ],
        "x-ms-request-id": "00000000-0000-0000-0000-000000000000",
        "x-ms-version": "2020-10-02"
      },
      "ResponseBody": null
    },
    {
      "RequestUri": "https://fakestorage.blob.core.windows.net/goclistblobreturnstags?comp=list\u0026include=tags\u0026restype=container",
      "RequestMethod": "GET",
      "RequestHeaders": {
        "Accept": "application/xml",
        "Accept-Encoding": "gzip",
        "Authorization": "Sanitized",
        "User-Agent": "azsdk-go-azblob/v0.6.2 (go1.19; Windows_NT)",
        "X-Ms-Date": "Tue, 17 Jan 2023 22:01:18 GMT",
        "x-ms-version": "2020-10-02"
      },
      "RequestBody": null,
      "StatusCode": 200,
      "ResponseHeaders": {
        "Content-Type": "application/xml",
        "Date": "Tue, 17 Jan 2023 22:01:19 GMT",
        "Server": [
          "Windows-Azure-Blob/1.0",
          "Microsoft-HTTPAPI/2.0"
        ],
        "Transfer-Encoding": "chunked",
        "x-ms-request-id": "00000000-0000-0000-0000-000000000000",
        "x-ms-version": "2020-10-02"
      },
      "ResponseBody": "\uFEFF\u003C?xml version=\u00221.0\u0022 encoding=\u0022utf-8\u0022?\u003E\u003CEnumerationResults ServiceEndpoint=\u0022https://tamerdevtest.blob.core.windows.net/\u0022 ContainerName=\u0022goclistblobreturnstags\u0022\u003E\u003CBlobs\u003E\u003CBlob\u003E\u003CName\u003Egotestbloblistblobreturnstags\u003C/Name\u003E\u003CVersionId\u003E2023-01-17T22:01:19.3639789Z\u003C/VersionId\u003E\u003CIsCurrentVersion\u003Etrue\u003C/IsCurrentVersion\u003E\u003CProperties\u003E\u003CCreation-Time\u003ETue, 17 Jan 2023 22:01:19 GMT\u003C/Creation-Time\u003E\u003CLast-Modified\u003ETue, 17 Jan 2023 22:01:19 GMT\u003C/Last-Modified\u003E\u003CEtag\u003E0x8DAF8D65D04EB6D\u003C/Etag\u003E\u003CContent-Length\u003E15\u003C/Content-Length\u003E\u003CContent-Type\u003Eapplication/octet-stream\u003C/Content-Type\u003E\u003CContent-Encoding /\u003E\u003CContent-Language /\u003E\u003CContent-CRC64 /\u003E\u003CContent-MD5\u003EebncwguMQu9sgPmr0GazhA==\u003C/Content-MD5\u003E\u003CCache-Control /\u003E\u003CContent-Disposition /\u003E\u003CBlobType\u003EBlockBlob\u003C/BlobType\u003E\u003CAccessTier\u003EHot\u003C/AccessTier\u003E\u003CAccessTierInferred\u003Etrue\u003C/AccessTierInferred\u003E\u003CLeaseStatus\u003Eunlocked\u003C/LeaseStatus\u003E\u003CLeaseState\u003Eavailable\u003C/LeaseState\u003E\u003CServerEncrypted\u003Etrue\u003C/ServerEncrypted\u003E\u003CTagCount\u003E3\u003C/TagCount\u003E\u003C/Properties\u003E\u003CTags\u003E\u003CTagSet\u003E\u003CTag\u003E\u003CKey\u003E\u002B-./:=_ \u003C/Key\u003E\u003CValue\u003Efirsttag\u003C/Value\u003E\u003C/Tag\u003E\u003CTag\u003E\u003CKey\u003E\u002B-./:=_1\u003C/Key\u003E\u003CValue\u003E\u002B-./:=_\u003C/Value\u003E\u003C/Tag\u003E\u003CTag\u003E\u003CKey\u003Etag2\u003C/Key\u003E\u003CValue\u003E\u002B-./:=_\u003C/Value\u003E\u003C/Tag\u003E\u003C/TagSet\u003E\u003C/Tags\u003E\u003COrMetadata /\u003E\u003C/Blob\u003E\u003C/Blobs\u003E\u003CNextMarker /\u003E\u003C/EnumerationResults\u003E"
    },
    {
      "RequestUri": "https://fakestorage.blob.core.windows.net/goclistblobreturnstags?restype=container",
      "RequestMethod": "DELETE",
      "RequestHeaders": {
        "Accept": "application/xml",
        "Accept-Encoding": "gzip",
        "Authorization": "Sanitized",
        "User-Agent": "azsdk-go-azblob/v0.6.2 (go1.19; Windows_NT)",
        "X-Ms-Date": "Tue, 17 Jan 2023 22:01:18 GMT",
        "x-ms-version": "2020-10-02"
      },
      "RequestBody": null,
      "StatusCode": 202,
      "ResponseHeaders": {
        "Content-Length": "0",
        "Date": "Tue, 17 Jan 2023 22:01:19 GMT",
        "Server": [
          "Windows-Azure-Blob/1.0",
          "Microsoft-HTTPAPI/2.0"
        ],
        "x-ms-request-id": "00000000-0000-0000-0000-000000000000",
        "x-ms-version": "2020-10-02"
      },
      "ResponseBody": null
    }
  ],
  "Variables": {}
}
