{
  "Entries": [
    {
      "RequestUri": "https://fakestorage.blob.core.windows.net/gocblobstartcopysourceifmodifiedsincetrue?restype=container",
      "RequestMethod": "PUT",
      "RequestHeaders": {
        "Accept": "application/xml",
        "Accept-Encoding": "gzip",
        "Authorization": "Sanitized",
        "Content-Length": "0",
        "User-Agent": "azsdk-go-azblob/v0.5.0 (go1.19; Windows_NT)",
        "X-Ms-Date": "Thu, 11 Aug 2022 15:07:59 GMT",
        "x-ms-version": "2020-10-02"
      },
      "RequestBody": null,
      "StatusCode": 201,
      "ResponseHeaders": {
        "Content-Length": "0",
        "Date": "Thu, 11 Aug 2022 15:07:59 GMT",
        "ETag": "\u00220x8DA7BAB478306AB\u0022",
        "Last-Modified": "Thu, 11 Aug 2022 15:07:59 GMT",
        "Server": [
          "Windows-Azure-Blob/1.0",
          "Microsoft-HTTPAPI/2.0"
        ],
        "x-ms-request-id": "00000000-0000-0000-0000-000000000000",
        "x-ms-version": "2020-10-02"
      },
      "ResponseBody": null
    },
    {
      "RequestUri": "https://fakestorage.blob.core.windows.net/gocblobstartcopysourceifmodifiedsincetrue/gotestblobblobstartcopysourceifmodifiedsincetrue",
      "RequestMethod": "PUT",
      "RequestHeaders": {
        "Accept": "application/xml",
        "Accept-Encoding": "gzip",
        "Authorization": "Sanitized",
        "Content-Length": "15",
        "Content-Type": "application/octet-stream",
        "User-Agent": "azsdk-go-azblob/v0.5.0 (go1.19; Windows_NT)",
        "x-ms-blob-type": "BlockBlob",
        "X-Ms-Date": "Thu, 11 Aug 2022 15:07:59 GMT",
        "x-ms-version": "2020-10-02"
      },
      "RequestBody": "R29CbG9ja0Jsb2JEYXRh",
      "StatusCode": 201,
      "ResponseHeaders": {
        "Content-Length": "0",
        "Content-MD5": "ebncwguMQu9sgPmr0GazhA==",
        "Date": "Thu, 11 Aug 2022 15:07:59 GMT",
        "ETag": "\u00220x8DA7BAB47881E8D\u0022",
        "Last-Modified": "Thu, 11 Aug 2022 15:07:59 GMT",
        "Server": [
          "Windows-Azure-Blob/1.0",
          "Microsoft-HTTPAPI/2.0"
        ],
        "x-ms-content-crc64": "\u002BJGsS7CR5kg=",
        "x-ms-request-id": "00000000-0000-0000-0000-000000000000",
        "x-ms-request-server-encrypted": "true",
        "x-ms-version": "2020-10-02",
        "x-ms-version-id": "2022-08-11T15:07:59.6073613Z"
      },
      "ResponseBody": null
    },
    {
      "RequestUri": "https://fakestorage.blob.core.windows.net/gocblobstartcopysourceifmodifiedsincetrue/dstgotestblobblobstartcopysourceifmodifiedsincetrue",
      "RequestMethod": "PUT",
      "RequestHeaders": {
        "Accept": "application/xml",
        "Accept-Encoding": "gzip",
        "Authorization": "Sanitized",
        "Content-Length": "0",
        "User-Agent": "azsdk-go-azblob/v0.5.0 (go1.19; Windows_NT)",
        "x-ms-copy-source": "https://fakestorage.blob.core.windows.net/gocblobstartcopysourceifmodifiedsincetrue/gotestblobblobstartcopysourceifmodifiedsincetrue",
        "X-Ms-Date": "Thu, 11 Aug 2022 15:07:59 GMT",
        "x-ms-source-if-modified-since": "Thu, 11 Aug 2022 15:07:49 GMT",
        "x-ms-version": "2020-10-02"
      },
      "RequestBody": null,
      "StatusCode": 202,
      "ResponseHeaders": {
        "Content-Length": "0",
        "Date": "Thu, 11 Aug 2022 15:07:59 GMT",
        "ETag": "\u00220x8DA7BAB478CFFD8\u0022",
        "Last-Modified": "Thu, 11 Aug 2022 15:07:59 GMT",
        "Server": [
          "Windows-Azure-Blob/1.0",
          "Microsoft-HTTPAPI/2.0"
        ],
        "x-ms-copy-id": "8640f9fb-0ed1-4fa8-9385-88fcfbac205e",
        "x-ms-copy-status": "success",
        "x-ms-request-id": "00000000-0000-0000-0000-000000000000",
        "x-ms-version": "2020-10-02",
        "x-ms-version-id": "2022-08-11T15:07:59.6393432Z"
      },
      "ResponseBody": null
    },
    {
      "RequestUri": "https://fakestorage.blob.core.windows.net/gocblobstartcopysourceifmodifiedsincetrue/dstgotestblobblobstartcopysourceifmodifiedsincetrue",
      "RequestMethod": "HEAD",
      "RequestHeaders": {
        "Accept": "application/xml",
        "Authorization": "Sanitized",
        "User-Agent": "azsdk-go-azblob/v0.5.0 (go1.19; Windows_NT)",
        "X-Ms-Date": "Thu, 11 Aug 2022 15:07:59 GMT",
        "x-ms-version": "2020-10-02"
      },
      "RequestBody": null,
      "StatusCode": 200,
      "ResponseHeaders": {
        "Accept-Ranges": "bytes",
        "Content-Length": "15",
        "Content-MD5": "ebncwguMQu9sgPmr0GazhA==",
        "Content-Type": "application/octet-stream",
        "Date": "Thu, 11 Aug 2022 15:07:59 GMT",
        "ETag": "\u00220x8DA7BAB478CFFD8\u0022",
        "Last-Modified": "Thu, 11 Aug 2022 15:07:59 GMT",
        "Server": [
          "Windows-Azure-Blob/1.0",
          "Microsoft-HTTPAPI/2.0"
        ],
        "x-ms-access-tier": "Hot",
        "x-ms-access-tier-inferred": "true",
        "x-ms-blob-type": "BlockBlob",
        "x-ms-copy-completion-time": "Thu, 11 Aug 2022 15:07:59 GMT",
        "x-ms-copy-id": "8640f9fb-0ed1-4fa8-9385-88fcfbac205e",
        "x-ms-copy-progress": "15/15",
        "x-ms-copy-source": "https://fakestorage.blob.core.windows.net/gocblobstartcopysourceifmodifiedsincetrue/gotestblobblobstartcopysourceifmodifiedsincetrue",
        "x-ms-copy-status": "success",
        "x-ms-creation-time": "Thu, 11 Aug 2022 15:07:59 GMT",
        "x-ms-is-current-version": "true",
        "x-ms-lease-state": "available",
        "x-ms-lease-status": "unlocked",
        "x-ms-request-id": "00000000-0000-0000-0000-000000000000",
        "x-ms-server-encrypted": "true",
        "x-ms-version": "2020-10-02",
        "x-ms-version-id": "2022-08-11T15:07:59.6393432Z"
      },
      "ResponseBody": null
    },
    {
      "RequestUri": "https://fakestorage.blob.core.windows.net/gocblobstartcopysourceifmodifiedsincetrue?restype=container",
      "RequestMethod": "DELETE",
      "RequestHeaders": {
        "Accept": "application/xml",
        "Accept-Encoding": "gzip",
        "Authorization": "Sanitized",
        "User-Agent": "azsdk-go-azblob/v0.5.0 (go1.19; Windows_NT)",
        "X-Ms-Date": "Thu, 11 Aug 2022 15:07:59 GMT",
        "x-ms-version": "2020-10-02"
      },
      "RequestBody": null,
      "StatusCode": 202,
      "ResponseHeaders": {
        "Content-Length": "0",
        "Date": "Thu, 11 Aug 2022 15:07:59 GMT",
        "Server": [
          "Windows-Azure-Blob/1.0",
          "Microsoft-HTTPAPI/2.0"
        ],
        "x-ms-request-id": "00000000-0000-0000-0000-000000000000",
        "x-ms-version": "2020-10-02"
      },
      "ResponseBody": null
    }
  ],
  "Variables": {}
}
