{
  "Entries": [
    {
      "RequestUri": "https://fakestorage.blob.core.windows.net/goccontainersetpermissionsinvalidpolicytimes?restype=container",
      "RequestMethod": "PUT",
      "RequestHeaders": {
        "Accept": "application/xml",
        "Accept-Encoding": "gzip",
        "Authorization": "Sanitized",
        "Content-Length": "0",
        "User-Agent": "azsdk-go-azblob/v0.5.0 (go1.19; Windows_NT)",
        "X-Ms-Date": "Thu, 11 Aug 2022 15:08:06 GMT",
        "x-ms-version": "2020-10-02"
      },
      "RequestBody": null,
      "StatusCode": 201,
      "ResponseHeaders": {
        "Content-Length": "0",
        "Date": "Thu, 11 Aug 2022 15:08:06 GMT",
        "ETag": "\u00220x8DA7BAB4BF598B8\u0022",
        "Last-Modified": "Thu, 11 Aug 2022 15:08:07 GMT",
        "Server": [
          "Windows-Azure-Blob/1.0",
          "Microsoft-HTTPAPI/2.0"
        ],
        "x-ms-request-id": "00000000-0000-0000-0000-000000000000",
        "x-ms-version": "2020-10-02"
      },
      "ResponseBody": null
    },
    {
      "RequestUri": "https://fakestorage.blob.core.windows.net/goccontainersetpermissionsinvalidpolicytimes?comp=acl\u0026restype=container",
      "RequestMethod": "PUT",
      "RequestHeaders": {
        "Accept": "application/xml",
        "Accept-Encoding": "gzip",
        "Authorization": "Sanitized",
        "Content-Length": "432",
        "Content-Type": "application/xml",
        "User-Agent": "azsdk-go-azblob/v0.5.0 (go1.19; Windows_NT)",
        "x-ms-blob-public-access": "blob",
        "X-Ms-Date": "Thu, 11 Aug 2022 15:08:07 GMT",
        "x-ms-version": "2020-10-02"
      },
      "RequestBody": [
        "\u003C?xml version=\u00221.0\u0022 encoding=\u0022UTF-8\u0022?\u003E\n",
        "\u003CSignedIdentifiers\u003E\u003CSignedIdentifier\u003E\u003CAccessPolicy\u003E\u003CPermission\u003Er\u003C/Permission\u003E\u003CExpiry\u003E2021-06-11T20:00:00Z\u003C/Expiry\u003E\u003CStart\u003E2049-06-11T20:00:00Z\u003C/Start\u003E\u003C/AccessPolicy\u003E\u003CId\u003E0000\u003C/Id\u003E\u003C/SignedIdentifier\u003E\u003CSignedIdentifier\u003E\u003CAccessPolicy\u003E\u003CPermission\u003Er\u003C/Permission\u003E\u003CExpiry\u003E2021-06-11T20:00:00Z\u003C/Expiry\u003E\u003CStart\u003E2049-06-11T20:00:00Z\u003C/Start\u003E\u003C/AccessPolicy\u003E\u003CId\u003E0001\u003C/Id\u003E\u003C/SignedIdentifier\u003E\u003C/SignedIdentifiers\u003E"
      ],
      "StatusCode": 200,
      "ResponseHeaders": {
        "Content-Length": "0",
        "Date": "Thu, 11 Aug 2022 15:08:06 GMT",
        "ETag": "\u00220x8DA7BAB4BFACFDD\u0022",
        "Last-Modified": "Thu, 11 Aug 2022 15:08:07 GMT",
        "Server": [
          "Windows-Azure-Blob/1.0",
          "Microsoft-HTTPAPI/2.0"
        ],
        "x-ms-request-id": "00000000-0000-0000-0000-000000000000",
        "x-ms-version": "2020-10-02"
      },
      "ResponseBody": null
    },
    {
      "RequestUri": "https://fakestorage.blob.core.windows.net/goccontainersetpermissionsinvalidpolicytimes?restype=container",
      "RequestMethod": "DELETE",
      "RequestHeaders": {
        "Accept": "application/xml",
        "Accept-Encoding": "gzip",
        "Authorization": "Sanitized",
        "User-Agent": "azsdk-go-azblob/v0.5.0 (go1.19; Windows_NT)",
        "X-Ms-Date": "Thu, 11 Aug 2022 15:08:07 GMT",
        "x-ms-version": "2020-10-02"
      },
      "RequestBody": null,
      "StatusCode": 202,
      "ResponseHeaders": {
        "Content-Length": "0",
        "Date": "Thu, 11 Aug 2022 15:08:06 GMT",
        "Server": [
          "Windows-Azure-Blob/1.0",
          "Microsoft-HTTPAPI/2.0"
        ],
        "x-ms-request-id": "00000000-0000-0000-0000-000000000000",
        "x-ms-version": "2020-10-02"
      },
      "ResponseBody": null
    }
  ],
  "Variables": {}
}
