{
  "Entries": [
    {
      "RequestUri": "https://fakestorage.blob.core.windows.net/gocappendblockpermanentdeletewithoutpermission?restype=container",
      "RequestMethod": "PUT",
      "RequestHeaders": {
        "Accept": "application/xml",
        "Accept-Encoding": "gzip",
        "Authorization": "Sanitized",
        "Content-Length": "0",
        "User-Agent": "azsdk-go-azblob/v0.5.2 (go1.19; Windows_NT)",
        "X-Ms-Date": "Mon, 14 Nov 2022 18:34:48 GMT",
        "x-ms-version": "2020-10-02"
      },
      "RequestBody": null,
      "StatusCode": 201,
      "ResponseHeaders": {
        "Content-Length": "0",
        "Date": "Mon, 14 Nov 2022 18:34:48 GMT",
        "ETag": "\u00220x8DAC66EE8D1A512\u0022",
        "Last-Modified": "Mon, 14 Nov 2022 18:34:48 GMT",
        "Server": [
          "Windows-Azure-Blob/1.0",
          "Microsoft-HTTPAPI/2.0"
        ],
        "x-ms-request-id": "00000000-0000-0000-0000-000000000000",
        "x-ms-version": "2020-10-02"
      },
      "ResponseBody": null
    },
    {
      "RequestUri": "https://fakestorage.blob.core.windows.net/gocappendblockpermanentdeletewithoutpermission/gotestblobappendblockpermanentdeletewithoutpermission",
      "RequestMethod": "PUT",
      "RequestHeaders": {
        "Accept": "application/xml",
        "Accept-Encoding": "gzip",
        "Authorization": "Sanitized",
        "Content-Length": "0",
        "User-Agent": "azsdk-go-azblob/v0.5.2 (go1.19; Windows_NT)",
        "x-ms-blob-type": "AppendBlob",
        "X-Ms-Date": "Mon, 14 Nov 2022 18:34:48 GMT",
        "x-ms-version": "2020-10-02"
      },
      "RequestBody": null,
      "StatusCode": 201,
      "ResponseHeaders": {
        "Content-Length": "0",
        "Date": "Mon, 14 Nov 2022 18:34:48 GMT",
        "ETag": "\u00220x8DAC66EE8DE8F78\u0022",
        "Last-Modified": "Mon, 14 Nov 2022 18:34:48 GMT",
        "Server": [
          "Windows-Azure-Blob/1.0",
          "Microsoft-HTTPAPI/2.0"
        ],
        "x-ms-request-id": "00000000-0000-0000-0000-000000000000",
        "x-ms-request-server-encrypted": "true",
        "x-ms-version": "2020-10-02",
        "x-ms-version-id": "2022-11-14T18:34:48.1948536Z"
      },
      "ResponseBody": null
    },
    {
      "RequestUri": "https://fakestorage.blob.core.windows.net/gocappendblockpermanentdeletewithoutpermission/gotestblobappendblockpermanentdeletewithoutpermission?comp=snapshot",
      "RequestMethod": "PUT",
      "RequestHeaders": {
        "Accept": "application/xml",
        "Accept-Encoding": "gzip",
        "Authorization": "Sanitized",
        "Content-Length": "0",
        "User-Agent": "azsdk-go-azblob/v0.5.2 (go1.19; Windows_NT)",
        "X-Ms-Date": "Mon, 14 Nov 2022 18:34:48 GMT",
        "x-ms-version": "2020-10-02"
      },
      "RequestBody": null,
      "StatusCode": 201,
      "ResponseHeaders": {
        "Content-Length": "0",
        "Date": "Mon, 14 Nov 2022 18:34:48 GMT",
        "ETag": "\u00220x8DAC66EE8DE8F78\u0022",
        "Last-Modified": "Mon, 14 Nov 2022 18:34:48 GMT",
        "Server": [
          "Windows-Azure-Blob/1.0",
          "Microsoft-HTTPAPI/2.0"
        ],
        "x-ms-request-id": "00000000-0000-0000-0000-000000000000",
        "x-ms-request-server-encrypted": "false",
        "x-ms-snapshot": "2022-11-14T18:34:48.2748093Z",
        "x-ms-version": "2020-10-02",
        "x-ms-version-id": "2022-11-14T18:34:48.2758093Z"
      },
      "ResponseBody": null
    },
    {
      "RequestUri": "https://fakestorage.blob.core.windows.net/gocappendblockpermanentdeletewithoutpermission?comp=list\u0026include=snapshots\u0026restype=container",
      "RequestMethod": "GET",
      "RequestHeaders": {
        "Accept": "application/xml",
        "Accept-Encoding": "gzip",
        "Authorization": "Sanitized",
        "User-Agent": "azsdk-go-azblob/v0.5.2 (go1.19; Windows_NT)",
        "X-Ms-Date": "Mon, 14 Nov 2022 18:34:48 GMT",
        "x-ms-version": "2020-10-02"
      },
      "RequestBody": null,
      "StatusCode": 200,
      "ResponseHeaders": {
        "Content-Type": "application/xml",
        "Date": "Mon, 14 Nov 2022 18:34:48 GMT",
        "Server": [
          "Windows-Azure-Blob/1.0",
          "Microsoft-HTTPAPI/2.0"
        ],
        "Transfer-Encoding": "chunked",
        "x-ms-request-id": "00000000-0000-0000-0000-000000000000",
        "x-ms-version": "2020-10-02"
      },
      "ResponseBody": "\uFEFF\u003C?xml version=\u00221.0\u0022 encoding=\u0022utf-8\u0022?\u003E\u003CEnumerationResults ServiceEndpoint=\u0022https://simintestprimary.blob.core.windows.net/\u0022 ContainerName=\u0022gocappendblockpermanentdeletewithoutpermission\u0022\u003E\u003CBlobs\u003E\u003CBlob\u003E\u003CName\u003Egotestblobappendblockpermanentdeletewithoutpermission\u003C/Name\u003E\u003CSnapshot\u003E2022-11-14T18:34:48.2748093Z\u003C/Snapshot\u003E\u003CProperties\u003E\u003CCreation-Time\u003EMon, 14 Nov 2022 18:34:48 GMT\u003C/Creation-Time\u003E\u003CLast-Modified\u003EMon, 14 Nov 2022 18:34:48 GMT\u003C/Last-Modified\u003E\u003CEtag\u003E0x8DAC66EE8DE8F78\u003C/Etag\u003E\u003CContent-Length\u003E0\u003C/Content-Length\u003E\u003CContent-Type\u003Eapplication/octet-stream\u003C/Content-Type\u003E\u003CContent-Encoding /\u003E\u003CContent-Language /\u003E\u003CContent-CRC64 /\u003E\u003CContent-MD5 /\u003E\u003CCache-Control /\u003E\u003CContent-Disposition /\u003E\u003CBlobType\u003EAppendBlob\u003C/BlobType\u003E\u003CServerEncrypted\u003Etrue\u003C/ServerEncrypted\u003E\u003C/Properties\u003E\u003COrMetadata /\u003E\u003C/Blob\u003E\u003CBlob\u003E\u003CName\u003Egotestblobappendblockpermanentdeletewithoutpermission\u003C/Name\u003E\u003CVersionId\u003E2022-11-14T18:34:48.2758093Z\u003C/VersionId\u003E\u003CIsCurrentVersion\u003Etrue\u003C/IsCurrentVersion\u003E\u003CProperties\u003E\u003CCreation-Time\u003EMon, 14 Nov 2022 18:34:48 GMT\u003C/Creation-Time\u003E\u003CLast-Modified\u003EMon, 14 Nov 2022 18:34:48 GMT\u003C/Last-Modified\u003E\u003CEtag\u003E0x8DAC66EE8DE8F78\u003C/Etag\u003E\u003CContent-Length\u003E0\u003C/Content-Length\u003E\u003CContent-Type\u003Eapplication/octet-stream\u003C/Content-Type\u003E\u003CContent-Encoding /\u003E\u003CContent-Language /\u003E\u003CContent-CRC64 /\u003E\u003CContent-MD5 /\u003E\u003CCache-Control /\u003E\u003CContent-Disposition /\u003E\u003CBlobType\u003EAppendBlob\u003C/BlobType\u003E\u003CLeaseStatus\u003Eunlocked\u003C/LeaseStatus\u003E\u003CLeaseState\u003Eavailable\u003C/LeaseState\u003E\u003CServerEncrypted\u003Etrue\u003C/ServerEncrypted\u003E\u003C/Properties\u003E\u003COrMetadata /\u003E\u003C/Blob\u003E\u003C/Blobs\u003E\u003CNextMarker /\u003E\u003C/EnumerationResults\u003E"
    },
    {
      "RequestUri": "https://fakestorage.blob.core.windows.net/gocappendblockpermanentdeletewithoutpermission/gotestblobappendblockpermanentdeletewithoutpermission",
      "RequestMethod": "DELETE",
      "RequestHeaders": {
        "Accept": "application/xml",
        "Accept-Encoding": "gzip",
        "Authorization": "Sanitized",
        "User-Agent": "azsdk-go-azblob/v0.5.2 (go1.19; Windows_NT)",
        "X-Ms-Date": "Mon, 14 Nov 2022 18:34:49 GMT",
        "x-ms-delete-snapshots": "only",
        "x-ms-version": "2020-10-02"
      },
      "RequestBody": null,
      "StatusCode": 202,
      "ResponseHeaders": {
        "Content-Length": "0",
        "Date": "Mon, 14 Nov 2022 18:34:48 GMT",
        "Server": [
          "Windows-Azure-Blob/1.0",
          "Microsoft-HTTPAPI/2.0"
        ],
        "x-ms-delete-type-permanent": "true",
        "x-ms-request-id": "00000000-0000-0000-0000-000000000000",
        "x-ms-version": "2020-10-02"
      },
      "ResponseBody": null
    },
    {
      "RequestUri": "https://fakestorage.blob.core.windows.net/gocappendblockpermanentdeletewithoutpermission?comp=list\u0026include=snapshots\u0026restype=container",
      "RequestMethod": "GET",
      "RequestHeaders": {
        "Accept": "application/xml",
        "Accept-Encoding": "gzip",
        "Authorization": "Sanitized",
        "User-Agent": "azsdk-go-azblob/v0.5.2 (go1.19; Windows_NT)",
        "X-Ms-Date": "Mon, 14 Nov 2022 18:34:49 GMT",
        "x-ms-version": "2020-10-02"
      },
      "RequestBody": null,
      "StatusCode": 200,
      "ResponseHeaders": {
        "Content-Type": "application/xml",
        "Date": "Mon, 14 Nov 2022 18:34:48 GMT",
        "Server": [
          "Windows-Azure-Blob/1.0",
          "Microsoft-HTTPAPI/2.0"
        ],
        "Transfer-Encoding": "chunked",
        "x-ms-request-id": "00000000-0000-0000-0000-000000000000",
        "x-ms-version": "2020-10-02"
      },
      "ResponseBody": "\uFEFF\u003C?xml version=\u00221.0\u0022 encoding=\u0022utf-8\u0022?\u003E\u003CEnumerationResults ServiceEndpoint=\u0022https://simintestprimary.blob.core.windows.net/\u0022 ContainerName=\u0022gocappendblockpermanentdeletewithoutpermission\u0022\u003E\u003CBlobs\u003E\u003CBlob\u003E\u003CName\u003Egotestblobappendblockpermanentdeletewithoutpermission\u003C/Name\u003E\u003CVersionId\u003E2022-11-14T18:34:48.2758093Z\u003C/VersionId\u003E\u003CIsCurrentVersion\u003Etrue\u003C/IsCurrentVersion\u003E\u003CProperties\u003E\u003CCreation-Time\u003EMon, 14 Nov 2022 18:34:48 GMT\u003C/Creation-Time\u003E\u003CLast-Modified\u003EMon, 14 Nov 2022 18:34:48 GMT\u003C/Last-Modified\u003E\u003CEtag\u003E0x8DAC66EE8DE8F78\u003C/Etag\u003E\u003CContent-Length\u003E0\u003C/Content-Length\u003E\u003CContent-Type\u003Eapplication/octet-stream\u003C/Content-Type\u003E\u003CContent-Encoding /\u003E\u003CContent-Language /\u003E\u003CContent-CRC64 /\u003E\u003CContent-MD5 /\u003E\u003CCache-Control /\u003E\u003CContent-Disposition /\u003E\u003CBlobType\u003EAppendBlob\u003C/BlobType\u003E\u003CLeaseStatus\u003Eunlocked\u003C/LeaseStatus\u003E\u003CLeaseState\u003Eavailable\u003C/LeaseState\u003E\u003CServerEncrypted\u003Etrue\u003C/ServerEncrypted\u003E\u003C/Properties\u003E\u003COrMetadata /\u003E\u003C/Blob\u003E\u003C/Blobs\u003E\u003CNextMarker /\u003E\u003C/EnumerationResults\u003E"
    },
    {
      "RequestUri": "https://fakestorage.blob.core.windows.net/gocappendblockpermanentdeletewithoutpermission/gotestblobappendblockpermanentdeletewithoutpermission?deletetype=Permanent\u0026snapshot=2022-11-14T18%3A34%3A48.2748093Z",
      "RequestMethod": "DELETE",
      "RequestHeaders": {
        "Accept": "application/xml",
        "Accept-Encoding": "gzip",
        "Authorization": "Sanitized",
        "User-Agent": "azsdk-go-azblob/v0.5.2 (go1.19; Windows_NT)",
        "X-Ms-Date": "Mon, 14 Nov 2022 18:34:49 GMT",
        "x-ms-version": "2020-10-02"
      },
      "RequestBody": null,
      "StatusCode": 409,
      "ResponseHeaders": {
        "Content-Length": "236",
        "Content-Type": "application/xml",
        "Date": "Mon, 14 Nov 2022 18:34:48 GMT",
        "Server": [
          "Windows-Azure-Blob/1.0",
          "Microsoft-HTTPAPI/2.0"
        ],
        "x-ms-error-code": "PermanentDeleteIsOff",
        "x-ms-request-id": "00000000-0000-0000-0000-000000000000",
        "x-ms-version": "2020-10-02"
      },
      "ResponseBody": [
        "\uFEFF\u003C?xml version=\u00221.0\u0022 encoding=\u0022utf-8\u0022?\u003E\u003CError\u003E\u003CCode\u003EPermanentDeleteIsOff\u003C/Code\u003E\u003CMessage\u003EPermanent delete is off on the storage account.\n",
        "RequestId:81858996-401e-0006-4057-f81e44000000\n",
        "Time:2022-11-14T18:34:48.5749494Z\u003C/Message\u003E\u003C/Error\u003E"
      ]
    },
    {
      "RequestUri": "https://fakestorage.blob.core.windows.net/gocappendblockpermanentdeletewithoutpermission?restype=container",
      "RequestMethod": "DELETE",
      "RequestHeaders": {
        "Accept": "application/xml",
        "Accept-Encoding": "gzip",
        "Authorization": "Sanitized",
        "User-Agent": "azsdk-go-azblob/v0.5.2 (go1.19; Windows_NT)",
        "X-Ms-Date": "Mon, 14 Nov 2022 18:34:49 GMT",
        "x-ms-version": "2020-10-02"
      },
      "RequestBody": null,
      "StatusCode": 202,
      "ResponseHeaders": {
        "Content-Length": "0",
        "Date": "Mon, 14 Nov 2022 18:34:48 GMT",
        "Server": [
          "Windows-Azure-Blob/1.0",
          "Microsoft-HTTPAPI/2.0"
        ],
        "x-ms-request-id": "00000000-0000-0000-0000-000000000000",
        "x-ms-version": "2020-10-02"
      },
      "ResponseBody": null
    }
  ],
  "Variables": {}
}
