{
  "Entries": [
    {
      "RequestUri": "https://fakestorage.blob.core.windows.net/gocappendblobsetexpirytoneverexpire?restype=container",
      "RequestMethod": "PUT",
      "RequestHeaders": {
        "Accept": "application/xml",
        "Accept-Encoding": "gzip",
        "Authorization": "Sanitized",
        "Content-Length": "0",
        "User-Agent": "azsdk-go-azblob/v0.5.2 (go1.19; Windows_NT)",
        "X-Ms-Date": "Wed, 19 Oct 2022 06:38:33 GMT",
        "x-ms-version": "2020-10-02"
      },
      "RequestBody": null,
      "StatusCode": 201,
      "ResponseHeaders": {
        "Content-Length": "0",
        "Date": "Wed, 19 Oct 2022 06:38:35 GMT",
        "ETag": "\u00220x8DAB19C8C5AC125\u0022",
        "Last-Modified": "Wed, 19 Oct 2022 06:38:35 GMT",
        "Server": [
          "Windows-Azure-Blob/1.0",
          "Microsoft-HTTPAPI/2.0"
        ],
        "x-ms-request-id": "00000000-0000-0000-0000-000000000000",
        "x-ms-version": "2020-10-02"
      },
      "ResponseBody": null
    },
    {
      "RequestUri": "https://fakestorage.blob.core.windows.net/gocappendblobsetexpirytoneverexpire/gotestblobappendblobsetexpirytoneverexpire",
      "RequestMethod": "PUT",
      "RequestHeaders": {
        "Accept": "application/xml",
        "Accept-Encoding": "gzip",
        "Authorization": "Sanitized",
        "Content-Length": "0",
        "User-Agent": "azsdk-go-azblob/v0.5.2 (go1.19; Windows_NT)",
        "x-ms-blob-type": "AppendBlob",
        "X-Ms-Date": "Wed, 19 Oct 2022 06:38:35 GMT",
        "x-ms-version": "2020-10-02"
      },
      "RequestBody": null,
      "StatusCode": 201,
      "ResponseHeaders": {
        "Content-Length": "0",
        "Date": "Wed, 19 Oct 2022 06:38:35 GMT",
        "ETag": "\u00220x8DAB19C8C92579A\u0022",
        "Last-Modified": "Wed, 19 Oct 2022 06:38:35 GMT",
        "Server": [
          "Windows-Azure-Blob/1.0",
          "Microsoft-HTTPAPI/2.0"
        ],
        "x-ms-request-id": "00000000-0000-0000-0000-000000000000",
        "x-ms-request-server-encrypted": "true",
        "x-ms-version": "2020-10-02"
      },
      "ResponseBody": null
    },
    {
      "RequestUri": "https://fakestorage.blob.core.windows.net/gocappendblobsetexpirytoneverexpire/gotestblobappendblobsetexpirytoneverexpire?comp=appendblock",
      "RequestMethod": "PUT",
      "RequestHeaders": {
        "Accept": "application/xml",
        "Accept-Encoding": "gzip",
        "Authorization": "Sanitized",
        "Content-Length": "16",
        "Content-Type": "application/octet-stream",
        "User-Agent": "azsdk-go-azblob/v0.5.2 (go1.19; Windows_NT)",
        "X-Ms-Date": "Wed, 19 Oct 2022 06:38:35 GMT",
        "x-ms-version": "2020-10-02"
      },
      "RequestBody": "QXBwZW5kaW5nIGJsb2NrCg==",
      "StatusCode": 201,
      "ResponseHeaders": {
        "Content-Length": "0",
        "Date": "Wed, 19 Oct 2022 06:38:35 GMT",
        "ETag": "\u00220x8DAB19C8CC7C317\u0022",
        "Last-Modified": "Wed, 19 Oct 2022 06:38:36 GMT",
        "Server": [
          "Windows-Azure-Blob/1.0",
          "Microsoft-HTTPAPI/2.0"
        ],
        "x-ms-blob-append-offset": "0",
        "x-ms-blob-committed-block-count": "1",
        "x-ms-content-crc64": "F3xJF8HTFZQ=",
        "x-ms-request-id": "00000000-0000-0000-0000-000000000000",
        "x-ms-request-server-encrypted": "true",
        "x-ms-version": "2020-10-02"
      },
      "ResponseBody": null
    },
    {
      "RequestUri": "https://fakestorage.blob.core.windows.net/gocappendblobsetexpirytoneverexpire/gotestblobappendblobsetexpirytoneverexpire",
      "RequestMethod": "HEAD",
      "RequestHeaders": {
        "Accept": "application/xml",
        "Authorization": "Sanitized",
        "User-Agent": "azsdk-go-azblob/v0.5.2 (go1.19; Windows_NT)",
        "X-Ms-Date": "Wed, 19 Oct 2022 06:38:35 GMT",
        "x-ms-version": "2020-10-02"
      },
      "RequestBody": null,
      "StatusCode": 200,
      "ResponseHeaders": {
        "Accept-Ranges": "bytes",
        "Content-Length": "16",
        "Content-Type": "application/octet-stream",
        "Date": "Wed, 19 Oct 2022 06:38:36 GMT",
        "ETag": "\u00220x8DAB19C8CC7C317\u0022",
        "Last-Modified": "Wed, 19 Oct 2022 06:38:36 GMT",
        "Server": [
          "Windows-Azure-Blob/1.0",
          "Microsoft-HTTPAPI/2.0"
        ],
        "x-ms-blob-committed-block-count": "1",
        "x-ms-blob-type": "AppendBlob",
        "x-ms-creation-time": "Wed, 19 Oct 2022 06:38:35 GMT",
        "x-ms-group": "$superuser",
        "x-ms-lease-state": "available",
        "x-ms-lease-status": "unlocked",
        "x-ms-owner": "$superuser",
        "x-ms-permissions": "rw-r-----",
        "x-ms-request-id": "00000000-0000-0000-0000-000000000000",
        "x-ms-resource-type": "file",
        "x-ms-server-encrypted": "true",
        "x-ms-version": "2020-10-02"
      },
      "ResponseBody": null
    },
    {
      "RequestUri": "https://fakestorage.blob.core.windows.net/gocappendblobsetexpirytoneverexpire/gotestblobappendblobsetexpirytoneverexpire?comp=expiry",
      "RequestMethod": "PUT",
      "RequestHeaders": {
        "Accept": "application/xml",
        "Accept-Encoding": "gzip",
        "Authorization": "Sanitized",
        "Content-Length": "0",
        "User-Agent": "azsdk-go-azblob/v0.5.2 (go1.19; Windows_NT)",
        "X-Ms-Date": "Wed, 19 Oct 2022 06:38:36 GMT",
        "x-ms-expiry-option": "NeverExpire",
        "x-ms-version": "2020-10-02"
      },
      "RequestBody": null,
      "StatusCode": 200,
      "ResponseHeaders": {
        "Content-Length": "0",
        "Date": "Wed, 19 Oct 2022 06:38:36 GMT",
        "ETag": "\u00220x8DAB19C8CC7C317\u0022",
        "Last-Modified": "Wed, 19 Oct 2022 06:38:36 GMT",
        "Server": [
          "Windows-Azure-Blob/1.0",
          "Microsoft-HTTPAPI/2.0"
        ],
        "x-ms-request-id": "00000000-0000-0000-0000-000000000000",
        "x-ms-version": "2020-10-02"
      },
      "ResponseBody": null
    },
    {
      "RequestUri": "https://fakestorage.blob.core.windows.net/gocappendblobsetexpirytoneverexpire/gotestblobappendblobsetexpirytoneverexpire",
      "RequestMethod": "HEAD",
      "RequestHeaders": {
        "Accept": "application/xml",
        "Authorization": "Sanitized",
        "User-Agent": "azsdk-go-azblob/v0.5.2 (go1.19; Windows_NT)",
        "X-Ms-Date": "Wed, 19 Oct 2022 06:38:36 GMT",
        "x-ms-version": "2020-10-02"
      },
      "RequestBody": null,
      "StatusCode": 200,
      "ResponseHeaders": {
        "Accept-Ranges": "bytes",
        "Content-Length": "16",
        "Content-Type": "application/octet-stream",
        "Date": "Wed, 19 Oct 2022 06:38:36 GMT",
        "ETag": "\u00220x8DAB19C8CC7C317\u0022",
        "Last-Modified": "Wed, 19 Oct 2022 06:38:36 GMT",
        "Server": [
          "Windows-Azure-Blob/1.0",
          "Microsoft-HTTPAPI/2.0"
        ],
        "x-ms-blob-committed-block-count": "1",
        "x-ms-blob-type": "AppendBlob",
        "x-ms-creation-time": "Wed, 19 Oct 2022 06:38:35 GMT",
        "x-ms-group": "$superuser",
        "x-ms-lease-state": "available",
        "x-ms-lease-status": "unlocked",
        "x-ms-owner": "$superuser",
        "x-ms-permissions": "rw-r-----",
        "x-ms-request-id": "00000000-0000-0000-0000-000000000000",
        "x-ms-resource-type": "file",
        "x-ms-server-encrypted": "true",
        "x-ms-version": "2020-10-02"
      },
      "ResponseBody": null
    },
    {
      "RequestUri": "https://fakestorage.blob.core.windows.net/gocappendblobsetexpirytoneverexpire?restype=container",
      "RequestMethod": "DELETE",
      "RequestHeaders": {
        "Accept": "application/xml",
        "Accept-Encoding": "gzip",
        "Authorization": "Sanitized",
        "User-Agent": "azsdk-go-azblob/v0.5.2 (go1.19; Windows_NT)",
        "X-Ms-Date": "Wed, 19 Oct 2022 06:38:36 GMT",
        "x-ms-version": "2020-10-02"
      },
      "RequestBody": null,
      "StatusCode": 202,
      "ResponseHeaders": {
        "Content-Length": "0",
        "Date": "Wed, 19 Oct 2022 06:38:37 GMT",
        "Server": [
          "Windows-Azure-Blob/1.0",
          "Microsoft-HTTPAPI/2.0"
        ],
        "x-ms-request-id": "00000000-0000-0000-0000-000000000000",
        "x-ms-version": "2020-10-02"
      },
      "ResponseBody": null
    }
  ],
  "Variables": {}
}
