{
  "Entries": [
    {
      "RequestUri": "https://fakestorage.blob.core.windows.net/gocappendsetimmutabilitypolicy?restype=container",
      "RequestMethod": "PUT",
      "RequestHeaders": {
        "Accept": "application/xml",
        "Accept-Encoding": "gzip",
        "Authorization": "Sanitized",
        "Content-Length": "0",
        "User-Agent": "azsdk-go-azblob/v0.5.2 (go1.19; Windows_NT)",
        "X-Ms-Date": "Tue, 08 Nov 2022 20:24:06 GMT",
        "x-ms-version": "2020-10-02"
      },
      "RequestBody": null,
      "StatusCode": 201,
      "ResponseHeaders": {
        "Content-Length": "0",
        "Date": "Tue, 08 Nov 2022 20:24:06 GMT",
        "ETag": "\u00220x8DAC1C7300FDDBF\u0022",
        "Last-Modified": "Tue, 08 Nov 2022 20:24:07 GMT",
        "Server": [
          "Windows-Azure-Blob/1.0",
          "Microsoft-HTTPAPI/2.0"
        ],
        "x-ms-request-id": "00000000-0000-0000-0000-000000000000",
        "x-ms-version": "2020-10-02"
      },
      "ResponseBody": null
    },
    {
      "RequestUri": "https://fakestorage.blob.core.windows.net/gocappendsetimmutabilitypolicy/gotestblobappendsetimmutabilitypolicy",
      "RequestMethod": "PUT",
      "RequestHeaders": {
        "Accept": "application/xml",
        "Accept-Encoding": "gzip",
        "Authorization": "Sanitized",
        "Content-Length": "0",
        "User-Agent": "azsdk-go-azblob/v0.5.2 (go1.19; Windows_NT)",
        "x-ms-blob-type": "AppendBlob",
        "X-Ms-Date": "Tue, 08 Nov 2022 20:24:07 GMT",
        "x-ms-version": "2020-10-02"
      },
      "RequestBody": null,
      "StatusCode": 201,
      "ResponseHeaders": {
        "Content-Length": "0",
        "Date": "Tue, 08 Nov 2022 20:24:06 GMT",
        "ETag": "\u00220x8DAC1C7301EE2E8\u0022",
        "Last-Modified": "Tue, 08 Nov 2022 20:24:07 GMT",
        "Server": [
          "Windows-Azure-Blob/1.0",
          "Microsoft-HTTPAPI/2.0"
        ],
        "x-ms-request-id": "00000000-0000-0000-0000-000000000000",
        "x-ms-request-server-encrypted": "true",
        "x-ms-version": "2020-10-02",
        "x-ms-version-id": "2022-11-08T20:24:07.6329704Z"
      },
      "ResponseBody": null
    },
    {
      "RequestUri": "https://fakestorage.blob.core.windows.net/gocappendsetimmutabilitypolicy/gotestblobappendsetimmutabilitypolicy?comp=immutabilityPolicies",
      "RequestMethod": "PUT",
      "RequestHeaders": {
        "Accept": "application/xml",
        "Accept-Encoding": "gzip",
        "Authorization": "Sanitized",
        "Content-Length": "0",
        "User-Agent": "azsdk-go-azblob/v0.5.2 (go1.19; Windows_NT)",
        "X-Ms-Date": "Tue, 08 Nov 2022 20:24:07 GMT",
        "x-ms-immutability-policy-mode": "Unlocked",
        "x-ms-immutability-policy-until-date": "Fri, 11 Jun 2049 20:00:00 GMT",
        "x-ms-version": "2020-10-02"
      },
      "RequestBody": null,
      "StatusCode": 200,
      "ResponseHeaders": {
        "Content-Length": "0",
        "Date": "Tue, 08 Nov 2022 20:24:06 GMT",
        "Server": [
          "Windows-Azure-Blob/1.0",
          "Microsoft-HTTPAPI/2.0"
        ],
        "x-ms-immutability-policy-mode": "unlocked",
        "x-ms-immutability-policy-until-date": "Fri, 11 Jun 2049 20:00:00 GMT",
        "x-ms-request-id": "00000000-0000-0000-0000-000000000000",
        "x-ms-version": "2020-10-02"
      },
      "ResponseBody": null
    },
    {
      "RequestUri": "https://fakestorage.blob.core.windows.net/gocappendsetimmutabilitypolicy/gotestblobappendsetimmutabilitypolicy?comp=legalhold",
      "RequestMethod": "PUT",
      "RequestHeaders": {
        "Accept": "application/xml",
        "Accept-Encoding": "gzip",
        "Authorization": "Sanitized",
        "Content-Length": "0",
        "User-Agent": "azsdk-go-azblob/v0.5.2 (go1.19; Windows_NT)",
        "X-Ms-Date": "Tue, 08 Nov 2022 20:24:07 GMT",
        "x-ms-legal-hold": "false",
        "x-ms-version": "2020-10-02"
      },
      "RequestBody": null,
      "StatusCode": 200,
      "ResponseHeaders": {
        "Content-Length": "0",
        "Date": "Tue, 08 Nov 2022 20:24:07 GMT",
        "Server": [
          "Windows-Azure-Blob/1.0",
          "Microsoft-HTTPAPI/2.0"
        ],
        "x-ms-legal-hold": "false",
        "x-ms-request-id": "00000000-0000-0000-0000-000000000000",
        "x-ms-version": "2020-10-02"
      },
      "ResponseBody": null
    },
    {
      "RequestUri": "https://fakestorage.blob.core.windows.net/gocappendsetimmutabilitypolicy/gotestblobappendsetimmutabilitypolicy",
      "RequestMethod": "DELETE",
      "RequestHeaders": {
        "Accept": "application/xml",
        "Accept-Encoding": "gzip",
        "Authorization": "Sanitized",
        "User-Agent": "azsdk-go-azblob/v0.5.2 (go1.19; Windows_NT)",
        "X-Ms-Date": "Tue, 08 Nov 2022 20:24:07 GMT",
        "x-ms-version": "2020-10-02"
      },
      "RequestBody": null,
      "StatusCode": 409,
      "ResponseHeaders": {
        "Content-Length": "266",
        "Content-Type": "application/xml",
        "Date": "Tue, 08 Nov 2022 20:24:07 GMT",
        "Server": [
          "Windows-Azure-Blob/1.0",
          "Microsoft-HTTPAPI/2.0"
        ],
        "x-ms-error-code": "BlobImmutableDueToPolicy",
        "x-ms-request-id": "00000000-0000-0000-0000-000000000000",
        "x-ms-version": "2020-10-02"
      },
      "ResponseBody": [
        "\uFEFF\u003C?xml version=\u00221.0\u0022 encoding=\u0022utf-8\u0022?\u003E\u003CError\u003E\u003CCode\u003EBlobImmutableDueToPolicy\u003C/Code\u003E\u003CMessage\u003EThis operation is not permitted as the blob is immutable due to a policy.\n",
        "RequestId:bec0d43d-701e-0044-2db0-f32830000000\n",
        "Time:2022-11-08T20:24:07.9512968Z\u003C/Message\u003E\u003C/Error\u003E"
      ]
    },
    {
      "RequestUri": "https://fakestorage.blob.core.windows.net/gocappendsetimmutabilitypolicy/gotestblobappendsetimmutabilitypolicy?comp=immutabilityPolicies",
      "RequestMethod": "DELETE",
      "RequestHeaders": {
        "Accept": "application/xml",
        "Accept-Encoding": "gzip",
        "Authorization": "Sanitized",
        "User-Agent": "azsdk-go-azblob/v0.5.2 (go1.19; Windows_NT)",
        "X-Ms-Date": "Tue, 08 Nov 2022 20:24:07 GMT",
        "x-ms-version": "2020-10-02"
      },
      "RequestBody": null,
      "StatusCode": 200,
      "ResponseHeaders": {
        "Content-Length": "0",
        "Date": "Tue, 08 Nov 2022 20:24:07 GMT",
        "Server": [
          "Windows-Azure-Blob/1.0",
          "Microsoft-HTTPAPI/2.0"
        ],
        "x-ms-request-id": "00000000-0000-0000-0000-000000000000",
        "x-ms-version": "2020-10-02"
      },
      "ResponseBody": null
    },
    {
      "RequestUri": "https://fakestorage.blob.core.windows.net/gocappendsetimmutabilitypolicy/gotestblobappendsetimmutabilitypolicy",
      "RequestMethod": "DELETE",
      "RequestHeaders": {
        "Accept": "application/xml",
        "Accept-Encoding": "gzip",
        "Authorization": "Sanitized",
        "User-Agent": "azsdk-go-azblob/v0.5.2 (go1.19; Windows_NT)",
        "X-Ms-Date": "Tue, 08 Nov 2022 20:24:07 GMT",
        "x-ms-version": "2020-10-02"
      },
      "RequestBody": null,
      "StatusCode": 202,
      "ResponseHeaders": {
        "Content-Length": "0",
        "Date": "Tue, 08 Nov 2022 20:24:07 GMT",
        "Server": [
          "Windows-Azure-Blob/1.0",
          "Microsoft-HTTPAPI/2.0"
        ],
        "x-ms-delete-type-permanent": "false",
        "x-ms-request-id": "00000000-0000-0000-0000-000000000000",
        "x-ms-version": "2020-10-02"
      },
      "ResponseBody": null
    }
  ],
  "Variables": {}
}
