{
  "Entries": [
    {
      "RequestUri": "https://fakestorageaccount.blob.core.windows.net/gocblobstartcopydestifnonematchfalse?restype=container",
      "RequestMethod": "PUT",
      "RequestHeaders": {
        "Accept": "application/xml",
        "Accept-Encoding": "gzip",
        "Authorization": "Sanitized",
        "Content-Length": "0",
        "User-Agent": "azsdk-go-azblob/v0.3.1 azsdk-go-azcore/v0.21.1 (go1.17; Windows_NT)",
        "x-ms-date": "Thu, 17 Feb 2022 15:49:45 GMT",
        "x-ms-version": "2019-12-12"
      },
      "RequestBody": null,
      "StatusCode": 201,
      "ResponseHeaders": {
        "Content-Length": "0",
        "Date": "Thu, 17 Feb 2022 15:49:45 GMT",
        "ETag": "\u00220x8D9F22D1F55091B\u0022",
        "Last-Modified": "Thu, 17 Feb 2022 15:49:46 GMT",
        "Server": [
          "Windows-Azure-Blob/1.0",
          "Microsoft-HTTPAPI/2.0"
        ],
        "x-ms-request-id": "a143f703-101e-0088-4115-2494d4000000",
        "x-ms-version": "2019-12-12"
      },
      "ResponseBody": null
    },
    {
      "RequestUri": "https://fakestorageaccount.blob.core.windows.net/gocblobstartcopydestifnonematchfalse/gotestblobblobstartcopydestifnonematchfalse",
      "RequestMethod": "PUT",
      "RequestHeaders": {
        "Accept": "application/xml",
        "Accept-Encoding": "gzip",
        "Authorization": "Sanitized",
        "Content-Length": "15",
        "Content-Type": "application/octet-stream",
        "User-Agent": "azsdk-go-azblob/v0.3.1 azsdk-go-azcore/v0.21.1 (go1.17; Windows_NT)",
        "x-ms-blob-type": "BlockBlob",
        "x-ms-date": "Thu, 17 Feb 2022 15:49:45 GMT",
        "x-ms-version": "2019-12-12"
      },
      "RequestBody": "R29CbG9ja0Jsb2JEYXRh",
      "StatusCode": 201,
      "ResponseHeaders": {
        "Content-Length": "0",
        "Content-MD5": "ebncwguMQu9sgPmr0GazhA==",
        "Date": "Thu, 17 Feb 2022 15:49:45 GMT",
        "ETag": "\u00220x8D9F22D1F64CD4A\u0022",
        "Last-Modified": "Thu, 17 Feb 2022 15:49:46 GMT",
        "Server": [
          "Windows-Azure-Blob/1.0",
          "Microsoft-HTTPAPI/2.0"
        ],
        "x-ms-content-crc64": "\u002BJGsS7CR5kg=",
        "x-ms-request-id": "a143f733-101e-0088-6d15-2494d4000000",
        "x-ms-request-server-encrypted": "true",
        "x-ms-version": "2019-12-12"
      },
      "ResponseBody": null
    },
    {
      "RequestUri": "https://fakestorageaccount.blob.core.windows.net/gocblobstartcopydestifnonematchfalse/destgotestblobblobstartcopydestifnonematchfalse",
      "RequestMethod": "PUT",
      "RequestHeaders": {
        "Accept": "application/xml",
        "Accept-Encoding": "gzip",
        "Authorization": "Sanitized",
        "Content-Length": "15",
        "Content-Type": "application/octet-stream",
        "User-Agent": "azsdk-go-azblob/v0.3.1 azsdk-go-azcore/v0.21.1 (go1.17; Windows_NT)",
        "x-ms-blob-type": "BlockBlob",
        "x-ms-date": "Thu, 17 Feb 2022 15:49:45 GMT",
        "x-ms-version": "2019-12-12"
      },
      "RequestBody": "R29CbG9ja0Jsb2JEYXRh",
      "StatusCode": 201,
      "ResponseHeaders": {
        "Content-Length": "0",
        "Content-MD5": "ebncwguMQu9sgPmr0GazhA==",
        "Date": "Thu, 17 Feb 2022 15:49:45 GMT",
        "ETag": "\u00220x8D9F22D1F72FBF5\u0022",
        "Last-Modified": "Thu, 17 Feb 2022 15:49:46 GMT",
        "Server": [
          "Windows-Azure-Blob/1.0",
          "Microsoft-HTTPAPI/2.0"
        ],
        "x-ms-content-crc64": "\u002BJGsS7CR5kg=",
        "x-ms-request-id": "a143f768-101e-0088-1e15-2494d4000000",
        "x-ms-request-server-encrypted": "true",
        "x-ms-version": "2019-12-12"
      },
      "ResponseBody": null
    },
    {
      "RequestUri": "https://fakestorageaccount.blob.core.windows.net/gocblobstartcopydestifnonematchfalse/destgotestblobblobstartcopydestifnonematchfalse",
      "RequestMethod": "HEAD",
      "RequestHeaders": {
        "Accept": "application/xml",
        "Authorization": "Sanitized",
        "User-Agent": "azsdk-go-azblob/v0.3.1 azsdk-go-azcore/v0.21.1 (go1.17; Windows_NT)",
        "x-ms-date": "Thu, 17 Feb 2022 15:49:46 GMT",
        "x-ms-version": "2019-12-12"
      },
      "RequestBody": null,
      "StatusCode": 200,
      "ResponseHeaders": {
        "Accept-Ranges": "bytes",
        "Content-Length": "15",
        "Content-MD5": "ebncwguMQu9sgPmr0GazhA==",
        "Content-Type": "application/octet-stream",
        "Date": "Thu, 17 Feb 2022 15:49:45 GMT",
        "ETag": "\u00220x8D9F22D1F72FBF5\u0022",
        "Last-Modified": "Thu, 17 Feb 2022 15:49:46 GMT",
        "Server": [
          "Windows-Azure-Blob/1.0",
          "Microsoft-HTTPAPI/2.0"
        ],
        "x-ms-access-tier": "Hot",
        "x-ms-access-tier-inferred": "true",
        "x-ms-blob-type": "BlockBlob",
        "x-ms-creation-time": "Thu, 17 Feb 2022 15:49:46 GMT",
        "x-ms-lease-state": "available",
        "x-ms-lease-status": "unlocked",
        "x-ms-request-id": "a143f7a0-101e-0088-5115-2494d4000000",
        "x-ms-server-encrypted": "true",
        "x-ms-version": "2019-12-12"
      },
      "ResponseBody": null
    },
    {
      "RequestUri": "https://fakestorageaccount.blob.core.windows.net/gocblobstartcopydestifnonematchfalse/destgotestblobblobstartcopydestifnonematchfalse",
      "RequestMethod": "PUT",
      "RequestHeaders": {
        "Accept": "application/xml",
        "Accept-Encoding": "gzip",
        "Authorization": "Sanitized",
        "Content-Length": "0",
        "If-None-Match": "\u00220x8D9F22D1F72FBF5\u0022",
        "User-Agent": "azsdk-go-azblob/v0.3.1 azsdk-go-azcore/v0.21.1 (go1.17; Windows_NT)",
        "x-ms-copy-source": "https://fakestorageaccount.blob.core.windows.net/gocblobstartcopydestifnonematchfalse/gotestblobblobstartcopydestifnonematchfalse",
        "x-ms-date": "Thu, 17 Feb 2022 15:49:46 GMT",
        "x-ms-version": "2019-12-12"
      },
      "RequestBody": null,
      "StatusCode": 412,
      "ResponseHeaders": {
        "Content-Length": "265",
        "Content-Type": "application/xml",
        "Date": "Thu, 17 Feb 2022 15:49:45 GMT",
        "Server": [
          "Windows-Azure-Blob/1.0",
          "Microsoft-HTTPAPI/2.0"
        ],
        "x-ms-error-code": "TargetConditionNotMet",
        "x-ms-request-id": "a143f7e5-101e-0088-0e15-2494d4000000",
        "x-ms-version": "2019-12-12"
      },
      "ResponseBody": [
        "\uFEFF\u003C?xml version=\u00221.0\u0022 encoding=\u0022utf-8\u0022?\u003E\u003CError\u003E\u003CCode\u003ETargetConditionNotMet\u003C/Code\u003E\u003CMessage\u003EThe target condition specified using HTTP conditional header(s) is not met.\n",
        "RequestId:a143f7e5-101e-0088-0e15-2494d4000000\n",
        "Time:2022-02-17T15:49:46.6780266Z\u003C/Message\u003E\u003C/Error\u003E"
      ]
    },
    {
      "RequestUri": "https://fakestorageaccount.blob.core.windows.net/gocblobstartcopydestifnonematchfalse?restype=container",
      "RequestMethod": "DELETE",
      "RequestHeaders": {
        "Accept": "application/xml",
        "Accept-Encoding": "gzip",
        "Authorization": "Sanitized",
        "User-Agent": "azsdk-go-azblob/v0.3.1 azsdk-go-azcore/v0.21.1 (go1.17; Windows_NT)",
        "x-ms-date": "Thu, 17 Feb 2022 15:49:46 GMT",
        "x-ms-version": "2019-12-12"
      },
      "RequestBody": null,
      "StatusCode": 202,
      "ResponseHeaders": {
        "Content-Length": "0",
        "Date": "Thu, 17 Feb 2022 15:49:45 GMT",
        "Server": [
          "Windows-Azure-Blob/1.0",
          "Microsoft-HTTPAPI/2.0"
        ],
        "x-ms-request-id": "a143f820-101e-0088-3e15-2494d4000000",
        "x-ms-version": "2019-12-12"
      },
      "ResponseBody": null
    }
  ],
  "Variables": {}
}
