{
  "Entries": [
    {
      "RequestUri": "https://fakestorageaccount.blob.core.windows.net/gocblobputblobmetadataempty?restype=container",
      "RequestMethod": "PUT",
      "RequestHeaders": {
        "Accept": "application/xml",
        "Accept-Encoding": "gzip",
        "Authorization": "Sanitized",
        "Content-Length": "0",
        "User-Agent": "azsdk-go-azblob/v0.3.1 azsdk-go-azcore/v0.21.1 (go1.16.7; Windows_NT)",
        "x-ms-date": "Fri, 04 Mar 2022 15:53:36 GMT",
        "x-ms-version": "2019-12-12"
      },
      "RequestBody": null,
      "StatusCode": 201,
      "ResponseHeaders": {
        "Content-Length": "0",
        "Date": "Fri, 04 Mar 2022 15:53:35 GMT",
        "ETag": "\u00220x8D9FDF7249AB165\u0022",
        "Last-Modified": "Fri, 04 Mar 2022 15:53:36 GMT",
        "Server": [
          "Windows-Azure-Blob/1.0",
          "Microsoft-HTTPAPI/2.0"
        ],
        "x-ms-request-id": "7102340f-601e-0063-51e0-2f1283000000",
        "x-ms-version": "2019-12-12"
      },
      "ResponseBody": null
    },
    {
      "RequestUri": "https://fakestorageaccount.blob.core.windows.net/gocblobputblobmetadataempty/gotestblobblobputblobmetadataempty",
      "RequestMethod": "PUT",
      "RequestHeaders": {
        "Accept": "application/xml",
        "Accept-Encoding": "gzip",
        "Authorization": "Sanitized",
        "Content-Length": "15",
        "Content-Type": "application/octet-stream",
        "User-Agent": "azsdk-go-azblob/v0.3.1 azsdk-go-azcore/v0.21.1 (go1.16.7; Windows_NT)",
        "x-ms-blob-type": "BlockBlob",
        "x-ms-date": "Fri, 04 Mar 2022 15:53:36 GMT",
        "x-ms-version": "2019-12-12"
      },
      "RequestBody": "R29CbG9ja0Jsb2JEYXRh",
      "StatusCode": 201,
      "ResponseHeaders": {
        "Content-Length": "0",
        "Content-MD5": "ebncwguMQu9sgPmr0GazhA==",
        "Date": "Fri, 04 Mar 2022 15:53:35 GMT",
        "ETag": "\u00220x8D9FDF724C208C5\u0022",
        "Last-Modified": "Fri, 04 Mar 2022 15:53:36 GMT",
        "Server": [
          "Windows-Azure-Blob/1.0",
          "Microsoft-HTTPAPI/2.0"
        ],
        "x-ms-content-crc64": "\u002BJGsS7CR5kg=",
        "x-ms-request-id": "7102356f-601e-0063-17e0-2f1283000000",
        "x-ms-request-server-encrypted": "true",
        "x-ms-version": "2019-12-12",
        "x-ms-version-id": "2022-03-04T15:53:36.5081285Z"
      },
      "ResponseBody": null
    },
    {
      "RequestUri": "https://fakestorageaccount.blob.core.windows.net/gocblobputblobmetadataempty/gotestblobblobputblobmetadataempty",
      "RequestMethod": "PUT",
      "RequestHeaders": {
        "Accept": "application/xml",
        "Accept-Encoding": "gzip",
        "Authorization": "Sanitized",
        "Content-Length": "0",
        "User-Agent": "azsdk-go-azblob/v0.3.1 azsdk-go-azcore/v0.21.1 (go1.16.7; Windows_NT)",
        "x-ms-blob-type": "BlockBlob",
        "x-ms-date": "Fri, 04 Mar 2022 15:53:37 GMT",
        "x-ms-version": "2019-12-12"
      },
      "RequestBody": null,
      "StatusCode": 201,
      "ResponseHeaders": {
        "Content-Length": "0",
        "Content-MD5": "1B2M2Y8AsgTpgAmY7PhCfg==",
        "Date": "Fri, 04 Mar 2022 15:53:35 GMT",
        "ETag": "\u00220x8D9FDF724E8EBFF\u0022",
        "Last-Modified": "Fri, 04 Mar 2022 15:53:36 GMT",
        "Server": [
          "Windows-Azure-Blob/1.0",
          "Microsoft-HTTPAPI/2.0"
        ],
        "x-ms-content-crc64": "AAAAAAAAAAA=",
        "x-ms-request-id": "710236dd-601e-0063-6ae0-2f1283000000",
        "x-ms-request-server-encrypted": "true",
        "x-ms-version": "2019-12-12",
        "x-ms-version-id": "2022-03-04T15:53:36.7639823Z"
      },
      "ResponseBody": null
    },
    {
      "RequestUri": "https://fakestorageaccount.blob.core.windows.net/gocblobputblobmetadataempty/gotestblobblobputblobmetadataempty",
      "RequestMethod": "HEAD",
      "RequestHeaders": {
        "Accept": "application/xml",
        "Authorization": "Sanitized",
        "User-Agent": "azsdk-go-azblob/v0.3.1 azsdk-go-azcore/v0.21.1 (go1.16.7; Windows_NT)",
        "x-ms-date": "Fri, 04 Mar 2022 15:53:37 GMT",
        "x-ms-version": "2019-12-12"
      },
      "RequestBody": null,
      "StatusCode": 200,
      "ResponseHeaders": {
        "Accept-Ranges": "bytes",
        "Content-Length": "0",
        "Content-MD5": "1B2M2Y8AsgTpgAmY7PhCfg==",
        "Content-Type": "application/octet-stream",
        "Date": "Fri, 04 Mar 2022 15:53:36 GMT",
        "ETag": "\u00220x8D9FDF724E8EBFF\u0022",
        "Last-Modified": "Fri, 04 Mar 2022 15:53:36 GMT",
        "Server": [
          "Windows-Azure-Blob/1.0",
          "Microsoft-HTTPAPI/2.0"
        ],
        "x-ms-access-tier": "Hot",
        "x-ms-access-tier-inferred": "true",
        "x-ms-blob-type": "BlockBlob",
        "x-ms-creation-time": "Fri, 04 Mar 2022 15:53:36 GMT",
        "x-ms-is-current-version": "true",
        "x-ms-lease-state": "available",
        "x-ms-lease-status": "unlocked",
        "x-ms-request-id": "7102388c-601e-0063-71e0-2f1283000000",
        "x-ms-server-encrypted": "true",
        "x-ms-version": "2019-12-12",
        "x-ms-version-id": "2022-03-04T15:53:36.7639823Z"
      },
      "ResponseBody": null
    },
    {
      "RequestUri": "https://fakestorageaccount.blob.core.windows.net/gocblobputblobmetadataempty?restype=container",
      "RequestMethod": "DELETE",
      "RequestHeaders": {
        "Accept": "application/xml",
        "Accept-Encoding": "gzip",
        "Authorization": "Sanitized",
        "User-Agent": "azsdk-go-azblob/v0.3.1 azsdk-go-azcore/v0.21.1 (go1.16.7; Windows_NT)",
        "x-ms-date": "Fri, 04 Mar 2022 15:53:37 GMT",
        "x-ms-version": "2019-12-12"
      },
      "RequestBody": null,
      "StatusCode": 202,
      "ResponseHeaders": {
        "Content-Length": "0",
        "Date": "Fri, 04 Mar 2022 15:53:36 GMT",
        "Server": [
          "Windows-Azure-Blob/1.0",
          "Microsoft-HTTPAPI/2.0"
        ],
        "x-ms-request-id": "710239e3-601e-0063-35e0-2f1283000000",
        "x-ms-version": "2019-12-12"
      },
      "ResponseBody": null
    }
  ],
  "Variables": {}
}
