{
  "Entries": [
    {
      "RequestUri": "https://fakestorageaccount.blob.core.windows.net/gocblobclearpagesifunmodifiedsincefalse?restype=container",
      "RequestMethod": "PUT",
      "RequestHeaders": {
        "Accept": "application/xml",
        "Accept-Encoding": "gzip",
        "Authorization": "Sanitized",
        "Content-Length": "0",
        "User-Agent": "azsdk-go-azblob/v0.3.1 azsdk-go-azcore/v0.21.1 (go1.17; Windows_NT)",
        "x-ms-date": "Fri, 25 Feb 2022 22:51:00 GMT",
        "x-ms-version": "2019-12-12"
      },
      "RequestBody": null,
      "StatusCode": 201,
      "ResponseHeaders": {
        "Content-Length": "0",
        "Date": "Fri, 25 Feb 2022 22:51:00 GMT",
        "ETag": "\u00220x8D9F8B14BC2E945\u0022",
        "Last-Modified": "Fri, 25 Feb 2022 22:51:01 GMT",
        "Server": [
          "Windows-Azure-Blob/1.0",
          "Microsoft-HTTPAPI/2.0"
        ],
        "x-ms-request-id": "12097347-701e-001e-359a-2a4143000000",
        "x-ms-version": "2019-12-12"
      },
      "ResponseBody": null
    },
    {
      "RequestUri": "https://fakestorageaccount.blob.core.windows.net/gocblobclearpagesifunmodifiedsincefalse/gotestblobblobclearpagesifunmodifiedsincefalse",
      "RequestMethod": "PUT",
      "RequestHeaders": {
        "Accept": "application/xml",
        "Accept-Encoding": "gzip",
        "Authorization": "Sanitized",
        "Content-Length": "0",
        "User-Agent": "azsdk-go-azblob/v0.3.1 azsdk-go-azcore/v0.21.1 (go1.17; Windows_NT)",
        "x-ms-blob-content-length": "5120",
        "x-ms-blob-type": "PageBlob",
        "x-ms-date": "Fri, 25 Feb 2022 22:51:00 GMT",
        "x-ms-version": "2019-12-12"
      },
      "RequestBody": null,
      "StatusCode": 201,
      "ResponseHeaders": {
        "Content-Length": "0",
        "Date": "Fri, 25 Feb 2022 22:51:00 GMT",
        "ETag": "\u00220x8D9F8B14BDBD2C4\u0022",
        "Last-Modified": "Fri, 25 Feb 2022 22:51:01 GMT",
        "Server": [
          "Windows-Azure-Blob/1.0",
          "Microsoft-HTTPAPI/2.0"
        ],
        "x-ms-request-id": "120973bb-701e-001e-229a-2a4143000000",
        "x-ms-request-server-encrypted": "true",
        "x-ms-version": "2019-12-12"
      },
      "ResponseBody": null
    },
    {
      "RequestUri": "https://fakestorageaccount.blob.core.windows.net/gocblobclearpagesifunmodifiedsincefalse/gotestblobblobclearpagesifunmodifiedsincefalse?comp=page",
      "RequestMethod": "PUT",
      "RequestHeaders": {
        "Accept": "application/xml",
        "Accept-Encoding": "gzip",
        "Authorization": "Sanitized",
        "Content-Length": "512",
        "Content-Type": "application/octet-stream",
        "User-Agent": "azsdk-go-azblob/v0.3.1 azsdk-go-azcore/v0.21.1 (go1.17; Windows_NT)",
        "x-ms-date": "Fri, 25 Feb 2022 22:51:01 GMT",
        "x-ms-page-write": "update",
        "x-ms-range": "bytes=0-511",
        "x-ms-version": "2019-12-12"
      },
      "RequestBody": "MlNEZ1pqNlJrS1l6SnB1MDRzd2VRZWs0dVdITzhuZFBuWWxaMHRuRlM2MWhqbkZaNUlrdklHR1k0NGVLQUJvdjJTRGdaajZSa0tZekpwdTA0c3dlUWVrNHVXSE84bmRQbllsWjB0bkZTNjFoam5GWjVJa3ZJR0dZNDRlS0FCb3YyU0RnWmo2UmtLWXpKcHUwNHN3ZVFlazR1V0hPOG5kUG5ZbFowdG5GUzYxaGpuRlo1SWt2SUdHWTQ0ZUtBQm92MlNEZ1pqNlJrS1l6SnB1MDRzd2VRZWs0dVdITzhuZFBuWWxaMHRuRlM2MWhqbkZaNUlrdklHR1k0NGVLQUJvdjJTRGdaajZSa0tZekpwdTA0c3dlUWVrNHVXSE84bmRQbllsWjB0bkZTNjFoam5GWjVJa3ZJR0dZNDRlS0FCb3YyU0RnWmo2UmtLWXpKcHUwNHN3ZVFlazR1V0hPOG5kUG5ZbFowdG5GUzYxaGpuRlo1SWt2SUdHWTQ0ZUtBQm92MlNEZ1pqNlJrS1l6SnB1MDRzd2VRZWs0dVdITzhuZFBuWWxaMHRuRlM2MWhqbkZaNUlrdklHR1k0NGVLQUJvdjJTRGdaajZSa0tZekpwdTA0c3dlUWVrNHVXSE84bmRQbllsWjB0bkZTNjFoam5GWjVJa3ZJR0dZNDRlS0FCb3Y=",
      "StatusCode": 201,
      "ResponseHeaders": {
        "Content-Length": "0",
        "Date": "Fri, 25 Feb 2022 22:51:01 GMT",
        "ETag": "\u00220x8D9F8B14BEB12C1\u0022",
        "Last-Modified": "Fri, 25 Feb 2022 22:51:01 GMT",
        "Server": [
          "Windows-Azure-Blob/1.0",
          "Microsoft-HTTPAPI/2.0"
        ],
        "x-ms-blob-sequence-number": "0",
        "x-ms-content-crc64": "qaHtT3LwL1s=",
        "x-ms-request-id": "120973fe-701e-001e-649a-2a4143000000",
        "x-ms-request-server-encrypted": "true",
        "x-ms-version": "2019-12-12"
      },
      "ResponseBody": null
    },
    {
      "RequestUri": "https://fakestorageaccount.blob.core.windows.net/gocblobclearpagesifunmodifiedsincefalse/gotestblobblobclearpagesifunmodifiedsincefalse",
      "RequestMethod": "HEAD",
      "RequestHeaders": {
        "Accept": "application/xml",
        "Authorization": "Sanitized",
        "User-Agent": "azsdk-go-azblob/v0.3.1 azsdk-go-azcore/v0.21.1 (go1.17; Windows_NT)",
        "x-ms-date": "Fri, 25 Feb 2022 22:51:01 GMT",
        "x-ms-version": "2019-12-12"
      },
      "RequestBody": null,
      "StatusCode": 200,
      "ResponseHeaders": {
        "Accept-Ranges": "bytes",
        "Content-Length": "5120",
        "Content-Type": "application/octet-stream",
        "Date": "Fri, 25 Feb 2022 22:51:01 GMT",
        "ETag": "\u00220x8D9F8B14BEB12C1\u0022",
        "Last-Modified": "Fri, 25 Feb 2022 22:51:01 GMT",
        "Server": [
          "Windows-Azure-Blob/1.0",
          "Microsoft-HTTPAPI/2.0"
        ],
        "x-ms-blob-sequence-number": "0",
        "x-ms-blob-type": "PageBlob",
        "x-ms-creation-time": "Fri, 25 Feb 2022 22:51:01 GMT",
        "x-ms-lease-state": "available",
        "x-ms-lease-status": "unlocked",
        "x-ms-request-id": "12097449-701e-001e-269a-2a4143000000",
        "x-ms-server-encrypted": "true",
        "x-ms-version": "2019-12-12"
      },
      "ResponseBody": null
    },
    {
      "RequestUri": "https://fakestorageaccount.blob.core.windows.net/gocblobclearpagesifunmodifiedsincefalse/gotestblobblobclearpagesifunmodifiedsincefalse?comp=page",
      "RequestMethod": "PUT",
      "RequestHeaders": {
        "Accept": "application/xml",
        "Accept-Encoding": "gzip",
        "Authorization": "Sanitized",
        "Content-Length": "0",
        "If-Unmodified-Since": "Fri, 25 Feb 2022 22:50:51 GMT",
        "User-Agent": "azsdk-go-azblob/v0.3.1 azsdk-go-azcore/v0.21.1 (go1.17; Windows_NT)",
        "x-ms-date": "Fri, 25 Feb 2022 22:51:01 GMT",
        "x-ms-page-write": "clear",
        "x-ms-range": "bytes=0-511",
        "x-ms-version": "2019-12-12"
      },
      "RequestBody": null,
      "StatusCode": 412,
      "ResponseHeaders": {
        "Content-Length": "252",
        "Content-Type": "application/xml",
        "Date": "Fri, 25 Feb 2022 22:51:01 GMT",
        "Server": [
          "Windows-Azure-Blob/1.0",
          "Microsoft-HTTPAPI/2.0"
        ],
        "x-ms-error-code": "ConditionNotMet",
        "x-ms-request-id": "1209749e-701e-001e-799a-2a4143000000",
        "x-ms-version": "2019-12-12"
      },
      "ResponseBody": [
        "\uFEFF\u003C?xml version=\u00221.0\u0022 encoding=\u0022utf-8\u0022?\u003E\u003CError\u003E\u003CCode\u003EConditionNotMet\u003C/Code\u003E\u003CMessage\u003EThe condition specified using HTTP conditional header(s) is not met.\n",
        "RequestId:1209749e-701e-001e-799a-2a4143000000\n",
        "Time:2022-02-25T22:51:01.8197963Z\u003C/Message\u003E\u003C/Error\u003E"
      ]
    },
    {
      "RequestUri": "https://fakestorageaccount.blob.core.windows.net/gocblobclearpagesifunmodifiedsincefalse?restype=container",
      "RequestMethod": "DELETE",
      "RequestHeaders": {
        "Accept": "application/xml",
        "Accept-Encoding": "gzip",
        "Authorization": "Sanitized",
        "User-Agent": "azsdk-go-azblob/v0.3.1 azsdk-go-azcore/v0.21.1 (go1.17; Windows_NT)",
        "x-ms-date": "Fri, 25 Feb 2022 22:51:01 GMT",
        "x-ms-version": "2019-12-12"
      },
      "RequestBody": null,
      "StatusCode": 202,
      "ResponseHeaders": {
        "Content-Length": "0",
        "Date": "Fri, 25 Feb 2022 22:51:03 GMT",
        "Server": [
          "Windows-Azure-Blob/1.0",
          "Microsoft-HTTPAPI/2.0"
        ],
        "x-ms-request-id": "120974e4-701e-001e-3c9a-2a4143000000",
        "x-ms-version": "2019-12-12"
      },
      "ResponseBody": null
    }
  ],
  "Variables": {}
}
