{
  "Entries": [
    {
      "RequestUri": "https://fakestorageaccount.blob.core.windows.net/gocputblockandputblocklistwithcpkbyscope?restype=container",
      "RequestMethod": "PUT",
      "RequestHeaders": {
        "Accept": "application/xml",
        "Accept-Encoding": "gzip",
        "Authorization": "Sanitized",
        "Content-Length": "0",
        "User-Agent": "azsdk-go-azblob/v0.3.1 azsdk-go-azcore/v0.21.1 (go1.17; Windows_NT)",
        "x-ms-date": "Fri, 25 Feb 2022 19:19:29 GMT",
        "x-ms-version": "2019-12-12"
      },
      "RequestBody": null,
      "StatusCode": 201,
      "ResponseHeaders": {
        "Content-Length": "0",
        "Date": "Fri, 25 Feb 2022 19:19:29 GMT",
        "ETag": "\u00220x8D9F893BF6D8AE1\u0022",
        "Last-Modified": "Fri, 25 Feb 2022 19:19:30 GMT",
        "Server": [
          "Windows-Azure-Blob/1.0",
          "Microsoft-HTTPAPI/2.0"
        ],
        "x-ms-request-id": "eccc329b-b01e-002e-357c-2aff8c000000",
        "x-ms-version": "2019-12-12"
      },
      "ResponseBody": null
    },
    {
      "RequestUri": "https://fakestorageaccount.blob.core.windows.net/gocputblockandputblocklistwithcpkbyscope/gotestblobputblockandputblocklistwithcpkbyscope?blockid=AAAAAA%3D%3D\u0026comp=block",
      "RequestMethod": "PUT",
      "RequestHeaders": {
        "Accept": "application/xml",
        "Accept-Encoding": "gzip",
        "Authorization": "Sanitized",
        "Content-Length": "4",
        "Content-Type": "application/octet-stream",
        "User-Agent": "azsdk-go-azblob/v0.3.1 azsdk-go-azcore/v0.21.1 (go1.17; Windows_NT)",
        "x-ms-date": "Fri, 25 Feb 2022 19:19:30 GMT",
        "x-ms-encryption-scope": "blobgokeytestscope",
        "x-ms-version": "2019-12-12"
      },
      "RequestBody": "QUFBIA==",
      "StatusCode": 409,
      "ResponseHeaders": {
        "Content-Length": "240",
        "Content-Type": "application/xml",
        "Date": "Fri, 25 Feb 2022 19:19:29 GMT",
        "Server": [
          "Windows-Azure-Blob/1.0",
          "Microsoft-HTTPAPI/2.0"
        ],
        "x-ms-error-code": "EncryptionScopeNotAvailable",
        "x-ms-request-id": "eccc333f-b01e-002e-457c-2aff8c000000",
        "x-ms-version": "2019-12-12"
      },
      "ResponseBody": [
        "\uFEFF\u003C?xml version=\u00221.0\u0022 encoding=\u0022utf-8\u0022?\u003E\u003CError\u003E\u003CCode\u003EEncryptionScopeNotAvailable\u003C/Code\u003E\u003CMessage\u003EThe given encryption scope is not available.\n",
        "RequestId:eccc333f-b01e-002e-457c-2aff8c000000\n",
        "Time:2022-02-25T19:19:30.6553231Z\u003C/Message\u003E\u003C/Error\u003E"
      ]
    },
    {
      "RequestUri": "https://fakestorageaccount.blob.core.windows.net/gocputblockandputblocklistwithcpkbyscope?restype=container",
      "RequestMethod": "DELETE",
      "RequestHeaders": {
        "Accept": "application/xml",
        "Accept-Encoding": "gzip",
        "Authorization": "Sanitized",
        "User-Agent": "azsdk-go-azblob/v0.3.1 azsdk-go-azcore/v0.21.1 (go1.17; Windows_NT)",
        "x-ms-date": "Fri, 25 Feb 2022 19:19:30 GMT",
        "x-ms-version": "2019-12-12"
      },
      "RequestBody": null,
      "StatusCode": 202,
      "ResponseHeaders": {
        "Content-Length": "0",
        "Date": "Fri, 25 Feb 2022 19:19:31 GMT",
        "Server": [
          "Windows-Azure-Blob/1.0",
          "Microsoft-HTTPAPI/2.0"
        ],
        "x-ms-request-id": "eccc3389-b01e-002e-0c7c-2aff8c000000",
        "x-ms-version": "2019-12-12"
      },
      "ResponseBody": null
    }
  ],
  "Variables": {}
}
