{
  "Entries": [
    {
      "RequestUri": "https://fakestorageaccount.blob.core.windows.net/gocsetaccesspolicy?restype=container",
      "RequestMethod": "PUT",
      "RequestHeaders": {
        "Accept": "application/xml",
        "Accept-Encoding": "gzip",
        "Authorization": "Sanitized",
        "Content-Length": "0",
        "User-Agent": "azsdk-go-azblob/v0.3.1 azsdk-go-azcore/v0.21.1 (go1.17; Windows_NT)",
        "x-ms-date": "Thu, 17 Feb 2022 15:48:27 GMT",
        "x-ms-version": "2019-12-12"
      },
      "RequestBody": null,
      "StatusCode": 201,
      "ResponseHeaders": {
        "Content-Length": "0",
        "Date": "Thu, 17 Feb 2022 15:48:27 GMT",
        "ETag": "\u00220x8D9F22CF0DFC9A9\u0022",
        "Last-Modified": "Thu, 17 Feb 2022 15:48:28 GMT",
        "Server": [
          "Windows-Azure-Blob/1.0",
          "Microsoft-HTTPAPI/2.0"
        ],
        "x-ms-request-id": "a1430966-101e-0088-3315-2494d4000000",
        "x-ms-version": "2019-12-12"
      },
      "ResponseBody": null
    },
    {
      "RequestUri": "https://fakestorageaccount.blob.core.windows.net/gocsetaccesspolicy?comp=acl\u0026restype=container",
      "RequestMethod": "PUT",
      "RequestHeaders": {
        "Accept": "application/xml",
        "Accept-Encoding": "gzip",
        "Authorization": "Sanitized",
        "Content-Length": "213",
        "Content-Type": "application/xml",
        "User-Agent": "azsdk-go-azblob/v0.3.1 azsdk-go-azcore/v0.21.1 (go1.17; Windows_NT)",
        "x-ms-date": "Thu, 17 Feb 2022 15:48:27 GMT",
        "x-ms-version": "2019-12-12"
      },
      "RequestBody": "\u003CSignedIdentifiers\u003E\u003CSignedIdentifier\u003E\u003CAccessPolicy\u003E\u003CPermission\u003Er\u003C/Permission\u003E\u003CExpiry\u003E2024-01-01T00:00:00Z\u003C/Expiry\u003E\u003CStart\u003E2020-01-01T00:00:00Z\u003C/Start\u003E\u003C/AccessPolicy\u003E\u003CId\u003E1\u003C/Id\u003E\u003C/SignedIdentifier\u003E\u003C/SignedIdentifiers\u003E",
      "StatusCode": 200,
      "ResponseHeaders": {
        "Content-Length": "0",
        "Date": "Thu, 17 Feb 2022 15:48:27 GMT",
        "ETag": "\u00220x8D9F22CF0EEA367\u0022",
        "Last-Modified": "Thu, 17 Feb 2022 15:48:28 GMT",
        "Server": [
          "Windows-Azure-Blob/1.0",
          "Microsoft-HTTPAPI/2.0"
        ],
        "x-ms-request-id": "a14309a8-101e-0088-6c15-2494d4000000",
        "x-ms-version": "2019-12-12"
      },
      "ResponseBody": null
    },
    {
      "RequestUri": "https://fakestorageaccount.blob.core.windows.net/gocsetaccesspolicy?restype=container",
      "RequestMethod": "DELETE",
      "RequestHeaders": {
        "Accept": "application/xml",
        "Accept-Encoding": "gzip",
        "Authorization": "Sanitized",
        "User-Agent": "azsdk-go-azblob/v0.3.1 azsdk-go-azcore/v0.21.1 (go1.17; Windows_NT)",
        "x-ms-date": "Thu, 17 Feb 2022 15:48:27 GMT",
        "x-ms-version": "2019-12-12"
      },
      "RequestBody": null,
      "StatusCode": 202,
      "ResponseHeaders": {
        "Content-Length": "0",
        "Date": "Thu, 17 Feb 2022 15:48:27 GMT",
        "Server": [
          "Windows-Azure-Blob/1.0",
          "Microsoft-HTTPAPI/2.0"
        ],
        "x-ms-request-id": "a14309e2-101e-0088-1f15-2494d4000000",
        "x-ms-version": "2019-12-12"
      },
      "ResponseBody": null
    }
  ],
  "Variables": {}
}
