{
  "Entries": [
    {
      "RequestUri": "https://fakeaccount.blob.core.windows.net/gocblobputblocklisthttpheadersempty?restype=container",
      "RequestMethod": "PUT",
      "RequestHeaders": {
        ":authority": "localhost:5001",
        ":method": "PUT",
        ":path": "/gocblobputblocklisthttpheadersempty?restype=container",
        ":scheme": "https",
        "Accept": "application/xml",
        "Accept-Encoding": "gzip",
        "Authorization": "Sanitized",
        "Content-Length": "0",
        "User-Agent": "azsdk-go-azblob/v0.2.1 azsdk-go-azcore/v0.20.0 (go1.17; Windows_NT)",
        "x-ms-date": "Wed, 15 Dec 2021 16:42:39 GMT",
        "x-ms-version": "2019-12-12"
      },
      "RequestBody": null,
      "StatusCode": 201,
      "ResponseHeaders": {
        "Content-Length": "0",
        "Date": "Wed, 15 Dec 2021 16:42:38 GMT",
        "ETag": "\u00220x8D9BFE9E82C2ADD\u0022",
        "Last-Modified": "Wed, 15 Dec 2021 16:42:39 GMT",
        "Server": [
          "Windows-Azure-Blob/1.0",
          "Microsoft-HTTPAPI/2.0"
        ],
        "x-ms-request-id": "7046fffe-301e-0019-57d2-f1f166000000",
        "x-ms-version": "2019-12-12"
      },
      "ResponseBody": null
    },
    {
      "RequestUri": "https://fakeaccount.blob.core.windows.net/gocblobputblocklisthttpheadersempty/gotestblobblobputblocklisthttpheadersempty?blockid=AAAAAA%3D%3D\u0026comp=block",
      "RequestMethod": "PUT",
      "RequestHeaders": {
        ":authority": "localhost:5001",
        ":method": "PUT",
        ":path": "/gocblobputblocklisthttpheadersempty/gotestblobblobputblocklisthttpheadersempty?blockid=AAAAAA%3D%3D\u0026comp=block",
        ":scheme": "https",
        "Accept": "application/xml",
        "Accept-Encoding": "gzip",
        "Authorization": "Sanitized",
        "Content-Length": "15",
        "Content-Type": "application/octet-stream",
        "User-Agent": "azsdk-go-azblob/v0.2.1 azsdk-go-azcore/v0.20.0 (go1.17; Windows_NT)",
        "x-ms-date": "Wed, 15 Dec 2021 16:42:40 GMT",
        "x-ms-version": "2019-12-12"
      },
      "RequestBody": "R29CbG9ja0Jsb2JEYXRh",
      "StatusCode": 201,
      "ResponseHeaders": {
        "Content-Length": "0",
        "Date": "Wed, 15 Dec 2021 16:42:38 GMT",
        "Server": [
          "Windows-Azure-Blob/1.0",
          "Microsoft-HTTPAPI/2.0"
        ],
        "x-ms-content-crc64": "\u002BJGsS7CR5kg=",
        "x-ms-request-id": "704700d5-301e-0019-64d2-f1f166000000",
        "x-ms-request-server-encrypted": "true",
        "x-ms-version": "2019-12-12"
      },
      "ResponseBody": null
    },
    {
      "RequestUri": "https://fakeaccount.blob.core.windows.net/gocblobputblocklisthttpheadersempty/gotestblobblobputblocklisthttpheadersempty?comp=blocklist",
      "RequestMethod": "PUT",
      "RequestHeaders": {
        ":authority": "localhost:5001",
        ":method": "PUT",
        ":path": "/gocblobputblocklisthttpheadersempty/gotestblobblobputblocklisthttpheadersempty?comp=blocklist",
        ":scheme": "https",
        "Accept": "application/xml",
        "Accept-Encoding": "gzip",
        "Authorization": "Sanitized",
        "Content-Length": "48",
        "Content-Type": "application/xml",
        "User-Agent": "azsdk-go-azblob/v0.2.1 azsdk-go-azcore/v0.20.0 (go1.17; Windows_NT)",
        "x-ms-blob-content-disposition": "my_disposition",
        "x-ms-date": "Wed, 15 Dec 2021 16:42:40 GMT",
        "x-ms-version": "2019-12-12"
      },
      "RequestBody": "\u003CBlockList\u003E\u003CLatest\u003EAAAAAA==\u003C/Latest\u003E\u003C/BlockList\u003E",
      "StatusCode": 201,
      "ResponseHeaders": {
        "Content-Length": "0",
        "Date": "Wed, 15 Dec 2021 16:42:38 GMT",
        "ETag": "\u00220x8D9BFE9E84FD5E3\u0022",
        "Last-Modified": "Wed, 15 Dec 2021 16:42:39 GMT",
        "Server": [
          "Windows-Azure-Blob/1.0",
          "Microsoft-HTTPAPI/2.0"
        ],
        "x-ms-content-crc64": "Jl2XwpS4W0o=",
        "x-ms-request-id": "70470196-301e-0019-65d2-f1f166000000",
        "x-ms-request-server-encrypted": "true",
        "x-ms-version": "2019-12-12"
      },
      "ResponseBody": null
    },
    {
      "RequestUri": "https://fakeaccount.blob.core.windows.net/gocblobputblocklisthttpheadersempty/gotestblobblobputblocklisthttpheadersempty?comp=blocklist",
      "RequestMethod": "PUT",
      "RequestHeaders": {
        ":authority": "localhost:5001",
        ":method": "PUT",
        ":path": "/gocblobputblocklisthttpheadersempty/gotestblobblobputblocklisthttpheadersempty?comp=blocklist",
        ":scheme": "https",
        "Accept": "application/xml",
        "Accept-Encoding": "gzip",
        "Authorization": "Sanitized",
        "Content-Length": "48",
        "Content-Type": "application/xml",
        "User-Agent": "azsdk-go-azblob/v0.2.1 azsdk-go-azcore/v0.20.0 (go1.17; Windows_NT)",
        "x-ms-date": "Wed, 15 Dec 2021 16:42:40 GMT",
        "x-ms-version": "2019-12-12"
      },
      "RequestBody": "\u003CBlockList\u003E\u003CLatest\u003EAAAAAA==\u003C/Latest\u003E\u003C/BlockList\u003E",
      "StatusCode": 201,
      "ResponseHeaders": {
        "Content-Length": "0",
        "Date": "Wed, 15 Dec 2021 16:42:38 GMT",
        "ETag": "\u00220x8D9BFE9E85EA0D0\u0022",
        "Last-Modified": "Wed, 15 Dec 2021 16:42:39 GMT",
        "Server": [
          "Windows-Azure-Blob/1.0",
          "Microsoft-HTTPAPI/2.0"
        ],
        "x-ms-content-crc64": "Jl2XwpS4W0o=",
        "x-ms-request-id": "70470216-301e-0019-38d2-f1f166000000",
        "x-ms-request-server-encrypted": "true",
        "x-ms-version": "2019-12-12"
      },
      "ResponseBody": null
    },
    {
      "RequestUri": "https://fakeaccount.blob.core.windows.net/gocblobputblocklisthttpheadersempty?restype=container",
      "RequestMethod": "DELETE",
      "RequestHeaders": {
        ":authority": "localhost:5001",
        ":method": "DELETE",
        ":path": "/gocblobputblocklisthttpheadersempty?restype=container",
        ":scheme": "https",
        "Accept": "application/xml",
        "Accept-Encoding": "gzip",
        "Authorization": "Sanitized",
        "User-Agent": "azsdk-go-azblob/v0.2.1 azsdk-go-azcore/v0.20.0 (go1.17; Windows_NT)",
        "x-ms-date": "Wed, 15 Dec 2021 16:43:32 GMT",
        "x-ms-version": "2019-12-12"
      },
      "RequestBody": null,
      "StatusCode": 202,
      "ResponseHeaders": {
        "Content-Length": "0",
        "Date": "Wed, 15 Dec 2021 16:43:30 GMT",
        "Server": [
          "Windows-Azure-Blob/1.0",
          "Microsoft-HTTPAPI/2.0"
        ],
        "x-ms-request-id": "7047ebd8-301e-0019-45d2-f1f166000000",
        "x-ms-version": "2019-12-12"
      },
      "ResponseBody": null
    }
  ],
  "Variables": {}
}
