{
  "Entries": [
    {
      "RequestUri": "https://fakeaccount.blob.core.windows.net/gocblobdownloaddataoffsetoutofrange?restype=container",
      "RequestMethod": "PUT",
      "RequestHeaders": {
        ":authority": "localhost:5001",
        ":method": "PUT",
        ":path": "/gocblobdownloaddataoffsetoutofrange?restype=container",
        ":scheme": "https",
        "Accept": "application/xml",
        "Accept-Encoding": "gzip",
        "Authorization": "Sanitized",
        "Content-Length": "0",
        "User-Agent": "azsdk-go-azblob/v0.2.1 azsdk-go-azcore/v0.20.0 (go1.17; Windows_NT)",
        "x-ms-date": "Tue, 14 Dec 2021 22:03:01 GMT",
        "x-ms-version": "2019-12-12"
      },
      "RequestBody": null,
      "StatusCode": 201,
      "ResponseHeaders": {
        "Content-Length": "0",
        "Date": "Tue, 14 Dec 2021 22:02:52 GMT",
        "ETag": "\u00220x8D9BF4D7A260C9A\u0022",
        "Last-Modified": "Tue, 14 Dec 2021 22:02:53 GMT",
        "Server": [
          "Windows-Azure-Blob/1.0",
          "Microsoft-HTTPAPI/2.0"
        ],
        "x-ms-request-id": "0e429dd7-d01e-0097-3f36-f127d0000000",
        "x-ms-version": "2019-12-12"
      },
      "ResponseBody": null
    },
    {
      "RequestUri": "https://fakeaccount.blob.core.windows.net/gocblobdownloaddataoffsetoutofrange/gotestblobblobdownloaddataoffsetoutofrange",
      "RequestMethod": "PUT",
      "RequestHeaders": {
        ":authority": "localhost:5001",
        ":method": "PUT",
        ":path": "/gocblobdownloaddataoffsetoutofrange/gotestblobblobdownloaddataoffsetoutofrange",
        ":scheme": "https",
        "Accept": "application/xml",
        "Accept-Encoding": "gzip",
        "Authorization": "Sanitized",
        "Content-Length": "15",
        "Content-Type": "application/octet-stream",
        "User-Agent": "azsdk-go-azblob/v0.2.1 azsdk-go-azcore/v0.20.0 (go1.17; Windows_NT)",
        "x-ms-blob-type": "BlockBlob",
        "x-ms-date": "Tue, 14 Dec 2021 22:03:01 GMT",
        "x-ms-version": "2019-12-12"
      },
      "RequestBody": "R29CbG9ja0Jsb2JEYXRh",
      "StatusCode": 201,
      "ResponseHeaders": {
        "Content-Length": "0",
        "Content-MD5": "ebncwguMQu9sgPmr0GazhA==",
        "Date": "Tue, 14 Dec 2021 22:02:52 GMT",
        "ETag": "\u00220x8D9BF4D7A34B7BB\u0022",
        "Last-Modified": "Tue, 14 Dec 2021 22:02:53 GMT",
        "Server": [
          "Windows-Azure-Blob/1.0",
          "Microsoft-HTTPAPI/2.0"
        ],
        "x-ms-content-crc64": "\u002BJGsS7CR5kg=",
        "x-ms-request-id": "0e429e3e-d01e-0097-1b36-f127d0000000",
        "x-ms-request-server-encrypted": "true",
        "x-ms-version": "2019-12-12"
      },
      "ResponseBody": null
    },
    {
      "RequestUri": "https://fakeaccount.blob.core.windows.net/gocblobdownloaddataoffsetoutofrange/gotestblobblobdownloaddataoffsetoutofrange",
      "RequestMethod": "GET",
      "RequestHeaders": {
        ":authority": "localhost:5001",
        ":method": "GET",
        ":path": "/gocblobdownloaddataoffsetoutofrange/gotestblobblobdownloaddataoffsetoutofrange",
        ":scheme": "https",
        "Accept": "application/xml",
        "Accept-Encoding": "gzip",
        "Authorization": "Sanitized",
        "User-Agent": "azsdk-go-azblob/v0.2.1 azsdk-go-azcore/v0.20.0 (go1.17; Windows_NT)",
        "x-ms-date": "Tue, 14 Dec 2021 22:03:01 GMT",
        "x-ms-range": "bytes=15-",
        "x-ms-version": "2019-12-12"
      },
      "RequestBody": null,
      "StatusCode": 416,
      "ResponseHeaders": {
        "Content-Length": "249",
        "Content-Range": "bytes */15",
        "Content-Type": "application/xml",
        "Date": "Tue, 14 Dec 2021 22:02:52 GMT",
        "Server": [
          "Windows-Azure-Blob/1.0",
          "Microsoft-HTTPAPI/2.0"
        ],
        "x-ms-error-code": "InvalidRange",
        "x-ms-request-id": "0e429eac-d01e-0097-8036-f127d0000000",
        "x-ms-version": "2019-12-12"
      },
      "ResponseBody": [
        "\uFEFF\u003C?xml version=\u00221.0\u0022 encoding=\u0022utf-8\u0022?\u003E\u003CError\u003E\u003CCode\u003EInvalidRange\u003C/Code\u003E\u003CMessage\u003EThe range specified is invalid for the current size of the resource.\n",
        "RequestId:0e429eac-d01e-0097-8036-f127d0000000\n",
        "Time:2021-12-14T22:02:53.4265676Z\u003C/Message\u003E\u003C/Error\u003E"
      ]
    },
    {
      "RequestUri": "https://fakeaccount.blob.core.windows.net/gocblobdownloaddataoffsetoutofrange?restype=container",
      "RequestMethod": "DELETE",
      "RequestHeaders": {
        ":authority": "localhost:5001",
        ":method": "DELETE",
        ":path": "/gocblobdownloaddataoffsetoutofrange?restype=container",
        ":scheme": "https",
        "Accept": "application/xml",
        "Accept-Encoding": "gzip",
        "Authorization": "Sanitized",
        "User-Agent": "azsdk-go-azblob/v0.2.1 azsdk-go-azcore/v0.20.0 (go1.17; Windows_NT)",
        "x-ms-date": "Tue, 14 Dec 2021 22:03:01 GMT",
        "x-ms-version": "2019-12-12"
      },
      "RequestBody": null,
      "StatusCode": 202,
      "ResponseHeaders": {
        "Content-Length": "0",
        "Date": "Tue, 14 Dec 2021 22:02:52 GMT",
        "Server": [
          "Windows-Azure-Blob/1.0",
          "Microsoft-HTTPAPI/2.0"
        ],
        "x-ms-request-id": "0e429f27-d01e-0097-6d36-f127d0000000",
        "x-ms-version": "2019-12-12"
      },
      "ResponseBody": null
    }
  ],
  "Variables": {}
}
