{
  "Entries": [
    {
      "RequestUri": "https://fakeaccount.blob.core.windows.net/gocblobresizeifmodifiedsincetrue?restype=container",
      "RequestMethod": "PUT",
      "RequestHeaders": {
        ":authority": "localhost:5001",
        ":method": "PUT",
        ":path": "/gocblobresizeifmodifiedsincetrue?restype=container",
        ":scheme": "https",
        "Accept": "application/xml",
        "Accept-Encoding": "gzip",
        "Authorization": "Sanitized",
        "Content-Length": "0",
        "User-Agent": "azsdk-go-azblob/v0.2.1 azsdk-go-azcore/v0.20.0 (go1.17; Windows_NT)",
        "x-ms-date": "Fri, 17 Dec 2021 16:49:44 GMT",
        "x-ms-version": "2019-12-12"
      },
      "RequestBody": null,
      "StatusCode": 201,
      "ResponseHeaders": {
        "Content-Length": "0",
        "Date": "Fri, 17 Dec 2021 16:49:43 GMT",
        "ETag": "\u00220x8D9C17D3A028D5F\u0022",
        "Last-Modified": "Fri, 17 Dec 2021 16:49:43 GMT",
        "Server": [
          "Windows-Azure-Blob/1.0",
          "Microsoft-HTTPAPI/2.0"
        ],
        "x-ms-request-id": "0292aaed-101e-0080-7366-f37a10000000",
        "x-ms-version": "2019-12-12"
      },
      "ResponseBody": null
    },
    {
      "RequestUri": "https://fakeaccount.blob.core.windows.net/gocblobresizeifmodifiedsincetrue/gotestblobblobresizeifmodifiedsincetrue",
      "RequestMethod": "PUT",
      "RequestHeaders": {
        ":authority": "localhost:5001",
        ":method": "PUT",
        ":path": "/gocblobresizeifmodifiedsincetrue/gotestblobblobresizeifmodifiedsincetrue",
        ":scheme": "https",
        "Accept": "application/xml",
        "Accept-Encoding": "gzip",
        "Authorization": "Sanitized",
        "Content-Length": "0",
        "User-Agent": "azsdk-go-azblob/v0.2.1 azsdk-go-azcore/v0.20.0 (go1.17; Windows_NT)",
        "x-ms-blob-content-length": "5120",
        "x-ms-blob-type": "PageBlob",
        "x-ms-date": "Fri, 17 Dec 2021 16:49:44 GMT",
        "x-ms-version": "2019-12-12"
      },
      "RequestBody": null,
      "StatusCode": 201,
      "ResponseHeaders": {
        "Content-Length": "0",
        "Date": "Fri, 17 Dec 2021 16:49:43 GMT",
        "ETag": "\u00220x8D9C17D3A0DF491\u0022",
        "Last-Modified": "Fri, 17 Dec 2021 16:49:43 GMT",
        "Server": [
          "Windows-Azure-Blob/1.0",
          "Microsoft-HTTPAPI/2.0"
        ],
        "x-ms-request-id": "0292ab15-101e-0080-1a66-f37a10000000",
        "x-ms-request-server-encrypted": "true",
        "x-ms-version": "2019-12-12"
      },
      "ResponseBody": null
    },
    {
      "RequestUri": "https://fakeaccount.blob.core.windows.net/gocblobresizeifmodifiedsincetrue/gotestblobblobresizeifmodifiedsincetrue?comp=properties",
      "RequestMethod": "PUT",
      "RequestHeaders": {
        ":authority": "localhost:5001",
        ":method": "PUT",
        ":path": "/gocblobresizeifmodifiedsincetrue/gotestblobblobresizeifmodifiedsincetrue?comp=properties",
        ":scheme": "https",
        "Accept": "application/xml",
        "Accept-Encoding": "gzip",
        "Authorization": "Sanitized",
        "Content-Length": "0",
        "If-Modified-Since": "Fri, 17 Dec 2021 16:49:33 GMT",
        "User-Agent": "azsdk-go-azblob/v0.2.1 azsdk-go-azcore/v0.20.0 (go1.17; Windows_NT)",
        "x-ms-blob-content-length": "512",
        "x-ms-date": "Fri, 17 Dec 2021 16:49:44 GMT",
        "x-ms-version": "2019-12-12"
      },
      "RequestBody": null,
      "StatusCode": 200,
      "ResponseHeaders": {
        "Content-Length": "0",
        "Date": "Fri, 17 Dec 2021 16:49:43 GMT",
        "ETag": "\u00220x8D9C17D3A1B6029\u0022",
        "Last-Modified": "Fri, 17 Dec 2021 16:49:43 GMT",
        "Server": [
          "Windows-Azure-Blob/1.0",
          "Microsoft-HTTPAPI/2.0"
        ],
        "x-ms-blob-sequence-number": "0",
        "x-ms-request-id": "0292ab31-101e-0080-3666-f37a10000000",
        "x-ms-version": "2019-12-12"
      },
      "ResponseBody": null
    },
    {
      "RequestUri": "https://fakeaccount.blob.core.windows.net/gocblobresizeifmodifiedsincetrue?restype=container",
      "RequestMethod": "DELETE",
      "RequestHeaders": {
        ":authority": "localhost:5001",
        ":method": "DELETE",
        ":path": "/gocblobresizeifmodifiedsincetrue?restype=container",
        ":scheme": "https",
        "Accept": "application/xml",
        "Accept-Encoding": "gzip",
        "Authorization": "Sanitized",
        "User-Agent": "azsdk-go-azblob/v0.2.1 azsdk-go-azcore/v0.20.0 (go1.17; Windows_NT)",
        "x-ms-date": "Fri, 17 Dec 2021 16:50:35 GMT",
        "x-ms-version": "2019-12-12"
      },
      "RequestBody": null,
      "StatusCode": 202,
      "ResponseHeaders": {
        "Content-Length": "0",
        "Date": "Fri, 17 Dec 2021 16:50:35 GMT",
        "Server": [
          "Windows-Azure-Blob/1.0",
          "Microsoft-HTTPAPI/2.0"
        ],
        "x-ms-request-id": "0292f788-101e-0080-2266-f37a10000000",
        "x-ms-version": "2019-12-12"
      },
      "ResponseBody": null
    }
  ],
  "Variables": {}
}
