{
  "Entries": [
    {
      "RequestUri": "https://fakestorageaccount.blob.core.windows.net/gocblobsetpropertiesifnonematchtrue?restype=container",
      "RequestMethod": "PUT",
      "RequestHeaders": {
        "Accept": "application/xml",
        "Accept-Encoding": "gzip",
        "Authorization": "Sanitized",
        "Content-Length": "0",
        "User-Agent": "azsdk-go-azblob/v0.3.1 azsdk-go-azcore/v0.21.1 (go1.17; Windows_NT)",
        "x-ms-date": "Thu, 17 Feb 2022 00:52:09 GMT",
        "x-ms-version": "2019-12-12"
      },
      "RequestBody": null,
      "StatusCode": 201,
      "ResponseHeaders": {
        "Content-Length": "0",
        "Date": "Thu, 17 Feb 2022 00:52:09 GMT",
        "ETag": "\u00220x8D9F1AFBA69F78E\u0022",
        "Last-Modified": "Thu, 17 Feb 2022 00:52:09 GMT",
        "Server": [
          "Windows-Azure-Blob/1.0",
          "Microsoft-HTTPAPI/2.0"
        ],
        "x-ms-request-id": "545cc2d3-301e-0026-3e98-2339c5000000",
        "x-ms-version": "2019-12-12"
      },
      "ResponseBody": null
    },
    {
      "RequestUri": "https://fakestorageaccount.blob.core.windows.net/gocblobsetpropertiesifnonematchtrue/gotestblobblobsetpropertiesifnonematchtrue",
      "RequestMethod": "PUT",
      "RequestHeaders": {
        "Accept": "application/xml",
        "Accept-Encoding": "gzip",
        "Authorization": "Sanitized",
        "Content-Length": "15",
        "Content-Type": "application/octet-stream",
        "User-Agent": "azsdk-go-azblob/v0.3.1 azsdk-go-azcore/v0.21.1 (go1.17; Windows_NT)",
        "x-ms-blob-type": "BlockBlob",
        "x-ms-date": "Thu, 17 Feb 2022 00:52:09 GMT",
        "x-ms-version": "2019-12-12"
      },
      "RequestBody": "R29CbG9ja0Jsb2JEYXRh",
      "StatusCode": 201,
      "ResponseHeaders": {
        "Content-Length": "0",
        "Content-MD5": "ebncwguMQu9sgPmr0GazhA==",
        "Date": "Thu, 17 Feb 2022 00:52:09 GMT",
        "ETag": "\u00220x8D9F1AFBA7BD2EE\u0022",
        "Last-Modified": "Thu, 17 Feb 2022 00:52:09 GMT",
        "Server": [
          "Windows-Azure-Blob/1.0",
          "Microsoft-HTTPAPI/2.0"
        ],
        "x-ms-content-crc64": "\u002BJGsS7CR5kg=",
        "x-ms-request-id": "545cc332-301e-0026-1398-2339c5000000",
        "x-ms-request-server-encrypted": "true",
        "x-ms-version": "2019-12-12"
      },
      "ResponseBody": null
    },
    {
      "RequestUri": "https://fakestorageaccount.blob.core.windows.net/gocblobsetpropertiesifnonematchtrue/gotestblobblobsetpropertiesifnonematchtrue?comp=properties",
      "RequestMethod": "PUT",
      "RequestHeaders": {
        "Accept": "application/xml",
        "Accept-Encoding": "gzip",
        "Authorization": "Sanitized",
        "Content-Length": "0",
        "If-None-Match": "garbage",
        "User-Agent": "azsdk-go-azblob/v0.3.1 azsdk-go-azcore/v0.21.1 (go1.17; Windows_NT)",
        "x-ms-blob-content-disposition": "my_disposition",
        "x-ms-date": "Thu, 17 Feb 2022 00:52:09 GMT",
        "x-ms-version": "2019-12-12"
      },
      "RequestBody": null,
      "StatusCode": 200,
      "ResponseHeaders": {
        "Content-Length": "0",
        "Date": "Thu, 17 Feb 2022 00:52:09 GMT",
        "ETag": "\u00220x8D9F1AFBAA79754\u0022",
        "Last-Modified": "Thu, 17 Feb 2022 00:52:10 GMT",
        "Server": [
          "Windows-Azure-Blob/1.0",
          "Microsoft-HTTPAPI/2.0"
        ],
        "x-ms-request-id": "545cc3f9-301e-0026-3f98-2339c5000000",
        "x-ms-version": "2019-12-12"
      },
      "ResponseBody": null
    },
    {
      "RequestUri": "https://fakestorageaccount.blob.core.windows.net/gocblobsetpropertiesifnonematchtrue/gotestblobblobsetpropertiesifnonematchtrue",
      "RequestMethod": "HEAD",
      "RequestHeaders": {
        "Accept": "application/xml",
        "Authorization": "Sanitized",
        "User-Agent": "azsdk-go-azblob/v0.3.1 azsdk-go-azcore/v0.21.1 (go1.17; Windows_NT)",
        "x-ms-date": "Thu, 17 Feb 2022 00:52:10 GMT",
        "x-ms-version": "2019-12-12"
      },
      "RequestBody": null,
      "StatusCode": 200,
      "ResponseHeaders": {
        "Accept-Ranges": "bytes",
        "Content-Disposition": "my_disposition",
        "Content-Length": "15",
        "Date": "Thu, 17 Feb 2022 00:52:09 GMT",
        "ETag": "\u00220x8D9F1AFBAA79754\u0022",
        "Last-Modified": "Thu, 17 Feb 2022 00:52:10 GMT",
        "Server": [
          "Windows-Azure-Blob/1.0",
          "Microsoft-HTTPAPI/2.0"
        ],
        "x-ms-access-tier": "Hot",
        "x-ms-access-tier-inferred": "true",
        "x-ms-blob-type": "BlockBlob",
        "x-ms-creation-time": "Thu, 17 Feb 2022 00:52:09 GMT",
        "x-ms-lease-state": "available",
        "x-ms-lease-status": "unlocked",
        "x-ms-request-id": "545cc505-301e-0026-2c98-2339c5000000",
        "x-ms-server-encrypted": "true",
        "x-ms-version": "2019-12-12"
      },
      "ResponseBody": null
    },
    {
      "RequestUri": "https://fakestorageaccount.blob.core.windows.net/gocblobsetpropertiesifnonematchtrue?restype=container",
      "RequestMethod": "DELETE",
      "RequestHeaders": {
        "Accept": "application/xml",
        "Accept-Encoding": "gzip",
        "Authorization": "Sanitized",
        "User-Agent": "azsdk-go-azblob/v0.3.1 azsdk-go-azcore/v0.21.1 (go1.17; Windows_NT)",
        "x-ms-date": "Thu, 17 Feb 2022 00:52:10 GMT",
        "x-ms-version": "2019-12-12"
      },
      "RequestBody": null,
      "StatusCode": 202,
      "ResponseHeaders": {
        "Content-Length": "0",
        "Date": "Thu, 17 Feb 2022 00:52:10 GMT",
        "Server": [
          "Windows-Azure-Blob/1.0",
          "Microsoft-HTTPAPI/2.0"
        ],
        "x-ms-request-id": "545cc589-301e-0026-2b98-2339c5000000",
        "x-ms-version": "2019-12-12"
      },
      "ResponseBody": null
    }
  ],
  "Variables": {}
}
