{
  "Entries": [
    {
      "RequestUri": "https://fakestorageaccount.blob.core.windows.net/gocblobcreatepageifmodifiedsincetrue?restype=container",
      "RequestMethod": "PUT",
      "RequestHeaders": {
        "Accept": "application/xml",
        "Accept-Encoding": "gzip",
        "Authorization": "Sanitized",
        "Content-Length": "0",
        "User-Agent": "azsdk-go-azblob/v0.3.1 azsdk-go-azcore/v0.21.1 (go1.16.7; Windows_NT)",
        "x-ms-date": "Thu, 03 Mar 2022 16:59:17 GMT",
        "x-ms-version": "2019-12-12"
      },
      "RequestBody": null,
      "StatusCode": 201,
      "ResponseHeaders": {
        "Content-Length": "0",
        "Date": "Thu, 03 Mar 2022 16:59:16 GMT",
        "ETag": "\u00220x8D9FD372714589C\u0022",
        "Last-Modified": "Thu, 03 Mar 2022 16:59:17 GMT",
        "Server": [
          "Windows-Azure-Blob/1.0",
          "Microsoft-HTTPAPI/2.0"
        ],
        "x-ms-request-id": "4c7f2a16-801e-007b-2d20-2fcde4000000",
        "x-ms-version": "2019-12-12"
      },
      "ResponseBody": null
    },
    {
      "RequestUri": "https://fakestorageaccount.blob.core.windows.net/gocblobcreatepageifmodifiedsincetrue/gotestblobblobcreatepageifmodifiedsincetrue",
      "RequestMethod": "PUT",
      "RequestHeaders": {
        "Accept": "application/xml",
        "Accept-Encoding": "gzip",
        "Authorization": "Sanitized",
        "Content-Length": "0",
        "User-Agent": "azsdk-go-azblob/v0.3.1 azsdk-go-azcore/v0.21.1 (go1.16.7; Windows_NT)",
        "x-ms-blob-content-length": "512",
        "x-ms-blob-type": "PageBlob",
        "x-ms-date": "Thu, 03 Mar 2022 16:59:18 GMT",
        "x-ms-version": "2019-12-12"
      },
      "RequestBody": null,
      "StatusCode": 201,
      "ResponseHeaders": {
        "Content-Length": "0",
        "Date": "Thu, 03 Mar 2022 16:59:16 GMT",
        "ETag": "\u00220x8D9FD3727427DFE\u0022",
        "Last-Modified": "Thu, 03 Mar 2022 16:59:17 GMT",
        "Server": [
          "Windows-Azure-Blob/1.0",
          "Microsoft-HTTPAPI/2.0"
        ],
        "x-ms-request-id": "4c7f2b71-801e-007b-6020-2fcde4000000",
        "x-ms-request-server-encrypted": "true",
        "x-ms-version": "2019-12-12",
        "x-ms-version-id": "2022-03-03T16:59:17.3343496Z"
      },
      "ResponseBody": null
    },
    {
      "RequestUri": "https://fakestorageaccount.blob.core.windows.net/gocblobcreatepageifmodifiedsincetrue/gotestblobblobcreatepageifmodifiedsincetrue",
      "RequestMethod": "PUT",
      "RequestHeaders": {
        "Accept": "application/xml",
        "Accept-Encoding": "gzip",
        "Authorization": "Sanitized",
        "Content-Length": "0",
        "If-Modified-Since": "Thu, 03 Mar 2022 16:59:06 GMT",
        "User-Agent": "azsdk-go-azblob/v0.3.1 azsdk-go-azcore/v0.21.1 (go1.16.7; Windows_NT)",
        "x-ms-blob-cache-control": "control",
        "x-ms-blob-content-disposition": "my_disposition",
        "x-ms-blob-content-encoding": "my_encoding",
        "x-ms-blob-content-language": "my_language",
        "x-ms-blob-content-length": "512",
        "x-ms-blob-content-type": "my_type",
        "x-ms-blob-sequence-number": "0",
        "x-ms-blob-type": "PageBlob",
        "x-ms-date": "Thu, 03 Mar 2022 16:59:18 GMT",
        "x-ms-meta-foo": "bar",
        "x-ms-version": "2019-12-12"
      },
      "RequestBody": null,
      "StatusCode": 201,
      "ResponseHeaders": {
        "Content-Length": "0",
        "Date": "Thu, 03 Mar 2022 16:59:16 GMT",
        "ETag": "\u00220x8D9FD3727712832\u0022",
        "Last-Modified": "Thu, 03 Mar 2022 16:59:17 GMT",
        "Server": [
          "Windows-Azure-Blob/1.0",
          "Microsoft-HTTPAPI/2.0"
        ],
        "x-ms-request-id": "4c7f2cb7-801e-007b-7b20-2fcde4000000",
        "x-ms-request-server-encrypted": "true",
        "x-ms-version": "2019-12-12",
        "x-ms-version-id": "2022-03-03T16:59:17.6401730Z"
      },
      "ResponseBody": null
    },
    {
      "RequestUri": "https://fakestorageaccount.blob.core.windows.net/gocblobcreatepageifmodifiedsincetrue/gotestblobblobcreatepageifmodifiedsincetrue",
      "RequestMethod": "HEAD",
      "RequestHeaders": {
        "Accept": "application/xml",
        "Authorization": "Sanitized",
        "User-Agent": "azsdk-go-azblob/v0.3.1 azsdk-go-azcore/v0.21.1 (go1.16.7; Windows_NT)",
        "x-ms-date": "Thu, 03 Mar 2022 16:59:18 GMT",
        "x-ms-version": "2019-12-12"
      },
      "RequestBody": null,
      "StatusCode": 200,
      "ResponseHeaders": {
        "Accept-Ranges": "bytes",
        "Cache-Control": "control",
        "Content-Disposition": "my_disposition",
        "Content-Encoding": "my_encoding",
        "Content-Language": "my_language",
        "Content-Length": "512",
        "Content-Type": "my_type",
        "Date": "Thu, 03 Mar 2022 16:59:17 GMT",
        "ETag": "\u00220x8D9FD3727712832\u0022",
        "Last-Modified": "Thu, 03 Mar 2022 16:59:17 GMT",
        "Server": [
          "Windows-Azure-Blob/1.0",
          "Microsoft-HTTPAPI/2.0"
        ],
        "x-ms-blob-sequence-number": "0",
        "x-ms-blob-type": "PageBlob",
        "x-ms-creation-time": "Thu, 03 Mar 2022 16:59:17 GMT",
        "x-ms-is-current-version": "true",
        "x-ms-lease-state": "available",
        "x-ms-lease-status": "unlocked",
        "x-ms-meta-foo": "bar",
        "x-ms-request-id": "4c7f2dd4-801e-007b-7a20-2fcde4000000",
        "x-ms-server-encrypted": "true",
        "x-ms-version": "2019-12-12",
        "x-ms-version-id": "2022-03-03T16:59:17.6401730Z"
      },
      "ResponseBody": null
    },
    {
      "RequestUri": "https://fakestorageaccount.blob.core.windows.net/gocblobcreatepageifmodifiedsincetrue?restype=container",
      "RequestMethod": "DELETE",
      "RequestHeaders": {
        "Accept": "application/xml",
        "Accept-Encoding": "gzip",
        "Authorization": "Sanitized",
        "User-Agent": "azsdk-go-azblob/v0.3.1 azsdk-go-azcore/v0.21.1 (go1.16.7; Windows_NT)",
        "x-ms-date": "Thu, 03 Mar 2022 16:59:18 GMT",
        "x-ms-version": "2019-12-12"
      },
      "RequestBody": null,
      "StatusCode": 202,
      "ResponseHeaders": {
        "Content-Length": "0",
        "Date": "Thu, 03 Mar 2022 16:59:17 GMT",
        "Server": [
          "Windows-Azure-Blob/1.0",
          "Microsoft-HTTPAPI/2.0"
        ],
        "x-ms-request-id": "4c7f2eda-801e-007b-5d20-2fcde4000000",
        "x-ms-version": "2019-12-12"
      },
      "ResponseBody": null
    }
  ],
  "Variables": {}
}
