{
  "Entries": [
    {
      "RequestUri": "https://fakeaccount.blob.core.windows.net/gocblobstartcopydestempty?restype=container",
      "RequestMethod": "PUT",
      "RequestHeaders": {
        ":authority": "localhost:5001",
        ":method": "PUT",
        ":path": "/gocblobstartcopydestempty?restype=container",
        ":scheme": "https",
        "Accept": "application/xml",
        "Accept-Encoding": "gzip",
        "Authorization": "Sanitized",
        "Content-Length": "0",
        "User-Agent": "azsdk-go-azblob/v0.2.1 azsdk-go-azcore/v0.20.0 (go1.17; Windows_NT)",
        "x-ms-date": "Mon, 13 Dec 2021 20:18:54 GMT",
        "x-ms-version": "2019-12-12"
      },
      "RequestBody": null,
      "StatusCode": 201,
      "ResponseHeaders": {
        "Content-Length": "0",
        "Date": "Mon, 13 Dec 2021 20:18:47 GMT",
        "ETag": "\u00220x8D9BE75C584D437\u0022",
        "Last-Modified": "Mon, 13 Dec 2021 20:18:48 GMT",
        "Server": [
          "Windows-Azure-Blob/1.0",
          "Microsoft-HTTPAPI/2.0"
        ],
        "x-ms-request-id": "22297bd5-c01e-002f-685e-f07fad000000",
        "x-ms-version": "2019-12-12"
      },
      "ResponseBody": null
    },
    {
      "RequestUri": "https://fakeaccount.blob.core.windows.net/gocblobstartcopydestempty/gotestblobblobstartcopydestempty",
      "RequestMethod": "PUT",
      "RequestHeaders": {
        ":authority": "localhost:5001",
        ":method": "PUT",
        ":path": "/gocblobstartcopydestempty/gotestblobblobstartcopydestempty",
        ":scheme": "https",
        "Accept": "application/xml",
        "Accept-Encoding": "gzip",
        "Authorization": "Sanitized",
        "Content-Length": "15",
        "Content-Type": "application/octet-stream",
        "User-Agent": "azsdk-go-azblob/v0.2.1 azsdk-go-azcore/v0.20.0 (go1.17; Windows_NT)",
        "x-ms-blob-type": "BlockBlob",
        "x-ms-date": "Mon, 13 Dec 2021 20:18:55 GMT",
        "x-ms-version": "2019-12-12"
      },
      "RequestBody": "R29CbG9ja0Jsb2JEYXRh",
      "StatusCode": 201,
      "ResponseHeaders": {
        "Content-Length": "0",
        "Content-MD5": "ebncwguMQu9sgPmr0GazhA==",
        "Date": "Mon, 13 Dec 2021 20:18:47 GMT",
        "ETag": "\u00220x8D9BE75C593C457\u0022",
        "Last-Modified": "Mon, 13 Dec 2021 20:18:48 GMT",
        "Server": [
          "Windows-Azure-Blob/1.0",
          "Microsoft-HTTPAPI/2.0"
        ],
        "x-ms-content-crc64": "\u002BJGsS7CR5kg=",
        "x-ms-request-id": "22297c17-c01e-002f-265e-f07fad000000",
        "x-ms-request-server-encrypted": "true",
        "x-ms-version": "2019-12-12"
      },
      "ResponseBody": null
    },
    {
      "RequestUri": "https://fakeaccount.blob.core.windows.net/gocblobstartcopydestempty/copygotestblobblobstartcopydestempty",
      "RequestMethod": "PUT",
      "RequestHeaders": {
        ":authority": "localhost:5001",
        ":method": "PUT",
        ":path": "/gocblobstartcopydestempty/copygotestblobblobstartcopydestempty",
        ":scheme": "https",
        "Accept": "application/xml",
        "Accept-Encoding": "gzip",
        "Authorization": "Sanitized",
        "Content-Length": "0",
        "User-Agent": "azsdk-go-azblob/v0.2.1 azsdk-go-azcore/v0.20.0 (go1.17; Windows_NT)",
        "x-ms-copy-source": "https://primrosebud.blob.core.windows.net/gocblobstartcopydestempty/gotestblobblobstartcopydestempty",
        "x-ms-date": "Mon, 13 Dec 2021 20:18:55 GMT",
        "x-ms-version": "2019-12-12"
      },
      "RequestBody": null,
      "StatusCode": 202,
      "ResponseHeaders": {
        "Content-Length": "0",
        "Date": "Mon, 13 Dec 2021 20:18:47 GMT",
        "ETag": "\u00220x8D9BE75C5A4D8D9\u0022",
        "Last-Modified": "Mon, 13 Dec 2021 20:18:48 GMT",
        "Server": [
          "Windows-Azure-Blob/1.0",
          "Microsoft-HTTPAPI/2.0"
        ],
        "x-ms-copy-id": "8d899818-b2fe-43dc-b5bf-b34f50dcbff8",
        "x-ms-copy-status": "success",
        "x-ms-request-id": "22297c63-c01e-002f-725e-f07fad000000",
        "x-ms-version": "2019-12-12"
      },
      "ResponseBody": null
    },
    {
      "RequestUri": "https://fakeaccount.blob.core.windows.net/gocblobstartcopydestempty/copygotestblobblobstartcopydestempty",
      "RequestMethod": "GET",
      "RequestHeaders": {
        ":authority": "localhost:5001",
        ":method": "GET",
        ":path": "/gocblobstartcopydestempty/copygotestblobblobstartcopydestempty",
        ":scheme": "https",
        "Accept": "application/xml",
        "Accept-Encoding": "gzip",
        "Authorization": "Sanitized",
        "User-Agent": "azsdk-go-azblob/v0.2.1 azsdk-go-azcore/v0.20.0 (go1.17; Windows_NT)",
        "x-ms-date": "Mon, 13 Dec 2021 20:18:55 GMT",
        "x-ms-version": "2019-12-12"
      },
      "RequestBody": null,
      "StatusCode": 200,
      "ResponseHeaders": {
        "Accept-Ranges": "bytes",
        "Content-Length": "15",
        "Content-MD5": "ebncwguMQu9sgPmr0GazhA==",
        "Content-Type": "application/octet-stream",
        "Date": "Mon, 13 Dec 2021 20:18:47 GMT",
        "ETag": "\u00220x8D9BE75C5A4D8D9\u0022",
        "Last-Modified": "Mon, 13 Dec 2021 20:18:48 GMT",
        "Server": [
          "Windows-Azure-Blob/1.0",
          "Microsoft-HTTPAPI/2.0"
        ],
        "x-ms-blob-type": "BlockBlob",
        "x-ms-copy-completion-time": "Mon, 13 Dec 2021 20:18:48 GMT",
        "x-ms-copy-id": "8d899818-b2fe-43dc-b5bf-b34f50dcbff8",
        "x-ms-copy-progress": "15/15",
        "x-ms-copy-source": "https://primrosebud.blob.core.windows.net/gocblobstartcopydestempty/gotestblobblobstartcopydestempty",
        "x-ms-copy-status": "success",
        "x-ms-creation-time": "Mon, 13 Dec 2021 20:18:48 GMT",
        "x-ms-lease-state": "available",
        "x-ms-lease-status": "unlocked",
        "x-ms-request-id": "22297cca-c01e-002f-595e-f07fad000000",
        "x-ms-server-encrypted": "true",
        "x-ms-version": "2019-12-12"
      },
      "ResponseBody": "R29CbG9ja0Jsb2JEYXRh"
    },
    {
      "RequestUri": "https://fakeaccount.blob.core.windows.net/gocblobstartcopydestempty?restype=container",
      "RequestMethod": "DELETE",
      "RequestHeaders": {
        ":authority": "localhost:5001",
        ":method": "DELETE",
        ":path": "/gocblobstartcopydestempty?restype=container",
        ":scheme": "https",
        "Accept": "application/xml",
        "Accept-Encoding": "gzip",
        "Authorization": "Sanitized",
        "User-Agent": "azsdk-go-azblob/v0.2.1 azsdk-go-azcore/v0.20.0 (go1.17; Windows_NT)",
        "x-ms-date": "Mon, 13 Dec 2021 20:18:55 GMT",
        "x-ms-version": "2019-12-12"
      },
      "RequestBody": null,
      "StatusCode": 202,
      "ResponseHeaders": {
        "Content-Length": "0",
        "Date": "Mon, 13 Dec 2021 20:18:47 GMT",
        "Server": [
          "Windows-Azure-Blob/1.0",
          "Microsoft-HTTPAPI/2.0"
        ],
        "x-ms-request-id": "22297d4d-c01e-002f-5a5e-f07fad000000",
        "x-ms-version": "2019-12-12"
      },
      "ResponseBody": null
    }
  ],
  "Variables": {}
}
