{
  "Entries": [
    {
      "RequestUri": "https://fakestorageaccount.blob.core.windows.net/gocblobresizeinvalidsizenegative?restype=container",
      "RequestMethod": "PUT",
      "RequestHeaders": {
        "Accept": "application/xml",
        "Accept-Encoding": "gzip",
        "Authorization": "Sanitized",
        "Content-Length": "0",
        "User-Agent": "azsdk-go-azblob/v0.3.1 azsdk-go-azcore/v0.21.1 (go1.16.7; Windows_NT)",
        "x-ms-date": "Thu, 03 Mar 2022 17:01:14 GMT",
        "x-ms-version": "2019-12-12"
      },
      "RequestBody": null,
      "StatusCode": 201,
      "ResponseHeaders": {
        "Content-Length": "0",
        "Date": "Thu, 03 Mar 2022 17:01:12 GMT",
        "ETag": "\u00220x8D9FD376CB5A273\u0022",
        "Last-Modified": "Thu, 03 Mar 2022 17:01:13 GMT",
        "Server": [
          "Windows-Azure-Blob/1.0",
          "Microsoft-HTTPAPI/2.0"
        ],
        "x-ms-request-id": "4c8141af-801e-007b-5a20-2fcde4000000",
        "x-ms-version": "2019-12-12"
      },
      "ResponseBody": null
    },
    {
      "RequestUri": "https://fakestorageaccount.blob.core.windows.net/gocblobresizeinvalidsizenegative/gotestblobblobresizeinvalidsizenegative",
      "RequestMethod": "PUT",
      "RequestHeaders": {
        "Accept": "application/xml",
        "Accept-Encoding": "gzip",
        "Authorization": "Sanitized",
        "Content-Length": "0",
        "User-Agent": "azsdk-go-azblob/v0.3.1 azsdk-go-azcore/v0.21.1 (go1.16.7; Windows_NT)",
        "x-ms-blob-content-length": "5120",
        "x-ms-blob-type": "PageBlob",
        "x-ms-date": "Thu, 03 Mar 2022 17:01:14 GMT",
        "x-ms-version": "2019-12-12"
      },
      "RequestBody": null,
      "StatusCode": 201,
      "ResponseHeaders": {
        "Content-Length": "0",
        "Date": "Thu, 03 Mar 2022 17:01:13 GMT",
        "ETag": "\u00220x8D9FD376CE061FF\u0022",
        "Last-Modified": "Thu, 03 Mar 2022 17:01:14 GMT",
        "Server": [
          "Windows-Azure-Blob/1.0",
          "Microsoft-HTTPAPI/2.0"
        ],
        "x-ms-request-id": "4c81435d-801e-007b-6120-2fcde4000000",
        "x-ms-request-server-encrypted": "true",
        "x-ms-version": "2019-12-12",
        "x-ms-version-id": "2022-03-03T17:01:14.1308927Z"
      },
      "ResponseBody": null
    },
    {
      "RequestUri": "https://fakestorageaccount.blob.core.windows.net/gocblobresizeinvalidsizenegative/gotestblobblobresizeinvalidsizenegative?comp=properties",
      "RequestMethod": "PUT",
      "RequestHeaders": {
        "Accept": "application/xml",
        "Accept-Encoding": "gzip",
        "Authorization": "Sanitized",
        "Content-Length": "0",
        "User-Agent": "azsdk-go-azblob/v0.3.1 azsdk-go-azcore/v0.21.1 (go1.16.7; Windows_NT)",
        "x-ms-blob-content-length": "-4",
        "x-ms-date": "Thu, 03 Mar 2022 17:01:15 GMT",
        "x-ms-version": "2019-12-12"
      },
      "RequestBody": null,
      "StatusCode": 400,
      "ResponseHeaders": {
        "Content-Length": "332",
        "Content-Type": "application/xml",
        "Date": "Thu, 03 Mar 2022 17:01:13 GMT",
        "Server": [
          "Windows-Azure-Blob/1.0",
          "Microsoft-HTTPAPI/2.0"
        ],
        "x-ms-error-code": "InvalidHeaderValue",
        "x-ms-request-id": "4c8144e2-801e-007b-4720-2fcde4000000",
        "x-ms-version": "2019-12-12"
      },
      "ResponseBody": [
        "\uFEFF\u003C?xml version=\u00221.0\u0022 encoding=\u0022utf-8\u0022?\u003E\u003CError\u003E\u003CCode\u003EInvalidHeaderValue\u003C/Code\u003E\u003CMessage\u003EThe value for one of the HTTP headers is not in the correct format.\n",
        "RequestId:4c8144e2-801e-007b-4720-2fcde4000000\n",
        "Time:2022-03-03T17:01:14.4024117Z\u003C/Message\u003E\u003CHeaderName\u003Ex-ms-blob-content-length\u003C/HeaderName\u003E\u003CHeaderValue\u003E-4\u003C/HeaderValue\u003E\u003C/Error\u003E"
      ]
    },
    {
      "RequestUri": "https://fakestorageaccount.blob.core.windows.net/gocblobresizeinvalidsizenegative?restype=container",
      "RequestMethod": "DELETE",
      "RequestHeaders": {
        "Accept": "application/xml",
        "Accept-Encoding": "gzip",
        "Authorization": "Sanitized",
        "User-Agent": "azsdk-go-azblob/v0.3.1 azsdk-go-azcore/v0.21.1 (go1.16.7; Windows_NT)",
        "x-ms-date": "Thu, 03 Mar 2022 17:01:15 GMT",
        "x-ms-version": "2019-12-12"
      },
      "RequestBody": null,
      "StatusCode": 202,
      "ResponseHeaders": {
        "Content-Length": "0",
        "Date": "Thu, 03 Mar 2022 17:01:13 GMT",
        "Server": [
          "Windows-Azure-Blob/1.0",
          "Microsoft-HTTPAPI/2.0"
        ],
        "x-ms-request-id": "4c814685-801e-007b-4320-2fcde4000000",
        "x-ms-version": "2019-12-12"
      },
      "ResponseBody": null
    }
  ],
  "Variables": {}
}
