{
  "Entries": [
    {
      "RequestUri": "https://fakestorageaccount.blob.core.windows.net/gocblobstartcopysourceifmodifiedsincetrue?restype=container",
      "RequestMethod": "PUT",
      "RequestHeaders": {
        "Accept": "application/xml",
        "Accept-Encoding": "gzip",
        "Authorization": "Sanitized",
        "Content-Length": "0",
        "User-Agent": "azsdk-go-azblob/v0.3.1 azsdk-go-azcore/v0.21.1 (go1.16.7; Windows_NT)",
        "x-ms-date": "Fri, 04 Mar 2022 15:50:12 GMT",
        "x-ms-version": "2019-12-12"
      },
      "RequestBody": null,
      "StatusCode": 201,
      "ResponseHeaders": {
        "Content-Length": "0",
        "Date": "Fri, 04 Mar 2022 15:50:11 GMT",
        "ETag": "\u00220x8D9FDF6AAD19328\u0022",
        "Last-Modified": "Fri, 04 Mar 2022 15:50:11 GMT",
        "Server": [
          "Windows-Azure-Blob/1.0",
          "Microsoft-HTTPAPI/2.0"
        ],
        "x-ms-request-id": "70fd162d-601e-0063-19df-2f1283000000",
        "x-ms-version": "2019-12-12"
      },
      "ResponseBody": null
    },
    {
      "RequestUri": "https://fakestorageaccount.blob.core.windows.net/gocblobstartcopysourceifmodifiedsincetrue/gotestblobblobstartcopysourceifmodifiedsincetrue",
      "RequestMethod": "PUT",
      "RequestHeaders": {
        "Accept": "application/xml",
        "Accept-Encoding": "gzip",
        "Authorization": "Sanitized",
        "Content-Length": "15",
        "Content-Type": "application/octet-stream",
        "User-Agent": "azsdk-go-azblob/v0.3.1 azsdk-go-azcore/v0.21.1 (go1.16.7; Windows_NT)",
        "x-ms-blob-type": "BlockBlob",
        "x-ms-date": "Fri, 04 Mar 2022 15:50:12 GMT",
        "x-ms-version": "2019-12-12"
      },
      "RequestBody": "R29CbG9ja0Jsb2JEYXRh",
      "StatusCode": 201,
      "ResponseHeaders": {
        "Content-Length": "0",
        "Content-MD5": "ebncwguMQu9sgPmr0GazhA==",
        "Date": "Fri, 04 Mar 2022 15:50:11 GMT",
        "ETag": "\u00220x8D9FDF6AAF802AB\u0022",
        "Last-Modified": "Fri, 04 Mar 2022 15:50:12 GMT",
        "Server": [
          "Windows-Azure-Blob/1.0",
          "Microsoft-HTTPAPI/2.0"
        ],
        "x-ms-content-crc64": "\u002BJGsS7CR5kg=",
        "x-ms-request-id": "70fd17ef-601e-0063-39df-2f1283000000",
        "x-ms-request-server-encrypted": "true",
        "x-ms-version": "2019-12-12",
        "x-ms-version-id": "2022-03-04T15:50:12.1808311Z"
      },
      "ResponseBody": null
    },
    {
      "RequestUri": "https://fakestorageaccount.blob.core.windows.net/gocblobstartcopysourceifmodifiedsincetrue/dstgotestblobblobstartcopysourceifmodifiedsincetrue",
      "RequestMethod": "PUT",
      "RequestHeaders": {
        "Accept": "application/xml",
        "Accept-Encoding": "gzip",
        "Authorization": "Sanitized",
        "Content-Length": "0",
        "User-Agent": "azsdk-go-azblob/v0.3.1 azsdk-go-azcore/v0.21.1 (go1.16.7; Windows_NT)",
        "x-ms-copy-source": "https://fakestorageaccount.blob.core.windows.net/gocblobstartcopysourceifmodifiedsincetrue/gotestblobblobstartcopysourceifmodifiedsincetrue",
        "x-ms-date": "Fri, 04 Mar 2022 15:50:12 GMT",
        "x-ms-source-if-modified-since": "Fri, 04 Mar 2022 15:50:01 GMT",
        "x-ms-version": "2019-12-12"
      },
      "RequestBody": null,
      "StatusCode": 202,
      "ResponseHeaders": {
        "Content-Length": "0",
        "Date": "Fri, 04 Mar 2022 15:50:11 GMT",
        "ETag": "\u00220x8D9FDF6AB1FA913\u0022",
        "Last-Modified": "Fri, 04 Mar 2022 15:50:12 GMT",
        "Server": [
          "Windows-Azure-Blob/1.0",
          "Microsoft-HTTPAPI/2.0"
        ],
        "x-ms-copy-id": "2e4f7b65-94c4-4d0d-a967-45a5016f6830",
        "x-ms-copy-status": "success",
        "x-ms-request-id": "70fd19d9-601e-0063-71df-2f1283000000",
        "x-ms-version": "2019-12-12",
        "x-ms-version-id": "2022-03-04T15:50:12.4396819Z"
      },
      "ResponseBody": null
    },
    {
      "RequestUri": "https://fakestorageaccount.blob.core.windows.net/gocblobstartcopysourceifmodifiedsincetrue/dstgotestblobblobstartcopysourceifmodifiedsincetrue",
      "RequestMethod": "HEAD",
      "RequestHeaders": {
        "Accept": "application/xml",
        "Authorization": "Sanitized",
        "User-Agent": "azsdk-go-azblob/v0.3.1 azsdk-go-azcore/v0.21.1 (go1.16.7; Windows_NT)",
        "x-ms-date": "Fri, 04 Mar 2022 15:50:13 GMT",
        "x-ms-version": "2019-12-12"
      },
      "RequestBody": null,
      "StatusCode": 200,
      "ResponseHeaders": {
        "Accept-Ranges": "bytes",
        "Content-Length": "15",
        "Content-MD5": "ebncwguMQu9sgPmr0GazhA==",
        "Content-Type": "application/octet-stream",
        "Date": "Fri, 04 Mar 2022 15:50:11 GMT",
        "ETag": "\u00220x8D9FDF6AB1FA913\u0022",
        "Last-Modified": "Fri, 04 Mar 2022 15:50:12 GMT",
        "Server": [
          "Windows-Azure-Blob/1.0",
          "Microsoft-HTTPAPI/2.0"
        ],
        "x-ms-access-tier": "Hot",
        "x-ms-access-tier-inferred": "true",
        "x-ms-blob-type": "BlockBlob",
        "x-ms-copy-completion-time": "Fri, 04 Mar 2022 15:50:12 GMT",
        "x-ms-copy-id": "2e4f7b65-94c4-4d0d-a967-45a5016f6830",
        "x-ms-copy-progress": "15/15",
        "x-ms-copy-source": "https://fakestorageaccount.blob.core.windows.net/gocblobstartcopysourceifmodifiedsincetrue/gotestblobblobstartcopysourceifmodifiedsincetrue",
        "x-ms-copy-status": "success",
        "x-ms-creation-time": "Fri, 04 Mar 2022 15:50:12 GMT",
        "x-ms-is-current-version": "true",
        "x-ms-lease-state": "available",
        "x-ms-lease-status": "unlocked",
        "x-ms-request-id": "70fd1c3b-601e-0063-2fdf-2f1283000000",
        "x-ms-server-encrypted": "true",
        "x-ms-version": "2019-12-12",
        "x-ms-version-id": "2022-03-04T15:50:12.4396819Z"
      },
      "ResponseBody": null
    },
    {
      "RequestUri": "https://fakestorageaccount.blob.core.windows.net/gocblobstartcopysourceifmodifiedsincetrue?restype=container",
      "RequestMethod": "DELETE",
      "RequestHeaders": {
        "Accept": "application/xml",
        "Accept-Encoding": "gzip",
        "Authorization": "Sanitized",
        "User-Agent": "azsdk-go-azblob/v0.3.1 azsdk-go-azcore/v0.21.1 (go1.16.7; Windows_NT)",
        "x-ms-date": "Fri, 04 Mar 2022 15:50:13 GMT",
        "x-ms-version": "2019-12-12"
      },
      "RequestBody": null,
      "StatusCode": 202,
      "ResponseHeaders": {
        "Content-Length": "0",
        "Date": "Fri, 04 Mar 2022 15:50:12 GMT",
        "Server": [
          "Windows-Azure-Blob/1.0",
          "Microsoft-HTTPAPI/2.0"
        ],
        "x-ms-request-id": "70fd1e4a-601e-0063-13df-2f1283000000",
        "x-ms-version": "2019-12-12"
      },
      "ResponseBody": null
    }
  ],
  "Variables": {}
}
