{
  "Entries": [
    {
      "RequestUri": "https://fakestorageaccount.blob.core.windows.net/gocblobdownloaddatacountzero?restype=container",
      "RequestMethod": "PUT",
      "RequestHeaders": {
        "Accept": "application/xml",
        "Accept-Encoding": "gzip",
        "Authorization": "Sanitized",
        "Content-Length": "0",
        "User-Agent": "azsdk-go-azblob/v0.3.1 azsdk-go-azcore/v0.21.1 (go1.16.7; Windows_NT)",
        "x-ms-date": "Thu, 03 Mar 2022 16:45:34 GMT",
        "x-ms-version": "2019-12-12"
      },
      "RequestBody": null,
      "StatusCode": 201,
      "ResponseHeaders": {
        "Content-Length": "0",
        "Date": "Thu, 03 Mar 2022 16:45:33 GMT",
        "ETag": "\u00220x8D9FD353C1B3F3C\u0022",
        "Last-Modified": "Thu, 03 Mar 2022 16:45:33 GMT",
        "Server": [
          "Windows-Azure-Blob/1.0",
          "Microsoft-HTTPAPI/2.0"
        ],
        "x-ms-request-id": "273ca3a4-a01e-0021-401e-2fab03000000",
        "x-ms-version": "2019-12-12"
      },
      "ResponseBody": null
    },
    {
      "RequestUri": "https://fakestorageaccount.blob.core.windows.net/gocblobdownloaddatacountzero/gotestblobblobdownloaddatacountzero",
      "RequestMethod": "PUT",
      "RequestHeaders": {
        "Accept": "application/xml",
        "Accept-Encoding": "gzip",
        "Authorization": "Sanitized",
        "Content-Length": "15",
        "Content-Type": "application/octet-stream",
        "User-Agent": "azsdk-go-azblob/v0.3.1 azsdk-go-azcore/v0.21.1 (go1.16.7; Windows_NT)",
        "x-ms-blob-type": "BlockBlob",
        "x-ms-date": "Thu, 03 Mar 2022 16:45:34 GMT",
        "x-ms-version": "2019-12-12"
      },
      "RequestBody": "R29CbG9ja0Jsb2JEYXRh",
      "StatusCode": 201,
      "ResponseHeaders": {
        "Content-Length": "0",
        "Content-MD5": "ebncwguMQu9sgPmr0GazhA==",
        "Date": "Thu, 03 Mar 2022 16:45:33 GMT",
        "ETag": "\u00220x8D9FD353C418847\u0022",
        "Last-Modified": "Thu, 03 Mar 2022 16:45:33 GMT",
        "Server": [
          "Windows-Azure-Blob/1.0",
          "Microsoft-HTTPAPI/2.0"
        ],
        "x-ms-content-crc64": "\u002BJGsS7CR5kg=",
        "x-ms-request-id": "273ca507-a01e-0021-011e-2fab03000000",
        "x-ms-request-server-encrypted": "true",
        "x-ms-version": "2019-12-12",
        "x-ms-version-id": "2022-03-03T16:45:33.5657543Z"
      },
      "ResponseBody": null
    },
    {
      "RequestUri": "https://fakestorageaccount.blob.core.windows.net/gocblobdownloaddatacountzero/gotestblobblobdownloaddatacountzero",
      "RequestMethod": "GET",
      "RequestHeaders": {
        ":method": "GET",
        "Accept": "application/xml",
        "Accept-Encoding": "gzip",
        "Authorization": "Sanitized",
        "User-Agent": "azsdk-go-azblob/v0.3.1 azsdk-go-azcore/v0.21.1 (go1.16.7; Windows_NT)",
        "x-ms-date": "Thu, 03 Mar 2022 16:45:34 GMT",
        "x-ms-version": "2019-12-12"
      },
      "RequestBody": null,
      "StatusCode": 200,
      "ResponseHeaders": {
        "Accept-Ranges": "bytes",
        "Content-Length": "15",
        "Content-MD5": "ebncwguMQu9sgPmr0GazhA==",
        "Content-Type": "application/octet-stream",
        "Date": "Thu, 03 Mar 2022 16:45:33 GMT",
        "ETag": "\u00220x8D9FD353C418847\u0022",
        "Last-Modified": "Thu, 03 Mar 2022 16:45:33 GMT",
        "Server": [
          "Windows-Azure-Blob/1.0",
          "Microsoft-HTTPAPI/2.0"
        ],
        "x-ms-blob-type": "BlockBlob",
        "x-ms-creation-time": "Thu, 03 Mar 2022 16:45:33 GMT",
        "x-ms-is-current-version": "true",
        "x-ms-lease-state": "available",
        "x-ms-lease-status": "unlocked",
        "x-ms-request-id": "273ca64d-a01e-0021-271e-2fab03000000",
        "x-ms-server-encrypted": "true",
        "x-ms-version": "2019-12-12",
        "x-ms-version-id": "2022-03-03T16:45:33.5657543Z"
      },
      "ResponseBody": "R29CbG9ja0Jsb2JEYXRh"
    },
    {
      "RequestUri": "https://fakestorageaccount.blob.core.windows.net/gocblobdownloaddatacountzero?restype=container",
      "RequestMethod": "DELETE",
      "RequestHeaders": {
        "Accept": "application/xml",
        "Accept-Encoding": "gzip",
        "Authorization": "Sanitized",
        "User-Agent": "azsdk-go-azblob/v0.3.1 azsdk-go-azcore/v0.21.1 (go1.16.7; Windows_NT)",
        "x-ms-date": "Thu, 03 Mar 2022 16:45:34 GMT",
        "x-ms-version": "2019-12-12"
      },
      "RequestBody": null,
      "StatusCode": 202,
      "ResponseHeaders": {
        "Content-Length": "0",
        "Date": "Thu, 03 Mar 2022 16:45:34 GMT",
        "Server": [
          "Windows-Azure-Blob/1.0",
          "Microsoft-HTTPAPI/2.0"
        ],
        "x-ms-request-id": "273ca7ef-a01e-0021-1a1e-2fab03000000",
        "x-ms-version": "2019-12-12"
      },
      "ResponseBody": null
    }
  ],
  "Variables": {}
}
