{
  "Entries": [
    {
      "RequestUri": "https://fakestorageaccount.blob.core.windows.net/gocgetpropertiesreturnstagscount?restype=container",
      "RequestMethod": "PUT",
      "RequestHeaders": {
        "Accept": "application/xml",
        "Accept-Encoding": "gzip",
        "Authorization": "Sanitized",
        "Content-Length": "0",
        "User-Agent": "azsdk-go-azblob/v0.3.1 azsdk-go-azcore/v0.21.1 (go1.16.7; Windows_NT)",
        "x-ms-date": "Thu, 03 Mar 2022 16:48:50 GMT",
        "x-ms-version": "2019-12-12"
      },
      "RequestBody": null,
      "StatusCode": 201,
      "ResponseHeaders": {
        "Content-Length": "0",
        "Date": "Thu, 03 Mar 2022 16:48:49 GMT",
        "ETag": "\u00220x8D9FD35B129456C\u0022",
        "Last-Modified": "Thu, 03 Mar 2022 16:48:49 GMT",
        "Server": [
          "Windows-Azure-Blob/1.0",
          "Microsoft-HTTPAPI/2.0"
        ],
        "x-ms-request-id": "2741202c-a01e-0021-7b1e-2fab03000000",
        "x-ms-version": "2019-12-12"
      },
      "ResponseBody": null
    },
    {
      "RequestUri": "https://fakestorageaccount.blob.core.windows.net/gocgetpropertiesreturnstagscount/gotestblobgetpropertiesreturnstagscount",
      "RequestMethod": "PUT",
      "RequestHeaders": {
        "Accept": "application/xml",
        "Accept-Encoding": "gzip",
        "Authorization": "Sanitized",
        "Content-Length": "4",
        "Content-Type": "application/octet-stream",
        "User-Agent": "azsdk-go-azblob/v0.3.1 azsdk-go-azcore/v0.21.1 (go1.16.7; Windows_NT)",
        "x-ms-blob-cache-control": "control",
        "x-ms-blob-content-disposition": "my_disposition",
        "x-ms-blob-content-encoding": "my_encoding",
        "x-ms-blob-content-language": "my_language",
        "x-ms-blob-content-type": "my_type",
        "x-ms-blob-type": "BlockBlob",
        "x-ms-date": "Thu, 03 Mar 2022 16:48:50 GMT",
        "x-ms-meta-foo": "bar",
        "x-ms-tags": "azure=blob\u0026blob=sdk\u0026sdk=go",
        "x-ms-version": "2019-12-12"
      },
      "RequestBody": "ZGF0YQ==",
      "StatusCode": 201,
      "ResponseHeaders": {
        "Content-Length": "0",
        "Content-MD5": "jXd/OF09/siBXSD3SWAm3A==",
        "Date": "Thu, 03 Mar 2022 16:48:49 GMT",
        "ETag": "\u00220x8D9FD35B159A995\u0022",
        "Last-Modified": "Thu, 03 Mar 2022 16:48:50 GMT",
        "Server": [
          "Windows-Azure-Blob/1.0",
          "Microsoft-HTTPAPI/2.0"
        ],
        "x-ms-content-crc64": "gCf8jkNhru0=",
        "x-ms-request-id": "274121d5-a01e-0021-7f1e-2fab03000000",
        "x-ms-request-server-encrypted": "true",
        "x-ms-version": "2019-12-12",
        "x-ms-version-id": "2022-03-03T16:48:50.0173205Z"
      },
      "ResponseBody": null
    },
    {
      "RequestUri": "https://fakestorageaccount.blob.core.windows.net/gocgetpropertiesreturnstagscount/gotestblobgetpropertiesreturnstagscount",
      "RequestMethod": "HEAD",
      "RequestHeaders": {
        "Accept": "application/xml",
        "Authorization": "Sanitized",
        "User-Agent": "azsdk-go-azblob/v0.3.1 azsdk-go-azcore/v0.21.1 (go1.16.7; Windows_NT)",
        "x-ms-date": "Thu, 03 Mar 2022 16:48:51 GMT",
        "x-ms-version": "2019-12-12"
      },
      "RequestBody": null,
      "StatusCode": 200,
      "ResponseHeaders": {
        "Accept-Ranges": "bytes",
        "Cache-Control": "control",
        "Content-Disposition": "my_disposition",
        "Content-Encoding": "my_encoding",
        "Content-Language": "my_language",
        "Content-Length": "4",
        "Content-MD5": "jXd/OF09/siBXSD3SWAm3A==",
        "Content-Type": "my_type",
        "Date": "Thu, 03 Mar 2022 16:48:50 GMT",
        "ETag": "\u00220x8D9FD35B159A995\u0022",
        "Last-Modified": "Thu, 03 Mar 2022 16:48:50 GMT",
        "Server": [
          "Windows-Azure-Blob/1.0",
          "Microsoft-HTTPAPI/2.0"
        ],
        "x-ms-access-tier": "Hot",
        "x-ms-access-tier-inferred": "true",
        "x-ms-blob-type": "BlockBlob",
        "x-ms-creation-time": "Thu, 03 Mar 2022 16:48:50 GMT",
        "x-ms-is-current-version": "true",
        "x-ms-lease-state": "available",
        "x-ms-lease-status": "unlocked",
        "x-ms-meta-foo": "bar",
        "x-ms-request-id": "2741237b-a01e-0021-061e-2fab03000000",
        "x-ms-server-encrypted": "true",
        "x-ms-tag-count": "3",
        "x-ms-version": "2019-12-12",
        "x-ms-version-id": "2022-03-03T16:48:50.0173205Z"
      },
      "ResponseBody": null
    },
    {
      "RequestUri": "https://fakestorageaccount.blob.core.windows.net/gocgetpropertiesreturnstagscount/gotestblobgetpropertiesreturnstagscount",
      "RequestMethod": "GET",
      "RequestHeaders": {
        ":method": "GET",
        "Accept": "application/xml",
        "Accept-Encoding": "gzip",
        "Authorization": "Sanitized",
        "User-Agent": "azsdk-go-azblob/v0.3.1 azsdk-go-azcore/v0.21.1 (go1.16.7; Windows_NT)",
        "x-ms-date": "Thu, 03 Mar 2022 16:48:51 GMT",
        "x-ms-version": "2019-12-12"
      },
      "RequestBody": null,
      "StatusCode": 200,
      "ResponseHeaders": {
        "Accept-Ranges": "bytes",
        "Cache-Control": "control",
        "Content-Disposition": "my_disposition",
        "Content-Encoding": "my_encoding",
        "Content-Language": "my_language",
        "Content-Length": "4",
        "Content-MD5": "jXd/OF09/siBXSD3SWAm3A==",
        "Content-Type": "my_type",
        "Date": "Thu, 03 Mar 2022 16:48:50 GMT",
        "ETag": "\u00220x8D9FD35B159A995\u0022",
        "Last-Modified": "Thu, 03 Mar 2022 16:48:50 GMT",
        "Server": [
          "Windows-Azure-Blob/1.0",
          "Microsoft-HTTPAPI/2.0"
        ],
        "x-ms-blob-type": "BlockBlob",
        "x-ms-creation-time": "Thu, 03 Mar 2022 16:48:50 GMT",
        "x-ms-is-current-version": "true",
        "x-ms-lease-state": "available",
        "x-ms-lease-status": "unlocked",
        "x-ms-meta-foo": "bar",
        "x-ms-request-id": "2741254a-a01e-0021-3b1e-2fab03000000",
        "x-ms-server-encrypted": "true",
        "x-ms-tag-count": "3",
        "x-ms-version": "2019-12-12",
        "x-ms-version-id": "2022-03-03T16:48:50.0173205Z"
      },
      "ResponseBody": "ZGF0YQ=="
    },
    {
      "RequestUri": "https://fakestorageaccount.blob.core.windows.net/gocgetpropertiesreturnstagscount?restype=container",
      "RequestMethod": "DELETE",
      "RequestHeaders": {
        "Accept": "application/xml",
        "Accept-Encoding": "gzip",
        "Authorization": "Sanitized",
        "User-Agent": "azsdk-go-azblob/v0.3.1 azsdk-go-azcore/v0.21.1 (go1.16.7; Windows_NT)",
        "x-ms-date": "Thu, 03 Mar 2022 16:48:51 GMT",
        "x-ms-version": "2019-12-12"
      },
      "RequestBody": null,
      "StatusCode": 202,
      "ResponseHeaders": {
        "Content-Length": "0",
        "Date": "Thu, 03 Mar 2022 16:48:50 GMT",
        "Server": [
          "Windows-Azure-Blob/1.0",
          "Microsoft-HTTPAPI/2.0"
        ],
        "x-ms-request-id": "274126f7-a01e-0021-411e-2fab03000000",
        "x-ms-version": "2019-12-12"
      },
      "ResponseBody": null
    }
  ],
  "Variables": {}
}
