{
  "Entries": [
    {
      "RequestUri": "https://fakestorageaccount.blob.core.windows.net/gocblobdownloaddatacountnegative?restype=container",
      "RequestMethod": "PUT",
      "RequestHeaders": {
        "Accept": "application/xml",
        "Accept-Encoding": "gzip",
        "Authorization": "Sanitized",
        "Content-Length": "0",
        "User-Agent": "azsdk-go-azblob/v0.3.1 azsdk-go-azcore/v0.21.1 (go1.16.7; Windows_NT)",
        "x-ms-date": "Fri, 04 Mar 2022 15:51:07 GMT",
        "x-ms-version": "2019-12-12"
      },
      "RequestBody": null,
      "StatusCode": 201,
      "ResponseHeaders": {
        "Content-Length": "0",
        "Date": "Fri, 04 Mar 2022 15:51:05 GMT",
        "ETag": "\u00220x8D9FDF6CB7854F3\u0022",
        "Last-Modified": "Fri, 04 Mar 2022 15:51:06 GMT",
        "Server": [
          "Windows-Azure-Blob/1.0",
          "Microsoft-HTTPAPI/2.0"
        ],
        "x-ms-request-id": "70fe6dfd-601e-0063-7fdf-2f1283000000",
        "x-ms-version": "2019-12-12"
      },
      "ResponseBody": null
    },
    {
      "RequestUri": "https://fakestorageaccount.blob.core.windows.net/gocblobdownloaddatacountnegative/gotestblobblobdownloaddatacountnegative",
      "RequestMethod": "PUT",
      "RequestHeaders": {
        "Accept": "application/xml",
        "Accept-Encoding": "gzip",
        "Authorization": "Sanitized",
        "Content-Length": "15",
        "Content-Type": "application/octet-stream",
        "User-Agent": "azsdk-go-azblob/v0.3.1 azsdk-go-azcore/v0.21.1 (go1.16.7; Windows_NT)",
        "x-ms-blob-type": "BlockBlob",
        "x-ms-date": "Fri, 04 Mar 2022 15:51:07 GMT",
        "x-ms-version": "2019-12-12"
      },
      "RequestBody": "R29CbG9ja0Jsb2JEYXRh",
      "StatusCode": 201,
      "ResponseHeaders": {
        "Content-Length": "0",
        "Content-MD5": "ebncwguMQu9sgPmr0GazhA==",
        "Date": "Fri, 04 Mar 2022 15:51:06 GMT",
        "ETag": "\u00220x8D9FDF6CBA05DC2\u0022",
        "Last-Modified": "Fri, 04 Mar 2022 15:51:06 GMT",
        "Server": [
          "Windows-Azure-Blob/1.0",
          "Microsoft-HTTPAPI/2.0"
        ],
        "x-ms-content-crc64": "\u002BJGsS7CR5kg=",
        "x-ms-request-id": "70fe6f4e-601e-0063-79df-2f1283000000",
        "x-ms-request-server-encrypted": "true",
        "x-ms-version": "2019-12-12",
        "x-ms-version-id": "2022-03-04T15:51:06.9702594Z"
      },
      "ResponseBody": null
    },
    {
      "RequestUri": "https://fakestorageaccount.blob.core.windows.net/gocblobdownloaddatacountnegative/gotestblobblobdownloaddatacountnegative",
      "RequestMethod": "GET",
      "RequestHeaders": {
        ":method": "GET",
        "Accept": "application/xml",
        "Accept-Encoding": "gzip",
        "Authorization": "Sanitized",
        "User-Agent": "azsdk-go-azblob/v0.3.1 azsdk-go-azcore/v0.21.1 (go1.16.7; Windows_NT)",
        "x-ms-date": "Fri, 04 Mar 2022 15:51:07 GMT",
        "x-ms-range": "bytes=0-",
        "x-ms-version": "2019-12-12"
      },
      "RequestBody": null,
      "StatusCode": 206,
      "ResponseHeaders": {
        "Accept-Ranges": "bytes",
        "Content-Length": "15",
        "Content-Range": "bytes 0-14/15",
        "Content-Type": "application/octet-stream",
        "Date": "Fri, 04 Mar 2022 15:51:06 GMT",
        "ETag": "\u00220x8D9FDF6CBA05DC2\u0022",
        "Last-Modified": "Fri, 04 Mar 2022 15:51:06 GMT",
        "Server": [
          "Windows-Azure-Blob/1.0",
          "Microsoft-HTTPAPI/2.0"
        ],
        "x-ms-blob-content-md5": "ebncwguMQu9sgPmr0GazhA==",
        "x-ms-blob-type": "BlockBlob",
        "x-ms-creation-time": "Fri, 04 Mar 2022 15:51:06 GMT",
        "x-ms-is-current-version": "true",
        "x-ms-lease-state": "available",
        "x-ms-lease-status": "unlocked",
        "x-ms-request-id": "70fe7104-601e-0063-20df-2f1283000000",
        "x-ms-server-encrypted": "true",
        "x-ms-version": "2019-12-12",
        "x-ms-version-id": "2022-03-04T15:51:06.9702594Z"
      },
      "ResponseBody": "R29CbG9ja0Jsb2JEYXRh"
    },
    {
      "RequestUri": "https://fakestorageaccount.blob.core.windows.net/gocblobdownloaddatacountnegative?restype=container",
      "RequestMethod": "DELETE",
      "RequestHeaders": {
        "Accept": "application/xml",
        "Accept-Encoding": "gzip",
        "Authorization": "Sanitized",
        "User-Agent": "azsdk-go-azblob/v0.3.1 azsdk-go-azcore/v0.21.1 (go1.16.7; Windows_NT)",
        "x-ms-date": "Fri, 04 Mar 2022 15:51:07 GMT",
        "x-ms-version": "2019-12-12"
      },
      "RequestBody": null,
      "StatusCode": 202,
      "ResponseHeaders": {
        "Content-Length": "0",
        "Date": "Fri, 04 Mar 2022 15:51:06 GMT",
        "Server": [
          "Windows-Azure-Blob/1.0",
          "Microsoft-HTTPAPI/2.0"
        ],
        "x-ms-request-id": "70fe72df-601e-0063-6cdf-2f1283000000",
        "x-ms-version": "2019-12-12"
      },
      "ResponseBody": null
    }
  ],
  "Variables": {}
}
