{
  "Entries": [
    {
      "RequestUri": "https://fakestorageaccount.blob.core.windows.net/gocblobgetpagerangesifmodifiedsincefalse?restype=container",
      "RequestMethod": "PUT",
      "RequestHeaders": {
        "Accept": "application/xml",
        "Accept-Encoding": "gzip",
        "Authorization": "Sanitized",
        "Content-Length": "0",
        "User-Agent": "azsdk-go-azblob/v0.3.1 azsdk-go-azcore/v0.21.1 (go1.16.7; Windows_NT)",
        "x-ms-date": "Thu, 03 Mar 2022 17:00:34 GMT",
        "x-ms-version": "2019-12-12"
      },
      "RequestBody": null,
      "StatusCode": 201,
      "ResponseHeaders": {
        "Content-Length": "0",
        "Date": "Thu, 03 Mar 2022 17:00:32 GMT",
        "ETag": "\u00220x8D9FD3754AA382F\u0022",
        "Last-Modified": "Thu, 03 Mar 2022 17:00:33 GMT",
        "Server": [
          "Windows-Azure-Blob/1.0",
          "Microsoft-HTTPAPI/2.0"
        ],
        "x-ms-request-id": "4c8080fe-801e-007b-0120-2fcde4000000",
        "x-ms-version": "2019-12-12"
      },
      "ResponseBody": null
    },
    {
      "RequestUri": "https://fakestorageaccount.blob.core.windows.net/gocblobgetpagerangesifmodifiedsincefalse/gotestblobblobgetpagerangesifmodifiedsincefalse",
      "RequestMethod": "PUT",
      "RequestHeaders": {
        "Accept": "application/xml",
        "Accept-Encoding": "gzip",
        "Authorization": "Sanitized",
        "Content-Length": "0",
        "User-Agent": "azsdk-go-azblob/v0.3.1 azsdk-go-azcore/v0.21.1 (go1.16.7; Windows_NT)",
        "x-ms-blob-content-length": "5120",
        "x-ms-blob-type": "PageBlob",
        "x-ms-date": "Thu, 03 Mar 2022 17:00:34 GMT",
        "x-ms-version": "2019-12-12"
      },
      "RequestBody": null,
      "StatusCode": 201,
      "ResponseHeaders": {
        "Content-Length": "0",
        "Date": "Thu, 03 Mar 2022 17:00:33 GMT",
        "ETag": "\u00220x8D9FD3754E3D71B\u0022",
        "Last-Modified": "Thu, 03 Mar 2022 17:00:33 GMT",
        "Server": [
          "Windows-Azure-Blob/1.0",
          "Microsoft-HTTPAPI/2.0"
        ],
        "x-ms-request-id": "4c8082b1-801e-007b-1320-2fcde4000000",
        "x-ms-request-server-encrypted": "true",
        "x-ms-version": "2019-12-12",
        "x-ms-version-id": "2022-03-03T17:00:33.8882331Z"
      },
      "ResponseBody": null
    },
    {
      "RequestUri": "https://fakestorageaccount.blob.core.windows.net/gocblobgetpagerangesifmodifiedsincefalse/gotestblobblobgetpagerangesifmodifiedsincefalse?comp=page",
      "RequestMethod": "PUT",
      "RequestHeaders": {
        "Accept": "application/xml",
        "Accept-Encoding": "gzip",
        "Authorization": "Sanitized",
        "Content-Length": "512",
        "Content-Type": "application/octet-stream",
        "User-Agent": "azsdk-go-azblob/v0.3.1 azsdk-go-azcore/v0.21.1 (go1.16.7; Windows_NT)",
        "x-ms-date": "Thu, 03 Mar 2022 17:00:34 GMT",
        "x-ms-page-write": "update",
        "x-ms-range": "bytes=0-511",
        "x-ms-version": "2019-12-12"
      },
      "RequestBody": "MlNEZ1pqNlJrS1l6SnB1MDRzd2VRZWs0dVdITzhuZFBuWWxaMHRuRlM2MWhqbkZaNUlrdklHR1k0NGVLQUJvdjJTRGdaajZSa0tZekpwdTA0c3dlUWVrNHVXSE84bmRQbllsWjB0bkZTNjFoam5GWjVJa3ZJR0dZNDRlS0FCb3YyU0RnWmo2UmtLWXpKcHUwNHN3ZVFlazR1V0hPOG5kUG5ZbFowdG5GUzYxaGpuRlo1SWt2SUdHWTQ0ZUtBQm92MlNEZ1pqNlJrS1l6SnB1MDRzd2VRZWs0dVdITzhuZFBuWWxaMHRuRlM2MWhqbkZaNUlrdklHR1k0NGVLQUJvdjJTRGdaajZSa0tZekpwdTA0c3dlUWVrNHVXSE84bmRQbllsWjB0bkZTNjFoam5GWjVJa3ZJR0dZNDRlS0FCb3YyU0RnWmo2UmtLWXpKcHUwNHN3ZVFlazR1V0hPOG5kUG5ZbFowdG5GUzYxaGpuRlo1SWt2SUdHWTQ0ZUtBQm92MlNEZ1pqNlJrS1l6SnB1MDRzd2VRZWs0dVdITzhuZFBuWWxaMHRuRlM2MWhqbkZaNUlrdklHR1k0NGVLQUJvdjJTRGdaajZSa0tZekpwdTA0c3dlUWVrNHVXSE84bmRQbllsWjB0bkZTNjFoam5GWjVJa3ZJR0dZNDRlS0FCb3Y=",
      "StatusCode": 201,
      "ResponseHeaders": {
        "Content-Length": "0",
        "Date": "Thu, 03 Mar 2022 17:00:33 GMT",
        "ETag": "\u00220x8D9FD37551407C2\u0022",
        "Last-Modified": "Thu, 03 Mar 2022 17:00:34 GMT",
        "Server": [
          "Windows-Azure-Blob/1.0",
          "Microsoft-HTTPAPI/2.0"
        ],
        "x-ms-blob-sequence-number": "0",
        "x-ms-content-crc64": "qaHtT3LwL1s=",
        "x-ms-request-id": "4c808422-801e-007b-5520-2fcde4000000",
        "x-ms-request-server-encrypted": "true",
        "x-ms-version": "2019-12-12"
      },
      "ResponseBody": null
    },
    {
      "RequestUri": "https://fakestorageaccount.blob.core.windows.net/gocblobgetpagerangesifmodifiedsincefalse/gotestblobblobgetpagerangesifmodifiedsincefalse",
      "RequestMethod": "HEAD",
      "RequestHeaders": {
        "Accept": "application/xml",
        "Authorization": "Sanitized",
        "User-Agent": "azsdk-go-azblob/v0.3.1 azsdk-go-azcore/v0.21.1 (go1.16.7; Windows_NT)",
        "x-ms-date": "Thu, 03 Mar 2022 17:00:35 GMT",
        "x-ms-version": "2019-12-12"
      },
      "RequestBody": null,
      "StatusCode": 200,
      "ResponseHeaders": {
        "Accept-Ranges": "bytes",
        "Content-Length": "5120",
        "Content-Type": "application/octet-stream",
        "Date": "Thu, 03 Mar 2022 17:00:33 GMT",
        "ETag": "\u00220x8D9FD37551407C2\u0022",
        "Last-Modified": "Thu, 03 Mar 2022 17:00:34 GMT",
        "Server": [
          "Windows-Azure-Blob/1.0",
          "Microsoft-HTTPAPI/2.0"
        ],
        "x-ms-blob-sequence-number": "0",
        "x-ms-blob-type": "PageBlob",
        "x-ms-creation-time": "Thu, 03 Mar 2022 17:00:33 GMT",
        "x-ms-is-current-version": "true",
        "x-ms-lease-state": "available",
        "x-ms-lease-status": "unlocked",
        "x-ms-request-id": "4c808659-801e-007b-5120-2fcde4000000",
        "x-ms-server-encrypted": "true",
        "x-ms-version": "2019-12-12",
        "x-ms-version-id": "2022-03-03T17:00:33.8882331Z"
      },
      "ResponseBody": null
    },
    {
      "RequestUri": "https://fakestorageaccount.blob.core.windows.net/gocblobgetpagerangesifmodifiedsincefalse/gotestblobblobgetpagerangesifmodifiedsincefalse?comp=pagelist",
      "RequestMethod": "GET",
      "RequestHeaders": {
        ":method": "GET",
        "Accept": "application/xml",
        "Accept-Encoding": "gzip",
        "Authorization": "Sanitized",
        "If-Modified-Since": "Thu, 03 Mar 2022 17:00:43 GMT",
        "User-Agent": "azsdk-go-azblob/v0.3.1 azsdk-go-azcore/v0.21.1 (go1.16.7; Windows_NT)",
        "x-ms-date": "Thu, 03 Mar 2022 17:00:35 GMT",
        "x-ms-version": "2019-12-12"
      },
      "RequestBody": null,
      "StatusCode": 304,
      "ResponseHeaders": {
        "Content-Length": "0",
        "Content-Type": "application/xml",
        "Date": "Thu, 03 Mar 2022 17:00:34 GMT",
        "Server": [
          "Windows-Azure-Blob/1.0",
          "Microsoft-HTTPAPI/2.0"
        ],
        "x-ms-error-code": "ConditionNotMet",
        "x-ms-request-id": "4c80875a-801e-007b-4220-2fcde4000000",
        "x-ms-version": "2019-12-12"
      },
      "ResponseBody": null
    },
    {
      "RequestUri": "https://fakestorageaccount.blob.core.windows.net/gocblobgetpagerangesifmodifiedsincefalse?restype=container",
      "RequestMethod": "DELETE",
      "RequestHeaders": {
        "Accept": "application/xml",
        "Accept-Encoding": "gzip",
        "Authorization": "Sanitized",
        "User-Agent": "azsdk-go-azblob/v0.3.1 azsdk-go-azcore/v0.21.1 (go1.16.7; Windows_NT)",
        "x-ms-date": "Thu, 03 Mar 2022 17:00:35 GMT",
        "x-ms-version": "2019-12-12"
      },
      "RequestBody": null,
      "StatusCode": 202,
      "ResponseHeaders": {
        "Content-Length": "0",
        "Date": "Thu, 03 Mar 2022 17:00:34 GMT",
        "Server": [
          "Windows-Azure-Blob/1.0",
          "Microsoft-HTTPAPI/2.0"
        ],
        "x-ms-request-id": "4c808898-801e-007b-6a20-2fcde4000000",
        "x-ms-version": "2019-12-12"
      },
      "ResponseBody": null
    }
  ],
  "Variables": {}
}
