{
  "Entries": [
    {
      "RequestUri": "https://fakestorageaccount.blob.core.windows.net/gocsettieronblobupload?restype=container",
      "RequestMethod": "PUT",
      "RequestHeaders": {
        "Accept": "application/xml",
        "Accept-Encoding": "gzip",
        "Authorization": "Sanitized",
        "Content-Length": "0",
        "User-Agent": "azsdk-go-azblob/v0.3.1 azsdk-go-azcore/v0.21.1 (go1.16.7; Windows_NT)",
        "x-ms-date": "Fri, 04 Mar 2022 15:54:07 GMT",
        "x-ms-version": "2019-12-12"
      },
      "RequestBody": null,
      "StatusCode": 201,
      "ResponseHeaders": {
        "Content-Length": "0",
        "Date": "Fri, 04 Mar 2022 15:54:05 GMT",
        "ETag": "\u00220x8D9FDF736B8C269\u0022",
        "Last-Modified": "Fri, 04 Mar 2022 15:54:06 GMT",
        "Server": [
          "Windows-Azure-Blob/1.0",
          "Microsoft-HTTPAPI/2.0"
        ],
        "x-ms-request-id": "7102eea5-601e-0063-19e0-2f1283000000",
        "x-ms-version": "2019-12-12"
      },
      "ResponseBody": null
    },
    {
      "RequestUri": "https://fakestorageaccount.blob.core.windows.net/gocsettieronblobupload/archivegotestblobsettieronblobupload",
      "RequestMethod": "PUT",
      "RequestHeaders": {
        "Accept": "application/xml",
        "Accept-Encoding": "gzip",
        "Authorization": "Sanitized",
        "Content-Length": "15",
        "Content-Type": "application/octet-stream",
        "User-Agent": "azsdk-go-azblob/v0.3.1 azsdk-go-azcore/v0.21.1 (go1.16.7; Windows_NT)",
        "x-ms-access-tier": "Archive",
        "x-ms-blob-cache-control": "control",
        "x-ms-blob-content-disposition": "my_disposition",
        "x-ms-blob-content-encoding": "my_encoding",
        "x-ms-blob-content-language": "my_language",
        "x-ms-blob-content-type": "my_type",
        "x-ms-blob-type": "BlockBlob",
        "x-ms-date": "Fri, 04 Mar 2022 15:54:07 GMT",
        "x-ms-version": "2019-12-12"
      },
      "RequestBody": "R29CbG9ja0Jsb2JEYXRh",
      "StatusCode": 201,
      "ResponseHeaders": {
        "Content-Length": "0",
        "Content-MD5": "ebncwguMQu9sgPmr0GazhA==",
        "Date": "Fri, 04 Mar 2022 15:54:05 GMT",
        "ETag": "\u00220x8D9FDF736DEF3A5\u0022",
        "Last-Modified": "Fri, 04 Mar 2022 15:54:06 GMT",
        "Server": [
          "Windows-Azure-Blob/1.0",
          "Microsoft-HTTPAPI/2.0"
        ],
        "x-ms-content-crc64": "\u002BJGsS7CR5kg=",
        "x-ms-request-id": "7102f055-601e-0063-17e0-2f1283000000",
        "x-ms-request-server-encrypted": "true",
        "x-ms-version": "2019-12-12",
        "x-ms-version-id": "2022-03-04T15:54:06.8966309Z"
      },
      "ResponseBody": null
    },
    {
      "RequestUri": "https://fakestorageaccount.blob.core.windows.net/gocsettieronblobupload/archivegotestblobsettieronblobupload",
      "RequestMethod": "HEAD",
      "RequestHeaders": {
        "Accept": "application/xml",
        "Authorization": "Sanitized",
        "User-Agent": "azsdk-go-azblob/v0.3.1 azsdk-go-azcore/v0.21.1 (go1.16.7; Windows_NT)",
        "x-ms-date": "Fri, 04 Mar 2022 15:54:07 GMT",
        "x-ms-version": "2019-12-12"
      },
      "RequestBody": null,
      "StatusCode": 200,
      "ResponseHeaders": {
        "Accept-Ranges": "bytes",
        "Cache-Control": "control",
        "Content-Disposition": "my_disposition",
        "Content-Encoding": "my_encoding",
        "Content-Language": "my_language",
        "Content-Length": "15",
        "Content-MD5": "ebncwguMQu9sgPmr0GazhA==",
        "Content-Type": "my_type",
        "Date": "Fri, 04 Mar 2022 15:54:06 GMT",
        "ETag": "\u00220x8D9FDF736DEF3A5\u0022",
        "Last-Modified": "Fri, 04 Mar 2022 15:54:06 GMT",
        "Server": [
          "Windows-Azure-Blob/1.0",
          "Microsoft-HTTPAPI/2.0"
        ],
        "x-ms-access-tier": "Archive",
        "x-ms-access-tier-change-time": "Fri, 04 Mar 2022 15:54:06 GMT",
        "x-ms-blob-type": "BlockBlob",
        "x-ms-creation-time": "Fri, 04 Mar 2022 15:54:06 GMT",
        "x-ms-is-current-version": "true",
        "x-ms-lease-state": "available",
        "x-ms-lease-status": "unlocked",
        "x-ms-request-id": "7102f1ba-601e-0063-58e0-2f1283000000",
        "x-ms-server-encrypted": "true",
        "x-ms-version": "2019-12-12",
        "x-ms-version-id": "2022-03-04T15:54:06.8966309Z"
      },
      "ResponseBody": null
    },
    {
      "RequestUri": "https://fakestorageaccount.blob.core.windows.net/gocsettieronblobupload/coolgotestblobsettieronblobupload",
      "RequestMethod": "PUT",
      "RequestHeaders": {
        "Accept": "application/xml",
        "Accept-Encoding": "gzip",
        "Authorization": "Sanitized",
        "Content-Length": "15",
        "Content-Type": "application/octet-stream",
        "User-Agent": "azsdk-go-azblob/v0.3.1 azsdk-go-azcore/v0.21.1 (go1.16.7; Windows_NT)",
        "x-ms-access-tier": "Cool",
        "x-ms-blob-cache-control": "control",
        "x-ms-blob-content-disposition": "my_disposition",
        "x-ms-blob-content-encoding": "my_encoding",
        "x-ms-blob-content-language": "my_language",
        "x-ms-blob-content-type": "my_type",
        "x-ms-blob-type": "BlockBlob",
        "x-ms-date": "Fri, 04 Mar 2022 15:54:07 GMT",
        "x-ms-version": "2019-12-12"
      },
      "RequestBody": "R29CbG9ja0Jsb2JEYXRh",
      "StatusCode": 201,
      "ResponseHeaders": {
        "Content-Length": "0",
        "Content-MD5": "ebncwguMQu9sgPmr0GazhA==",
        "Date": "Fri, 04 Mar 2022 15:54:06 GMT",
        "ETag": "\u00220x8D9FDF7372A7079\u0022",
        "Last-Modified": "Fri, 04 Mar 2022 15:54:07 GMT",
        "Server": [
          "Windows-Azure-Blob/1.0",
          "Microsoft-HTTPAPI/2.0"
        ],
        "x-ms-content-crc64": "\u002BJGsS7CR5kg=",
        "x-ms-request-id": "7102f321-601e-0063-2ce0-2f1283000000",
        "x-ms-request-server-encrypted": "true",
        "x-ms-version": "2019-12-12",
        "x-ms-version-id": "2022-03-04T15:54:07.3913465Z"
      },
      "ResponseBody": null
    },
    {
      "RequestUri": "https://fakestorageaccount.blob.core.windows.net/gocsettieronblobupload/coolgotestblobsettieronblobupload",
      "RequestMethod": "HEAD",
      "RequestHeaders": {
        "Accept": "application/xml",
        "Authorization": "Sanitized",
        "User-Agent": "azsdk-go-azblob/v0.3.1 azsdk-go-azcore/v0.21.1 (go1.16.7; Windows_NT)",
        "x-ms-date": "Fri, 04 Mar 2022 15:54:08 GMT",
        "x-ms-version": "2019-12-12"
      },
      "RequestBody": null,
      "StatusCode": 200,
      "ResponseHeaders": {
        "Accept-Ranges": "bytes",
        "Cache-Control": "control",
        "Content-Disposition": "my_disposition",
        "Content-Encoding": "my_encoding",
        "Content-Language": "my_language",
        "Content-Length": "15",
        "Content-MD5": "ebncwguMQu9sgPmr0GazhA==",
        "Content-Type": "my_type",
        "Date": "Fri, 04 Mar 2022 15:54:06 GMT",
        "ETag": "\u00220x8D9FDF7372A7079\u0022",
        "Last-Modified": "Fri, 04 Mar 2022 15:54:07 GMT",
        "Server": [
          "Windows-Azure-Blob/1.0",
          "Microsoft-HTTPAPI/2.0"
        ],
        "x-ms-access-tier": "Cool",
        "x-ms-access-tier-change-time": "Fri, 04 Mar 2022 15:54:07 GMT",
        "x-ms-blob-type": "BlockBlob",
        "x-ms-creation-time": "Fri, 04 Mar 2022 15:54:07 GMT",
        "x-ms-is-current-version": "true",
        "x-ms-lease-state": "available",
        "x-ms-lease-status": "unlocked",
        "x-ms-request-id": "7102f4b3-601e-0063-1ae0-2f1283000000",
        "x-ms-server-encrypted": "true",
        "x-ms-version": "2019-12-12",
        "x-ms-version-id": "2022-03-04T15:54:07.3913465Z"
      },
      "ResponseBody": null
    },
    {
      "RequestUri": "https://fakestorageaccount.blob.core.windows.net/gocsettieronblobupload/hotgotestblobsettieronblobupload",
      "RequestMethod": "PUT",
      "RequestHeaders": {
        "Accept": "application/xml",
        "Accept-Encoding": "gzip",
        "Authorization": "Sanitized",
        "Content-Length": "15",
        "Content-Type": "application/octet-stream",
        "User-Agent": "azsdk-go-azblob/v0.3.1 azsdk-go-azcore/v0.21.1 (go1.16.7; Windows_NT)",
        "x-ms-access-tier": "Hot",
        "x-ms-blob-cache-control": "control",
        "x-ms-blob-content-disposition": "my_disposition",
        "x-ms-blob-content-encoding": "my_encoding",
        "x-ms-blob-content-language": "my_language",
        "x-ms-blob-content-type": "my_type",
        "x-ms-blob-type": "BlockBlob",
        "x-ms-date": "Fri, 04 Mar 2022 15:54:08 GMT",
        "x-ms-version": "2019-12-12"
      },
      "RequestBody": "R29CbG9ja0Jsb2JEYXRh",
      "StatusCode": 201,
      "ResponseHeaders": {
        "Content-Length": "0",
        "Content-MD5": "ebncwguMQu9sgPmr0GazhA==",
        "Date": "Fri, 04 Mar 2022 15:54:06 GMT",
        "ETag": "\u00220x8D9FDF73776D780\u0022",
        "Last-Modified": "Fri, 04 Mar 2022 15:54:07 GMT",
        "Server": [
          "Windows-Azure-Blob/1.0",
          "Microsoft-HTTPAPI/2.0"
        ],
        "x-ms-content-crc64": "\u002BJGsS7CR5kg=",
        "x-ms-request-id": "7102f657-601e-0063-21e0-2f1283000000",
        "x-ms-request-server-encrypted": "true",
        "x-ms-version": "2019-12-12",
        "x-ms-version-id": "2022-03-04T15:54:07.8920576Z"
      },
      "ResponseBody": null
    },
    {
      "RequestUri": "https://fakestorageaccount.blob.core.windows.net/gocsettieronblobupload/hotgotestblobsettieronblobupload",
      "RequestMethod": "HEAD",
      "RequestHeaders": {
        "Accept": "application/xml",
        "Authorization": "Sanitized",
        "User-Agent": "azsdk-go-azblob/v0.3.1 azsdk-go-azcore/v0.21.1 (go1.16.7; Windows_NT)",
        "x-ms-date": "Fri, 04 Mar 2022 15:54:08 GMT",
        "x-ms-version": "2019-12-12"
      },
      "RequestBody": null,
      "StatusCode": 200,
      "ResponseHeaders": {
        "Accept-Ranges": "bytes",
        "Cache-Control": "control",
        "Content-Disposition": "my_disposition",
        "Content-Encoding": "my_encoding",
        "Content-Language": "my_language",
        "Content-Length": "15",
        "Content-MD5": "ebncwguMQu9sgPmr0GazhA==",
        "Content-Type": "my_type",
        "Date": "Fri, 04 Mar 2022 15:54:07 GMT",
        "ETag": "\u00220x8D9FDF73776D780\u0022",
        "Last-Modified": "Fri, 04 Mar 2022 15:54:07 GMT",
        "Server": [
          "Windows-Azure-Blob/1.0",
          "Microsoft-HTTPAPI/2.0"
        ],
        "x-ms-access-tier": "Hot",
        "x-ms-access-tier-change-time": "Fri, 04 Mar 2022 15:54:07 GMT",
        "x-ms-blob-type": "BlockBlob",
        "x-ms-creation-time": "Fri, 04 Mar 2022 15:54:07 GMT",
        "x-ms-is-current-version": "true",
        "x-ms-lease-state": "available",
        "x-ms-lease-status": "unlocked",
        "x-ms-request-id": "7102f836-601e-0063-5be0-2f1283000000",
        "x-ms-server-encrypted": "true",
        "x-ms-version": "2019-12-12",
        "x-ms-version-id": "2022-03-04T15:54:07.8920576Z"
      },
      "ResponseBody": null
    },
    {
      "RequestUri": "https://fakestorageaccount.blob.core.windows.net/gocsettieronblobupload?restype=container",
      "RequestMethod": "DELETE",
      "RequestHeaders": {
        "Accept": "application/xml",
        "Accept-Encoding": "gzip",
        "Authorization": "Sanitized",
        "User-Agent": "azsdk-go-azblob/v0.3.1 azsdk-go-azcore/v0.21.1 (go1.16.7; Windows_NT)",
        "x-ms-date": "Fri, 04 Mar 2022 15:54:08 GMT",
        "x-ms-version": "2019-12-12"
      },
      "RequestBody": null,
      "StatusCode": 202,
      "ResponseHeaders": {
        "Content-Length": "0",
        "Date": "Fri, 04 Mar 2022 15:54:07 GMT",
        "Server": [
          "Windows-Azure-Blob/1.0",
          "Microsoft-HTTPAPI/2.0"
        ],
        "x-ms-request-id": "7102f9d4-601e-0063-50e0-2f1283000000",
        "x-ms-version": "2019-12-12"
      },
      "ResponseBody": null
    }
  ],
  "Variables": {}
}
