{
  "Entries": [
    {
      "RequestUri": "https://fakestorageaccount.blob.core.windows.net/gocputblocklistreturnsvid?restype=container",
      "RequestMethod": "PUT",
      "RequestHeaders": {
        "Accept": "application/xml",
        "Accept-Encoding": "gzip",
        "Authorization": "Sanitized",
        "Content-Length": "0",
        "User-Agent": "azsdk-go-azblob/v0.3.1 azsdk-go-azcore/v0.21.1 (go1.17; Windows_NT)",
        "x-ms-date": "Fri, 25 Feb 2022 19:21:54 GMT",
        "x-ms-version": "2019-12-12"
      },
      "RequestBody": null,
      "StatusCode": 201,
      "ResponseHeaders": {
        "Content-Length": "0",
        "Date": "Fri, 25 Feb 2022 19:21:55 GMT",
        "ETag": "\u00220x8D9F89415D901A8\u0022",
        "Last-Modified": "Fri, 25 Feb 2022 19:21:55 GMT",
        "Server": [
          "Windows-Azure-Blob/1.0",
          "Microsoft-HTTPAPI/2.0"
        ],
        "x-ms-request-id": "2b1be1b4-201e-0061-517c-2a8ed8000000",
        "x-ms-version": "2019-12-12"
      },
      "ResponseBody": null
    },
    {
      "RequestUri": "https://fakestorageaccount.blob.core.windows.net/gocputblocklistreturnsvid/gotestblobputblocklistreturnsvid?blockid=AAAAAA%3D%3D\u0026comp=block",
      "RequestMethod": "PUT",
      "RequestHeaders": {
        "Accept": "application/xml",
        "Accept-Encoding": "gzip",
        "Authorization": "Sanitized",
        "Content-Length": "6",
        "Content-Type": "application/octet-stream",
        "User-Agent": "azsdk-go-azblob/v0.3.1 azsdk-go-azcore/v0.21.1 (go1.17; Windows_NT)",
        "x-ms-date": "Fri, 25 Feb 2022 19:21:55 GMT",
        "x-ms-version": "2019-12-12"
      },
      "RequestBody": "QXp1cmUg",
      "StatusCode": 201,
      "ResponseHeaders": {
        "Content-Length": "0",
        "Date": "Fri, 25 Feb 2022 19:21:55 GMT",
        "Server": [
          "Windows-Azure-Blob/1.0",
          "Microsoft-HTTPAPI/2.0"
        ],
        "x-ms-content-crc64": "5xN7r2MKOFc=",
        "x-ms-request-id": "2b1be1ef-201e-0061-097c-2a8ed8000000",
        "x-ms-request-server-encrypted": "true",
        "x-ms-version": "2019-12-12"
      },
      "ResponseBody": null
    },
    {
      "RequestUri": "https://fakestorageaccount.blob.core.windows.net/gocputblocklistreturnsvid/gotestblobputblocklistreturnsvid?blockid=AQAAAA%3D%3D\u0026comp=block",
      "RequestMethod": "PUT",
      "RequestHeaders": {
        "Accept": "application/xml",
        "Accept-Encoding": "gzip",
        "Authorization": "Sanitized",
        "Content-Length": "8",
        "Content-Type": "application/octet-stream",
        "User-Agent": "azsdk-go-azblob/v0.3.1 azsdk-go-azcore/v0.21.1 (go1.17; Windows_NT)",
        "x-ms-date": "Fri, 25 Feb 2022 19:21:55 GMT",
        "x-ms-version": "2019-12-12"
      },
      "RequestBody": "U3RvcmFnZSA=",
      "StatusCode": 201,
      "ResponseHeaders": {
        "Content-Length": "0",
        "Date": "Fri, 25 Feb 2022 19:21:55 GMT",
        "Server": [
          "Windows-Azure-Blob/1.0",
          "Microsoft-HTTPAPI/2.0"
        ],
        "x-ms-content-crc64": "0F4fHd\u002BuEbM=",
        "x-ms-request-id": "2b1be236-201e-0061-4e7c-2a8ed8000000",
        "x-ms-request-server-encrypted": "true",
        "x-ms-version": "2019-12-12"
      },
      "ResponseBody": null
    },
    {
      "RequestUri": "https://fakestorageaccount.blob.core.windows.net/gocputblocklistreturnsvid/gotestblobputblocklistreturnsvid?blockid=AgAAAA%3D%3D\u0026comp=block",
      "RequestMethod": "PUT",
      "RequestHeaders": {
        "Accept": "application/xml",
        "Accept-Encoding": "gzip",
        "Authorization": "Sanitized",
        "Content-Length": "6",
        "Content-Type": "application/octet-stream",
        "User-Agent": "azsdk-go-azblob/v0.3.1 azsdk-go-azcore/v0.21.1 (go1.17; Windows_NT)",
        "x-ms-date": "Fri, 25 Feb 2022 19:21:55 GMT",
        "x-ms-version": "2019-12-12"
      },
      "RequestBody": "QmxvY2sg",
      "StatusCode": 201,
      "ResponseHeaders": {
        "Content-Length": "0",
        "Date": "Fri, 25 Feb 2022 19:21:55 GMT",
        "Server": [
          "Windows-Azure-Blob/1.0",
          "Microsoft-HTTPAPI/2.0"
        ],
        "x-ms-content-crc64": "En96VMB7Rzc=",
        "x-ms-request-id": "2b1be27e-201e-0061-147c-2a8ed8000000",
        "x-ms-request-server-encrypted": "true",
        "x-ms-version": "2019-12-12"
      },
      "ResponseBody": null
    },
    {
      "RequestUri": "https://fakestorageaccount.blob.core.windows.net/gocputblocklistreturnsvid/gotestblobputblocklistreturnsvid?blockid=AwAAAA%3D%3D\u0026comp=block",
      "RequestMethod": "PUT",
      "RequestHeaders": {
        "Accept": "application/xml",
        "Accept-Encoding": "gzip",
        "Authorization": "Sanitized",
        "Content-Length": "5",
        "Content-Type": "application/octet-stream",
        "User-Agent": "azsdk-go-azblob/v0.3.1 azsdk-go-azcore/v0.21.1 (go1.17; Windows_NT)",
        "x-ms-date": "Fri, 25 Feb 2022 19:21:55 GMT",
        "x-ms-version": "2019-12-12"
      },
      "RequestBody": "QmxvYi4=",
      "StatusCode": 201,
      "ResponseHeaders": {
        "Content-Length": "0",
        "Date": "Fri, 25 Feb 2022 19:21:55 GMT",
        "Server": [
          "Windows-Azure-Blob/1.0",
          "Microsoft-HTTPAPI/2.0"
        ],
        "x-ms-content-crc64": "QMP5wuTzZ/c=",
        "x-ms-request-id": "2b1be2ba-201e-0061-4b7c-2a8ed8000000",
        "x-ms-request-server-encrypted": "true",
        "x-ms-version": "2019-12-12"
      },
      "ResponseBody": null
    },
    {
      "RequestUri": "https://fakestorageaccount.blob.core.windows.net/gocputblocklistreturnsvid/gotestblobputblocklistreturnsvid?comp=blocklist",
      "RequestMethod": "PUT",
      "RequestHeaders": {
        "Accept": "application/xml",
        "Accept-Encoding": "gzip",
        "Authorization": "Sanitized",
        "Content-Length": "123",
        "Content-Type": "application/xml",
        "User-Agent": "azsdk-go-azblob/v0.3.1 azsdk-go-azcore/v0.21.1 (go1.17; Windows_NT)",
        "x-ms-date": "Fri, 25 Feb 2022 19:21:55 GMT",
        "x-ms-version": "2019-12-12"
      },
      "RequestBody": "\u003CBlockList\u003E\u003CLatest\u003EAAAAAA==\u003C/Latest\u003E\u003CLatest\u003EAQAAAA==\u003C/Latest\u003E\u003CLatest\u003EAgAAAA==\u003C/Latest\u003E\u003CLatest\u003EAwAAAA==\u003C/Latest\u003E\u003C/BlockList\u003E",
      "StatusCode": 201,
      "ResponseHeaders": {
        "Content-Length": "0",
        "Date": "Fri, 25 Feb 2022 19:21:55 GMT",
        "ETag": "\u00220x8D9F894162D91FF\u0022",
        "Last-Modified": "Fri, 25 Feb 2022 19:21:56 GMT",
        "Server": [
          "Windows-Azure-Blob/1.0",
          "Microsoft-HTTPAPI/2.0"
        ],
        "x-ms-content-crc64": "ZhIicf4e8Ug=",
        "x-ms-request-id": "2b1be2e7-201e-0061-747c-2a8ed8000000",
        "x-ms-request-server-encrypted": "true",
        "x-ms-version": "2019-12-12"
      },
      "ResponseBody": null
    },
    {
      "RequestUri": "https://fakestorageaccount.blob.core.windows.net/gocputblocklistreturnsvid?restype=container",
      "RequestMethod": "DELETE",
      "RequestHeaders": {
        "Accept": "application/xml",
        "Accept-Encoding": "gzip",
        "Authorization": "Sanitized",
        "User-Agent": "azsdk-go-azblob/v0.3.1 azsdk-go-azcore/v0.21.1 (go1.17; Windows_NT)",
        "x-ms-date": "Fri, 25 Feb 2022 19:21:55 GMT",
        "x-ms-version": "2019-12-12"
      },
      "RequestBody": null,
      "StatusCode": 202,
      "ResponseHeaders": {
        "Content-Length": "0",
        "Date": "Fri, 25 Feb 2022 19:21:56 GMT",
        "Server": [
          "Windows-Azure-Blob/1.0",
          "Microsoft-HTTPAPI/2.0"
        ],
        "x-ms-request-id": "2b1be30e-201e-0061-167c-2a8ed8000000",
        "x-ms-version": "2019-12-12"
      },
      "ResponseBody": null
    }
  ],
  "Variables": {}
}
