{
  "Entries": [
    {
      "RequestUri": "https://fakestorageaccount.blob.core.windows.net/goccontainersetpermissionsinvalidpolicytimes?restype=container",
      "RequestMethod": "PUT",
      "RequestHeaders": {
        "Accept": "application/xml",
        "Accept-Encoding": "gzip",
        "Authorization": "Sanitized",
        "Content-Length": "0",
        "User-Agent": "azsdk-go-azblob/v0.3.1 azsdk-go-azcore/v0.21.1 (go1.17; Windows_NT)",
        "x-ms-date": "Wed, 16 Feb 2022 16:45:58 GMT",
        "x-ms-version": "2019-12-12"
      },
      "RequestBody": null,
      "StatusCode": 201,
      "ResponseHeaders": {
        "Content-Length": "0",
        "Date": "Wed, 16 Feb 2022 16:45:57 GMT",
        "ETag": "\u00220x8D9F16BCF1C6396\u0022",
        "Last-Modified": "Wed, 16 Feb 2022 16:45:58 GMT",
        "Server": [
          "Windows-Azure-Blob/1.0",
          "Microsoft-HTTPAPI/2.0"
        ],
        "x-ms-request-id": "51bb3b8e-901e-002f-4f54-237c16000000",
        "x-ms-version": "2019-12-12"
      },
      "ResponseBody": null
    },
    {
      "RequestUri": "https://fakestorageaccount.blob.core.windows.net/goccontainersetpermissionsinvalidpolicytimes?comp=acl\u0026restype=container",
      "RequestMethod": "PUT",
      "RequestHeaders": {
        "Accept": "application/xml",
        "Accept-Encoding": "gzip",
        "Authorization": "Sanitized",
        "Content-Length": "393",
        "Content-Type": "application/xml",
        "User-Agent": "azsdk-go-azblob/v0.3.1 azsdk-go-azcore/v0.21.1 (go1.17; Windows_NT)",
        "x-ms-blob-public-access": "blob",
        "x-ms-date": "Wed, 16 Feb 2022 16:45:58 GMT",
        "x-ms-version": "2019-12-12"
      },
      "RequestBody": "\u003CSignedIdentifiers\u003E\u003CSignedIdentifier\u003E\u003CAccessPolicy\u003E\u003CPermission\u003Er\u003C/Permission\u003E\u003CExpiry\u003E2021-06-11T20:00:00Z\u003C/Expiry\u003E\u003CStart\u003E2049-06-11T20:00:00Z\u003C/Start\u003E\u003C/AccessPolicy\u003E\u003CId\u003E0000\u003C/Id\u003E\u003C/SignedIdentifier\u003E\u003CSignedIdentifier\u003E\u003CAccessPolicy\u003E\u003CPermission\u003Er\u003C/Permission\u003E\u003CExpiry\u003E2021-06-11T20:00:00Z\u003C/Expiry\u003E\u003CStart\u003E2049-06-11T20:00:00Z\u003C/Start\u003E\u003C/AccessPolicy\u003E\u003CId\u003E0001\u003C/Id\u003E\u003C/SignedIdentifier\u003E\u003C/SignedIdentifiers\u003E",
      "StatusCode": 200,
      "ResponseHeaders": {
        "Content-Length": "0",
        "Date": "Wed, 16 Feb 2022 16:45:58 GMT",
        "ETag": "\u00220x8D9F16BCF319E97\u0022",
        "Last-Modified": "Wed, 16 Feb 2022 16:45:58 GMT",
        "Server": [
          "Windows-Azure-Blob/1.0",
          "Microsoft-HTTPAPI/2.0"
        ],
        "x-ms-request-id": "51bb3bd2-901e-002f-0954-237c16000000",
        "x-ms-version": "2019-12-12"
      },
      "ResponseBody": null
    },
    {
      "RequestUri": "https://fakestorageaccount.blob.core.windows.net/goccontainersetpermissionsinvalidpolicytimes?restype=container",
      "RequestMethod": "DELETE",
      "RequestHeaders": {
        "Accept": "application/xml",
        "Accept-Encoding": "gzip",
        "Authorization": "Sanitized",
        "User-Agent": "azsdk-go-azblob/v0.3.1 azsdk-go-azcore/v0.21.1 (go1.17; Windows_NT)",
        "x-ms-date": "Wed, 16 Feb 2022 16:45:58 GMT",
        "x-ms-version": "2019-12-12"
      },
      "RequestBody": null,
      "StatusCode": 202,
      "ResponseHeaders": {
        "Content-Length": "0",
        "Date": "Wed, 16 Feb 2022 16:45:58 GMT",
        "Server": [
          "Windows-Azure-Blob/1.0",
          "Microsoft-HTTPAPI/2.0"
        ],
        "x-ms-request-id": "51bb3c19-901e-002f-3e54-237c16000000",
        "x-ms-version": "2019-12-12"
      },
      "ResponseBody": null
    }
  ],
  "Variables": {}
}
