{
  "Entries": [
    {
      "RequestUri": "https://fakeaccount.blob.core.windows.net/goccontainersetpermissionsdeleteallpolicies?restype=container",
      "RequestMethod": "PUT",
      "RequestHeaders": {
        ":authority": "localhost:5001",
        ":method": "PUT",
        ":path": "/goccontainersetpermissionsdeleteallpolicies?restype=container",
        ":scheme": "https",
        "Accept": "application/xml",
        "Accept-Encoding": "gzip",
        "Authorization": "Sanitized",
        "Content-Length": "0",
        "User-Agent": "azsdk-go-azblob/v0.2.1 azsdk-go-azcore/v0.20.0 (go1.17; Windows_NT)",
        "x-ms-date": "Mon, 13 Dec 2021 17:43:27 GMT",
        "x-ms-version": "2019-12-12"
      },
      "RequestBody": null,
      "StatusCode": 201,
      "ResponseHeaders": {
        "Content-Length": "0",
        "Date": "Mon, 13 Dec 2021 17:43:20 GMT",
        "ETag": "\u00220x8D9BE600DE91A53\u0022",
        "Last-Modified": "Mon, 13 Dec 2021 17:43:20 GMT",
        "Server": [
          "Windows-Azure-Blob/1.0",
          "Microsoft-HTTPAPI/2.0"
        ],
        "x-ms-request-id": "0887c489-b01e-0047-0148-f0193d000000",
        "x-ms-version": "2019-12-12"
      },
      "ResponseBody": null
    },
    {
      "RequestUri": "https://fakeaccount.blob.core.windows.net/goccontainersetpermissionsdeleteallpolicies?comp=acl\u0026restype=container",
      "RequestMethod": "PUT",
      "RequestHeaders": {
        ":authority": "localhost:5001",
        ":method": "PUT",
        ":path": "/goccontainersetpermissionsdeleteallpolicies?comp=acl\u0026restype=container",
        ":scheme": "https",
        "Accept": "application/xml",
        "Accept-Encoding": "gzip",
        "Authorization": "Sanitized",
        "Content-Length": "393",
        "Content-Type": "application/xml",
        "User-Agent": "azsdk-go-azblob/v0.2.1 azsdk-go-azcore/v0.20.0 (go1.17; Windows_NT)",
        "x-ms-blob-public-access": "blob",
        "x-ms-date": "Mon, 13 Dec 2021 17:43:27 GMT",
        "x-ms-version": "2019-12-12"
      },
      "RequestBody": "\u003CSignedIdentifiers\u003E\u003CSignedIdentifier\u003E\u003CAccessPolicy\u003E\u003CPermission\u003Er\u003C/Permission\u003E\u003CExpiry\u003E2049-06-11T20:00:00Z\u003C/Expiry\u003E\u003CStart\u003E2021-06-11T20:00:00Z\u003C/Start\u003E\u003C/AccessPolicy\u003E\u003CId\u003E0000\u003C/Id\u003E\u003C/SignedIdentifier\u003E\u003CSignedIdentifier\u003E\u003CAccessPolicy\u003E\u003CPermission\u003Er\u003C/Permission\u003E\u003CExpiry\u003E2049-06-11T20:00:00Z\u003C/Expiry\u003E\u003CStart\u003E2021-06-11T20:00:00Z\u003C/Start\u003E\u003C/AccessPolicy\u003E\u003CId\u003E0001\u003C/Id\u003E\u003C/SignedIdentifier\u003E\u003C/SignedIdentifiers\u003E",
      "StatusCode": 200,
      "ResponseHeaders": {
        "Content-Length": "0",
        "Date": "Mon, 13 Dec 2021 17:43:20 GMT",
        "ETag": "\u00220x8D9BE600DF7A5B2\u0022",
        "Last-Modified": "Mon, 13 Dec 2021 17:43:21 GMT",
        "Server": [
          "Windows-Azure-Blob/1.0",
          "Microsoft-HTTPAPI/2.0"
        ],
        "x-ms-request-id": "0887c4a8-b01e-0047-1d48-f0193d000000",
        "x-ms-version": "2019-12-12"
      },
      "ResponseBody": null
    },
    {
      "RequestUri": "https://fakeaccount.blob.core.windows.net/goccontainersetpermissionsdeleteallpolicies?comp=acl\u0026restype=container",
      "RequestMethod": "GET",
      "RequestHeaders": {
        ":authority": "localhost:5001",
        ":method": "GET",
        ":path": "/goccontainersetpermissionsdeleteallpolicies?comp=acl\u0026restype=container",
        ":scheme": "https",
        "Accept": "application/xml",
        "Accept-Encoding": "gzip",
        "Authorization": "Sanitized",
        "User-Agent": "azsdk-go-azblob/v0.2.1 azsdk-go-azcore/v0.20.0 (go1.17; Windows_NT)",
        "x-ms-date": "Mon, 13 Dec 2021 17:43:27 GMT",
        "x-ms-version": "2019-12-12"
      },
      "RequestBody": null,
      "StatusCode": 200,
      "ResponseHeaders": {
        "Content-Type": "application/xml",
        "Date": "Mon, 13 Dec 2021 17:43:20 GMT",
        "ETag": "\u00220x8D9BE600DF7A5B2\u0022",
        "Last-Modified": "Mon, 13 Dec 2021 17:43:21 GMT",
        "Server": [
          "Windows-Azure-Blob/1.0",
          "Microsoft-HTTPAPI/2.0"
        ],
        "Transfer-Encoding": "chunked",
        "x-ms-blob-public-access": "blob",
        "x-ms-request-id": "0887c4c8-b01e-0047-3d48-f0193d000000",
        "x-ms-version": "2019-12-12"
      },
      "ResponseBody": "\uFEFF\u003C?xml version=\u00221.0\u0022 encoding=\u0022utf-8\u0022?\u003E\u003CSignedIdentifiers\u003E\u003CSignedIdentifier\u003E\u003CId\u003E0000\u003C/Id\u003E\u003CAccessPolicy\u003E\u003CStart\u003E2021-06-11T20:00:00.0000000Z\u003C/Start\u003E\u003CExpiry\u003E2049-06-11T20:00:00.0000000Z\u003C/Expiry\u003E\u003CPermission\u003Er\u003C/Permission\u003E\u003C/AccessPolicy\u003E\u003C/SignedIdentifier\u003E\u003CSignedIdentifier\u003E\u003CId\u003E0001\u003C/Id\u003E\u003CAccessPolicy\u003E\u003CStart\u003E2021-06-11T20:00:00.0000000Z\u003C/Start\u003E\u003CExpiry\u003E2049-06-11T20:00:00.0000000Z\u003C/Expiry\u003E\u003CPermission\u003Er\u003C/Permission\u003E\u003C/AccessPolicy\u003E\u003C/SignedIdentifier\u003E\u003C/SignedIdentifiers\u003E"
    },
    {
      "RequestUri": "https://fakeaccount.blob.core.windows.net/goccontainersetpermissionsdeleteallpolicies?comp=acl\u0026restype=container",
      "RequestMethod": "PUT",
      "RequestHeaders": {
        ":authority": "localhost:5001",
        ":method": "PUT",
        ":path": "/goccontainersetpermissionsdeleteallpolicies?comp=acl\u0026restype=container",
        ":scheme": "https",
        "Accept": "application/xml",
        "Accept-Encoding": "gzip",
        "Authorization": "Sanitized",
        "Content-Length": "39",
        "Content-Type": "application/xml",
        "User-Agent": "azsdk-go-azblob/v0.2.1 azsdk-go-azcore/v0.20.0 (go1.17; Windows_NT)",
        "x-ms-blob-public-access": "blob",
        "x-ms-date": "Mon, 13 Dec 2021 17:43:27 GMT",
        "x-ms-version": "2019-12-12"
      },
      "RequestBody": "\u003CSignedIdentifiers\u003E\u003C/SignedIdentifiers\u003E",
      "StatusCode": 200,
      "ResponseHeaders": {
        "Content-Length": "0",
        "Date": "Mon, 13 Dec 2021 17:43:20 GMT",
        "ETag": "\u00220x8D9BE600E138E18\u0022",
        "Last-Modified": "Mon, 13 Dec 2021 17:43:21 GMT",
        "Server": [
          "Windows-Azure-Blob/1.0",
          "Microsoft-HTTPAPI/2.0"
        ],
        "x-ms-request-id": "0887c4fa-b01e-0047-6f48-f0193d000000",
        "x-ms-version": "2019-12-12"
      },
      "ResponseBody": null
    },
    {
      "RequestUri": "https://fakeaccount.blob.core.windows.net/goccontainersetpermissionsdeleteallpolicies?comp=acl\u0026restype=container",
      "RequestMethod": "GET",
      "RequestHeaders": {
        ":authority": "localhost:5001",
        ":method": "GET",
        ":path": "/goccontainersetpermissionsdeleteallpolicies?comp=acl\u0026restype=container",
        ":scheme": "https",
        "Accept": "application/xml",
        "Accept-Encoding": "gzip",
        "Authorization": "Sanitized",
        "User-Agent": "azsdk-go-azblob/v0.2.1 azsdk-go-azcore/v0.20.0 (go1.17; Windows_NT)",
        "x-ms-date": "Mon, 13 Dec 2021 17:43:28 GMT",
        "x-ms-version": "2019-12-12"
      },
      "RequestBody": null,
      "StatusCode": 200,
      "ResponseHeaders": {
        "Content-Type": "application/xml",
        "Date": "Mon, 13 Dec 2021 17:43:20 GMT",
        "ETag": "\u00220x8D9BE600E138E18\u0022",
        "Last-Modified": "Mon, 13 Dec 2021 17:43:21 GMT",
        "Server": [
          "Windows-Azure-Blob/1.0",
          "Microsoft-HTTPAPI/2.0"
        ],
        "Transfer-Encoding": "chunked",
        "x-ms-blob-public-access": "blob",
        "x-ms-request-id": "0887c53a-b01e-0047-2f48-f0193d000000",
        "x-ms-version": "2019-12-12"
      },
      "ResponseBody": "\uFEFF\u003C?xml version=\u00221.0\u0022 encoding=\u0022utf-8\u0022?\u003E\u003CSignedIdentifiers /\u003E"
    },
    {
      "RequestUri": "https://fakeaccount.blob.core.windows.net/goccontainersetpermissionsdeleteallpolicies?restype=container",
      "RequestMethod": "DELETE",
      "RequestHeaders": {
        ":authority": "localhost:5001",
        ":method": "DELETE",
        ":path": "/goccontainersetpermissionsdeleteallpolicies?restype=container",
        ":scheme": "https",
        "Accept": "application/xml",
        "Accept-Encoding": "gzip",
        "Authorization": "Sanitized",
        "User-Agent": "azsdk-go-azblob/v0.2.1 azsdk-go-azcore/v0.20.0 (go1.17; Windows_NT)",
        "x-ms-date": "Mon, 13 Dec 2021 17:43:28 GMT",
        "x-ms-version": "2019-12-12"
      },
      "RequestBody": null,
      "StatusCode": 202,
      "ResponseHeaders": {
        "Content-Length": "0",
        "Date": "Mon, 13 Dec 2021 17:43:20 GMT",
        "Server": [
          "Windows-Azure-Blob/1.0",
          "Microsoft-HTTPAPI/2.0"
        ],
        "x-ms-request-id": "0887c583-b01e-0047-7448-f0193d000000",
        "x-ms-version": "2019-12-12"
      },
      "ResponseBody": null
    }
  ],
  "Variables": {}
}
