{
  "Entries": [
    {
      "RequestUri": "https://fakeaccount.blob.core.windows.net/goccontainerdeleteifmodifiedsincefalse?restype=container",
      "RequestMethod": "PUT",
      "RequestHeaders": {
        ":authority": "localhost:5001",
        ":method": "PUT",
        ":path": "/goccontainerdeleteifmodifiedsincefalse?restype=container",
        ":scheme": "https",
        "Accept": "application/xml",
        "Accept-Encoding": "gzip",
        "Authorization": "Sanitized",
        "Content-Length": "0",
        "User-Agent": "azsdk-go-azblob/v0.2.1 azsdk-go-azcore/v0.20.0 (go1.17; Windows_NT)",
        "x-ms-date": "Thu, 16 Dec 2021 22:57:56 GMT",
        "x-ms-version": "2019-12-12"
      },
      "RequestBody": null,
      "StatusCode": 201,
      "ResponseHeaders": {
        "Content-Length": "0",
        "Date": "Thu, 16 Dec 2021 22:57:55 GMT",
        "ETag": "\u00220x8D9C0E77FE24513\u0022",
        "Last-Modified": "Thu, 16 Dec 2021 22:57:56 GMT",
        "Server": [
          "Windows-Azure-Blob/1.0",
          "Microsoft-HTTPAPI/2.0"
        ],
        "x-ms-request-id": "ca3de035-c01e-002a-64d0-f25a06000000",
        "x-ms-version": "2019-12-12"
      },
      "ResponseBody": null
    },
    {
      "RequestUri": "https://fakeaccount.blob.core.windows.net/goccontainerdeleteifmodifiedsincefalse?restype=container",
      "RequestMethod": "DELETE",
      "RequestHeaders": {
        ":authority": "localhost:5001",
        ":method": "DELETE",
        ":path": "/goccontainerdeleteifmodifiedsincefalse?restype=container",
        ":scheme": "https",
        "Accept": "application/xml",
        "Accept-Encoding": "gzip",
        "Authorization": "Sanitized",
        "If-Modified-Since": "Thu, 16 Dec 2021 22:58:05 GMT",
        "User-Agent": "azsdk-go-azblob/v0.2.1 azsdk-go-azcore/v0.20.0 (go1.17; Windows_NT)",
        "x-ms-date": "Thu, 16 Dec 2021 22:57:57 GMT",
        "x-ms-version": "2019-12-12"
      },
      "RequestBody": null,
      "StatusCode": 412,
      "ResponseHeaders": {
        "Content-Length": "252",
        "Content-Type": "application/xml",
        "Date": "Thu, 16 Dec 2021 22:57:55 GMT",
        "Server": [
          "Windows-Azure-Blob/1.0",
          "Microsoft-HTTPAPI/2.0"
        ],
        "x-ms-error-code": "ConditionNotMet",
        "x-ms-request-id": "ca3de073-c01e-002a-05d0-f25a06000000",
        "x-ms-version": "2019-12-12"
      },
      "ResponseBody": [
        "\uFEFF\u003C?xml version=\u00221.0\u0022 encoding=\u0022utf-8\u0022?\u003E\u003CError\u003E\u003CCode\u003EConditionNotMet\u003C/Code\u003E\u003CMessage\u003EThe condition specified using HTTP conditional header(s) is not met.\n",
        "RequestId:ca3de073-c01e-002a-05d0-f25a06000000\n",
        "Time:2021-12-16T22:57:56.6078925Z\u003C/Message\u003E\u003C/Error\u003E"
      ]
    },
    {
      "RequestUri": "https://fakeaccount.blob.core.windows.net/goccontainerdeleteifmodifiedsincefalse?restype=container",
      "RequestMethod": "DELETE",
      "RequestHeaders": {
        ":authority": "localhost:5001",
        ":method": "DELETE",
        ":path": "/goccontainerdeleteifmodifiedsincefalse?restype=container",
        ":scheme": "https",
        "Accept": "application/xml",
        "Accept-Encoding": "gzip",
        "Authorization": "Sanitized",
        "User-Agent": "azsdk-go-azblob/v0.2.1 azsdk-go-azcore/v0.20.0 (go1.17; Windows_NT)",
        "x-ms-date": "Thu, 16 Dec 2021 22:57:57 GMT",
        "x-ms-version": "2019-12-12"
      },
      "RequestBody": null,
      "StatusCode": 202,
      "ResponseHeaders": {
        "Content-Length": "0",
        "Date": "Thu, 16 Dec 2021 22:57:55 GMT",
        "Server": [
          "Windows-Azure-Blob/1.0",
          "Microsoft-HTTPAPI/2.0"
        ],
        "x-ms-request-id": "ca3de08b-c01e-002a-17d0-f25a06000000",
        "x-ms-version": "2019-12-12"
      },
      "ResponseBody": null
    }
  ],
  "Variables": {}
}
