{
  "Entries": [
    {
      "RequestUri": "https://fakestorageaccount.blob.core.windows.net/gocblobresizeifmodifiedsincetrue?restype=container",
      "RequestMethod": "PUT",
      "RequestHeaders": {
        "Accept": "application/xml",
        "Accept-Encoding": "gzip",
        "Authorization": "Sanitized",
        "Content-Length": "0",
        "User-Agent": "azsdk-go-azblob/v0.3.1 azsdk-go-azcore/v0.21.1 (go1.16.7; Windows_NT)",
        "x-ms-date": "Thu, 03 Mar 2022 18:04:11 GMT",
        "x-ms-version": "2019-12-12"
      },
      "RequestBody": null,
      "StatusCode": 201,
      "ResponseHeaders": {
        "Content-Length": "0",
        "Date": "Thu, 03 Mar 2022 18:04:10 GMT",
        "ETag": "\u00220x8D9FD403827C59F\u0022",
        "Last-Modified": "Thu, 03 Mar 2022 18:04:11 GMT",
        "Server": [
          "Windows-Azure-Blob/1.0",
          "Microsoft-HTTPAPI/2.0"
        ],
        "x-ms-request-id": "d96b5868-601e-005c-5229-2fda20000000",
        "x-ms-version": "2019-12-12"
      },
      "ResponseBody": null
    },
    {
      "RequestUri": "https://fakestorageaccount.blob.core.windows.net/gocblobresizeifmodifiedsincetrue/gotestblobblobresizeifmodifiedsincetrue",
      "RequestMethod": "PUT",
      "RequestHeaders": {
        "Accept": "application/xml",
        "Accept-Encoding": "gzip",
        "Authorization": "Sanitized",
        "Content-Length": "0",
        "User-Agent": "azsdk-go-azblob/v0.3.1 azsdk-go-azcore/v0.21.1 (go1.16.7; Windows_NT)",
        "x-ms-blob-content-length": "5120",
        "x-ms-blob-type": "PageBlob",
        "x-ms-date": "Thu, 03 Mar 2022 18:04:12 GMT",
        "x-ms-version": "2019-12-12"
      },
      "RequestBody": null,
      "StatusCode": 201,
      "ResponseHeaders": {
        "Content-Length": "0",
        "Date": "Thu, 03 Mar 2022 18:04:10 GMT",
        "ETag": "\u00220x8D9FD4038616074\u0022",
        "Last-Modified": "Thu, 03 Mar 2022 18:04:11 GMT",
        "Server": [
          "Windows-Azure-Blob/1.0",
          "Microsoft-HTTPAPI/2.0"
        ],
        "x-ms-request-id": "d96b59e6-601e-005c-2b29-2fda20000000",
        "x-ms-request-server-encrypted": "true",
        "x-ms-version": "2019-12-12",
        "x-ms-version-id": "2022-03-03T18:04:11.5275892Z"
      },
      "ResponseBody": null
    },
    {
      "RequestUri": "https://fakestorageaccount.blob.core.windows.net/gocblobresizeifmodifiedsincetrue/gotestblobblobresizeifmodifiedsincetrue?comp=properties",
      "RequestMethod": "PUT",
      "RequestHeaders": {
        "Accept": "application/xml",
        "Accept-Encoding": "gzip",
        "Authorization": "Sanitized",
        "Content-Length": "0",
        "If-Modified-Since": "Thu, 03 Mar 2022 18:04:00 GMT",
        "User-Agent": "azsdk-go-azblob/v0.3.1 azsdk-go-azcore/v0.21.1 (go1.16.7; Windows_NT)",
        "x-ms-blob-content-length": "512",
        "x-ms-date": "Thu, 03 Mar 2022 18:04:12 GMT",
        "x-ms-version": "2019-12-12"
      },
      "RequestBody": null,
      "StatusCode": 200,
      "ResponseHeaders": {
        "Content-Length": "0",
        "Date": "Thu, 03 Mar 2022 18:04:11 GMT",
        "ETag": "\u00220x8D9FD40388891C4\u0022",
        "Last-Modified": "Thu, 03 Mar 2022 18:04:11 GMT",
        "Server": [
          "Windows-Azure-Blob/1.0",
          "Microsoft-HTTPAPI/2.0"
        ],
        "x-ms-blob-sequence-number": "0",
        "x-ms-request-id": "d96b5b63-601e-005c-0729-2fda20000000",
        "x-ms-version": "2019-12-12"
      },
      "ResponseBody": null
    },
    {
      "RequestUri": "https://fakestorageaccount.blob.core.windows.net/gocblobresizeifmodifiedsincetrue/gotestblobblobresizeifmodifiedsincetrue",
      "RequestMethod": "HEAD",
      "RequestHeaders": {
        "Accept": "application/xml",
        "Authorization": "Sanitized",
        "User-Agent": "azsdk-go-azblob/v0.3.1 azsdk-go-azcore/v0.21.1 (go1.16.7; Windows_NT)",
        "x-ms-date": "Thu, 03 Mar 2022 18:04:12 GMT",
        "x-ms-version": "2019-12-12"
      },
      "RequestBody": null,
      "StatusCode": 200,
      "ResponseHeaders": {
        "Accept-Ranges": "bytes",
        "Content-Length": "512",
        "Content-Type": "application/octet-stream",
        "Date": "Thu, 03 Mar 2022 18:04:11 GMT",
        "ETag": "\u00220x8D9FD40388891C4\u0022",
        "Last-Modified": "Thu, 03 Mar 2022 18:04:11 GMT",
        "Server": [
          "Windows-Azure-Blob/1.0",
          "Microsoft-HTTPAPI/2.0"
        ],
        "x-ms-blob-sequence-number": "0",
        "x-ms-blob-type": "PageBlob",
        "x-ms-creation-time": "Thu, 03 Mar 2022 18:04:11 GMT",
        "x-ms-is-current-version": "true",
        "x-ms-lease-state": "available",
        "x-ms-lease-status": "unlocked",
        "x-ms-request-id": "d96b5d5c-601e-005c-4529-2fda20000000",
        "x-ms-server-encrypted": "true",
        "x-ms-version": "2019-12-12",
        "x-ms-version-id": "2022-03-03T18:04:11.5275892Z"
      },
      "ResponseBody": null
    },
    {
      "RequestUri": "https://fakestorageaccount.blob.core.windows.net/gocblobresizeifmodifiedsincetrue?restype=container",
      "RequestMethod": "DELETE",
      "RequestHeaders": {
        "Accept": "application/xml",
        "Accept-Encoding": "gzip",
        "Authorization": "Sanitized",
        "User-Agent": "azsdk-go-azblob/v0.3.1 azsdk-go-azcore/v0.21.1 (go1.16.7; Windows_NT)",
        "x-ms-date": "Thu, 03 Mar 2022 18:04:13 GMT",
        "x-ms-version": "2019-12-12"
      },
      "RequestBody": null,
      "StatusCode": 202,
      "ResponseHeaders": {
        "Content-Length": "0",
        "Date": "Thu, 03 Mar 2022 18:04:11 GMT",
        "Server": [
          "Windows-Azure-Blob/1.0",
          "Microsoft-HTTPAPI/2.0"
        ],
        "x-ms-request-id": "d96b5ee1-601e-005c-1c29-2fda20000000",
        "x-ms-version": "2019-12-12"
      },
      "ResponseBody": null
    }
  ],
  "Variables": {}
}
