{
  "Entries": [
    {
      "RequestUri": "https://fakekvurl.vault.azure.net/secrets/secret22319658013?api-version=7.3",
      "RequestMethod": "PUT",
      "RequestHeaders": {
        "Accept": "application/json",
        "Accept-Encoding": "gzip",
        "Content-Length": "0",
        "User-Agent": "azsdk-go-azsecrets/v0.8.0 (go1.18; linux)"
      },
      "RequestBody": null,
      "StatusCode": 401,
      "ResponseHeaders": {
        "Cache-Control": "no-cache",
        "Content-Length": "97",
        "Content-Type": "application/json; charset=utf-8",
        "Date": "Wed, 18 May 2022 18:37:27 GMT",
        "Expires": "-1",
        "Pragma": "no-cache",
        "Strict-Transport-Security": "max-age=31536000;includeSubDomains",
        "WWW-Authenticate": "Bearer authorization=\u0022https://login.windows.net/72f988bf-86f1-41af-91ab-2d7cd011db47\u0022, resource=\u0022https://vault.azure.net\u0022",
        "X-Content-Type-Options": "nosniff",
        "x-ms-keyvault-network-info": "conn_type=Ipv4;addr=167.220.2.191;act_addr_fam=InterNetwork;",
        "x-ms-keyvault-region": "eastus",
        "x-ms-keyvault-service-version": "1.9.395.1",
        "x-ms-request-id": "f0d9ef21-9912-4ce1-bc01-80549b4791d9"
      },
      "ResponseBody": {
        "error": {
          "code": "Unauthorized",
          "message": "AKV10000: Request is missing a Bearer or PoP token."
        }
      }
    },
    {
      "RequestUri": "https://fakekvurl.vault.azure.net/secrets/secret22319658013?api-version=7.3",
      "RequestMethod": "PUT",
      "RequestHeaders": {
        "Accept": "application/json",
        "Accept-Encoding": "gzip",
        "Authorization": "Sanitized",
        "Content-Length": "43",
        "Content-Type": "application/json",
        "User-Agent": "azsdk-go-azsecrets/v0.8.0 (go1.18; linux)"
      },
      "RequestBody": {
        "attributes": {},
        "value": "value2319658013"
      },
      "StatusCode": 200,
      "ResponseHeaders": {
        "Cache-Control": "no-cache",
        "Content-Length": "269",
        "Content-Type": "application/json; charset=utf-8",
        "Date": "Wed, 18 May 2022 18:37:28 GMT",
        "Expires": "-1",
        "Pragma": "no-cache",
        "Strict-Transport-Security": "max-age=31536000;includeSubDomains",
        "X-Content-Type-Options": "nosniff",
        "x-ms-keyvault-network-info": "conn_type=Ipv4;addr=167.220.2.191;act_addr_fam=InterNetwork;",
        "x-ms-keyvault-region": "eastus",
        "x-ms-keyvault-service-version": "1.9.395.1",
        "x-ms-request-id": "a339ef5b-2ce2-4bd3-8ac4-4b18f5d90b6b"
      },
      "ResponseBody": {
        "value": "value2319658013",
        "id": "https://fakekvurl.vault.azure.net/secrets/secret22319658013/8cd39f40c1b64d6fa5a2d8f40dbfec4b",
        "attributes": {
          "enabled": true,
          "created": 1652899049,
          "updated": 1652899049,
          "recoveryLevel": "CustomizedRecoverable\u002BPurgeable",
          "recoverableDays": 7
        }
      }
    },
    {
      "RequestUri": "https://fakekvurl.vault.azure.net/secrets/secret22319658013/?api-version=7.3",
      "RequestMethod": "PATCH",
      "RequestHeaders": {
        "Accept": "application/json",
        "Accept-Encoding": "gzip",
        "Authorization": "Sanitized",
        "Content-Length": "116",
        "Content-Type": "application/json",
        "User-Agent": "azsdk-go-azsecrets/v0.8.0 (go1.18; linux)"
      },
      "RequestBody": {
        "attributes": {
          "enabled": true,
          "exp": 1653071850,
          "nbf": 1652812650
        },
        "contentType": "password",
        "tags": {
          "Tag1": "TagVal1"
        }
      },
      "StatusCode": 200,
      "ResponseHeaders": {
        "Cache-Control": "no-cache",
        "Content-Length": "328",
        "Content-Type": "application/json; charset=utf-8",
        "Date": "Wed, 18 May 2022 18:37:29 GMT",
        "Expires": "-1",
        "Pragma": "no-cache",
        "Strict-Transport-Security": "max-age=31536000;includeSubDomains",
        "X-Content-Type-Options": "nosniff",
        "x-ms-keyvault-network-info": "conn_type=Ipv4;addr=167.220.2.191;act_addr_fam=InterNetwork;",
        "x-ms-keyvault-region": "eastus",
        "x-ms-keyvault-service-version": "1.9.395.1",
        "x-ms-request-id": "160f1d58-d768-43c4-abbd-412f061d0c41"
      },
      "ResponseBody": {
        "contentType": "password",
        "id": "https://fakekvurl.vault.azure.net/secrets/secret22319658013/8cd39f40c1b64d6fa5a2d8f40dbfec4b",
        "attributes": {
          "enabled": true,
          "nbf": 1652812650,
          "exp": 1653071850,
          "created": 1652899049,
          "updated": 1652899049,
          "recoveryLevel": "CustomizedRecoverable\u002BPurgeable",
          "recoverableDays": 7
        },
        "tags": {
          "Tag1": "TagVal1"
        }
      }
    },
    {
      "RequestUri": "https://fakekvurl.vault.azure.net/secrets/secret22319658013/?api-version=7.3",
      "RequestMethod": "GET",
      "RequestHeaders": {
        "Accept": "application/json",
        "Accept-Encoding": "gzip",
        "Authorization": "Sanitized",
        "User-Agent": "azsdk-go-azsecrets/v0.8.0 (go1.18; linux)"
      },
      "RequestBody": null,
      "StatusCode": 200,
      "ResponseHeaders": {
        "Cache-Control": "no-cache",
        "Content-Length": "354",
        "Content-Type": "application/json; charset=utf-8",
        "Date": "Wed, 18 May 2022 18:37:29 GMT",
        "Expires": "-1",
        "Pragma": "no-cache",
        "Strict-Transport-Security": "max-age=31536000;includeSubDomains",
        "X-Content-Type-Options": "nosniff",
        "x-ms-keyvault-network-info": "conn_type=Ipv4;addr=167.220.2.191;act_addr_fam=InterNetwork;",
        "x-ms-keyvault-region": "eastus",
        "x-ms-keyvault-service-version": "1.9.395.1",
        "x-ms-request-id": "96071e8a-1a35-496c-b13e-cb5163747071"
      },
      "ResponseBody": {
        "value": "value2319658013",
        "contentType": "password",
        "id": "https://fakekvurl.vault.azure.net/secrets/secret22319658013/8cd39f40c1b64d6fa5a2d8f40dbfec4b",
        "attributes": {
          "enabled": true,
          "nbf": 1652812650,
          "exp": 1653071850,
          "created": 1652899049,
          "updated": 1652899049,
          "recoveryLevel": "CustomizedRecoverable\u002BPurgeable",
          "recoverableDays": 7
        },
        "tags": {
          "Tag1": "TagVal1"
        }
      }
    },
    {
      "RequestUri": "https://fakekvurl.vault.azure.net/secrets/secret22319658013?api-version=7.3",
      "RequestMethod": "DELETE",
      "RequestHeaders": {
        "Accept": "application/json",
        "Accept-Encoding": "gzip",
        "Authorization": "Sanitized",
        "User-Agent": "azsdk-go-azsecrets/v0.8.0 (go1.18; linux)"
      },
      "RequestBody": null,
      "StatusCode": 200,
      "ResponseHeaders": {
        "Cache-Control": "no-cache",
        "Content-Length": "467",
        "Content-Type": "application/json; charset=utf-8",
        "Date": "Wed, 18 May 2022 18:37:29 GMT",
        "Expires": "-1",
        "Pragma": "no-cache",
        "Strict-Transport-Security": "max-age=31536000;includeSubDomains",
        "X-Content-Type-Options": "nosniff",
        "x-ms-keyvault-network-info": "conn_type=Ipv4;addr=167.220.2.191;act_addr_fam=InterNetwork;",
        "x-ms-keyvault-region": "eastus",
        "x-ms-keyvault-service-version": "1.9.395.1",
        "x-ms-request-id": "de989f37-a77a-4cab-8b5e-2f6cfef3e5fc"
      },
      "ResponseBody": {
        "recoveryId": "https://fakekvurl.vault.azure.net/deletedsecrets/secret22319658013",
        "deletedDate": 1652899049,
        "scheduledPurgeDate": 1653503849,
        "contentType": "password",
        "id": "https://fakekvurl.vault.azure.net/secrets/secret22319658013/8cd39f40c1b64d6fa5a2d8f40dbfec4b",
        "attributes": {
          "enabled": true,
          "nbf": 1652812650,
          "exp": 1653071850,
          "created": 1652899049,
          "updated": 1652899049,
          "recoveryLevel": "CustomizedRecoverable\u002BPurgeable",
          "recoverableDays": 7
        },
        "tags": {
          "Tag1": "TagVal1"
        }
      }
    },
    {
      "RequestUri": "https://fakekvurl.vault.azure.net/deletedsecrets/secret22319658013?api-version=7.3",
      "RequestMethod": "GET",
      "RequestHeaders": {
        "Accept": "application/json",
        "Accept-Encoding": "gzip",
        "Authorization": "Sanitized",
        "User-Agent": "azsdk-go-azsecrets/v0.8.0 (go1.18; linux)"
      },
      "RequestBody": null,
      "StatusCode": 404,
      "ResponseHeaders": {
        "Cache-Control": "no-cache",
        "Content-Length": "91",
        "Content-Type": "application/json; charset=utf-8",
        "Date": "Wed, 18 May 2022 18:37:29 GMT",
        "Expires": "-1",
        "Pragma": "no-cache",
        "Strict-Transport-Security": "max-age=31536000;includeSubDomains",
        "X-Content-Type-Options": "nosniff",
        "x-ms-keyvault-network-info": "conn_type=Ipv4;addr=167.220.2.191;act_addr_fam=InterNetwork;",
        "x-ms-keyvault-region": "eastus",
        "x-ms-keyvault-service-version": "1.9.395.1",
        "x-ms-request-id": "85044dd7-11f0-4dc3-8605-170630b312d4"
      },
      "ResponseBody": {
        "error": {
          "code": "SecretNotFound",
          "message": "Deleted Secret not found: secret22319658013"
        }
      }
    },
    {
      "RequestUri": "https://fakekvurl.vault.azure.net/deletedsecrets/secret22319658013?api-version=7.3",
      "RequestMethod": "GET",
      "RequestHeaders": {
        "Accept": "application/json",
        "Accept-Encoding": "gzip",
        "Authorization": "Sanitized",
        "User-Agent": "azsdk-go-azsecrets/v0.8.0 (go1.18; linux)"
      },
      "RequestBody": null,
      "StatusCode": 200,
      "ResponseHeaders": {
        "Cache-Control": "no-cache",
        "Content-Length": "467",
        "Content-Type": "application/json; charset=utf-8",
        "Date": "Wed, 18 May 2022 18:38:29 GMT",
        "Expires": "-1",
        "Pragma": "no-cache",
        "Strict-Transport-Security": "max-age=31536000;includeSubDomains",
        "X-Content-Type-Options": "nosniff",
        "x-ms-keyvault-network-info": "conn_type=Ipv4;addr=167.220.2.191;act_addr_fam=InterNetwork;",
        "x-ms-keyvault-region": "eastus",
        "x-ms-keyvault-service-version": "1.9.395.1",
        "x-ms-request-id": "0816204f-375d-4297-bcc9-8307a294f82a"
      },
      "ResponseBody": {
        "recoveryId": "https://fakekvurl.vault.azure.net/deletedsecrets/secret22319658013",
        "deletedDate": 1652899049,
        "scheduledPurgeDate": 1653503849,
        "contentType": "password",
        "id": "https://fakekvurl.vault.azure.net/secrets/secret22319658013/8cd39f40c1b64d6fa5a2d8f40dbfec4b",
        "attributes": {
          "enabled": true,
          "nbf": 1652812650,
          "exp": 1653071850,
          "created": 1652899049,
          "updated": 1652899049,
          "recoveryLevel": "CustomizedRecoverable\u002BPurgeable",
          "recoverableDays": 7
        },
        "tags": {
          "Tag1": "TagVal1"
        }
      }
    },
    {
      "RequestUri": "https://fakekvurl.vault.azure.net/deletedsecrets/secret22319658013?api-version=7.3",
      "RequestMethod": "DELETE",
      "RequestHeaders": {
        "Accept": "application/json",
        "Accept-Encoding": "gzip",
        "Authorization": "Sanitized",
        "User-Agent": "azsdk-go-azsecrets/v0.8.0 (go1.18; linux)"
      },
      "RequestBody": null,
      "StatusCode": 204,
      "ResponseHeaders": {
        "Cache-Control": "no-cache",
        "Date": "Wed, 18 May 2022 18:38:29 GMT",
        "Expires": "-1",
        "Pragma": "no-cache",
        "Strict-Transport-Security": "max-age=31536000;includeSubDomains",
        "X-Content-Type-Options": "nosniff",
        "x-ms-keyvault-network-info": "conn_type=Ipv4;addr=167.220.2.191;act_addr_fam=InterNetwork;",
        "x-ms-keyvault-region": "eastus",
        "x-ms-keyvault-service-version": "1.9.395.1",
        "x-ms-request-id": "85e570cf-31bc-4ac6-98b9-a694d059e63b"
      },
      "ResponseBody": null
    }
  ],
  "Variables": {}
}
