{
  "Entries": [
    {
      "RequestUri": "https://fakevault.local/secrets/secret13245351623?api-version=7.3",
      "RequestMethod": "PUT",
      "RequestHeaders": {
        "Accept": "application/json",
        "Accept-Encoding": "gzip",
        "Content-Length": "0",
        "User-Agent": "azsdk-go-azsecrets/v0.10.0 (go1.19; linux)"
      },
      "RequestBody": null,
      "StatusCode": 401,
      "ResponseHeaders": {
        "Cache-Control": "no-cache",
        "Content-Length": "97",
        "Content-Type": "application/json; charset=utf-8",
        "Date": "Fri, 02 Sep 2022 22:36:15 GMT",
        "Expires": "-1",
        "Pragma": "no-cache",
        "Strict-Transport-Security": "max-age=31536000;includeSubDomains",
        "WWW-Authenticate": "Bearer authorization=\u0022https://login.windows.net/72f988bf-86f1-41af-91ab-2d7cd011db47\u0022, resource=\u0022https://local\u0022",
        "X-Content-Type-Options": "nosniff",
        "x-ms-keyvault-network-info": "conn_type=Ipv4;addr=24.17.201.78;act_addr_fam=InterNetwork;",
        "x-ms-keyvault-region": "westus2",
        "x-ms-keyvault-service-version": "1.9.501.1",
        "x-ms-request-id": "6166506a-4e03-4a36-a070-5ba716c6d6d1"
      },
      "ResponseBody": {
        "error": {
          "code": "Unauthorized",
          "message": "AKV10000: Request is missing a Bearer or PoP token."
        }
      }
    },
    {
      "RequestUri": "https://fakevault.local/secrets/secret13245351623?api-version=7.3",
      "RequestMethod": "PUT",
      "RequestHeaders": {
        "Accept": "application/json",
        "Accept-Encoding": "gzip",
        "Authorization": "Sanitized",
        "Content-Length": "28",
        "Content-Type": "application/json",
        "User-Agent": "azsdk-go-azsecrets/v0.10.0 (go1.19; linux)"
      },
      "RequestBody": {
        "value": "value13245351623"
      },
      "StatusCode": 200,
      "ResponseHeaders": {
        "Cache-Control": "no-cache",
        "Content-Length": "251",
        "Content-Type": "application/json; charset=utf-8",
        "Date": "Fri, 02 Sep 2022 22:36:15 GMT",
        "Expires": "-1",
        "Pragma": "no-cache",
        "Strict-Transport-Security": "max-age=31536000;includeSubDomains",
        "X-Content-Type-Options": "nosniff",
        "x-ms-keyvault-network-info": "conn_type=Ipv4;addr=24.17.201.78;act_addr_fam=InterNetwork;",
        "x-ms-keyvault-region": "westus2",
        "x-ms-keyvault-service-version": "1.9.501.1",
        "x-ms-request-id": "d7562654-ee61-4af9-9a1e-9d22ddfb78c7"
      },
      "ResponseBody": {
        "value": "value13245351623",
        "id": "https://fakevault.local/secrets/secret13245351623/a323f219675745f88756802699b673d9",
        "attributes": {
          "enabled": true,
          "created": 1662158175,
          "updated": 1662158175,
          "recoveryLevel": "Recoverable\u002BPurgeable",
          "recoverableDays": 90
        }
      }
    },
    {
      "RequestUri": "https://fakevault.local/secrets/secret13245351623?api-version=7.3",
      "RequestMethod": "DELETE",
      "RequestHeaders": {
        "Accept": "application/json",
        "Accept-Encoding": "gzip",
        "Authorization": "Sanitized",
        "User-Agent": "azsdk-go-azsecrets/v0.10.0 (go1.19; linux)"
      },
      "RequestBody": null,
      "StatusCode": 200,
      "ResponseHeaders": {
        "Cache-Control": "no-cache",
        "Content-Length": "353",
        "Content-Type": "application/json; charset=utf-8",
        "Date": "Fri, 02 Sep 2022 22:36:15 GMT",
        "Expires": "-1",
        "Pragma": "no-cache",
        "Strict-Transport-Security": "max-age=31536000;includeSubDomains",
        "X-Content-Type-Options": "nosniff",
        "x-ms-keyvault-network-info": "conn_type=Ipv4;addr=24.17.201.78;act_addr_fam=InterNetwork;",
        "x-ms-keyvault-region": "westus2",
        "x-ms-keyvault-service-version": "1.9.501.1",
        "x-ms-request-id": "cd76af73-52c5-4e42-90b6-2af4337be7e7"
      },
      "ResponseBody": {
        "recoveryId": "https://fakevault.local/deletedsecrets/secret13245351623",
        "deletedDate": 1662158175,
        "scheduledPurgeDate": 1669934175,
        "id": "https://fakevault.local/secrets/secret13245351623/a323f219675745f88756802699b673d9",
        "attributes": {
          "enabled": true,
          "created": 1662158175,
          "updated": 1662158175,
          "recoveryLevel": "Recoverable\u002BPurgeable",
          "recoverableDays": 90
        }
      }
    },
    {
      "RequestUri": "https://fakevault.local/secrets/secret23245351623?api-version=7.3",
      "RequestMethod": "PUT",
      "RequestHeaders": {
        "Accept": "application/json",
        "Accept-Encoding": "gzip",
        "Authorization": "Sanitized",
        "Content-Length": "28",
        "Content-Type": "application/json",
        "User-Agent": "azsdk-go-azsecrets/v0.10.0 (go1.19; linux)"
      },
      "RequestBody": {
        "value": "value23245351623"
      },
      "StatusCode": 200,
      "ResponseHeaders": {
        "Cache-Control": "no-cache",
        "Content-Length": "251",
        "Content-Type": "application/json; charset=utf-8",
        "Date": "Fri, 02 Sep 2022 22:36:15 GMT",
        "Expires": "-1",
        "Pragma": "no-cache",
        "Strict-Transport-Security": "max-age=31536000;includeSubDomains",
        "X-Content-Type-Options": "nosniff",
        "x-ms-keyvault-network-info": "conn_type=Ipv4;addr=24.17.201.78;act_addr_fam=InterNetwork;",
        "x-ms-keyvault-region": "westus2",
        "x-ms-keyvault-service-version": "1.9.501.1",
        "x-ms-request-id": "5891d9b9-e7cf-4916-a819-99f5e33dff3d"
      },
      "ResponseBody": {
        "value": "value23245351623",
        "id": "https://fakevault.local/secrets/secret23245351623/bd1d9c8759364e9ba53468d2eac8587d",
        "attributes": {
          "enabled": true,
          "created": 1662158176,
          "updated": 1662158176,
          "recoveryLevel": "Recoverable\u002BPurgeable",
          "recoverableDays": 90
        }
      }
    },
    {
      "RequestUri": "https://fakevault.local/secrets/secret23245351623?api-version=7.3",
      "RequestMethod": "DELETE",
      "RequestHeaders": {
        "Accept": "application/json",
        "Accept-Encoding": "gzip",
        "Authorization": "Sanitized",
        "User-Agent": "azsdk-go-azsecrets/v0.10.0 (go1.19; linux)"
      },
      "RequestBody": null,
      "StatusCode": 200,
      "ResponseHeaders": {
        "Cache-Control": "no-cache",
        "Content-Length": "353",
        "Content-Type": "application/json; charset=utf-8",
        "Date": "Fri, 02 Sep 2022 22:36:15 GMT",
        "Expires": "-1",
        "Pragma": "no-cache",
        "Strict-Transport-Security": "max-age=31536000;includeSubDomains",
        "X-Content-Type-Options": "nosniff",
        "x-ms-keyvault-network-info": "conn_type=Ipv4;addr=24.17.201.78;act_addr_fam=InterNetwork;",
        "x-ms-keyvault-region": "westus2",
        "x-ms-keyvault-service-version": "1.9.501.1",
        "x-ms-request-id": "1b0eef08-a72d-4d74-bfea-13e762fc115d"
      },
      "ResponseBody": {
        "recoveryId": "https://fakevault.local/deletedsecrets/secret23245351623",
        "deletedDate": 1662158176,
        "scheduledPurgeDate": 1669934176,
        "id": "https://fakevault.local/secrets/secret23245351623/bd1d9c8759364e9ba53468d2eac8587d",
        "attributes": {
          "enabled": true,
          "created": 1662158176,
          "updated": 1662158176,
          "recoveryLevel": "Recoverable\u002BPurgeable",
          "recoverableDays": 90
        }
      }
    },
    {
      "RequestUri": "https://fakevault.local/deletedsecrets/secret13245351623?api-version=7.3",
      "RequestMethod": "GET",
      "RequestHeaders": {
        "Accept": "application/json",
        "Accept-Encoding": "gzip",
        "Authorization": "Sanitized",
        "User-Agent": "azsdk-go-azsecrets/v0.10.0 (go1.19; linux)"
      },
      "RequestBody": null,
      "StatusCode": 404,
      "ResponseHeaders": {
        "Cache-Control": "no-cache",
        "Content-Length": "91",
        "Content-Type": "application/json; charset=utf-8",
        "Date": "Fri, 02 Sep 2022 22:36:15 GMT",
        "Expires": "-1",
        "Pragma": "no-cache",
        "Strict-Transport-Security": "max-age=31536000;includeSubDomains",
        "X-Content-Type-Options": "nosniff",
        "x-ms-keyvault-network-info": "conn_type=Ipv4;addr=24.17.201.78;act_addr_fam=InterNetwork;",
        "x-ms-keyvault-region": "westus2",
        "x-ms-keyvault-service-version": "1.9.501.1",
        "x-ms-request-id": "d6b72d07-37dd-4b12-aa31-e3efa2a3fed1"
      },
      "ResponseBody": {
        "error": {
          "code": "SecretNotFound",
          "message": "Deleted Secret not found: secret13245351623"
        }
      }
    },
    {
      "RequestUri": "https://fakevault.local/deletedsecrets/secret13245351623?api-version=7.3",
      "RequestMethod": "GET",
      "RequestHeaders": {
        "Accept": "application/json",
        "Accept-Encoding": "gzip",
        "Authorization": "Sanitized",
        "User-Agent": "azsdk-go-azsecrets/v0.10.0 (go1.19; linux)"
      },
      "RequestBody": null,
      "StatusCode": 200,
      "ResponseHeaders": {
        "Cache-Control": "no-cache",
        "Content-Length": "353",
        "Content-Type": "application/json; charset=utf-8",
        "Date": "Fri, 02 Sep 2022 22:36:25 GMT",
        "Expires": "-1",
        "Pragma": "no-cache",
        "Strict-Transport-Security": "max-age=31536000;includeSubDomains",
        "X-Content-Type-Options": "nosniff",
        "x-ms-keyvault-network-info": "conn_type=Ipv4;addr=24.17.201.78;act_addr_fam=InterNetwork;",
        "x-ms-keyvault-region": "westus2",
        "x-ms-keyvault-service-version": "1.9.501.1",
        "x-ms-request-id": "cc3bccf3-d07f-4969-8035-a0ca8174603a"
      },
      "ResponseBody": {
        "recoveryId": "https://fakevault.local/deletedsecrets/secret13245351623",
        "deletedDate": 1662158175,
        "scheduledPurgeDate": 1669934175,
        "id": "https://fakevault.local/secrets/secret13245351623/a323f219675745f88756802699b673d9",
        "attributes": {
          "enabled": true,
          "created": 1662158175,
          "updated": 1662158175,
          "recoveryLevel": "Recoverable\u002BPurgeable",
          "recoverableDays": 90
        }
      }
    },
    {
      "RequestUri": "https://fakevault.local/deletedsecrets/secret23245351623?api-version=7.3",
      "RequestMethod": "GET",
      "RequestHeaders": {
        "Accept": "application/json",
        "Accept-Encoding": "gzip",
        "Authorization": "Sanitized",
        "User-Agent": "azsdk-go-azsecrets/v0.10.0 (go1.19; linux)"
      },
      "RequestBody": null,
      "StatusCode": 200,
      "ResponseHeaders": {
        "Cache-Control": "no-cache",
        "Content-Length": "353",
        "Content-Type": "application/json; charset=utf-8",
        "Date": "Fri, 02 Sep 2022 22:36:25 GMT",
        "Expires": "-1",
        "Pragma": "no-cache",
        "Strict-Transport-Security": "max-age=31536000;includeSubDomains",
        "X-Content-Type-Options": "nosniff",
        "x-ms-keyvault-network-info": "conn_type=Ipv4;addr=24.17.201.78;act_addr_fam=InterNetwork;",
        "x-ms-keyvault-region": "westus2",
        "x-ms-keyvault-service-version": "1.9.501.1",
        "x-ms-request-id": "9d9329a2-5527-4adf-9188-d2412f4bb6de"
      },
      "ResponseBody": {
        "recoveryId": "https://fakevault.local/deletedsecrets/secret23245351623",
        "deletedDate": 1662158176,
        "scheduledPurgeDate": 1669934176,
        "id": "https://fakevault.local/secrets/secret23245351623/bd1d9c8759364e9ba53468d2eac8587d",
        "attributes": {
          "enabled": true,
          "created": 1662158176,
          "updated": 1662158176,
          "recoveryLevel": "Recoverable\u002BPurgeable",
          "recoverableDays": 90
        }
      }
    },
    {
      "RequestUri": "https://fakevault.local/deletedsecrets?api-version=7.3\u0026maxresults=1",
      "RequestMethod": "GET",
      "RequestHeaders": {
        "Accept": "application/json",
        "Accept-Encoding": "gzip",
        "Authorization": "Sanitized",
        "User-Agent": "azsdk-go-azsecrets/v0.10.0 (go1.19; linux)"
      },
      "RequestBody": null,
      "StatusCode": 200,
      "ResponseHeaders": {
        "Cache-Control": "no-cache",
        "Content-Length": "667",
        "Content-Type": "application/json; charset=utf-8",
        "Date": "Fri, 02 Sep 2022 22:36:25 GMT",
        "Expires": "-1",
        "Pragma": "no-cache",
        "Strict-Transport-Security": "max-age=31536000;includeSubDomains",
        "X-Content-Type-Options": "nosniff",
        "x-ms-keyvault-network-info": "conn_type=Ipv4;addr=24.17.201.78;act_addr_fam=InterNetwork;",
        "x-ms-keyvault-region": "westus2",
        "x-ms-keyvault-service-version": "1.9.501.1",
        "x-ms-request-id": "64fb621f-98b1-43d3-9eaa-d7c184cc6402"
      },
      "ResponseBody": {
        "value": [
          {
            "recoveryId": "https://fakevault.local/deletedsecrets/secret13245351623",
            "deletedDate": 1662158175,
            "scheduledPurgeDate": 1669934175,
            "id": "https://fakevault.local/secrets/secret13245351623",
            "attributes": {
              "enabled": true,
              "created": 1662158175,
              "updated": 1662158175,
              "recoveryLevel": "Recoverable\u002BPurgeable",
              "recoverableDays": 90
            }
          }
        ],
        "nextLink": "https://fakevault.local:443/deletedsecrets?api-version=7.3\u0026$skiptoken=eyJOZXh0TWFya2VyIjoiMiExMzYhTURBd01EVTNJWE5sWTNKbGRDOVRSVU5TUlZReE16STBOVE0xTVRZeU15OHdORUZCTmpnNFFrWTJRamMwTWpVeU9EVTBNRFV6UWtJeE1UQTBRa1JCTlNFd01EQXdNamdoT1RrNU9TMHhNaTB6TVZReU16bzFPVG8xT1M0NU9UazVPVGs1V2lFLSIsIlRhcmdldExvY2F0aW9uIjowfQ\u0026maxresults=1"
      }
    },
    {
      "RequestUri": "https://fakevault.local/deletedsecrets?api-version=7.3\u0026$skiptoken=eyJOZXh0TWFya2VyIjoiMiExMzYhTURBd01EVTNJWE5sWTNKbGRDOVRSVU5TUlZReE16STBOVE0xTVRZeU15OHdORUZCTmpnNFFrWTJRamMwTWpVeU9EVTBNRFV6UWtJeE1UQTBRa1JCTlNFd01EQXdNamdoT1RrNU9TMHhNaTB6TVZReU16bzFPVG8xT1M0NU9UazVPVGs1V2lFLSIsIlRhcmdldExvY2F0aW9uIjowfQ\u0026maxresults=1",
      "RequestMethod": "GET",
      "RequestHeaders": {
        "Accept-Encoding": "gzip",
        "Authorization": "Sanitized",
        "User-Agent": "azsdk-go-azsecrets/v0.10.0 (go1.19; linux)"
      },
      "RequestBody": null,
      "StatusCode": 200,
      "ResponseHeaders": {
        "Cache-Control": "no-cache",
        "Content-Length": "287",
        "Content-Type": "application/json; charset=utf-8",
        "Date": "Fri, 02 Sep 2022 22:36:25 GMT",
        "Expires": "-1",
        "Pragma": "no-cache",
        "Strict-Transport-Security": "max-age=31536000;includeSubDomains",
        "X-Content-Type-Options": "nosniff",
        "x-ms-keyvault-network-info": "conn_type=Ipv4;addr=24.17.201.78;act_addr_fam=InterNetwork;",
        "x-ms-keyvault-region": "westus2",
        "x-ms-keyvault-service-version": "1.9.501.1",
        "x-ms-request-id": "99b13e61-1f7c-4951-a31f-2c39d5a9be6e"
      },
      "ResponseBody": {
        "value": [],
        "nextLink": "https://fakevault.local:443/deletedsecrets?api-version=7.3\u0026$skiptoken=eyJOZXh0TWFya2VyIjoiMiE5MiFNREF3TURJMElYTmxZM0psZEM5VFJVTlNSVlF5TXpJME5UTTFNVFl5TXlFd01EQXdNamdoT1RrNU9TMHhNaTB6TVZReU16bzFPVG8xT1M0NU9UazVPVGs1V2lFLSIsIlRhcmdldExvY2F0aW9uIjowfQ\u0026maxresults=1"
      }
    },
    {
      "RequestUri": "https://fakevault.local/deletedsecrets?api-version=7.3\u0026$skiptoken=eyJOZXh0TWFya2VyIjoiMiE5MiFNREF3TURJMElYTmxZM0psZEM5VFJVTlNSVlF5TXpJME5UTTFNVFl5TXlFd01EQXdNamdoT1RrNU9TMHhNaTB6TVZReU16bzFPVG8xT1M0NU9UazVPVGs1V2lFLSIsIlRhcmdldExvY2F0aW9uIjowfQ\u0026maxresults=1",
      "RequestMethod": "GET",
      "RequestHeaders": {
        "Accept-Encoding": "gzip",
        "Authorization": "Sanitized",
        "User-Agent": "azsdk-go-azsecrets/v0.10.0 (go1.19; linux)"
      },
      "RequestBody": null,
      "StatusCode": 200,
      "ResponseHeaders": {
        "Cache-Control": "no-cache",
        "Content-Length": "667",
        "Content-Type": "application/json; charset=utf-8",
        "Date": "Fri, 02 Sep 2022 22:36:26 GMT",
        "Expires": "-1",
        "Pragma": "no-cache",
        "Strict-Transport-Security": "max-age=31536000;includeSubDomains",
        "X-Content-Type-Options": "nosniff",
        "x-ms-keyvault-network-info": "conn_type=Ipv4;addr=24.17.201.78;act_addr_fam=InterNetwork;",
        "x-ms-keyvault-region": "westus2",
        "x-ms-keyvault-service-version": "1.9.501.1",
        "x-ms-request-id": "c61d1a7e-f9be-46c8-b89c-55a6ee90db24"
      },
      "ResponseBody": {
        "value": [
          {
            "recoveryId": "https://fakevault.local/deletedsecrets/secret23245351623",
            "deletedDate": 1662158176,
            "scheduledPurgeDate": 1669934176,
            "id": "https://fakevault.local/secrets/secret23245351623",
            "attributes": {
              "enabled": true,
              "created": 1662158176,
              "updated": 1662158176,
              "recoveryLevel": "Recoverable\u002BPurgeable",
              "recoverableDays": 90
            }
          }
        ],
        "nextLink": "https://fakevault.local:443/deletedsecrets?api-version=7.3\u0026$skiptoken=eyJOZXh0TWFya2VyIjoiMiExMzYhTURBd01EVTNJWE5sWTNKbGRDOVRSVU5TUlZReU16STBOVE0xTVRZeU15OHdORFEyUkVGRk16TkZSRUUwTWtGRk9FTTVSRU15TWpOQ1FVSkVOak5HUVNFd01EQXdNamdoT1RrNU9TMHhNaTB6TVZReU16bzFPVG8xT1M0NU9UazVPVGs1V2lFLSIsIlRhcmdldExvY2F0aW9uIjowfQ\u0026maxresults=1"
      }
    },
    {
      "RequestUri": "https://fakevault.local/deletedsecrets/secret13245351623?api-version=7.3",
      "RequestMethod": "DELETE",
      "RequestHeaders": {
        "Accept": "application/json",
        "Accept-Encoding": "gzip",
        "Authorization": "Sanitized",
        "User-Agent": "azsdk-go-azsecrets/v0.10.0 (go1.19; linux)"
      },
      "RequestBody": null,
      "StatusCode": 204,
      "ResponseHeaders": {
        "Cache-Control": "no-cache",
        "Date": "Fri, 02 Sep 2022 22:36:26 GMT",
        "Expires": "-1",
        "Pragma": "no-cache",
        "Strict-Transport-Security": "max-age=31536000;includeSubDomains",
        "X-Content-Type-Options": "nosniff",
        "x-ms-keyvault-network-info": "conn_type=Ipv4;addr=24.17.201.78;act_addr_fam=InterNetwork;",
        "x-ms-keyvault-region": "westus2",
        "x-ms-keyvault-service-version": "1.9.501.1",
        "x-ms-request-id": "c5ad6b99-0042-4243-8841-d942013231f5"
      },
      "ResponseBody": null
    },
    {
      "RequestUri": "https://fakevault.local/deletedsecrets/secret23245351623?api-version=7.3",
      "RequestMethod": "DELETE",
      "RequestHeaders": {
        "Accept": "application/json",
        "Accept-Encoding": "gzip",
        "Authorization": "Sanitized",
        "User-Agent": "azsdk-go-azsecrets/v0.10.0 (go1.19; linux)"
      },
      "RequestBody": null,
      "StatusCode": 204,
      "ResponseHeaders": {
        "Cache-Control": "no-cache",
        "Date": "Fri, 02 Sep 2022 22:36:26 GMT",
        "Expires": "-1",
        "Pragma": "no-cache",
        "Strict-Transport-Security": "max-age=31536000;includeSubDomains",
        "X-Content-Type-Options": "nosniff",
        "x-ms-keyvault-network-info": "conn_type=Ipv4;addr=24.17.201.78;act_addr_fam=InterNetwork;",
        "x-ms-keyvault-region": "westus2",
        "x-ms-keyvault-service-version": "1.9.501.1",
        "x-ms-request-id": "0d5e04ac-b2e9-481d-97c3-7f2873dfbb9c"
      },
      "ResponseBody": null
    }
  ],
  "Variables": {}
}
