{
  "Entries": [
    {
      "RequestUri": "https://fakekvurl.vault.azure.net/secrets/secret1641844154?api-version=7.2",
      "RequestMethod": "PUT",
      "RequestHeaders": {
        "Accept": "application/json",
        "Accept-Encoding": "gzip",
        "Content-Length": "0",
        "User-Agent": "azsdk-go-internal/v0.5.0 azsdk-go-azcore/v0.21.0 (go1.17; Windows_NT)"
      },
      "RequestBody": null,
      "StatusCode": 401,
      "ResponseHeaders": {
        "Cache-Control": "no-cache",
        "Content-Length": "97",
        "Content-Type": "application/json; charset=utf-8",
        "Date": "Tue, 25 Jan 2022 17:12:33 GMT",
        "Expires": "-1",
        "Pragma": "no-cache",
        "Strict-Transport-Security": "max-age=31536000;includeSubDomains",
        "WWW-Authenticate": "Bearer authorization=\u0022https://login.windows.net/72f988bf-86f1-41af-91ab-2d7cd011db47\u0022, resource=\u0022https://vault.azure.net\u0022",
        "X-Content-Type-Options": "nosniff",
        "x-ms-keyvault-network-info": "conn_type=Ipv4;addr=72.49.29.93;act_addr_fam=InterNetwork;",
        "x-ms-keyvault-region": "westus2",
        "x-ms-keyvault-service-version": "1.9.264.2",
        "x-ms-request-id": "54d701b9-7eab-48e4-bd18-a087b1413c17",
        "X-Powered-By": "ASP.NET"
      },
      "ResponseBody": {
        "error": {
          "code": "Unauthorized",
          "message": "AKV10000: Request is missing a Bearer or PoP token."
        }
      }
    },
    {
      "RequestUri": "https://fakekvurl.vault.azure.net/secrets/secret1641844154?api-version=7.2",
      "RequestMethod": "PUT",
      "RequestHeaders": {
        "Accept": "application/json",
        "Accept-Encoding": "gzip",
        "Authorization": "Sanitized",
        "Content-Length": "43",
        "Content-Type": "application/json",
        "User-Agent": "azsdk-go-internal/v0.5.0 azsdk-go-azcore/v0.21.0 (go1.17; Windows_NT)"
      },
      "RequestBody": {
        "attributes": {},
        "value": "value1641844154"
      },
      "StatusCode": 200,
      "ResponseHeaders": {
        "Cache-Control": "no-cache",
        "Content-Length": "266",
        "Content-Type": "application/json; charset=utf-8",
        "Date": "Tue, 25 Jan 2022 17:12:34 GMT",
        "Expires": "-1",
        "Pragma": "no-cache",
        "Strict-Transport-Security": "max-age=31536000;includeSubDomains",
        "X-Content-Type-Options": "nosniff",
        "x-ms-keyvault-network-info": "conn_type=Ipv4;addr=72.49.29.93;act_addr_fam=InterNetwork;",
        "x-ms-keyvault-region": "westus2",
        "x-ms-keyvault-service-version": "1.9.264.2",
        "x-ms-request-id": "5d570742-e57f-4c7d-a31c-90c10c1d54d2",
        "X-Powered-By": "ASP.NET"
      },
      "ResponseBody": {
        "value": "value1641844154",
        "id": "https://rosebud.vault.azure.net/secrets/secret1641844154/e6dfab4e498343e1887495c5e507e2d0",
        "attributes": {
          "enabled": true,
          "created": 1643130754,
          "updated": 1643130754,
          "recoveryLevel": "CustomizedRecoverable\u002BPurgeable",
          "recoverableDays": 7
        }
      }
    },
    {
      "RequestUri": "https://fakekvurl.vault.azure.net/secrets/secret1641844154?api-version=7.2",
      "RequestMethod": "DELETE",
      "RequestHeaders": {
        "Accept": "application/json",
        "Accept-Encoding": "gzip",
        "Authorization": "Sanitized",
        "User-Agent": "azsdk-go-internal/v0.5.0 azsdk-go-azcore/v0.21.0 (go1.17; Windows_NT)"
      },
      "RequestBody": null,
      "StatusCode": 200,
      "ResponseHeaders": {
        "Cache-Control": "no-cache",
        "Content-Length": "376",
        "Content-Type": "application/json; charset=utf-8",
        "Date": "Tue, 25 Jan 2022 17:12:34 GMT",
        "Expires": "-1",
        "Pragma": "no-cache",
        "Strict-Transport-Security": "max-age=31536000;includeSubDomains",
        "X-Content-Type-Options": "nosniff",
        "x-ms-keyvault-network-info": "conn_type=Ipv4;addr=72.49.29.93;act_addr_fam=InterNetwork;",
        "x-ms-keyvault-region": "westus2",
        "x-ms-keyvault-service-version": "1.9.264.2",
        "x-ms-request-id": "131c9b07-dc92-4c00-bf8c-cf307104efa0",
        "X-Powered-By": "ASP.NET"
      },
      "ResponseBody": {
        "recoveryId": "https://rosebud.vault.azure.net/deletedsecrets/secret1641844154",
        "deletedDate": 1643130754,
        "scheduledPurgeDate": 1643735554,
        "id": "https://rosebud.vault.azure.net/secrets/secret1641844154/e6dfab4e498343e1887495c5e507e2d0",
        "attributes": {
          "enabled": true,
          "created": 1643130754,
          "updated": 1643130754,
          "recoveryLevel": "CustomizedRecoverable\u002BPurgeable",
          "recoverableDays": 7
        }
      }
    },
    {
      "RequestUri": "https://fakekvurl.vault.azure.net/deletedsecrets/secret1641844154?api-version=7.2",
      "RequestMethod": "GET",
      "RequestHeaders": {
        ":method": "GET",
        "Accept": "application/json",
        "Accept-Encoding": "gzip",
        "Authorization": "Sanitized",
        "User-Agent": "azsdk-go-internal/v0.5.0 azsdk-go-azcore/v0.21.0 (go1.17; Windows_NT)"
      },
      "RequestBody": null,
      "StatusCode": 404,
      "ResponseHeaders": {
        "Cache-Control": "no-cache",
        "Content-Length": "90",
        "Content-Type": "application/json; charset=utf-8",
        "Date": "Tue, 25 Jan 2022 17:12:34 GMT",
        "Expires": "-1",
        "Pragma": "no-cache",
        "Strict-Transport-Security": "max-age=31536000;includeSubDomains",
        "X-Content-Type-Options": "nosniff",
        "x-ms-keyvault-network-info": "conn_type=Ipv4;addr=72.49.29.93;act_addr_fam=InterNetwork;",
        "x-ms-keyvault-region": "westus2",
        "x-ms-keyvault-service-version": "1.9.264.2",
        "x-ms-request-id": "5b7be8a5-5f17-4836-9518-404057ce766a",
        "X-Powered-By": "ASP.NET"
      },
      "ResponseBody": {
        "error": {
          "code": "SecretNotFound",
          "message": "Deleted Secret not found: secret1641844154"
        }
      }
    },
    {
      "RequestUri": "https://fakekvurl.vault.azure.net/deletedsecrets/secret1641844154?api-version=7.2",
      "RequestMethod": "GET",
      "RequestHeaders": {
        ":method": "GET",
        "Accept": "application/json",
        "Accept-Encoding": "gzip",
        "Authorization": "Sanitized",
        "User-Agent": "azsdk-go-internal/v0.5.0 azsdk-go-azcore/v0.21.0 (go1.17; Windows_NT)"
      },
      "RequestBody": null,
      "StatusCode": 404,
      "ResponseHeaders": {
        "Cache-Control": "no-cache",
        "Content-Length": "90",
        "Content-Type": "application/json; charset=utf-8",
        "Date": "Tue, 25 Jan 2022 17:12:34 GMT",
        "Expires": "-1",
        "Pragma": "no-cache",
        "Strict-Transport-Security": "max-age=31536000;includeSubDomains",
        "X-Content-Type-Options": "nosniff",
        "x-ms-keyvault-network-info": "conn_type=Ipv4;addr=72.49.29.93;act_addr_fam=InterNetwork;",
        "x-ms-keyvault-region": "westus2",
        "x-ms-keyvault-service-version": "1.9.264.2",
        "x-ms-request-id": "753aa0bc-1c6e-4ef4-bd70-4a39a11c2bc2",
        "X-Powered-By": "ASP.NET"
      },
      "ResponseBody": {
        "error": {
          "code": "SecretNotFound",
          "message": "Deleted Secret not found: secret1641844154"
        }
      }
    },
    {
      "RequestUri": "https://fakekvurl.vault.azure.net/deletedsecrets/secret1641844154?api-version=7.2",
      "RequestMethod": "GET",
      "RequestHeaders": {
        ":method": "GET",
        "Accept": "application/json",
        "Accept-Encoding": "gzip",
        "Authorization": "Sanitized",
        "User-Agent": "azsdk-go-internal/v0.5.0 azsdk-go-azcore/v0.21.0 (go1.17; Windows_NT)"
      },
      "RequestBody": null,
      "StatusCode": 404,
      "ResponseHeaders": {
        "Cache-Control": "no-cache",
        "Content-Length": "90",
        "Content-Type": "application/json; charset=utf-8",
        "Date": "Tue, 25 Jan 2022 17:12:34 GMT",
        "Expires": "-1",
        "Pragma": "no-cache",
        "Strict-Transport-Security": "max-age=31536000;includeSubDomains",
        "X-Content-Type-Options": "nosniff",
        "x-ms-keyvault-network-info": "conn_type=Ipv4;addr=72.49.29.93;act_addr_fam=InterNetwork;",
        "x-ms-keyvault-region": "westus2",
        "x-ms-keyvault-service-version": "1.9.264.2",
        "x-ms-request-id": "84867c57-3fb2-4d98-bfd6-196b82dd223f",
        "X-Powered-By": "ASP.NET"
      },
      "ResponseBody": {
        "error": {
          "code": "SecretNotFound",
          "message": "Deleted Secret not found: secret1641844154"
        }
      }
    },
    {
      "RequestUri": "https://fakekvurl.vault.azure.net/deletedsecrets/secret1641844154?api-version=7.2",
      "RequestMethod": "GET",
      "RequestHeaders": {
        ":method": "GET",
        "Accept": "application/json",
        "Accept-Encoding": "gzip",
        "Authorization": "Sanitized",
        "User-Agent": "azsdk-go-internal/v0.5.0 azsdk-go-azcore/v0.21.0 (go1.17; Windows_NT)"
      },
      "RequestBody": null,
      "StatusCode": 404,
      "ResponseHeaders": {
        "Cache-Control": "no-cache",
        "Content-Length": "90",
        "Content-Type": "application/json; charset=utf-8",
        "Date": "Tue, 25 Jan 2022 17:12:35 GMT",
        "Expires": "-1",
        "Pragma": "no-cache",
        "Strict-Transport-Security": "max-age=31536000;includeSubDomains",
        "X-Content-Type-Options": "nosniff",
        "x-ms-keyvault-network-info": "conn_type=Ipv4;addr=72.49.29.93;act_addr_fam=InterNetwork;",
        "x-ms-keyvault-region": "westus2",
        "x-ms-keyvault-service-version": "1.9.264.2",
        "x-ms-request-id": "eee4aa0c-0407-4e2b-8979-738da7468396",
        "X-Powered-By": "ASP.NET"
      },
      "ResponseBody": {
        "error": {
          "code": "SecretNotFound",
          "message": "Deleted Secret not found: secret1641844154"
        }
      }
    },
    {
      "RequestUri": "https://fakekvurl.vault.azure.net/deletedsecrets/secret1641844154?api-version=7.2",
      "RequestMethod": "GET",
      "RequestHeaders": {
        ":method": "GET",
        "Accept": "application/json",
        "Accept-Encoding": "gzip",
        "Authorization": "Sanitized",
        "User-Agent": "azsdk-go-internal/v0.5.0 azsdk-go-azcore/v0.21.0 (go1.17; Windows_NT)"
      },
      "RequestBody": null,
      "StatusCode": 404,
      "ResponseHeaders": {
        "Cache-Control": "no-cache",
        "Content-Length": "90",
        "Content-Type": "application/json; charset=utf-8",
        "Date": "Tue, 25 Jan 2022 17:12:35 GMT",
        "Expires": "-1",
        "Pragma": "no-cache",
        "Strict-Transport-Security": "max-age=31536000;includeSubDomains",
        "X-Content-Type-Options": "nosniff",
        "x-ms-keyvault-network-info": "conn_type=Ipv4;addr=72.49.29.93;act_addr_fam=InterNetwork;",
        "x-ms-keyvault-region": "westus2",
        "x-ms-keyvault-service-version": "1.9.264.2",
        "x-ms-request-id": "3a423a07-fb6d-4061-8af5-e2bb89e15efd",
        "X-Powered-By": "ASP.NET"
      },
      "ResponseBody": {
        "error": {
          "code": "SecretNotFound",
          "message": "Deleted Secret not found: secret1641844154"
        }
      }
    },
    {
      "RequestUri": "https://fakekvurl.vault.azure.net/deletedsecrets/secret1641844154?api-version=7.2",
      "RequestMethod": "GET",
      "RequestHeaders": {
        ":method": "GET",
        "Accept": "application/json",
        "Accept-Encoding": "gzip",
        "Authorization": "Sanitized",
        "User-Agent": "azsdk-go-internal/v0.5.0 azsdk-go-azcore/v0.21.0 (go1.17; Windows_NT)"
      },
      "RequestBody": null,
      "StatusCode": 200,
      "ResponseHeaders": {
        "Cache-Control": "no-cache",
        "Content-Length": "376",
        "Content-Type": "application/json; charset=utf-8",
        "Date": "Tue, 25 Jan 2022 17:12:35 GMT",
        "Expires": "-1",
        "Pragma": "no-cache",
        "Strict-Transport-Security": "max-age=31536000;includeSubDomains",
        "X-Content-Type-Options": "nosniff",
        "x-ms-keyvault-network-info": "conn_type=Ipv4;addr=72.49.29.93;act_addr_fam=InterNetwork;",
        "x-ms-keyvault-region": "westus2",
        "x-ms-keyvault-service-version": "1.9.264.2",
        "x-ms-request-id": "f95b64e2-9357-49a7-a26c-0bd3397b0f56",
        "X-Powered-By": "ASP.NET"
      },
      "ResponseBody": {
        "recoveryId": "https://rosebud.vault.azure.net/deletedsecrets/secret1641844154",
        "deletedDate": 1643130754,
        "scheduledPurgeDate": 1643735554,
        "id": "https://rosebud.vault.azure.net/secrets/secret1641844154/e6dfab4e498343e1887495c5e507e2d0",
        "attributes": {
          "enabled": true,
          "created": 1643130754,
          "updated": 1643130754,
          "recoveryLevel": "CustomizedRecoverable\u002BPurgeable",
          "recoverableDays": 7
        }
      }
    },
    {
      "RequestUri": "https://fakekvurl.vault.azure.net/deletedsecrets/secret1641844154?api-version=7.2",
      "RequestMethod": "GET",
      "RequestHeaders": {
        ":method": "GET",
        "Accept": "application/json",
        "Accept-Encoding": "gzip",
        "Authorization": "Sanitized",
        "User-Agent": "azsdk-go-internal/v0.5.0 azsdk-go-azcore/v0.21.0 (go1.17; Windows_NT)"
      },
      "RequestBody": null,
      "StatusCode": 200,
      "ResponseHeaders": {
        "Cache-Control": "no-cache",
        "Content-Length": "376",
        "Content-Type": "application/json; charset=utf-8",
        "Date": "Tue, 25 Jan 2022 17:12:36 GMT",
        "Expires": "-1",
        "Pragma": "no-cache",
        "Strict-Transport-Security": "max-age=31536000;includeSubDomains",
        "X-Content-Type-Options": "nosniff",
        "x-ms-keyvault-network-info": "conn_type=Ipv4;addr=72.49.29.93;act_addr_fam=InterNetwork;",
        "x-ms-keyvault-region": "westus2",
        "x-ms-keyvault-service-version": "1.9.264.2",
        "x-ms-request-id": "89158f09-bd5c-4a8d-9c78-67feea7d1943",
        "X-Powered-By": "ASP.NET"
      },
      "ResponseBody": {
        "recoveryId": "https://rosebud.vault.azure.net/deletedsecrets/secret1641844154",
        "deletedDate": 1643130754,
        "scheduledPurgeDate": 1643735554,
        "id": "https://rosebud.vault.azure.net/secrets/secret1641844154/e6dfab4e498343e1887495c5e507e2d0",
        "attributes": {
          "enabled": true,
          "created": 1643130754,
          "updated": 1643130754,
          "recoveryLevel": "CustomizedRecoverable\u002BPurgeable",
          "recoverableDays": 7
        }
      }
    },
    {
      "RequestUri": "https://fakekvurl.vault.azure.net/deletedsecrets/secret1641844154?api-version=7.2",
      "RequestMethod": "DELETE",
      "RequestHeaders": {
        "Accept": "application/json",
        "Accept-Encoding": "gzip",
        "Authorization": "Sanitized",
        "User-Agent": "azsdk-go-internal/v0.5.0 azsdk-go-azcore/v0.21.0 (go1.17; Windows_NT)"
      },
      "RequestBody": null,
      "StatusCode": 204,
      "ResponseHeaders": {
        "Cache-Control": "no-cache",
        "Date": "Tue, 25 Jan 2022 17:12:36 GMT",
        "Expires": "-1",
        "Pragma": "no-cache",
        "Strict-Transport-Security": "max-age=31536000;includeSubDomains",
        "X-Content-Type-Options": "nosniff",
        "x-ms-keyvault-network-info": "conn_type=Ipv4;addr=72.49.29.93;act_addr_fam=InterNetwork;",
        "x-ms-keyvault-region": "westus2",
        "x-ms-keyvault-service-version": "1.9.264.2",
        "x-ms-request-id": "da791621-2821-4e06-ab77-ba525b37fa62",
        "X-Powered-By": "ASP.NET"
      },
      "ResponseBody": null
    },
    {
      "RequestUri": "https://fakekvurl.vault.azure.net/secrets/secret1641844154/?api-version=7.2",
      "RequestMethod": "GET",
      "RequestHeaders": {
        ":method": "GET",
        "Accept": "application/json",
        "Accept-Encoding": "gzip",
        "Authorization": "Sanitized",
        "User-Agent": "azsdk-go-internal/v0.5.0 azsdk-go-azcore/v0.21.0 (go1.17; Windows_NT)"
      },
      "RequestBody": null,
      "StatusCode": 404,
      "ResponseHeaders": {
        "Cache-Control": "no-cache",
        "Content-Length": "313",
        "Content-Type": "application/json; charset=utf-8",
        "Date": "Tue, 25 Jan 2022 17:12:36 GMT",
        "Expires": "-1",
        "Pragma": "no-cache",
        "Strict-Transport-Security": "max-age=31536000;includeSubDomains",
        "X-Content-Type-Options": "nosniff",
        "x-ms-keyvault-network-info": "conn_type=Ipv4;addr=72.49.29.93;act_addr_fam=InterNetwork;",
        "x-ms-keyvault-region": "westus2",
        "x-ms-keyvault-service-version": "1.9.264.2",
        "x-ms-request-id": "cec3250d-93ef-48be-9d93-e6b49a1b995a",
        "X-Powered-By": "ASP.NET"
      },
      "ResponseBody": {
        "error": {
          "code": "SecretNotFound",
          "message": "A secret with (name/id) secret1641844154 was not found in this key vault. If you recently deleted this secret you may be able to recover it using the correct recovery command. For help resolving this issue, please see https://go.microsoft.com/fwlink/?linkid=2125182"
        }
      }
    }
  ],
  "Variables": {}
}
