{
  "Entries": [
    {
      "RequestUri": "https://fakevault.local/secrets/secret13245351623?api-version=7.4",
      "RequestMethod": "PUT",
      "RequestHeaders": {
        "Accept": "application/json",
        "Accept-Encoding": "gzip",
        "Content-Length": "0",
        "User-Agent": "azsdk-go-azsecrets/v0.12.0 (go1.19.3; linux)"
      },
      "RequestBody": null,
      "StatusCode": 401,
      "ResponseHeaders": {
        "Cache-Control": "no-cache",
        "Content-Length": "97",
        "Content-Type": "application/json; charset=utf-8",
        "Date": "Tue, 28 Mar 2023 23:53:04 GMT",
        "Expires": "-1",
        "Pragma": "no-cache",
        "Strict-Transport-Security": "max-age=31536000;includeSubDomains",
        "WWW-Authenticate": "Bearer authorization=\u0022https://login.windows.net/72f988bf-86f1-41af-91ab-2d7cd011db47\u0022, resource=\u0022https://local\u0022",
        "X-Content-Type-Options": "nosniff",
        "x-ms-keyvault-network-info": "conn_type=Ipv4;addr=167.220.2.77;act_addr_fam=InterNetwork;",
        "x-ms-keyvault-region": "uksouth",
        "x-ms-keyvault-service-version": "1.9.749.1",
        "x-ms-request-id": "81dcd262-46a5-4484-a867-4c108ea5cfc7"
      },
      "ResponseBody": {
        "error": {
          "code": "Unauthorized",
          "message": "AKV10000: Request is missing a Bearer or PoP token."
        }
      }
    },
    {
      "RequestUri": "https://fakevault.local/secrets/secret13245351623?api-version=7.4",
      "RequestMethod": "PUT",
      "RequestHeaders": {
        "Accept": "application/json",
        "Accept-Encoding": "gzip",
        "Authorization": "Sanitized",
        "Content-Length": "28",
        "Content-Type": "application/json",
        "User-Agent": "azsdk-go-azsecrets/v0.12.0 (go1.19.3; linux)"
      },
      "RequestBody": {
        "value": "value13245351623"
      },
      "StatusCode": 200,
      "ResponseHeaders": {
        "Cache-Control": "no-cache",
        "Content-Length": "260",
        "Content-Type": "application/json; charset=utf-8",
        "Date": "Tue, 28 Mar 2023 23:53:04 GMT",
        "Expires": "-1",
        "Pragma": "no-cache",
        "Strict-Transport-Security": "max-age=31536000;includeSubDomains",
        "X-Content-Type-Options": "nosniff",
        "x-ms-keyvault-network-info": "conn_type=Ipv4;addr=167.220.2.77;act_addr_fam=InterNetwork;",
        "x-ms-keyvault-rbac-assignment-id": "0ca71076-4c54-51c3-8622-e5e45ccee0d6",
        "x-ms-keyvault-rbac-cache": "ra_age=35;da_age=9259;rd_age=9259;brd_age=13600;ra_notif_age=2760;dec_lev=1;",
        "x-ms-keyvault-region": "uksouth",
        "x-ms-keyvault-service-version": "1.9.749.1",
        "x-ms-request-id": "a9ea34bd-8dfe-4162-9081-1c6990210386"
      },
      "ResponseBody": {
        "value": "value13245351623",
        "id": "https://fakevault.local/secrets/secret13245351623/ecba465dec0c4c2490aa5f894f1d7ed8",
        "attributes": {
          "enabled": true,
          "created": 1680047585,
          "updated": 1680047585,
          "recoveryLevel": "CustomizedRecoverable\u002BPurgeable",
          "recoverableDays": 7
        }
      }
    },
    {
      "RequestUri": "https://fakevault.local/secrets/secret13245351623?api-version=7.4",
      "RequestMethod": "DELETE",
      "RequestHeaders": {
        "Accept": "application/json",
        "Accept-Encoding": "gzip",
        "Authorization": "Sanitized",
        "User-Agent": "azsdk-go-azsecrets/v0.12.0 (go1.19.3; linux)"
      },
      "RequestBody": null,
      "StatusCode": 200,
      "ResponseHeaders": {
        "Cache-Control": "no-cache",
        "Content-Length": "362",
        "Content-Type": "application/json; charset=utf-8",
        "Date": "Tue, 28 Mar 2023 23:53:04 GMT",
        "Expires": "-1",
        "Pragma": "no-cache",
        "Strict-Transport-Security": "max-age=31536000;includeSubDomains",
        "X-Content-Type-Options": "nosniff",
        "x-ms-keyvault-network-info": "conn_type=Ipv4;addr=167.220.2.77;act_addr_fam=InterNetwork;",
        "x-ms-keyvault-rbac-assignment-id": "0ca71076-4c54-51c3-8622-e5e45ccee0d6",
        "x-ms-keyvault-rbac-cache": "ra_age=36;da_age=9260;rd_age=9260;brd_age=13600;ra_notif_age=2761;dec_lev=1;",
        "x-ms-keyvault-region": "uksouth",
        "x-ms-keyvault-service-version": "1.9.749.1",
        "x-ms-request-id": "14a5472f-62bf-4814-95c3-28678f25d202"
      },
      "ResponseBody": {
        "recoveryId": "https://fakevault.local/deletedsecrets/secret13245351623",
        "deletedDate": 1680047585,
        "scheduledPurgeDate": 1680652385,
        "id": "https://fakevault.local/secrets/secret13245351623/ecba465dec0c4c2490aa5f894f1d7ed8",
        "attributes": {
          "enabled": true,
          "created": 1680047585,
          "updated": 1680047585,
          "recoveryLevel": "CustomizedRecoverable\u002BPurgeable",
          "recoverableDays": 7
        }
      }
    },
    {
      "RequestUri": "https://fakevault.local/secrets/secret23245351623?api-version=7.4",
      "RequestMethod": "PUT",
      "RequestHeaders": {
        "Accept": "application/json",
        "Accept-Encoding": "gzip",
        "Authorization": "Sanitized",
        "Content-Length": "28",
        "Content-Type": "application/json",
        "User-Agent": "azsdk-go-azsecrets/v0.12.0 (go1.19.3; linux)"
      },
      "RequestBody": {
        "value": "value23245351623"
      },
      "StatusCode": 200,
      "ResponseHeaders": {
        "Cache-Control": "no-cache",
        "Content-Length": "260",
        "Content-Type": "application/json; charset=utf-8",
        "Date": "Tue, 28 Mar 2023 23:53:04 GMT",
        "Expires": "-1",
        "Pragma": "no-cache",
        "Strict-Transport-Security": "max-age=31536000;includeSubDomains",
        "X-Content-Type-Options": "nosniff",
        "x-ms-keyvault-network-info": "conn_type=Ipv4;addr=167.220.2.77;act_addr_fam=InterNetwork;",
        "x-ms-keyvault-rbac-assignment-id": "0ca71076-4c54-51c3-8622-e5e45ccee0d6",
        "x-ms-keyvault-rbac-cache": "ra_age=36;da_age=9260;rd_age=9260;brd_age=13600;ra_notif_age=2761;dec_lev=1;",
        "x-ms-keyvault-region": "uksouth",
        "x-ms-keyvault-service-version": "1.9.749.1",
        "x-ms-request-id": "2ad71e9d-1e34-4062-abea-ea961c2da796"
      },
      "ResponseBody": {
        "value": "value23245351623",
        "id": "https://fakevault.local/secrets/secret23245351623/d43d2f1d36c44e27afa55fa4651d37d5",
        "attributes": {
          "enabled": true,
          "created": 1680047585,
          "updated": 1680047585,
          "recoveryLevel": "CustomizedRecoverable\u002BPurgeable",
          "recoverableDays": 7
        }
      }
    },
    {
      "RequestUri": "https://fakevault.local/secrets/secret23245351623?api-version=7.4",
      "RequestMethod": "DELETE",
      "RequestHeaders": {
        "Accept": "application/json",
        "Accept-Encoding": "gzip",
        "Authorization": "Sanitized",
        "User-Agent": "azsdk-go-azsecrets/v0.12.0 (go1.19.3; linux)"
      },
      "RequestBody": null,
      "StatusCode": 200,
      "ResponseHeaders": {
        "Cache-Control": "no-cache",
        "Content-Length": "362",
        "Content-Type": "application/json; charset=utf-8",
        "Date": "Tue, 28 Mar 2023 23:53:05 GMT",
        "Expires": "-1",
        "Pragma": "no-cache",
        "Strict-Transport-Security": "max-age=31536000;includeSubDomains",
        "X-Content-Type-Options": "nosniff",
        "x-ms-keyvault-network-info": "conn_type=Ipv4;addr=167.220.2.77;act_addr_fam=InterNetwork;",
        "x-ms-keyvault-rbac-assignment-id": "0ca71076-4c54-51c3-8622-e5e45ccee0d6",
        "x-ms-keyvault-rbac-cache": "ra_age=36;da_age=9260;rd_age=9260;brd_age=13601;ra_notif_age=2761;dec_lev=1;",
        "x-ms-keyvault-region": "uksouth",
        "x-ms-keyvault-service-version": "1.9.749.1",
        "x-ms-request-id": "d838cee4-d869-414b-9793-2565589a6a0a"
      },
      "ResponseBody": {
        "recoveryId": "https://fakevault.local/deletedsecrets/secret23245351623",
        "deletedDate": 1680047585,
        "scheduledPurgeDate": 1680652385,
        "id": "https://fakevault.local/secrets/secret23245351623/d43d2f1d36c44e27afa55fa4651d37d5",
        "attributes": {
          "enabled": true,
          "created": 1680047585,
          "updated": 1680047585,
          "recoveryLevel": "CustomizedRecoverable\u002BPurgeable",
          "recoverableDays": 7
        }
      }
    },
    {
      "RequestUri": "https://fakevault.local/deletedsecrets/secret13245351623?api-version=7.4",
      "RequestMethod": "GET",
      "RequestHeaders": {
        "Accept": "application/json",
        "Accept-Encoding": "gzip",
        "Authorization": "Sanitized",
        "User-Agent": "azsdk-go-azsecrets/v0.12.0 (go1.19.3; linux)"
      },
      "RequestBody": null,
      "StatusCode": 404,
      "ResponseHeaders": {
        "Cache-Control": "no-cache",
        "Content-Length": "91",
        "Content-Type": "application/json; charset=utf-8",
        "Date": "Tue, 28 Mar 2023 23:53:05 GMT",
        "Expires": "-1",
        "Pragma": "no-cache",
        "Strict-Transport-Security": "max-age=31536000;includeSubDomains",
        "X-Content-Type-Options": "nosniff",
        "x-ms-keyvault-network-info": "conn_type=Ipv4;addr=167.220.2.77;act_addr_fam=InterNetwork;",
        "x-ms-keyvault-rbac-assignment-id": "0ca71076-4c54-51c3-8622-e5e45ccee0d6",
        "x-ms-keyvault-rbac-cache": "ra_age=36;da_age=9260;rd_age=9260;brd_age=13601;ra_notif_age=2761;dec_lev=1;",
        "x-ms-keyvault-region": "uksouth",
        "x-ms-keyvault-service-version": "1.9.749.1",
        "x-ms-request-id": "658826fa-fd09-49f0-9783-c64da6289d7e"
      },
      "ResponseBody": {
        "error": {
          "code": "SecretNotFound",
          "message": "Deleted Secret not found: secret13245351623"
        }
      }
    },
    {
      "RequestUri": "https://fakevault.local/deletedsecrets/secret13245351623?api-version=7.4",
      "RequestMethod": "GET",
      "RequestHeaders": {
        "Accept": "application/json",
        "Accept-Encoding": "gzip",
        "Authorization": "Sanitized",
        "User-Agent": "azsdk-go-azsecrets/v0.12.0 (go1.19.3; linux)"
      },
      "RequestBody": null,
      "StatusCode": 200,
      "ResponseHeaders": {
        "Cache-Control": "no-cache",
        "Content-Length": "362",
        "Content-Type": "application/json; charset=utf-8",
        "Date": "Tue, 28 Mar 2023 23:53:16 GMT",
        "Expires": "-1",
        "Pragma": "no-cache",
        "Strict-Transport-Security": "max-age=31536000;includeSubDomains",
        "X-Content-Type-Options": "nosniff",
        "x-ms-keyvault-network-info": "conn_type=Ipv4;addr=167.220.2.77;act_addr_fam=InterNetwork;",
        "x-ms-keyvault-rbac-assignment-id": "0ca71076-4c54-51c3-8622-e5e45ccee0d6",
        "x-ms-keyvault-rbac-cache": "ra_age=47;da_age=9271;rd_age=9271;brd_age=13611;ra_notif_age=2772;dec_lev=0;",
        "x-ms-keyvault-region": "uksouth",
        "x-ms-keyvault-service-version": "1.9.749.1",
        "x-ms-request-id": "8ee1dc5e-33e6-4f24-b575-bcb09bbff5eb"
      },
      "ResponseBody": {
        "recoveryId": "https://fakevault.local/deletedsecrets/secret13245351623",
        "deletedDate": 1680047585,
        "scheduledPurgeDate": 1680652385,
        "id": "https://fakevault.local/secrets/secret13245351623/ecba465dec0c4c2490aa5f894f1d7ed8",
        "attributes": {
          "enabled": true,
          "created": 1680047585,
          "updated": 1680047585,
          "recoveryLevel": "CustomizedRecoverable\u002BPurgeable",
          "recoverableDays": 7
        }
      }
    },
    {
      "RequestUri": "https://fakevault.local/deletedsecrets/secret23245351623?api-version=7.4",
      "RequestMethod": "GET",
      "RequestHeaders": {
        "Accept": "application/json",
        "Accept-Encoding": "gzip",
        "Authorization": "Sanitized",
        "User-Agent": "azsdk-go-azsecrets/v0.12.0 (go1.19.3; linux)"
      },
      "RequestBody": null,
      "StatusCode": 200,
      "ResponseHeaders": {
        "Cache-Control": "no-cache",
        "Content-Length": "362",
        "Content-Type": "application/json; charset=utf-8",
        "Date": "Tue, 28 Mar 2023 23:53:16 GMT",
        "Expires": "-1",
        "Pragma": "no-cache",
        "Strict-Transport-Security": "max-age=31536000;includeSubDomains",
        "X-Content-Type-Options": "nosniff",
        "x-ms-keyvault-network-info": "conn_type=Ipv4;addr=167.220.2.77;act_addr_fam=InterNetwork;",
        "x-ms-keyvault-rbac-assignment-id": "0ca71076-4c54-51c3-8622-e5e45ccee0d6",
        "x-ms-keyvault-rbac-cache": "ra_age=47;da_age=9271;rd_age=9271;brd_age=13611;ra_notif_age=2772;dec_lev=1;",
        "x-ms-keyvault-region": "uksouth",
        "x-ms-keyvault-service-version": "1.9.749.1",
        "x-ms-request-id": "c0732101-27ca-4c7b-9758-cf2f5b93c140"
      },
      "ResponseBody": {
        "recoveryId": "https://fakevault.local/deletedsecrets/secret23245351623",
        "deletedDate": 1680047585,
        "scheduledPurgeDate": 1680652385,
        "id": "https://fakevault.local/secrets/secret23245351623/d43d2f1d36c44e27afa55fa4651d37d5",
        "attributes": {
          "enabled": true,
          "created": 1680047585,
          "updated": 1680047585,
          "recoveryLevel": "CustomizedRecoverable\u002BPurgeable",
          "recoverableDays": 7
        }
      }
    },
    {
      "RequestUri": "https://fakevault.local/deletedsecrets?api-version=7.4\u0026maxresults=1",
      "RequestMethod": "GET",
      "RequestHeaders": {
        "Accept": "application/json",
        "Accept-Encoding": "gzip",
        "Authorization": "Sanitized",
        "User-Agent": "azsdk-go-azsecrets/v0.12.0 (go1.19.3; linux)"
      },
      "RequestBody": null,
      "StatusCode": 200,
      "ResponseHeaders": {
        "Cache-Control": "no-cache",
        "Content-Length": "676",
        "Content-Type": "application/json; charset=utf-8",
        "Date": "Tue, 28 Mar 2023 23:53:16 GMT",
        "Expires": "-1",
        "Pragma": "no-cache",
        "Strict-Transport-Security": "max-age=31536000;includeSubDomains",
        "X-Content-Type-Options": "nosniff",
        "x-ms-keyvault-network-info": "conn_type=Ipv4;addr=167.220.2.77;act_addr_fam=InterNetwork;",
        "x-ms-keyvault-rbac-assignment-id": "0ca71076-4c54-51c3-8622-e5e45ccee0d6",
        "x-ms-keyvault-rbac-cache": "ra_age=47;da_age=9271;rd_age=9271;brd_age=13612;ra_notif_age=2772;dec_lev=1;",
        "x-ms-keyvault-region": "uksouth",
        "x-ms-keyvault-service-version": "1.9.749.1",
        "x-ms-request-id": "51da07d5-575e-4cca-8138-ff4b1dbe1a4b"
      },
      "ResponseBody": {
        "value": [
          {
            "recoveryId": "https://fakevault.local/deletedsecrets/secret13245351623",
            "deletedDate": 1680047585,
            "scheduledPurgeDate": 1680652385,
            "id": "https://fakevault.local/secrets/secret13245351623",
            "attributes": {
              "enabled": true,
              "created": 1680047585,
              "updated": 1680047585,
              "recoveryLevel": "CustomizedRecoverable\u002BPurgeable",
              "recoverableDays": 7
            }
          }
        ],
        "nextLink": "https://fakevault.local:443/deletedsecrets?api-version=7.4\u0026$skiptoken=eyJOZXh0TWFya2VyIjoiMiExMzYhTURBd01EVTNJWE5sWTNKbGRDOVRSVU5TUlZReE16STBOVE0xTVRZeU15OUZRMEpCTkRZMVJFVkRNRU0wUXpJME9UQkJRVFZHT0RrMFJqRkVOMFZFT0NFd01EQXdNamdoT1RrNU9TMHhNaTB6TVZReU16bzFPVG8xT1M0NU9UazVPVGs1V2lFLSIsIlRhcmdldExvY2F0aW9uIjowfQ\u0026maxresults=1"
      }
    },
    {
      "RequestUri": "https://fakevault.local/deletedsecrets?api-version=7.4\u0026$skiptoken=eyJOZXh0TWFya2VyIjoiMiExMzYhTURBd01EVTNJWE5sWTNKbGRDOVRSVU5TUlZReE16STBOVE0xTVRZeU15OUZRMEpCTkRZMVJFVkRNRU0wUXpJME9UQkJRVFZHT0RrMFJqRkVOMFZFT0NFd01EQXdNamdoT1RrNU9TMHhNaTB6TVZReU16bzFPVG8xT1M0NU9UazVPVGs1V2lFLSIsIlRhcmdldExvY2F0aW9uIjowfQ\u0026maxresults=1",
      "RequestMethod": "GET",
      "RequestHeaders": {
        "Accept-Encoding": "gzip",
        "Authorization": "Sanitized",
        "User-Agent": "azsdk-go-azsecrets/v0.12.0 (go1.19.3; linux)"
      },
      "RequestBody": null,
      "StatusCode": 200,
      "ResponseHeaders": {
        "Cache-Control": "no-cache",
        "Content-Length": "287",
        "Content-Type": "application/json; charset=utf-8",
        "Date": "Tue, 28 Mar 2023 23:53:16 GMT",
        "Expires": "-1",
        "Pragma": "no-cache",
        "Strict-Transport-Security": "max-age=31536000;includeSubDomains",
        "X-Content-Type-Options": "nosniff",
        "x-ms-keyvault-network-info": "conn_type=Ipv4;addr=167.220.2.77;act_addr_fam=InterNetwork;",
        "x-ms-keyvault-rbac-assignment-id": "0ca71076-4c54-51c3-8622-e5e45ccee0d6",
        "x-ms-keyvault-rbac-cache": "ra_age=47;da_age=9271;rd_age=9271;brd_age=13612;ra_notif_age=2772;dec_lev=0;",
        "x-ms-keyvault-region": "uksouth",
        "x-ms-keyvault-service-version": "1.9.749.1",
        "x-ms-request-id": "9dfd59c7-3210-4e13-8a5e-085f7b5fc2d0"
      },
      "ResponseBody": {
        "value": [],
        "nextLink": "https://fakevault.local:443/deletedsecrets?api-version=7.4\u0026$skiptoken=eyJOZXh0TWFya2VyIjoiMiE5MiFNREF3TURJMElYTmxZM0psZEM5VFJVTlNSVlF5TXpJME5UTTFNVFl5TXlFd01EQXdNamdoT1RrNU9TMHhNaTB6TVZReU16bzFPVG8xT1M0NU9UazVPVGs1V2lFLSIsIlRhcmdldExvY2F0aW9uIjowfQ\u0026maxresults=1"
      }
    },
    {
      "RequestUri": "https://fakevault.local/deletedsecrets?api-version=7.4\u0026$skiptoken=eyJOZXh0TWFya2VyIjoiMiE5MiFNREF3TURJMElYTmxZM0psZEM5VFJVTlNSVlF5TXpJME5UTTFNVFl5TXlFd01EQXdNamdoT1RrNU9TMHhNaTB6TVZReU16bzFPVG8xT1M0NU9UazVPVGs1V2lFLSIsIlRhcmdldExvY2F0aW9uIjowfQ\u0026maxresults=1",
      "RequestMethod": "GET",
      "RequestHeaders": {
        "Accept-Encoding": "gzip",
        "Authorization": "Sanitized",
        "User-Agent": "azsdk-go-azsecrets/v0.12.0 (go1.19.3; linux)"
      },
      "RequestBody": null,
      "StatusCode": 200,
      "ResponseHeaders": {
        "Cache-Control": "no-cache",
        "Content-Length": "676",
        "Content-Type": "application/json; charset=utf-8",
        "Date": "Tue, 28 Mar 2023 23:53:16 GMT",
        "Expires": "-1",
        "Pragma": "no-cache",
        "Strict-Transport-Security": "max-age=31536000;includeSubDomains",
        "X-Content-Type-Options": "nosniff",
        "x-ms-keyvault-network-info": "conn_type=Ipv4;addr=167.220.2.77;act_addr_fam=InterNetwork;",
        "x-ms-keyvault-rbac-assignment-id": "0ca71076-4c54-51c3-8622-e5e45ccee0d6",
        "x-ms-keyvault-rbac-cache": "ra_age=47;da_age=9271;rd_age=9271;brd_age=13612;ra_notif_age=2772;dec_lev=0;",
        "x-ms-keyvault-region": "uksouth",
        "x-ms-keyvault-service-version": "1.9.749.1",
        "x-ms-request-id": "0f75f956-e4fd-4ae1-ab07-8205055ecb48"
      },
      "ResponseBody": {
        "value": [
          {
            "recoveryId": "https://fakevault.local/deletedsecrets/secret23245351623",
            "deletedDate": 1680047585,
            "scheduledPurgeDate": 1680652385,
            "id": "https://fakevault.local/secrets/secret23245351623",
            "attributes": {
              "enabled": true,
              "created": 1680047585,
              "updated": 1680047585,
              "recoveryLevel": "CustomizedRecoverable\u002BPurgeable",
              "recoverableDays": 7
            }
          }
        ],
        "nextLink": "https://fakevault.local:443/deletedsecrets?api-version=7.4\u0026$skiptoken=eyJOZXh0TWFya2VyIjoiMiExMzYhTURBd01EVTNJWE5sWTNKbGRDOVRSVU5TUlZReU16STBOVE0xTVRZeU15OUVORE5FTWtZeFJETTJRelEwUlRJM1FVWkJOVFZHUVRRMk5URkVNemRFTlNFd01EQXdNamdoT1RrNU9TMHhNaTB6TVZReU16bzFPVG8xT1M0NU9UazVPVGs1V2lFLSIsIlRhcmdldExvY2F0aW9uIjowfQ\u0026maxresults=1"
      }
    },
    {
      "RequestUri": "https://fakevault.local/deletedsecrets/secret13245351623?api-version=7.4",
      "RequestMethod": "DELETE",
      "RequestHeaders": {
        "Accept": "application/json",
        "Accept-Encoding": "gzip",
        "Authorization": "Sanitized",
        "User-Agent": "azsdk-go-azsecrets/v0.12.0 (go1.19.3; linux)"
      },
      "RequestBody": null,
      "StatusCode": 204,
      "ResponseHeaders": {
        "Cache-Control": "no-cache",
        "Date": "Tue, 28 Mar 2023 23:53:17 GMT",
        "Expires": "-1",
        "Pragma": "no-cache",
        "Strict-Transport-Security": "max-age=31536000;includeSubDomains",
        "X-Content-Type-Options": "nosniff",
        "x-ms-keyvault-network-info": "conn_type=Ipv4;addr=167.220.2.77;act_addr_fam=InterNetwork;",
        "x-ms-keyvault-rbac-assignment-id": "0ca71076-4c54-51c3-8622-e5e45ccee0d6",
        "x-ms-keyvault-rbac-cache": "ra_age=47;da_age=9271;rd_age=9271;brd_age=13612;ra_notif_age=2772;dec_lev=1;",
        "x-ms-keyvault-region": "uksouth",
        "x-ms-keyvault-service-version": "1.9.749.1",
        "x-ms-request-id": "a52a2d7a-a9a8-4443-b6a5-f91a36e12304"
      },
      "ResponseBody": null
    },
    {
      "RequestUri": "https://fakevault.local/deletedsecrets/secret23245351623?api-version=7.4",
      "RequestMethod": "DELETE",
      "RequestHeaders": {
        "Accept": "application/json",
        "Accept-Encoding": "gzip",
        "Authorization": "Sanitized",
        "User-Agent": "azsdk-go-azsecrets/v0.12.0 (go1.19.3; linux)"
      },
      "RequestBody": null,
      "StatusCode": 204,
      "ResponseHeaders": {
        "Cache-Control": "no-cache",
        "Date": "Tue, 28 Mar 2023 23:53:17 GMT",
        "Expires": "-1",
        "Pragma": "no-cache",
        "Strict-Transport-Security": "max-age=31536000;includeSubDomains",
        "X-Content-Type-Options": "nosniff",
        "x-ms-keyvault-network-info": "conn_type=Ipv4;addr=167.220.2.77;act_addr_fam=InterNetwork;",
        "x-ms-keyvault-rbac-assignment-id": "0ca71076-4c54-51c3-8622-e5e45ccee0d6",
        "x-ms-keyvault-rbac-cache": "ra_age=48;da_age=9272;rd_age=9272;brd_age=13612;ra_notif_age=2773;dec_lev=1;",
        "x-ms-keyvault-region": "uksouth",
        "x-ms-keyvault-service-version": "1.9.749.1",
        "x-ms-request-id": "69863baa-0bbd-402c-9ae0-5c58de0df1fd"
      },
      "ResponseBody": null
    }
  ],
  "Variables": {}
}
