---
version: 1
interactions:
- request:
    body: ""
    form: {}
    headers:
      Authorization:
      - SharedKey golangrocksonazure:gcQxM6IKlTdHU0oCXCXGhHxNrI25aBGbmODnRFFOOJA=
      User-Agent:
      - Go/go1.15.1 (amd64-windows) azure-storage-go/v52.6.0 api-version/2018-03-28
        file
      x-ms-date:
      - Tue, 13 Apr 2021 16:04:08 GMT
      x-ms-version:
      - "2018-03-28"
    url: https://golangrocksonazure.file.core.windows.net/share-35storagefilesuitetestfileproperties?restype=share
    method: PUT
  response:
    body: ""
    headers:
      Content-Length:
      - "0"
      Date:
      - Tue, 13 Apr 2021 16:04:08 GMT
      Etag:
      - '"0x8D8FE95C55130BD"'
      Last-Modified:
      - Tue, 13 Apr 2021 16:04:08 GMT
      Server:
      - Windows-Azure-File/1.0 Microsoft-HTTPAPI/2.0
      X-Ms-Request-Id:
      - 92d9ca76-801a-0087-767e-300c88000000
      X-Ms-Version:
      - "2018-03-28"
    status: 201 Created
    code: 201
    duration: ""
- request:
    body: ""
    form: {}
    headers:
      Authorization:
      - SharedKey golangrocksonazure:7XErLo/su2HTSdgLXWJ2tMlAcF0RkVSfnrTI7ukzWJY=
      User-Agent:
      - Go/go1.15.1 (amd64-windows) azure-storage-go/v52.6.0 api-version/2018-03-28
        file
      x-ms-content-length:
      - "512"
      x-ms-date:
      - Tue, 13 Apr 2021 16:04:08 GMT
      x-ms-type:
      - file
      x-ms-version:
      - "2018-03-28"
    url: https://golangrocksonazure.file.core.windows.net/share-35storagefilesuitetestfileproperties/test.dat
    method: PUT
  response:
    body: ""
    headers:
      Content-Length:
      - "0"
      Date:
      - Tue, 13 Apr 2021 16:04:08 GMT
      Etag:
      - '"0x8D8FE95C556019E"'
      Last-Modified:
      - Tue, 13 Apr 2021 16:04:08 GMT
      Server:
      - Windows-Azure-File/1.0 Microsoft-HTTPAPI/2.0
      X-Ms-Request-Id:
      - 92d9ca78-801a-0087-777e-300c88000000
      X-Ms-Request-Server-Encrypted:
      - "true"
      X-Ms-Version:
      - "2018-03-28"
    status: 201 Created
    code: 201
    duration: ""
- request:
    body: ""
    form: {}
    headers:
      Authorization:
      - SharedKey golangrocksonazure:7R3ruqcz6H5IWQeOo5E4U0xj7CbFn+vK1cqYx547Krs=
      User-Agent:
      - Go/go1.15.1 (amd64-windows) azure-storage-go/v52.6.0 api-version/2018-03-28
        file
      x-ms-cache-control:
      - cachecontrol
      x-ms-content-disposition:
      - friendly
      x-ms-content-encoding:
      - noencoding
      x-ms-content-language:
      - neutral
      x-ms-content-length:
      - "512"
      x-ms-content-type:
      - mytype
      x-ms-date:
      - Tue, 13 Apr 2021 16:04:08 GMT
      x-ms-version:
      - "2018-03-28"
    url: https://golangrocksonazure.file.core.windows.net/share-35storagefilesuitetestfileproperties/test.dat?comp=properties
    method: PUT
  response:
    body: ""
    headers:
      Content-Length:
      - "0"
      Date:
      - Tue, 13 Apr 2021 16:04:08 GMT
      Etag:
      - '"0x8D8FE95C5593681"'
      Last-Modified:
      - Tue, 13 Apr 2021 16:04:08 GMT
      Server:
      - Windows-Azure-File/1.0 Microsoft-HTTPAPI/2.0
      X-Ms-Request-Id:
      - 92d9ca79-801a-0087-787e-300c88000000
      X-Ms-Request-Server-Encrypted:
      - "true"
      X-Ms-Version:
      - "2018-03-28"
    status: 200 OK
    code: 200
    duration: ""
- request:
    body: ""
    form: {}
    headers:
      Authorization:
      - SharedKey golangrocksonazure:O77xVLY+zb12H3vxdpd5r2Z3LxM/XTp0ieoGOqMlVq4=
      User-Agent:
      - Go/go1.15.1 (amd64-windows) azure-storage-go/v52.6.0 api-version/2018-03-28
        file
      x-ms-date:
      - Tue, 13 Apr 2021 16:04:08 GMT
      x-ms-version:
      - "2018-03-28"
    url: https://golangrocksonazure.file.core.windows.net/share-35storagefilesuitetestfileproperties/test.dat
    method: HEAD
  response:
    body: ""
    headers:
      Cache-Control:
      - cachecontrol
      Content-Disposition:
      - friendly
      Content-Encoding:
      - noencoding
      Content-Language:
      - neutral
      Content-Length:
      - "512"
      Content-Type:
      - mytype
      Date:
      - Tue, 13 Apr 2021 16:04:08 GMT
      Etag:
      - '"0x8D8FE95C5593681"'
      Last-Modified:
      - Tue, 13 Apr 2021 16:04:08 GMT
      Server:
      - Windows-Azure-File/1.0 Microsoft-HTTPAPI/2.0
      X-Ms-Request-Id:
      - 92d9ca7a-801a-0087-797e-300c88000000
      X-Ms-Server-Encrypted:
      - "true"
      X-Ms-Type:
      - File
      X-Ms-Version:
      - "2018-03-28"
    status: 200 OK
    code: 200
    duration: ""
- request:
    body: ""
    form: {}
    headers:
      Authorization:
      - SharedKey golangrocksonazure:gynF3djx3yN0WZIZDnCjiR13Tv7W//twqVARkZFemns=
      User-Agent:
      - Go/go1.15.1 (amd64-windows) azure-storage-go/v52.6.0 api-version/2018-03-28
        file
      x-ms-date:
      - Tue, 13 Apr 2021 16:04:09 GMT
      x-ms-version:
      - "2018-03-28"
    url: https://golangrocksonazure.file.core.windows.net/share-35storagefilesuitetestfileproperties?restype=share
    method: DELETE
  response:
    body: ""
    headers:
      Content-Length:
      - "0"
      Date:
      - Tue, 13 Apr 2021 16:04:08 GMT
      Server:
      - Windows-Azure-File/1.0 Microsoft-HTTPAPI/2.0
      X-Ms-Request-Id:
      - 92d9ca7b-801a-0087-7a7e-300c88000000
      X-Ms-Version:
      - "2018-03-28"
    status: 202 Accepted
    code: 202
    duration: ""
