---
version: 1
interactions:
- request:
    body: ""
    form: {}
    headers:
      Authorization:
      - SharedKey golangrocksonazure:CdLf4jEh5KkUuNfprPc2ZgqMXfZnH0bXl/6nyGA/UlA=
      User-Agent:
      - Go/go1.15.1 (amd64-windows) azure-storage-go/v52.6.0 api-version/2018-03-28
        file
      x-ms-date:
      - Tue, 13 Apr 2021 16:04:07 GMT
      x-ms-version:
      - "2018-03-28"
    url: https://golangrocksonazure.file.core.windows.net/share-50storagefilesuitetestcopyfilesameaccountnometadata?restype=share
    method: PUT
  response:
    body: ""
    headers:
      Content-Length:
      - "0"
      Date:
      - Tue, 13 Apr 2021 16:04:06 GMT
      Etag:
      - '"0x8D8FE95C4567665"'
      Last-Modified:
      - Tue, 13 Apr 2021 16:04:07 GMT
      Server:
      - Windows-Azure-File/1.0 Microsoft-HTTPAPI/2.0
      X-Ms-Request-Id:
      - 92d9ca46-801a-0087-4b7e-300c88000000
      X-Ms-Version:
      - "2018-03-28"
    status: 201 Created
    code: 201
    duration: ""
- request:
    body: ""
    form: {}
    headers:
      Authorization:
      - SharedKey golangrocksonazure:RMvmuPqyTo+RbUat3rwMA+lttT2AuRo46fhOYAUS/Z4=
      User-Agent:
      - Go/go1.15.1 (amd64-windows) azure-storage-go/v52.6.0 api-version/2018-03-28
        file
      x-ms-date:
      - Tue, 13 Apr 2021 16:04:07 GMT
      x-ms-version:
      - "2018-03-28"
    url: https://golangrocksonazure.file.core.windows.net/share-50storagefilesuitetestcopyfilesameaccountnometadata/one?restype=directory
    method: PUT
  response:
    body: ""
    headers:
      Content-Length:
      - "0"
      Date:
      - Tue, 13 Apr 2021 16:04:06 GMT
      Etag:
      - '"0x8D8FE95C45AAAF3"'
      Last-Modified:
      - Tue, 13 Apr 2021 16:04:07 GMT
      Server:
      - Windows-Azure-File/1.0 Microsoft-HTTPAPI/2.0
      X-Ms-Request-Id:
      - 92d9ca48-801a-0087-4c7e-300c88000000
      X-Ms-Request-Server-Encrypted:
      - "true"
      X-Ms-Version:
      - "2018-03-28"
    status: 201 Created
    code: 201
    duration: ""
- request:
    body: ""
    form: {}
    headers:
      Authorization:
      - SharedKey golangrocksonazure:Dq9Q+BxtchjpQW4UPhow0rfARkG61KQjmTKKh3HdobQ=
      User-Agent:
      - Go/go1.15.1 (amd64-windows) azure-storage-go/v52.6.0 api-version/2018-03-28
        file
      x-ms-date:
      - Tue, 13 Apr 2021 16:04:07 GMT
      x-ms-version:
      - "2018-03-28"
    url: https://golangrocksonazure.file.core.windows.net/share-50storagefilesuitetestcopyfilesameaccountnometadata/one/two?restype=directory
    method: PUT
  response:
    body: ""
    headers:
      Content-Length:
      - "0"
      Date:
      - Tue, 13 Apr 2021 16:04:06 GMT
      Etag:
      - '"0x8D8FE95C45E06E6"'
      Last-Modified:
      - Tue, 13 Apr 2021 16:04:07 GMT
      Server:
      - Windows-Azure-File/1.0 Microsoft-HTTPAPI/2.0
      X-Ms-Request-Id:
      - 92d9ca49-801a-0087-4d7e-300c88000000
      X-Ms-Request-Server-Encrypted:
      - "true"
      X-Ms-Version:
      - "2018-03-28"
    status: 201 Created
    code: 201
    duration: ""
- request:
    body: ""
    form: {}
    headers:
      Authorization:
      - SharedKey golangrocksonazure:aOa840c8kQBIuTjJ/smcG4ptpZFnK1377GPZM82Ca6o=
      User-Agent:
      - Go/go1.15.1 (amd64-windows) azure-storage-go/v52.6.0 api-version/2018-03-28
        file
      x-ms-content-length:
      - "1024"
      x-ms-date:
      - Tue, 13 Apr 2021 16:04:07 GMT
      x-ms-type:
      - file
      x-ms-version:
      - "2018-03-28"
    url: https://golangrocksonazure.file.core.windows.net/share-50storagefilesuitetestcopyfilesameaccountnometadata/one/two/some.file
    method: PUT
  response:
    body: ""
    headers:
      Content-Length:
      - "0"
      Date:
      - Tue, 13 Apr 2021 16:04:06 GMT
      Etag:
      - '"0x8D8FE95C461B116"'
      Last-Modified:
      - Tue, 13 Apr 2021 16:04:07 GMT
      Server:
      - Windows-Azure-File/1.0 Microsoft-HTTPAPI/2.0
      X-Ms-Request-Id:
      - 92d9ca4a-801a-0087-4e7e-300c88000000
      X-Ms-Request-Server-Encrypted:
      - "true"
      X-Ms-Version:
      - "2018-03-28"
    status: 201 Created
    code: 201
    duration: ""
- request:
    body: ""
    form: {}
    headers:
      Authorization:
      - SharedKey golangrocksonazure:4hzTlUC2gtxDrdHLo1HVGZp/60fbChesrVORoZ3nRjs=
      User-Agent:
      - Go/go1.15.1 (amd64-windows) azure-storage-go/v52.6.0 api-version/2018-03-28
        file
      x-ms-date:
      - Tue, 13 Apr 2021 16:04:07 GMT
      x-ms-version:
      - "2018-03-28"
    url: https://golangrocksonazure.file.core.windows.net/share-50storagefilesuitetestcopyfilesameaccountnometadata/one/two/some.file
    method: HEAD
  response:
    body: ""
    headers:
      Content-Length:
      - "1024"
      Content-Type:
      - application/octet-stream
      Date:
      - Tue, 13 Apr 2021 16:04:06 GMT
      Etag:
      - '"0x8D8FE95C461B116"'
      Last-Modified:
      - Tue, 13 Apr 2021 16:04:07 GMT
      Server:
      - Windows-Azure-File/1.0 Microsoft-HTTPAPI/2.0
      X-Ms-Request-Id:
      - 92d9ca4b-801a-0087-4f7e-300c88000000
      X-Ms-Server-Encrypted:
      - "true"
      X-Ms-Type:
      - File
      X-Ms-Version:
      - "2018-03-28"
    status: 200 OK
    code: 200
    duration: ""
- request:
    body: ""
    form: {}
    headers:
      Authorization:
      - SharedKey golangrocksonazure:B3ej0/bmk49ANnrwz0E712C3nx2PPvp3ZLbZ/+wuHT4=
      User-Agent:
      - Go/go1.15.1 (amd64-windows) azure-storage-go/v52.6.0 api-version/2018-03-28
        file
      x-ms-copy-source:
      - https://golangrocksonazure.file.core.windows.net/share-50storagefilesuitetestcopyfilesameaccountnometadata/one/two/some.file
      x-ms-date:
      - Tue, 13 Apr 2021 16:04:07 GMT
      x-ms-type:
      - file
      x-ms-version:
      - "2018-03-28"
    url: https://golangrocksonazure.file.core.windows.net/share-50storagefilesuitetestcopyfilesameaccountnometadata/one/two/someother.file
    method: PUT
  response:
    body: ""
    headers:
      Content-Length:
      - "0"
      Date:
      - Tue, 13 Apr 2021 16:04:07 GMT
      Etag:
      - '"0x8D8FE95C4C7B16B"'
      Last-Modified:
      - Tue, 13 Apr 2021 16:04:07 GMT
      Server:
      - Windows-Azure-File/1.0 Microsoft-HTTPAPI/2.0
      X-Ms-Copy-Id:
      - a6a865a0-4655-48b1-99e6-7bd186d1e513
      X-Ms-Copy-Status:
      - success
      X-Ms-Request-Id:
      - 92d9ca4c-801a-0087-507e-300c88000000
      X-Ms-Version:
      - "2018-03-28"
    status: 202 Accepted
    code: 202
    duration: ""
- request:
    body: ""
    form: {}
    headers:
      Authorization:
      - SharedKey golangrocksonazure:uhqsnYxxV0WUosppAfdFXmYdj2KnGetEteOcQzcwLc0=
      User-Agent:
      - Go/go1.15.1 (amd64-windows) azure-storage-go/v52.6.0 api-version/2018-03-28
        file
      x-ms-date:
      - Tue, 13 Apr 2021 16:04:08 GMT
      x-ms-version:
      - "2018-03-28"
    url: https://golangrocksonazure.file.core.windows.net/share-50storagefilesuitetestcopyfilesameaccountnometadata/one/two/some.file
    method: DELETE
  response:
    body: ""
    headers:
      Content-Length:
      - "0"
      Date:
      - Tue, 13 Apr 2021 16:04:07 GMT
      Server:
      - Windows-Azure-File/1.0 Microsoft-HTTPAPI/2.0
      X-Ms-Request-Id:
      - 92d9ca53-801a-0087-577e-300c88000000
      X-Ms-Version:
      - "2018-03-28"
    status: 202 Accepted
    code: 202
    duration: ""
- request:
    body: ""
    form: {}
    headers:
      Authorization:
      - SharedKey golangrocksonazure:dOldL5Bxqf9pYZ7fQkU/a+U7GVCwcAmYpGGrY7Nt8Os=
      User-Agent:
      - Go/go1.15.1 (amd64-windows) azure-storage-go/v52.6.0 api-version/2018-03-28
        file
      x-ms-date:
      - Tue, 13 Apr 2021 16:04:08 GMT
      x-ms-version:
      - "2018-03-28"
    url: https://golangrocksonazure.file.core.windows.net/share-50storagefilesuitetestcopyfilesameaccountnometadata/one/two/someother.file
    method: DELETE
  response:
    body: ""
    headers:
      Content-Length:
      - "0"
      Date:
      - Tue, 13 Apr 2021 16:04:07 GMT
      Server:
      - Windows-Azure-File/1.0 Microsoft-HTTPAPI/2.0
      X-Ms-Request-Id:
      - 92d9ca54-801a-0087-587e-300c88000000
      X-Ms-Version:
      - "2018-03-28"
    status: 202 Accepted
    code: 202
    duration: ""
- request:
    body: ""
    form: {}
    headers:
      Authorization:
      - SharedKey golangrocksonazure:+KNkKemlo/aPBguAmlsAXCIy72Egy3D9OLACKhkrCe8=
      User-Agent:
      - Go/go1.15.1 (amd64-windows) azure-storage-go/v52.6.0 api-version/2018-03-28
        file
      x-ms-date:
      - Tue, 13 Apr 2021 16:04:08 GMT
      x-ms-version:
      - "2018-03-28"
    url: https://golangrocksonazure.file.core.windows.net/share-50storagefilesuitetestcopyfilesameaccountnometadata?restype=share
    method: DELETE
  response:
    body: ""
    headers:
      Content-Length:
      - "0"
      Date:
      - Tue, 13 Apr 2021 16:04:07 GMT
      Server:
      - Windows-Azure-File/1.0 Microsoft-HTTPAPI/2.0
      X-Ms-Request-Id:
      - 92d9ca55-801a-0087-597e-300c88000000
      X-Ms-Version:
      - "2018-03-28"
    status: 202 Accepted
    code: 202
    duration: ""
