---
version: 1
interactions:
- request:
    body: ""
    form: {}
    headers:
      Authorization:
      - SharedKey golangrocksonazure:U3WJm2HU1rl/0zSvjzSoL6Lj9PmYtg0ML8hvaQos0BQ=
      User-Agent:
      - Go/go1.12.4 (amd64-windows) azure-storage-go/latest api-version/2018-03-28
        blob
      x-ms-date:
      - Tue, 28 May 2019 22:35:39 GMT
      x-ms-version:
      - "2018-03-28"
    url: https://golangrocksonazure.blob.core.windows.net/cnt-27blockblobsuitetestputblock?restype=container
    method: PUT
  response:
    body: ""
    headers:
      Content-Length:
      - "0"
      Date:
      - Tue, 28 May 2019 22:35:38 GMT
      Etag:
      - '"0x8D6E3BCCF4D34BC"'
      Last-Modified:
      - Tue, 28 May 2019 22:35:39 GMT
      Server:
      - Windows-Azure-Blob/1.0 Microsoft-HTTPAPI/2.0
      X-Ms-Request-Id:
      - 378145e6-e01e-00b7-01a5-15d5a7000000
      X-Ms-Version:
      - "2018-03-28"
    status: 201 Created
    code: 201
    duration: ""
- request:
    body: Lorem ipsum dolor sit amet, consectetur adipiscing elit. Integer feugiat
      eleifend scelerisque. Phasellus tempor turpis eget magna pretium, et finibus
      massa convallis. Donec eget lacinia nibh. Ut ut cursus odio. Quisque id justo
      interdum, maximus ex a, dapibus leo. Nullam mattis arcu nec justo vehicula pretium.
      Curabitur fermentum quam ac dolor venenatis, vitae scelerisque ex posuere. Donec
      ut ante porttitor, ultricies ante ac, pulvinar metus. Nunc suscipit elit gravida
      dolor facilisis sollicitudin. Fusce ac ultrices libero. Donec erat lectus, hendrerit
      volutpat nisl quis, porta accumsan nibh. Pellentesque hendrerit nisi id mi porttitor
      maximus. Phasellus vitae venenatis velit. Quisque id felis nec lacus iaculis
      porttitor. Maecenas egestas tortor et nulla dapibus varius. In hac habitasse
      platea dictumst.Lorem ipsum dolor sit amet, consectetur adipiscing elit. Integer
      feugiat eleifend scelerisque. Phasellus tempor turpis eget magna pretium, et
      finibus massa convallis. Donec eget lacinia nibh. Ut ut cursus odio.
    form: {}
    headers:
      Authorization:
      - SharedKey golangrocksonazure:0nSi97XyeSbtCb45Mjpcvs1TQ3VKuAZteUc1oHtoY7w=
      Content-Length:
      - "1024"
      User-Agent:
      - Go/go1.12.4 (amd64-windows) azure-storage-go/latest api-version/2018-03-28
        blob
      x-ms-date:
      - Tue, 28 May 2019 22:35:39 GMT
      x-ms-version:
      - "2018-03-28"
    url: https://golangrocksonazure.blob.core.windows.net/cnt-27blockblobsuitetestputblock/blob/27blockblobsuitetestputblock?blockid=bG9s&comp=block
    method: PUT
  response:
    body: ""
    headers:
      Content-Length:
      - "0"
      Content-Md5:
      - 0rZVY1m4cHz874drfCSd/w==
      Date:
      - Tue, 28 May 2019 22:35:38 GMT
      Server:
      - Windows-Azure-Blob/1.0 Microsoft-HTTPAPI/2.0
      X-Ms-Request-Id:
      - 378145ff-e01e-00b7-18a5-15d5a7000000
      X-Ms-Request-Server-Encrypted:
      - "true"
      X-Ms-Version:
      - "2018-03-28"
    status: 201 Created
    code: 201
    duration: ""
- request:
    body: ""
    form: {}
    headers:
      Authorization:
      - SharedKey golangrocksonazure:XOy/9ux46GUfLkDruFqTQceD9awe/4o3bpE2tNFlFdw=
      User-Agent:
      - Go/go1.12.4 (amd64-windows) azure-storage-go/latest api-version/2018-03-28
        blob
      x-ms-date:
      - Tue, 28 May 2019 22:35:39 GMT
      x-ms-version:
      - "2018-03-28"
    url: https://golangrocksonazure.blob.core.windows.net/cnt-27blockblobsuitetestputblock?restype=container
    method: DELETE
  response:
    body: ""
    headers:
      Content-Length:
      - "0"
      Date:
      - Tue, 28 May 2019 22:35:38 GMT
      Server:
      - Windows-Azure-Blob/1.0 Microsoft-HTTPAPI/2.0
      X-Ms-Request-Id:
      - 37814623-e01e-00b7-3aa5-15d5a7000000
      X-Ms-Version:
      - "2018-03-28"
    status: 202 Accepted
    code: 202
    duration: ""
