{
  "Entries": [
    {
      "RequestUri": "https://fakeaccount.table.core.windows.net/Tables",
      "RequestMethod": "POST",
      "RequestHeaders": {
        ":authority": "localhost:5001",
        ":method": "POST",
        ":path": "/Tables",
        ":scheme": "https",
        "Accept": "application/json;odata=minimalmetadata",
        "Accept-Encoding": "gzip",
        "Authorization": "Sanitized",
        "Content-Length": "35",
        "Content-Type": "application/json",
        "dataserviceversion": "3.0",
        "User-Agent": "azsdk-go-aztables/v0.2.1 azsdk-go-azcore/v0.20.0 (go1.17; Windows_NT)",
        "x-ms-date": "Tue, 26 Oct 2021 20:12:32 GMT",
        "x-ms-version": "2019-02-02"
      },
      "RequestBody": {
        "TableName": "tableName2262274532"
      },
      "StatusCode": 201,
      "ResponseHeaders": {
        "Cache-Control": "no-cache",
        "Content-Type": "application/json; odata=minimalmetadata; streaming=true; charset=utf-8",
        "Date": "Tue, 26 Oct 2021 20:12:31 GMT",
        "Location": "https://seankaneprim.table.core.windows.net/Tables(\u0027tableName2262274532\u0027)",
        "Server": [
          "Windows-Azure-Table/1.0",
          "Microsoft-HTTPAPI/2.0"
        ],
        "Transfer-Encoding": "chunked",
        "X-Content-Type-Options": "nosniff",
        "x-ms-request-id": "f244e0a7-b002-005a-32a5-ca173a000000",
        "x-ms-version": "2019-02-02"
      },
      "ResponseBody": {
        "odata.metadata": "https://seankaneprim.table.core.windows.net/$metadata#Tables/@Element",
        "TableName": "tableName2262274532"
      }
    },
    {
      "RequestUri": "https://fakeaccount.table.core.windows.net/tableName2262274532(PartitionKey=\u0027partition\u0027,RowKey=\u00271\u0027)",
      "RequestMethod": "PUT",
      "RequestHeaders": {
        ":authority": "localhost:5001",
        ":method": "PUT",
        ":path": "/tableName2262274532(PartitionKey=\u0027partition\u0027,RowKey=\u00271\u0027)",
        ":scheme": "https",
        "Accept": "application/json",
        "Accept-Encoding": "gzip",
        "Authorization": "Sanitized",
        "Content-Length": "125",
        "Content-Type": "application/json",
        "dataserviceversion": "3.0",
        "User-Agent": "azsdk-go-aztables/v0.2.1 azsdk-go-azcore/v0.20.0 (go1.17; Windows_NT)",
        "x-ms-date": "Tue, 26 Oct 2021 20:12:32 GMT",
        "x-ms-version": "2019-02-02"
      },
      "RequestBody": {
        "Bool": true,
        "Integer": 1,
        "PartitionKey": "partition",
        "RowKey": "1",
        "String": "some string 1",
        "Timestamp": "0001-01-01T00:00:00Z"
      },
      "StatusCode": 204,
      "ResponseHeaders": {
        "Cache-Control": "no-cache",
        "Content-Length": "0",
        "Date": "Tue, 26 Oct 2021 20:12:31 GMT",
        "ETag": "W/\u0022datetime\u00272021-10-26T20%3A12%3A32.0071874Z\u0027\u0022",
        "Server": [
          "Windows-Azure-Table/1.0",
          "Microsoft-HTTPAPI/2.0"
        ],
        "X-Content-Type-Options": "nosniff",
        "x-ms-request-id": "f244e0c4-b002-005a-4ca5-ca173a000000",
        "x-ms-version": "2019-02-02"
      },
      "ResponseBody": null
    },
    {
      "RequestUri": "https://fakeaccount.table.core.windows.net/tableName2262274532(PartitionKey=\u0027partition\u0027,RowKey=\u00271\u0027)?%24format=application%2Fjson%3Bodata%3Dminimalmetadata",
      "RequestMethod": "GET",
      "RequestHeaders": {
        ":authority": "localhost:5001",
        ":method": "GET",
        ":path": "/tableName2262274532(PartitionKey=\u0027partition\u0027,RowKey=\u00271\u0027)?%24format=application%2Fjson%3Bodata%3Dminimalmetadata",
        ":scheme": "https",
        "Accept": "application/json;odata=minimalmetadata",
        "Accept-Encoding": "gzip",
        "Authorization": "Sanitized",
        "dataserviceversion": "3.0",
        "User-Agent": "azsdk-go-aztables/v0.2.1 azsdk-go-azcore/v0.20.0 (go1.17; Windows_NT)",
        "x-ms-date": "Tue, 26 Oct 2021 20:12:32 GMT",
        "x-ms-version": "2019-02-02"
      },
      "RequestBody": null,
      "StatusCode": 200,
      "ResponseHeaders": {
        "Cache-Control": "no-cache",
        "Content-Type": "application/json; odata=minimalmetadata; streaming=true; charset=utf-8",
        "Date": "Tue, 26 Oct 2021 20:12:31 GMT",
        "ETag": "W/\u0022datetime\u00272021-10-26T20%3A12%3A32.0071874Z\u0027\u0022",
        "Server": [
          "Windows-Azure-Table/1.0",
          "Microsoft-HTTPAPI/2.0"
        ],
        "Transfer-Encoding": "chunked",
        "Vary": "Origin",
        "X-Content-Type-Options": "nosniff",
        "x-ms-request-id": "f244e0ed-b002-005a-72a5-ca173a000000",
        "x-ms-version": "2019-02-02"
      },
      "ResponseBody": {
        "odata.metadata": "https://seankaneprim.table.core.windows.net/$metadata#tableName2262274532/@Element",
        "odata.etag": "W/\u0022datetime\u00272021-10-26T20%3A12%3A32.0071874Z\u0027\u0022",
        "PartitionKey": "partition",
        "RowKey": "1",
        "Timestamp": "2021-10-26T20:12:32.0071874Z",
        "Bool": true,
        "Integer": 1,
        "String": "some string 1"
      }
    },
    {
      "RequestUri": "https://fakeaccount.table.core.windows.net/tableName2262274532(PartitionKey=\u0027partition\u0027,RowKey=\u00271\u0027)",
      "RequestMethod": "PUT",
      "RequestHeaders": {
        ":authority": "localhost:5001",
        ":method": "PUT",
        ":path": "/tableName2262274532(PartitionKey=\u0027partition\u0027,RowKey=\u00271\u0027)",
        ":scheme": "https",
        "Accept": "application/json",
        "Accept-Encoding": "gzip",
        "Authorization": "Sanitized",
        "Content-Length": "100",
        "Content-Type": "application/json",
        "dataserviceversion": "3.0",
        "User-Agent": "azsdk-go-aztables/v0.2.1 azsdk-go-azcore/v0.20.0 (go1.17; Windows_NT)",
        "x-ms-date": "Tue, 26 Oct 2021 20:12:32 GMT",
        "x-ms-version": "2019-02-02"
      },
      "RequestBody": {
        "Integer": 1,
        "MergeProperty": "foo",
        "PartitionKey": "partition",
        "RowKey": "1",
        "String": "some string 1"
      },
      "StatusCode": 204,
      "ResponseHeaders": {
        "Cache-Control": "no-cache",
        "Content-Length": "0",
        "Date": "Tue, 26 Oct 2021 20:12:31 GMT",
        "ETag": "W/\u0022datetime\u00272021-10-26T20%3A12%3A32.1760901Z\u0027\u0022",
        "Server": [
          "Windows-Azure-Table/1.0",
          "Microsoft-HTTPAPI/2.0"
        ],
        "X-Content-Type-Options": "nosniff",
        "x-ms-request-id": "f244e10d-b002-005a-0fa5-ca173a000000",
        "x-ms-version": "2019-02-02"
      },
      "ResponseBody": null
    },
    {
      "RequestUri": "https://fakeaccount.table.core.windows.net/tableName2262274532()?%24filter=RowKey\u002Beq\u002B%271%27\u0026%24format=application%2Fjson%3Bodata%3Dminimalmetadata",
      "RequestMethod": "GET",
      "RequestHeaders": {
        ":authority": "localhost:5001",
        ":method": "GET",
        ":path": "/tableName2262274532()?%24filter=RowKey\u002Beq\u002B%271%27\u0026%24format=application%2Fjson%3Bodata%3Dminimalmetadata",
        ":scheme": "https",
        "Accept": "application/json;odata=minimalmetadata",
        "Accept-Encoding": "gzip",
        "Authorization": "Sanitized",
        "dataserviceversion": "3.0",
        "User-Agent": "azsdk-go-aztables/v0.2.1 azsdk-go-azcore/v0.20.0 (go1.17; Windows_NT)",
        "x-ms-date": "Tue, 26 Oct 2021 20:12:32 GMT",
        "x-ms-version": "2019-02-02"
      },
      "RequestBody": null,
      "StatusCode": 200,
      "ResponseHeaders": {
        "Cache-Control": "no-cache",
        "Content-Type": "application/json; odata=minimalmetadata; streaming=true; charset=utf-8",
        "Date": "Tue, 26 Oct 2021 20:12:31 GMT",
        "Server": [
          "Windows-Azure-Table/1.0",
          "Microsoft-HTTPAPI/2.0"
        ],
        "Transfer-Encoding": "chunked",
        "Vary": "Origin",
        "X-Content-Type-Options": "nosniff",
        "x-ms-request-id": "f244e126-b002-005a-27a5-ca173a000000",
        "x-ms-version": "2019-02-02"
      },
      "ResponseBody": {
        "odata.metadata": "https://seankaneprim.table.core.windows.net/$metadata#tableName2262274532",
        "value": [
          {
            "odata.etag": "W/\u0022datetime\u00272021-10-26T20%3A12%3A32.1760901Z\u0027\u0022",
            "PartitionKey": "partition",
            "RowKey": "1",
            "Timestamp": "2021-10-26T20:12:32.1760901Z",
            "Integer": 1,
            "MergeProperty": "foo",
            "String": "some string 1"
          }
        ]
      }
    },
    {
      "RequestUri": "https://fakeaccount.table.core.windows.net/Tables(\u0027tableName2262274532\u0027)",
      "RequestMethod": "DELETE",
      "RequestHeaders": {
        ":authority": "localhost:5001",
        ":method": "DELETE",
        ":path": "/Tables(\u0027tableName2262274532\u0027)",
        ":scheme": "https",
        "Accept": "application/json",
        "Accept-Encoding": "gzip",
        "Authorization": "Sanitized",
        "User-Agent": "azsdk-go-aztables/v0.2.1 azsdk-go-azcore/v0.20.0 (go1.17; Windows_NT)",
        "x-ms-date": "Tue, 26 Oct 2021 20:12:32 GMT",
        "x-ms-version": "2019-02-02"
      },
      "RequestBody": null,
      "StatusCode": 204,
      "ResponseHeaders": {
        "Cache-Control": "no-cache",
        "Content-Length": "0",
        "Date": "Tue, 26 Oct 2021 20:12:31 GMT",
        "Server": [
          "Windows-Azure-Table/1.0",
          "Microsoft-HTTPAPI/2.0"
        ],
        "X-Content-Type-Options": "nosniff",
        "x-ms-request-id": "f244e14e-b002-005a-4aa5-ca173a000000",
        "x-ms-version": "2019-02-02"
      },
      "ResponseBody": null
    }
  ],
  "Variables": {}
}
