---
version: 1
interactions:
- request:
    body: ""
    form: {}
    headers:
      Accept:
      - application/xml
      Authorization:
      - sanitized
      User-Agent:
      - azsdk-go-azblob/v0.1.0 azsdk-go-azcore/v0.19.0 (go1.16.7; Windows_NT)
      X-Ms-Date:
      - Sat, 11 Sep 2021 08:46:04 GMT
      X-Ms-Version:
      - "2019-12-12"
    url: https://azureblobstoragecanada.blob.core.windows.net/gocappendblobgetpropertiesusingvid?restype=container
    method: PUT
  response:
    body: ""
    headers:
      Content-Length:
      - "0"
      Date:
      - Sat, 11 Sep 2021 08:46:04 GMT
      Etag:
      - '"0x8D9750096DDC3C3"'
      Last-Modified:
      - Sat, 11 Sep 2021 08:46:04 GMT
      Server:
      - Windows-Azure-Blob/1.0 Microsoft-HTTPAPI/2.0
      X-Ms-Request-Id:
      - ea51f3f7-701e-002b-27e9-a64219000000
      X-Ms-Version:
      - "2019-12-12"
    status: 201 Created
    code: 201
    duration: ""
- request:
    body: ""
    form: {}
    headers:
      Accept:
      - application/xml
      Authorization:
      - sanitized
      Content-Length:
      - "0"
      User-Agent:
      - azsdk-go-azblob/v0.1.0 azsdk-go-azcore/v0.19.0 (go1.16.7; Windows_NT)
      X-Ms-Blob-Type:
      - AppendBlob
      X-Ms-Date:
      - Sat, 11 Sep 2021 08:46:04 GMT
      X-Ms-Version:
      - "2019-12-12"
    url: https://azureblobstoragecanada.blob.core.windows.net/gocappendblobgetpropertiesusingvid/gotestblobappendblobgetpropertiesusingvid
    method: PUT
  response:
    body: ""
    headers:
      Content-Length:
      - "0"
      Date:
      - Sat, 11 Sep 2021 08:46:04 GMT
      Etag:
      - '"0x8D975009703F2B3"'
      Last-Modified:
      - Sat, 11 Sep 2021 08:46:04 GMT
      Server:
      - Windows-Azure-Blob/1.0 Microsoft-HTTPAPI/2.0
      X-Ms-Request-Id:
      - ea51f481-701e-002b-27e9-a64219000000
      X-Ms-Request-Server-Encrypted:
      - "true"
      X-Ms-Version:
      - "2019-12-12"
      X-Ms-Version-Id:
      - "2021-09-11T08:46:04.3703987Z"
    status: 201 Created
    code: 201
    duration: ""
- request:
    body: ""
    form: {}
    headers:
      Accept:
      - application/xml
      Authorization:
      - sanitized
      User-Agent:
      - azsdk-go-azblob/v0.1.0 azsdk-go-azcore/v0.19.0 (go1.16.7; Windows_NT)
      X-Ms-Date:
      - Sat, 11 Sep 2021 08:46:04 GMT
      X-Ms-Version:
      - "2019-12-12"
    url: https://azureblobstoragecanada.blob.core.windows.net/gocappendblobgetpropertiesusingvid/gotestblobappendblobgetpropertiesusingvid
    method: HEAD
  response:
    body: ""
    headers:
      Accept-Ranges:
      - bytes
      Content-Length:
      - "0"
      Content-Type:
      - application/octet-stream
      Date:
      - Sat, 11 Sep 2021 08:46:04 GMT
      Etag:
      - '"0x8D975009703F2B3"'
      Last-Modified:
      - Sat, 11 Sep 2021 08:46:04 GMT
      Server:
      - Windows-Azure-Blob/1.0 Microsoft-HTTPAPI/2.0
      X-Ms-Blob-Committed-Block-Count:
      - "0"
      X-Ms-Blob-Type:
      - AppendBlob
      X-Ms-Creation-Time:
      - Sat, 11 Sep 2021 08:46:04 GMT
      X-Ms-Is-Current-Version:
      - "true"
      X-Ms-Lease-State:
      - available
      X-Ms-Lease-Status:
      - unlocked
      X-Ms-Request-Id:
      - ea51f4f8-701e-002b-15e9-a64219000000
      X-Ms-Server-Encrypted:
      - "true"
      X-Ms-Version:
      - "2019-12-12"
      X-Ms-Version-Id:
      - "2021-09-11T08:46:04.3703987Z"
    status: 200 OK
    code: 200
    duration: ""
- request:
    body: ""
    form: {}
    headers:
      Accept:
      - application/xml
      Authorization:
      - sanitized
      Content-Length:
      - "0"
      If-Match:
      - '"0x8D975009703F2B3"'
      User-Agent:
      - azsdk-go-azblob/v0.1.0 azsdk-go-azcore/v0.19.0 (go1.16.7; Windows_NT)
      X-Ms-Blob-Type:
      - AppendBlob
      X-Ms-Date:
      - Sat, 11 Sep 2021 08:46:04 GMT
      X-Ms-Meta-Foo:
      - bar
      X-Ms-Version:
      - "2019-12-12"
    url: https://azureblobstoragecanada.blob.core.windows.net/gocappendblobgetpropertiesusingvid/gotestblobappendblobgetpropertiesusingvid
    method: PUT
  response:
    body: ""
    headers:
      Content-Length:
      - "0"
      Date:
      - Sat, 11 Sep 2021 08:46:04 GMT
      Etag:
      - '"0x8D975009751D538"'
      Last-Modified:
      - Sat, 11 Sep 2021 08:46:04 GMT
      Server:
      - Windows-Azure-Blob/1.0 Microsoft-HTTPAPI/2.0
      X-Ms-Request-Id:
      - ea51f5a3-701e-002b-32e9-a64219000000
      X-Ms-Request-Server-Encrypted:
      - "true"
      X-Ms-Version:
      - "2019-12-12"
      X-Ms-Version-Id:
      - "2021-09-11T08:46:04.8818248Z"
    status: 201 Created
    code: 201
    duration: ""
- request:
    body: ""
    form: {}
    headers:
      Accept:
      - application/xml
      Authorization:
      - sanitized
      User-Agent:
      - azsdk-go-azblob/v0.1.0 azsdk-go-azcore/v0.19.0 (go1.16.7; Windows_NT)
      X-Ms-Date:
      - Sat, 11 Sep 2021 08:46:05 GMT
      X-Ms-Version:
      - "2019-12-12"
    url: https://azureblobstoragecanada.blob.core.windows.net/gocappendblobgetpropertiesusingvid/gotestblobappendblobgetpropertiesusingvid
    method: HEAD
  response:
    body: ""
    headers:
      Accept-Ranges:
      - bytes
      Content-Length:
      - "0"
      Content-Type:
      - application/octet-stream
      Date:
      - Sat, 11 Sep 2021 08:46:05 GMT
      Etag:
      - '"0x8D975009751D538"'
      Last-Modified:
      - Sat, 11 Sep 2021 08:46:04 GMT
      Server:
      - Windows-Azure-Blob/1.0 Microsoft-HTTPAPI/2.0
      X-Ms-Blob-Committed-Block-Count:
      - "0"
      X-Ms-Blob-Type:
      - AppendBlob
      X-Ms-Creation-Time:
      - Sat, 11 Sep 2021 08:46:04 GMT
      X-Ms-Is-Current-Version:
      - "true"
      X-Ms-Lease-State:
      - available
      X-Ms-Lease-Status:
      - unlocked
      X-Ms-Meta-Foo:
      - bar
      X-Ms-Request-Id:
      - ea51f63d-701e-002b-3be9-a64219000000
      X-Ms-Server-Encrypted:
      - "true"
      X-Ms-Version:
      - "2019-12-12"
      X-Ms-Version-Id:
      - "2021-09-11T08:46:04.8818248Z"
    status: 200 OK
    code: 200
    duration: ""
- request:
    body: ""
    form: {}
    headers:
      Accept:
      - application/xml
      Authorization:
      - sanitized
      User-Agent:
      - azsdk-go-azblob/v0.1.0 azsdk-go-azcore/v0.19.0 (go1.16.7; Windows_NT)
      X-Ms-Date:
      - Sat, 11 Sep 2021 08:46:05 GMT
      X-Ms-Version:
      - "2019-12-12"
    url: https://azureblobstoragecanada.blob.core.windows.net/gocappendblobgetpropertiesusingvid?restype=container
    method: DELETE
  response:
    body: ""
    headers:
      Content-Length:
      - "0"
      Date:
      - Sat, 11 Sep 2021 08:46:05 GMT
      Server:
      - Windows-Azure-Blob/1.0 Microsoft-HTTPAPI/2.0
      X-Ms-Request-Id:
      - ea51f6c3-701e-002b-32e9-a64219000000
      X-Ms-Version:
      - "2019-12-12"
    status: 202 Accepted
    code: 202
    duration: ""
