---
version: 1
interactions:
- request:
    body: ""
    form: {}
    headers:
      Accept:
      - application/xml
      Authorization:
      - sanitized
      User-Agent:
      - azsdk-go-generated/<version> azsdk-go-generated/<version> azcore/v0.16.2 (go1.15;
        Windows_NT)
      X-Ms-Date:
      - Mon, 21 Jun 2021 11:18:59 GMT
      X-Ms-Version:
      - "2019-12-12"
    url: https://azureblobstoragecanada.blob.core.windows.net/gocblobstartcopydestifmodifiedsincetrue?restype=container
    method: PUT
  response:
    body: ""
    headers:
      Content-Length:
      - "0"
      Date:
      - Mon, 21 Jun 2021 11:18:58 GMT
      Etag:
      - '"0x8D934A65DF66B91"'
      Last-Modified:
      - Mon, 21 Jun 2021 11:18:59 GMT
      Server:
      - Windows-Azure-Blob/1.0 Microsoft-HTTPAPI/2.0
      X-Ms-Request-Id:
      - 1f78d9db-001e-0006-198f-66c1d9000000
      X-Ms-Version:
      - "2019-12-12"
    status: 201 Created
    code: 201
    duration: ""
- request:
    body: GoBlockBlobData
    form: {}
    headers:
      Accept:
      - application/xml
      Authorization:
      - sanitized
      Content-Length:
      - "15"
      Content-Type:
      - application/octet-stream
      User-Agent:
      - azsdk-go-generated/<version> azsdk-go-generated/<version> azcore/v0.16.2 (go1.15;
        Windows_NT)
      X-Ms-Blob-Type:
      - BlockBlob
      X-Ms-Date:
      - Mon, 21 Jun 2021 11:18:59 GMT
      X-Ms-Version:
      - "2019-12-12"
    url: https://azureblobstoragecanada.blob.core.windows.net/gocblobstartcopydestifmodifiedsincetrue/gotestblobblobstartcopydestifmodifiedsincetrue
    method: PUT
  response:
    body: ""
    headers:
      Content-Length:
      - "0"
      Content-Md5:
      - ebncwguMQu9sgPmr0GazhA==
      Date:
      - Mon, 21 Jun 2021 11:18:58 GMT
      Etag:
      - '"0x8D934A65E1CDA3C"'
      Last-Modified:
      - Mon, 21 Jun 2021 11:18:59 GMT
      Server:
      - Windows-Azure-Blob/1.0 Microsoft-HTTPAPI/2.0
      X-Ms-Content-Crc64:
      - +JGsS7CR5kg=
      X-Ms-Request-Id:
      - 1f78daf2-001e-0006-1f8f-66c1d9000000
      X-Ms-Request-Server-Encrypted:
      - "true"
      X-Ms-Version:
      - "2019-12-12"
      X-Ms-Version-Id:
      - "2021-06-21T11:18:59.7800508Z"
    status: 201 Created
    code: 201
    duration: ""
- request:
    body: GoBlockBlobData
    form: {}
    headers:
      Accept:
      - application/xml
      Authorization:
      - sanitized
      Content-Length:
      - "15"
      Content-Type:
      - application/octet-stream
      User-Agent:
      - azsdk-go-generated/<version> azsdk-go-generated/<version> azcore/v0.16.2 (go1.15;
        Windows_NT)
      X-Ms-Blob-Type:
      - BlockBlob
      X-Ms-Date:
      - Mon, 21 Jun 2021 11:19:00 GMT
      X-Ms-Version:
      - "2019-12-12"
    url: https://azureblobstoragecanada.blob.core.windows.net/gocblobstartcopydestifmodifiedsincetrue/dstgotestblobblobstartcopydestifmodifiedsincetrue
    method: PUT
  response:
    body: ""
    headers:
      Content-Length:
      - "0"
      Content-Md5:
      - ebncwguMQu9sgPmr0GazhA==
      Date:
      - Mon, 21 Jun 2021 11:18:59 GMT
      Etag:
      - '"0x8D934A65E421D7C"'
      Last-Modified:
      - Mon, 21 Jun 2021 11:19:00 GMT
      Server:
      - Windows-Azure-Blob/1.0 Microsoft-HTTPAPI/2.0
      X-Ms-Content-Crc64:
      - +JGsS7CR5kg=
      X-Ms-Request-Id:
      - 1f78dc05-001e-0006-2a8f-66c1d9000000
      X-Ms-Request-Server-Encrypted:
      - "true"
      X-Ms-Version:
      - "2019-12-12"
      X-Ms-Version-Id:
      - "2021-06-21T11:19:00.0242556Z"
    status: 201 Created
    code: 201
    duration: ""
- request:
    body: ""
    form: {}
    headers:
      Accept:
      - application/xml
      Authorization:
      - sanitized
      If-Modified-Since:
      - Mon, 21 Jun 2021 11:18:48 GMT
      User-Agent:
      - azsdk-go-generated/<version> azsdk-go-generated/<version> azcore/v0.16.2 (go1.15;
        Windows_NT)
      X-Ms-Copy-Source:
      - https://azureblobstoragecanada.blob.core.windows.net/gocblobstartcopydestifmodifiedsincetrue/gotestblobblobstartcopydestifmodifiedsincetrue
      X-Ms-Date:
      - Mon, 21 Jun 2021 11:19:00 GMT
      X-Ms-Version:
      - "2019-12-12"
    url: https://azureblobstoragecanada.blob.core.windows.net/gocblobstartcopydestifmodifiedsincetrue/dstgotestblobblobstartcopydestifmodifiedsincetrue
    method: PUT
  response:
    body: ""
    headers:
      Content-Length:
      - "0"
      Date:
      - Mon, 21 Jun 2021 11:18:59 GMT
      Etag:
      - '"0x8D934A65E67D5FD"'
      Last-Modified:
      - Mon, 21 Jun 2021 11:19:00 GMT
      Server:
      - Windows-Azure-Blob/1.0 Microsoft-HTTPAPI/2.0
      X-Ms-Copy-Id:
      - b3700e67-f85a-4b6e-b854-4325e321671d
      X-Ms-Copy-Status:
      - success
      X-Ms-Request-Id:
      - 1f78dd0e-001e-0006-218f-66c1d9000000
      X-Ms-Version:
      - "2019-12-12"
      X-Ms-Version-Id:
      - "2021-06-21T11:19:00.2734629Z"
    status: 202 Accepted
    code: 202
    duration: ""
- request:
    body: ""
    form: {}
    headers:
      Accept:
      - application/xml
      Authorization:
      - sanitized
      User-Agent:
      - azsdk-go-generated/<version> azsdk-go-generated/<version> azcore/v0.16.2 (go1.15;
        Windows_NT)
      X-Ms-Date:
      - Mon, 21 Jun 2021 11:19:00 GMT
      X-Ms-Version:
      - "2019-12-12"
    url: https://azureblobstoragecanada.blob.core.windows.net/gocblobstartcopydestifmodifiedsincetrue/dstgotestblobblobstartcopydestifmodifiedsincetrue
    method: HEAD
  response:
    body: ""
    headers:
      Accept-Ranges:
      - bytes
      Content-Length:
      - "15"
      Content-Md5:
      - ebncwguMQu9sgPmr0GazhA==
      Content-Type:
      - application/octet-stream
      Date:
      - Mon, 21 Jun 2021 11:18:59 GMT
      Etag:
      - '"0x8D934A65E67D5FD"'
      Last-Modified:
      - Mon, 21 Jun 2021 11:19:00 GMT
      Server:
      - Windows-Azure-Blob/1.0 Microsoft-HTTPAPI/2.0
      X-Ms-Access-Tier:
      - Hot
      X-Ms-Access-Tier-Inferred:
      - "true"
      X-Ms-Blob-Type:
      - BlockBlob
      X-Ms-Copy-Completion-Time:
      - Mon, 21 Jun 2021 11:19:00 GMT
      X-Ms-Copy-Id:
      - b3700e67-f85a-4b6e-b854-4325e321671d
      X-Ms-Copy-Progress:
      - 15/15
      X-Ms-Copy-Source:
      - https://azureblobstoragecanada.blob.core.windows.net/gocblobstartcopydestifmodifiedsincetrue/gotestblobblobstartcopydestifmodifiedsincetrue
      X-Ms-Copy-Status:
      - success
      X-Ms-Creation-Time:
      - Mon, 21 Jun 2021 11:19:00 GMT
      X-Ms-Is-Current-Version:
      - "true"
      X-Ms-Lease-State:
      - available
      X-Ms-Lease-Status:
      - unlocked
      X-Ms-Request-Id:
      - 1f78de21-001e-0006-218f-66c1d9000000
      X-Ms-Server-Encrypted:
      - "true"
      X-Ms-Version:
      - "2019-12-12"
      X-Ms-Version-Id:
      - "2021-06-21T11:19:00.2734629Z"
    status: 200 OK
    code: 200
    duration: ""
- request:
    body: ""
    form: {}
    headers:
      Accept:
      - application/xml
      Authorization:
      - sanitized
      User-Agent:
      - azsdk-go-generated/<version> azsdk-go-generated/<version> azcore/v0.16.2 (go1.15;
        Windows_NT)
      X-Ms-Date:
      - Mon, 21 Jun 2021 11:19:00 GMT
      X-Ms-Version:
      - "2019-12-12"
    url: https://azureblobstoragecanada.blob.core.windows.net/gocblobstartcopydestifmodifiedsincetrue?restype=container
    method: DELETE
  response:
    body: ""
    headers:
      Content-Length:
      - "0"
      Date:
      - Mon, 21 Jun 2021 11:18:59 GMT
      Server:
      - Windows-Azure-Blob/1.0 Microsoft-HTTPAPI/2.0
      X-Ms-Request-Id:
      - 1f78df21-001e-0006-108f-66c1d9000000
      X-Ms-Version:
      - "2019-12-12"
    status: 202 Accepted
    code: 202
    duration: ""
