---
version: 1
interactions:
- request:
    body: ""
    form: {}
    headers:
      Accept:
      - application/xml
      Authorization:
      - sanitized
      User-Agent:
      - azsdk-go-azblob/v0.1.0 azsdk-go-azcore/v0.19.0 (go1.16.7; Windows_NT)
      X-Ms-Date:
      - Fri, 10 Sep 2021 17:51:28 GMT
      X-Ms-Version:
      - "2019-12-12"
    url: https://azureblobstoragecanada.blob.core.windows.net/gocblobcreateappendhttpheaders?restype=container
    method: PUT
  response:
    body: ""
    headers:
      Content-Length:
      - "0"
      Date:
      - Fri, 10 Sep 2021 17:51:27 GMT
      Etag:
      - '"0x8D974839D97AF29"'
      Last-Modified:
      - Fri, 10 Sep 2021 17:51:28 GMT
      Server:
      - Windows-Azure-Blob/1.0 Microsoft-HTTPAPI/2.0
      X-Ms-Request-Id:
      - d45e1529-501e-001e-766c-a6ec4c000000
      X-Ms-Version:
      - "2019-12-12"
    status: 201 Created
    code: 201
    duration: ""
- request:
    body: ""
    form: {}
    headers:
      Accept:
      - application/xml
      Authorization:
      - sanitized
      Content-Length:
      - "0"
      User-Agent:
      - azsdk-go-azblob/v0.1.0 azsdk-go-azcore/v0.19.0 (go1.16.7; Windows_NT)
      X-Ms-Blob-Cache-Control:
      - control
      X-Ms-Blob-Content-Disposition:
      - my_disposition
      X-Ms-Blob-Content-Encoding:
      - my_encoding
      X-Ms-Blob-Content-Language:
      - my_language
      X-Ms-Blob-Content-Type:
      - my_type
      X-Ms-Blob-Type:
      - AppendBlob
      X-Ms-Date:
      - Fri, 10 Sep 2021 17:51:28 GMT
      X-Ms-Version:
      - "2019-12-12"
    url: https://azureblobstoragecanada.blob.core.windows.net/gocblobcreateappendhttpheaders/gotestblobblobcreateappendhttpheaders
    method: PUT
  response:
    body: ""
    headers:
      Content-Length:
      - "0"
      Date:
      - Fri, 10 Sep 2021 17:51:27 GMT
      Etag:
      - '"0x8D974839DBE6405"'
      Last-Modified:
      - Fri, 10 Sep 2021 17:51:28 GMT
      Server:
      - Windows-Azure-Blob/1.0 Microsoft-HTTPAPI/2.0
      X-Ms-Request-Id:
      - d45e15bf-501e-001e-766c-a6ec4c000000
      X-Ms-Request-Server-Encrypted:
      - "true"
      X-Ms-Version:
      - "2019-12-12"
      X-Ms-Version-Id:
      - "2021-09-10T17:51:28.5673989Z"
    status: 201 Created
    code: 201
    duration: ""
- request:
    body: ""
    form: {}
    headers:
      Accept:
      - application/xml
      Authorization:
      - sanitized
      User-Agent:
      - azsdk-go-azblob/v0.1.0 azsdk-go-azcore/v0.19.0 (go1.16.7; Windows_NT)
      X-Ms-Date:
      - Fri, 10 Sep 2021 17:51:28 GMT
      X-Ms-Version:
      - "2019-12-12"
    url: https://azureblobstoragecanada.blob.core.windows.net/gocblobcreateappendhttpheaders/gotestblobblobcreateappendhttpheaders
    method: HEAD
  response:
    body: ""
    headers:
      Accept-Ranges:
      - bytes
      Cache-Control:
      - control
      Content-Disposition:
      - my_disposition
      Content-Encoding:
      - my_encoding
      Content-Language:
      - my_language
      Content-Length:
      - "0"
      Content-Type:
      - my_type
      Date:
      - Fri, 10 Sep 2021 17:51:28 GMT
      Etag:
      - '"0x8D974839DBE6405"'
      Last-Modified:
      - Fri, 10 Sep 2021 17:51:28 GMT
      Server:
      - Windows-Azure-Blob/1.0 Microsoft-HTTPAPI/2.0
      X-Ms-Blob-Committed-Block-Count:
      - "0"
      X-Ms-Blob-Type:
      - AppendBlob
      X-Ms-Creation-Time:
      - Fri, 10 Sep 2021 17:51:28 GMT
      X-Ms-Is-Current-Version:
      - "true"
      X-Ms-Lease-State:
      - available
      X-Ms-Lease-Status:
      - unlocked
      X-Ms-Request-Id:
      - d45e1648-501e-001e-706c-a6ec4c000000
      X-Ms-Server-Encrypted:
      - "true"
      X-Ms-Version:
      - "2019-12-12"
      X-Ms-Version-Id:
      - "2021-09-10T17:51:28.5673989Z"
    status: 200 OK
    code: 200
    duration: ""
- request:
    body: ""
    form: {}
    headers:
      Accept:
      - application/xml
      Authorization:
      - sanitized
      User-Agent:
      - azsdk-go-azblob/v0.1.0 azsdk-go-azcore/v0.19.0 (go1.16.7; Windows_NT)
      X-Ms-Date:
      - Fri, 10 Sep 2021 17:51:29 GMT
      X-Ms-Version:
      - "2019-12-12"
    url: https://azureblobstoragecanada.blob.core.windows.net/gocblobcreateappendhttpheaders?restype=container
    method: DELETE
  response:
    body: ""
    headers:
      Content-Length:
      - "0"
      Date:
      - Fri, 10 Sep 2021 17:51:28 GMT
      Server:
      - Windows-Azure-Blob/1.0 Microsoft-HTTPAPI/2.0
      X-Ms-Request-Id:
      - d45e16f8-501e-001e-0a6c-a6ec4c000000
      X-Ms-Version:
      - "2019-12-12"
    status: 202 Accepted
    code: 202
    duration: ""
