---
version: 1
interactions:
- request:
    body: ""
    form: {}
    headers:
      Accept:
      - application/xml
      Authorization:
      - sanitized
      User-Agent:
      - azsdk-go-azblob/v0.5.0 (go1.18.3; Windows_NT)
      X-Ms-Date:
      - Tue, 26 Jul 2022 08:17:57 GMT
      x-ms-version:
      - "2020-10-02"
    url: https://azureblobstoragecanada.blob.core.windows.net/gocblobdownloaddataifunmodifiedsincetrue?restype=container
    method: PUT
  response:
    body: ""
    headers:
      Content-Length:
      - "0"
      Date:
      - Tue, 26 Jul 2022 08:17:56 GMT
      Etag:
      - '"0x8DA6EDF58C484B0"'
      Last-Modified:
      - Tue, 26 Jul 2022 08:17:57 GMT
      Server:
      - Windows-Azure-Blob/1.0 Microsoft-HTTPAPI/2.0
      X-Ms-Request-Id:
      - 05379a6b-401e-0074-2bc8-a0bb88000000
      X-Ms-Version:
      - "2020-10-02"
    status: 201 Created
    code: 201
    duration: ""
- request:
    body: GoBlockBlobData
    form: {}
    headers:
      Accept:
      - application/xml
      Authorization:
      - sanitized
      Content-Length:
      - "15"
      Content-Type:
      - application/octet-stream
      User-Agent:
      - azsdk-go-azblob/v0.5.0 (go1.18.3; Windows_NT)
      X-Ms-Date:
      - Tue, 26 Jul 2022 08:17:58 GMT
      x-ms-blob-type:
      - BlockBlob
      x-ms-version:
      - "2020-10-02"
    url: https://azureblobstoragecanada.blob.core.windows.net/gocblobdownloaddataifunmodifiedsincetrue/gotestblobblobdownloaddataifunmodifiedsincetrue
    method: PUT
  response:
    body: ""
    headers:
      Content-Length:
      - "0"
      Content-Md5:
      - ebncwguMQu9sgPmr0GazhA==
      Date:
      - Tue, 26 Jul 2022 08:17:56 GMT
      Etag:
      - '"0x8DA6EDF58EF1D45"'
      Last-Modified:
      - Tue, 26 Jul 2022 08:17:57 GMT
      Server:
      - Windows-Azure-Blob/1.0 Microsoft-HTTPAPI/2.0
      X-Ms-Content-Crc64:
      - +JGsS7CR5kg=
      X-Ms-Request-Id:
      - 05379b83-401e-0074-28c8-a0bb88000000
      X-Ms-Request-Server-Encrypted:
      - "true"
      X-Ms-Version:
      - "2020-10-02"
      X-Ms-Version-Id:
      - "2022-07-26T08:17:57.5174469Z"
    status: 201 Created
    code: 201
    duration: ""
- request:
    body: ""
    form: {}
    headers:
      Accept:
      - application/xml
      Authorization:
      - sanitized
      If-Unmodified-Since:
      - Tue, 26 Jul 2022 08:18:06 GMT
      User-Agent:
      - azsdk-go-azblob/v0.5.0 (go1.18.3; Windows_NT)
      X-Ms-Date:
      - Tue, 26 Jul 2022 08:17:58 GMT
      x-ms-version:
      - "2020-10-02"
    url: https://azureblobstoragecanada.blob.core.windows.net/gocblobdownloaddataifunmodifiedsincetrue/gotestblobblobdownloaddataifunmodifiedsincetrue
    method: GET
  response:
    body: GoBlockBlobData
    headers:
      Accept-Ranges:
      - bytes
      Content-Length:
      - "15"
      Content-Md5:
      - ebncwguMQu9sgPmr0GazhA==
      Content-Type:
      - application/octet-stream
      Date:
      - Tue, 26 Jul 2022 08:17:56 GMT
      Etag:
      - '"0x8DA6EDF58EF1D45"'
      Last-Modified:
      - Tue, 26 Jul 2022 08:17:57 GMT
      Server:
      - Windows-Azure-Blob/1.0 Microsoft-HTTPAPI/2.0
      X-Ms-Blob-Type:
      - BlockBlob
      X-Ms-Creation-Time:
      - Tue, 26 Jul 2022 08:17:57 GMT
      X-Ms-Is-Current-Version:
      - "true"
      X-Ms-Lease-State:
      - available
      X-Ms-Lease-Status:
      - unlocked
      X-Ms-Request-Id:
      - 05379cc8-401e-0074-4cc8-a0bb88000000
      X-Ms-Server-Encrypted:
      - "true"
      X-Ms-Version:
      - "2020-10-02"
      X-Ms-Version-Id:
      - "2022-07-26T08:17:57.5174469Z"
    status: 200 OK
    code: 200
    duration: ""
- request:
    body: ""
    form: {}
    headers:
      Accept:
      - application/xml
      Authorization:
      - sanitized
      User-Agent:
      - azsdk-go-azblob/v0.5.0 (go1.18.3; Windows_NT)
      X-Ms-Date:
      - Tue, 26 Jul 2022 08:17:58 GMT
      x-ms-version:
      - "2020-10-02"
    url: https://azureblobstoragecanada.blob.core.windows.net/gocblobdownloaddataifunmodifiedsincetrue?restype=container
    method: DELETE
  response:
    body: ""
    headers:
      Content-Length:
      - "0"
      Date:
      - Tue, 26 Jul 2022 08:17:57 GMT
      Server:
      - Windows-Azure-Blob/1.0 Microsoft-HTTPAPI/2.0
      X-Ms-Request-Id:
      - 05379e23-401e-0074-11c8-a0bb88000000
      X-Ms-Version:
      - "2020-10-02"
    status: 202 Accepted
    code: 202
    duration: ""
