---
version: 1
interactions:
  - request:
      body: ""
      form: { }
      headers:
        Accept:
          - application/xml
        Authorization:
          - sanitized
        User-Agent:
          - azsdk-go-generated/<version> azsdk-go-generated/<version> azcore/v0.13.4 (go1.15;
            Windows_NT)
        X-Ms-Date:
          - Sat, 12 Jun 2021 19:15:06 GMT
        X-Ms-Version:
          - "2019-12-12"
      url: https://azureblobstrgmohitcanada.blob.core.windows.net/gocblobsetmetadataifmatchtrue?restype=container
      method: PUT
    response:
      body: ""
      headers:
        Content-Length:
          - "0"
        Date:
          - Sat, 12 Jun 2021 19:15:06 GMT
        Etag:
          - '"0x8D92DD663C6B674"'
        Last-Modified:
          - Sat, 12 Jun 2021 19:15:06 GMT
        Server:
          - Windows-Azure-Blob/1.0 Microsoft-HTTPAPI/2.0
        X-Ms-Request-Id:
          - 0f8e1e89-d01e-0012-38bf-5fea52000000
        X-Ms-Version:
          - "2019-12-12"
      status: 201 Created
      code: 201
      duration: ""
  - request:
      body: GoBlockBlobData
      form: { }
      headers:
        Accept:
          - application/xml
        Authorization:
          - sanitized
        Content-Length:
          - "15"
        Content-Type:
          - application/octet-stream
        User-Agent:
          - azsdk-go-generated/<version> azsdk-go-generated/<version> azcore/v0.13.4 (go1.15;
            Windows_NT)
        X-Ms-Blob-Type:
          - BlockBlob
        X-Ms-Date:
          - Sat, 12 Jun 2021 19:15:06 GMT
        X-Ms-Version:
          - "2019-12-12"
      url: https://azureblobstrgmohitcanada.blob.core.windows.net/gocblobsetmetadataifmatchtrue/gotestblobblobsetmetadataifmatchtrue
      method: PUT
    response:
      body: ""
      headers:
        Content-Length:
          - "0"
        Content-Md5:
          - ebncwguMQu9sgPmr0GazhA==
        Date:
          - Sat, 12 Jun 2021 19:15:07 GMT
        Etag:
          - '"0x8D92DD663EBD8AE"'
        Last-Modified:
          - Sat, 12 Jun 2021 19:15:07 GMT
        Server:
          - Windows-Azure-Blob/1.0 Microsoft-HTTPAPI/2.0
        X-Ms-Content-Crc64:
          - +JGsS7CR5kg=
        X-Ms-Request-Id:
          - 0f8e1f05-d01e-0012-20bf-5fea52000000
        X-Ms-Request-Server-Encrypted:
          - "true"
        X-Ms-Version:
          - "2019-12-12"
        X-Ms-Version-Id:
          - "2021-06-12T19:15:07.2287918Z"
      status: 201 Created
      code: 201
      duration: ""
  - request:
      body: ""
      form: { }
      headers:
        Accept:
          - application/xml
        Authorization:
          - sanitized
        User-Agent:
          - azsdk-go-generated/<version> azsdk-go-generated/<version> azcore/v0.13.4 (go1.15;
            Windows_NT)
        X-Ms-Date:
          - Sat, 12 Jun 2021 19:15:07 GMT
        X-Ms-Version:
          - "2019-12-12"
      url: https://azureblobstrgmohitcanada.blob.core.windows.net/gocblobsetmetadataifmatchtrue/gotestblobblobsetmetadataifmatchtrue
      method: HEAD
    response:
      body: ""
      headers:
        Accept-Ranges:
          - bytes
        Content-Length:
          - "15"
        Content-Md5:
          - ebncwguMQu9sgPmr0GazhA==
        Content-Type:
          - application/octet-stream
        Date:
          - Sat, 12 Jun 2021 19:15:07 GMT
        Etag:
          - '"0x8D92DD663EBD8AE"'
        Last-Modified:
          - Sat, 12 Jun 2021 19:15:07 GMT
        Server:
          - Windows-Azure-Blob/1.0 Microsoft-HTTPAPI/2.0
        X-Ms-Access-Tier:
          - Hot
        X-Ms-Access-Tier-Inferred:
          - "true"
        X-Ms-Blob-Type:
          - BlockBlob
        X-Ms-Creation-Time:
          - Sat, 12 Jun 2021 19:15:07 GMT
        X-Ms-Is-Current-Version:
          - "true"
        X-Ms-Lease-State:
          - available
        X-Ms-Lease-Status:
          - unlocked
        X-Ms-Request-Id:
          - 0f8e1f70-d01e-0012-01bf-5fea52000000
        X-Ms-Server-Encrypted:
          - "true"
        X-Ms-Version:
          - "2019-12-12"
        X-Ms-Version-Id:
          - "2021-06-12T19:15:07.2287918Z"
      status: 200 OK
      code: 200
      duration: ""
  - request:
      body: ""
      form: { }
      headers:
        Accept:
          - application/xml
        Authorization:
          - sanitized
        If-Match:
          - '"0x8D92DD663EBD8AE"'
        User-Agent:
          - azsdk-go-generated/<version> azsdk-go-generated/<version> azcore/v0.13.4 (go1.15;
            Windows_NT)
        X-Ms-Date:
          - Sat, 12 Jun 2021 19:15:07 GMT
        X-Ms-Meta-Foo:
          - bar
        X-Ms-Version:
          - "2019-12-12"
      url: https://azureblobstrgmohitcanada.blob.core.windows.net/gocblobsetmetadataifmatchtrue/gotestblobblobsetmetadataifmatchtrue?comp=metadata
      method: PUT
    response:
      body: ""
      headers:
        Content-Length:
          - "0"
        Date:
          - Sat, 12 Jun 2021 19:15:07 GMT
        Etag:
          - '"0x8D92DD66434D5F4"'
        Last-Modified:
          - Sat, 12 Jun 2021 19:15:07 GMT
        Server:
          - Windows-Azure-Blob/1.0 Microsoft-HTTPAPI/2.0
        X-Ms-Request-Id:
          - 0f8e1ff8-d01e-0012-70bf-5fea52000000
        X-Ms-Request-Server-Encrypted:
          - "true"
        X-Ms-Version:
          - "2019-12-12"
        X-Ms-Version-Id:
          - "2021-06-12T19:15:07.7091353Z"
      status: 200 OK
      code: 200
      duration: ""
  - request:
      body: ""
      form: { }
      headers:
        Accept:
          - application/xml
        Authorization:
          - sanitized
        User-Agent:
          - azsdk-go-generated/<version> azsdk-go-generated/<version> azcore/v0.13.4 (go1.15;
            Windows_NT)
        X-Ms-Date:
          - Sat, 12 Jun 2021 19:15:07 GMT
        X-Ms-Version:
          - "2019-12-12"
      url: https://azureblobstrgmohitcanada.blob.core.windows.net/gocblobsetmetadataifmatchtrue/gotestblobblobsetmetadataifmatchtrue
      method: HEAD
    response:
      body: ""
      headers:
        Accept-Ranges:
          - bytes
        Content-Length:
          - "15"
        Content-Md5:
          - ebncwguMQu9sgPmr0GazhA==
        Content-Type:
          - application/octet-stream
        Date:
          - Sat, 12 Jun 2021 19:15:07 GMT
        Etag:
          - '"0x8D92DD66434D5F4"'
        Last-Modified:
          - Sat, 12 Jun 2021 19:15:07 GMT
        Server:
          - Windows-Azure-Blob/1.0 Microsoft-HTTPAPI/2.0
        X-Ms-Access-Tier:
          - Hot
        X-Ms-Access-Tier-Inferred:
          - "true"
        X-Ms-Blob-Type:
          - BlockBlob
        X-Ms-Creation-Time:
          - Sat, 12 Jun 2021 19:15:07 GMT
        X-Ms-Is-Current-Version:
          - "true"
        X-Ms-Lease-State:
          - available
        X-Ms-Lease-Status:
          - unlocked
        X-Ms-Meta-Foo:
          - bar
        X-Ms-Request-Id:
          - 0f8e2079-d01e-0012-61bf-5fea52000000
        X-Ms-Server-Encrypted:
          - "true"
        X-Ms-Version:
          - "2019-12-12"
        X-Ms-Version-Id:
          - "2021-06-12T19:15:07.7091353Z"
      status: 200 OK
      code: 200
      duration: ""
  - request:
      body: ""
      form: { }
      headers:
        Accept:
          - application/xml
        Authorization:
          - sanitized
        User-Agent:
          - azsdk-go-generated/<version> azsdk-go-generated/<version> azcore/v0.13.4 (go1.15;
            Windows_NT)
        X-Ms-Date:
          - Sat, 12 Jun 2021 19:15:07 GMT
        X-Ms-Version:
          - "2019-12-12"
      url: https://azureblobstrgmohitcanada.blob.core.windows.net/gocblobsetmetadataifmatchtrue?restype=container
      method: DELETE
    response:
      body: ""
      headers:
        Content-Length:
          - "0"
        Date:
          - Sat, 12 Jun 2021 19:15:11 GMT
        Server:
          - Windows-Azure-Blob/1.0 Microsoft-HTTPAPI/2.0
        X-Ms-Request-Id:
          - 0f8e210e-d01e-0012-64bf-5fea52000000
        X-Ms-Version:
          - "2019-12-12"
      status: 202 Accepted
      code: 202
      duration: ""
