---
version: 1
interactions:
- request:
    body: ""
    form: {}
    headers:
      Accept:
      - application/xml
      Authorization:
      - sanitized
      User-Agent:
      - azsdk-go-generated/<version> azsdk-go-generated/<version> azcore/v0.16.2 (go1.15;
        Windows_NT)
      X-Ms-Date:
      - Wed, 11 Aug 2021 18:58:08 GMT
      X-Ms-Version:
      - "2020-02-10"
    url: https://azureblobstoragecanada.blob.core.windows.net/gocputblockandputblocklistwithcpkbyscope?restype=container
    method: PUT
  response:
    body: ""
    headers:
      Content-Length:
      - "0"
      Date:
      - Wed, 11 Aug 2021 18:58:06 GMT
      Etag:
      - '"0x8D95CF9F4BEDD7B"'
      Last-Modified:
      - Wed, 11 Aug 2021 18:58:07 GMT
      Server:
      - Windows-Azure-Blob/1.0 Microsoft-HTTPAPI/2.0
      X-Ms-Request-Id:
      - ce1f7c50-a01e-0000-70e2-8e36a1000000
      X-Ms-Version:
      - "2020-02-10"
    status: 201 Created
    code: 201
    duration: ""
- request:
    body: 'AAA '
    form: {}
    headers:
      Accept:
      - application/xml
      Authorization:
      - sanitized
      Content-Length:
      - "4"
      Content-Type:
      - application/octet-stream
      User-Agent:
      - azsdk-go-generated/<version> azsdk-go-generated/<version> azcore/v0.16.2 (go1.15;
        Windows_NT)
      X-Ms-Date:
      - Wed, 11 Aug 2021 18:58:08 GMT
      X-Ms-Encryption-Scope:
      - blobgokeytestscope
      X-Ms-Version:
      - "2020-02-10"
    url: https://azureblobstoragecanada.blob.core.windows.net/gocputblockandputblocklistwithcpkbyscope/gotestblobputblockandputblocklistwithcpkbyscope?blockid=AAAAAA%3D%3D&comp=block
    method: PUT
  response:
    body: ""
    headers:
      Content-Length:
      - "0"
      Date:
      - Wed, 11 Aug 2021 18:58:06 GMT
      Server:
      - Windows-Azure-Blob/1.0 Microsoft-HTTPAPI/2.0
      X-Ms-Content-Crc64:
      - 6dmbGE8Kwf0=
      X-Ms-Encryption-Scope:
      - blobgokeytestscope
      X-Ms-Request-Id:
      - ce1f7cc9-a01e-0000-55e2-8e36a1000000
      X-Ms-Request-Server-Encrypted:
      - "true"
      X-Ms-Version:
      - "2020-02-10"
    status: 201 Created
    code: 201
    duration: ""
- request:
    body: 'BBB '
    form: {}
    headers:
      Accept:
      - application/xml
      Authorization:
      - sanitized
      Content-Length:
      - "4"
      Content-Type:
      - application/octet-stream
      User-Agent:
      - azsdk-go-generated/<version> azsdk-go-generated/<version> azcore/v0.16.2 (go1.15;
        Windows_NT)
      X-Ms-Date:
      - Wed, 11 Aug 2021 18:58:08 GMT
      X-Ms-Encryption-Scope:
      - blobgokeytestscope
      X-Ms-Version:
      - "2020-02-10"
    url: https://azureblobstoragecanada.blob.core.windows.net/gocputblockandputblocklistwithcpkbyscope/gotestblobputblockandputblocklistwithcpkbyscope?blockid=AQAAAA%3D%3D&comp=block
    method: PUT
  response:
    body: ""
    headers:
      Content-Length:
      - "0"
      Date:
      - Wed, 11 Aug 2021 18:58:06 GMT
      Server:
      - Windows-Azure-Blob/1.0 Microsoft-HTTPAPI/2.0
      X-Ms-Content-Crc64:
      - 8ccByT85Asc=
      X-Ms-Encryption-Scope:
      - blobgokeytestscope
      X-Ms-Request-Id:
      - ce1f7d4c-a01e-0000-40e2-8e36a1000000
      X-Ms-Request-Server-Encrypted:
      - "true"
      X-Ms-Version:
      - "2020-02-10"
    status: 201 Created
    code: 201
    duration: ""
- request:
    body: 'CCC '
    form: {}
    headers:
      Accept:
      - application/xml
      Authorization:
      - sanitized
      Content-Length:
      - "4"
      Content-Type:
      - application/octet-stream
      User-Agent:
      - azsdk-go-generated/<version> azsdk-go-generated/<version> azcore/v0.16.2 (go1.15;
        Windows_NT)
      X-Ms-Date:
      - Wed, 11 Aug 2021 18:58:08 GMT
      X-Ms-Encryption-Scope:
      - blobgokeytestscope
      X-Ms-Version:
      - "2020-02-10"
    url: https://azureblobstoragecanada.blob.core.windows.net/gocputblockandputblocklistwithcpkbyscope/gotestblobputblockandputblocklistwithcpkbyscope?blockid=AgAAAA%3D%3D&comp=block
    method: PUT
  response:
    body: ""
    headers:
      Content-Length:
      - "0"
      Date:
      - Wed, 11 Aug 2021 18:58:07 GMT
      Server:
      - Windows-Azure-Blob/1.0 Microsoft-HTTPAPI/2.0
      X-Ms-Content-Crc64:
      - IEMFTiHKCz0=
      X-Ms-Encryption-Scope:
      - blobgokeytestscope
      X-Ms-Request-Id:
      - ce1f7eae-a01e-0000-6be2-8e36a1000000
      X-Ms-Request-Server-Encrypted:
      - "true"
      X-Ms-Version:
      - "2020-02-10"
    status: 201 Created
    code: 201
    duration: ""
- request:
    body: <BlockList><Latest>AAAAAA==</Latest><Latest>AQAAAA==</Latest><Latest>AgAAAA==</Latest></BlockList>
    form: {}
    headers:
      Accept:
      - application/xml
      Authorization:
      - sanitized
      Content-Length:
      - "98"
      Content-Type:
      - application/xml
      User-Agent:
      - azsdk-go-generated/<version> azsdk-go-generated/<version> azcore/v0.16.2 (go1.15;
        Windows_NT)
      X-Ms-Date:
      - Wed, 11 Aug 2021 18:58:09 GMT
      X-Ms-Encryption-Scope:
      - blobgokeytestscope
      X-Ms-Version:
      - "2020-02-10"
    url: https://azureblobstoragecanada.blob.core.windows.net/gocputblockandputblocklistwithcpkbyscope/gotestblobputblockandputblocklistwithcpkbyscope?comp=blocklist
    method: PUT
  response:
    body: ""
    headers:
      Content-Length:
      - "0"
      Date:
      - Wed, 11 Aug 2021 18:58:07 GMT
      Etag:
      - '"0x8D95CF9F582F87C"'
      Last-Modified:
      - Wed, 11 Aug 2021 18:58:08 GMT
      Server:
      - Windows-Azure-Blob/1.0 Microsoft-HTTPAPI/2.0
      X-Ms-Content-Crc64:
      - HPKLaac8zu4=
      X-Ms-Encryption-Scope:
      - blobgokeytestscope
      X-Ms-Request-Id:
      - ce1f7f32-a01e-0000-5ce2-8e36a1000000
      X-Ms-Request-Server-Encrypted:
      - "true"
      X-Ms-Version:
      - "2020-02-10"
      X-Ms-Version-Id:
      - "2021-08-11T18:58:08.5249148Z"
    status: 201 Created
    code: 201
    duration: ""
- request:
    body: ""
    form: {}
    headers:
      Accept:
      - application/xml
      Authorization:
      - sanitized
      User-Agent:
      - azsdk-go-generated/<version> azsdk-go-generated/<version> azcore/v0.16.2 (go1.15;
        Windows_NT)
      X-Ms-Date:
      - Wed, 11 Aug 2021 18:58:09 GMT
      X-Ms-Encryption-Algorithm:
      - AES256
      X-Ms-Encryption-Key:
      - MDEyMzQ1NjcwMTIzNDU2NzAxMjM0NTY3MDEyMzQ1Njc=
      X-Ms-Encryption-Key-Sha256:
      - 3QFFFpRA5+XANHqwwbT4yXDmrT/2JaLt/FKHjzhOdoE=
      X-Ms-Version:
      - "2020-02-10"
    url: https://azureblobstoragecanada.blob.core.windows.net/gocputblockandputblocklistwithcpkbyscope/gotestblobputblockandputblocklistwithcpkbyscope
    method: GET
  response:
    body: "\uFEFF\x3C\x3F\x78\x6D\x6C\x20\x76\x65\x72\x73\x69\x6F\x6E\x3D\"\x31\x2E\x30\"\x20\x65\x6E\x63\x6F\x64\x69\x6E\x67\x3D\"\x75\x74\x66\x2D\x38\"\x3F\x3E\x3C\x45\x72\x72\x6F\x72\x3E\x3C\x43\x6F\x64\x65\x3E\x42\x6C\x6F\x62\x43\x75\x73\x74\x6F\x6D\x65\x72\x53\x70\x65\x63\x69\x66\x69\x65\x64\x45\x6E\x63\x72\x79\x70\x74\x69\x6F\x6E\x4D\x69\x73\x6D\x61\x74\x63\x68\x3C\x2F\x43\x6F\x64\x65\x3E\x3C\x4D\x65\x73\x73\x61\x67\x65\x3E\x54\x68\x65\x20\x67\x69\x76\x65\x6E\x20\x63\x75\x73\x74\x6F\x6D\x65\x72\x20\x73\x70\x65\x63\x69\x66\x69\x65\x64\x20\x65\x6E\x63\x72\x79\x70\x74\x69\x6F\x6E\x20\x64\x6F\x65\x73\x20\x6E\x6F\x74\x20\x6D\x61\x74\x63\x68\x20\x74\x68\x65\x20\x65\x6E\x63\x72\x79\x70\x74\x69\x6F\x6E\x20\x75\x73\x65\x64\x20\x74\x6F\x20\x65\x6E\x63\x72\x79\x70\x74\x20\x74\x68\x65\x20\x62\x6C\x6F\x62\x2E\n\x52\x65\x71\x75\x65\x73\x74\x49\x64\x3A\x63\x65\x31\x66\x37\x66\x61\x36\x2D\x61\x30\x31\x65\x2D\x30\x30\x30\x30\x2D\x33\x65\x65\x32\x2D\x38\x65\x33\x36\x61\x31\x30\x30\x30\x30\x30\x30\n\x54\x69\x6D\x65\x3A\x32\x30\x32\x31\x2D\x30\x38\x2D\x31\x31\x54\x31\x38\x3A\x35\x38\x3A\x30\x38\x2E\x37\x36\x37\x39\x39\x34\x31\x5A\x3C\x2F\x4D\x65\x73\x73\x61\x67\x65\x3E\x3C\x2F\x45\x72\x72\x6F\x72\x3E"
    headers:
      Content-Length:
      - "303"
      Content-Type:
      - application/xml
      Date:
      - Wed, 11 Aug 2021 18:58:07 GMT
      Server:
      - Windows-Azure-Blob/1.0 Microsoft-HTTPAPI/2.0
      X-Ms-Error-Code:
      - BlobCustomerSpecifiedEncryptionMismatch
      X-Ms-Request-Id:
      - ce1f7fa6-a01e-0000-3ee2-8e36a1000000
      X-Ms-Version:
      - "2020-02-10"
    status: 409 The given customer specified encryption does not match the encryption
      used to encrypt the blob.
    code: 409
    duration: ""
- request:
    body: ""
    form: {}
    headers:
      Accept:
      - application/xml
      Authorization:
      - sanitized
      User-Agent:
      - azsdk-go-generated/<version> azsdk-go-generated/<version> azcore/v0.16.2 (go1.15;
        Windows_NT)
      X-Ms-Date:
      - Wed, 11 Aug 2021 18:58:09 GMT
      X-Ms-Version:
      - "2020-02-10"
    url: https://azureblobstoragecanada.blob.core.windows.net/gocputblockandputblocklistwithcpkbyscope/gotestblobputblockandputblocklistwithcpkbyscope
    method: GET
  response:
    body: 'AAA BBB CCC '
    headers:
      Accept-Ranges:
      - bytes
      Content-Length:
      - "12"
      Content-Type:
      - application/octet-stream
      Date:
      - Wed, 11 Aug 2021 18:58:08 GMT
      Etag:
      - '"0x8D95CF9F582F87C"'
      Last-Modified:
      - Wed, 11 Aug 2021 18:58:08 GMT
      Server:
      - Windows-Azure-Blob/1.0 Microsoft-HTTPAPI/2.0
      X-Ms-Blob-Type:
      - BlockBlob
      X-Ms-Creation-Time:
      - Wed, 11 Aug 2021 18:58:08 GMT
      X-Ms-Encryption-Scope:
      - blobgokeytestscope
      X-Ms-Is-Current-Version:
      - "true"
      X-Ms-Lease-State:
      - available
      X-Ms-Lease-Status:
      - unlocked
      X-Ms-Request-Id:
      - ce1f8009-a01e-0000-13e2-8e36a1000000
      X-Ms-Server-Encrypted:
      - "true"
      X-Ms-Version:
      - "2020-02-10"
      X-Ms-Version-Id:
      - "2021-08-11T18:58:08.5249148Z"
    status: 200 OK
    code: 200
    duration: ""
- request:
    body: ""
    form: {}
    headers:
      Accept:
      - application/xml
      Authorization:
      - sanitized
      User-Agent:
      - azsdk-go-generated/<version> azsdk-go-generated/<version> azcore/v0.16.2 (go1.15;
        Windows_NT)
      X-Ms-Date:
      - Wed, 11 Aug 2021 18:58:10 GMT
      X-Ms-Version:
      - "2020-02-10"
    url: https://azureblobstoragecanada.blob.core.windows.net/gocputblockandputblocklistwithcpkbyscope?restype=container
    method: DELETE
  response:
    body: ""
    headers:
      Content-Length:
      - "0"
      Date:
      - Wed, 11 Aug 2021 18:58:08 GMT
      Server:
      - Windows-Azure-Blob/1.0 Microsoft-HTTPAPI/2.0
      X-Ms-Request-Id:
      - ce1f8085-a01e-0000-7de2-8e36a1000000
      X-Ms-Version:
      - "2020-02-10"
    status: 202 Accepted
    code: 202
    duration: ""
