---
version: 1
interactions:
- request:
    body: ""
    form: {}
    headers:
      Accept:
      - application/xml
      Authorization:
      - sanitized
      User-Agent:
      - azsdk-go-azblob/v0.5.0 (go1.18.3; Windows_NT)
      X-Ms-Date:
      - Tue, 09 Aug 2022 06:51:03 GMT
      x-ms-version:
      - "2020-10-02"
    url: https://azureblobstoragecanada.blob.core.windows.net/gocblobcreatepageifmatchtrue?restype=container
    method: PUT
  response:
    body: ""
    headers:
      Content-Length:
      - "0"
      Date:
      - Tue, 09 Aug 2022 06:51:01 GMT
      Etag:
      - '"0x8DA79D3859C9FD3"'
      Last-Modified:
      - Tue, 09 Aug 2022 06:51:01 GMT
      Server:
      - Windows-Azure-Blob/1.0 Microsoft-HTTPAPI/2.0
      X-Ms-Request-Id:
      - a53b118c-c01e-0055-62bc-ab9ff3000000
      X-Ms-Version:
      - "2020-10-02"
    status: 201 Created
    code: 201
    duration: ""
- request:
    body: ""
    form: {}
    headers:
      Accept:
      - application/xml
      Authorization:
      - sanitized
      Content-Length:
      - "0"
      User-Agent:
      - azsdk-go-azblob/v0.5.0 (go1.18.3; Windows_NT)
      X-Ms-Date:
      - Tue, 09 Aug 2022 06:51:03 GMT
      x-ms-blob-content-length:
      - "5120"
      x-ms-blob-type:
      - PageBlob
      x-ms-version:
      - "2020-10-02"
    url: https://azureblobstoragecanada.blob.core.windows.net/gocblobcreatepageifmatchtrue/gotestblobblobcreatepageifmatchtrue
    method: PUT
  response:
    body: ""
    headers:
      Content-Length:
      - "0"
      Date:
      - Tue, 09 Aug 2022 06:51:01 GMT
      Etag:
      - '"0x8DA79D385D9DD5A"'
      Last-Modified:
      - Tue, 09 Aug 2022 06:51:01 GMT
      Server:
      - Windows-Azure-Blob/1.0 Microsoft-HTTPAPI/2.0
      X-Ms-Request-Id:
      - a53b146d-c01e-0055-0ebc-ab9ff3000000
      X-Ms-Request-Server-Encrypted:
      - "true"
      X-Ms-Version:
      - "2020-10-02"
      X-Ms-Version-Id:
      - "2022-08-09T06:51:01.7054554Z"
    status: 201 Created
    code: 201
    duration: ""
- request:
    body: ""
    form: {}
    headers:
      Accept:
      - application/xml
      Authorization:
      - sanitized
      User-Agent:
      - azsdk-go-azblob/v0.5.0 (go1.18.3; Windows_NT)
      X-Ms-Date:
      - Tue, 09 Aug 2022 06:51:04 GMT
      x-ms-version:
      - "2020-10-02"
    url: https://azureblobstoragecanada.blob.core.windows.net/gocblobcreatepageifmatchtrue/gotestblobblobcreatepageifmatchtrue
    method: HEAD
  response:
    body: ""
    headers:
      Accept-Ranges:
      - bytes
      Content-Length:
      - "5120"
      Content-Type:
      - application/octet-stream
      Date:
      - Tue, 09 Aug 2022 06:51:01 GMT
      Etag:
      - '"0x8DA79D385D9DD5A"'
      Last-Modified:
      - Tue, 09 Aug 2022 06:51:01 GMT
      Server:
      - Windows-Azure-Blob/1.0 Microsoft-HTTPAPI/2.0
      X-Ms-Blob-Sequence-Number:
      - "0"
      X-Ms-Blob-Type:
      - PageBlob
      X-Ms-Creation-Time:
      - Tue, 09 Aug 2022 06:51:01 GMT
      X-Ms-Is-Current-Version:
      - "true"
      X-Ms-Lease-State:
      - available
      X-Ms-Lease-Status:
      - unlocked
      X-Ms-Request-Id:
      - a53b16bd-c01e-0055-39bc-ab9ff3000000
      X-Ms-Server-Encrypted:
      - "true"
      X-Ms-Version:
      - "2020-10-02"
      X-Ms-Version-Id:
      - "2022-08-09T06:51:01.7054554Z"
    status: 200 OK
    code: 200
    duration: ""
- request:
    body: ""
    form: {}
    headers:
      Accept:
      - application/xml
      Authorization:
      - sanitized
      Content-Length:
      - "0"
      If-Match:
      - '"0x8DA79D385D9DD5A"'
      User-Agent:
      - azsdk-go-azblob/v0.5.0 (go1.18.3; Windows_NT)
      X-Ms-Date:
      - Tue, 09 Aug 2022 06:51:04 GMT
      x-ms-blob-cache-control:
      - control
      x-ms-blob-content-disposition:
      - my_disposition
      x-ms-blob-content-encoding:
      - my_encoding
      x-ms-blob-content-language:
      - my_language
      x-ms-blob-content-length:
      - "512"
      x-ms-blob-content-type:
      - my_type
      x-ms-blob-sequence-number:
      - "0"
      x-ms-blob-type:
      - PageBlob
      x-ms-meta-Foo:
      - bar
      x-ms-version:
      - "2020-10-02"
    url: https://azureblobstoragecanada.blob.core.windows.net/gocblobcreatepageifmatchtrue/gotestblobblobcreatepageifmatchtrue
    method: PUT
  response:
    body: ""
    headers:
      Content-Length:
      - "0"
      Date:
      - Tue, 09 Aug 2022 06:51:02 GMT
      Etag:
      - '"0x8DA79D386427AEA"'
      Last-Modified:
      - Tue, 09 Aug 2022 06:51:02 GMT
      Server:
      - Windows-Azure-Blob/1.0 Microsoft-HTTPAPI/2.0
      X-Ms-Request-Id:
      - a53b1871-c01e-0055-4cbc-ab9ff3000000
      X-Ms-Request-Server-Encrypted:
      - "true"
      X-Ms-Version:
      - "2020-10-02"
      X-Ms-Version-Id:
      - "2022-08-09T06:51:02.3930636Z"
    status: 201 Created
    code: 201
    duration: ""
- request:
    body: ""
    form: {}
    headers:
      Accept:
      - application/xml
      Authorization:
      - sanitized
      User-Agent:
      - azsdk-go-azblob/v0.5.0 (go1.18.3; Windows_NT)
      X-Ms-Date:
      - Tue, 09 Aug 2022 06:51:04 GMT
      x-ms-version:
      - "2020-10-02"
    url: https://azureblobstoragecanada.blob.core.windows.net/gocblobcreatepageifmatchtrue/gotestblobblobcreatepageifmatchtrue
    method: HEAD
  response:
    body: ""
    headers:
      Accept-Ranges:
      - bytes
      Cache-Control:
      - control
      Content-Disposition:
      - my_disposition
      Content-Encoding:
      - my_encoding
      Content-Language:
      - my_language
      Content-Length:
      - "512"
      Content-Type:
      - my_type
      Date:
      - Tue, 09 Aug 2022 06:51:02 GMT
      Etag:
      - '"0x8DA79D386427AEA"'
      Last-Modified:
      - Tue, 09 Aug 2022 06:51:02 GMT
      Server:
      - Windows-Azure-Blob/1.0 Microsoft-HTTPAPI/2.0
      X-Ms-Blob-Sequence-Number:
      - "0"
      X-Ms-Blob-Type:
      - PageBlob
      X-Ms-Creation-Time:
      - Tue, 09 Aug 2022 06:51:02 GMT
      X-Ms-Is-Current-Version:
      - "true"
      X-Ms-Lease-State:
      - available
      X-Ms-Lease-Status:
      - unlocked
      X-Ms-Meta-Foo:
      - bar
      X-Ms-Request-Id:
      - a53b1b0d-c01e-0055-3dbc-ab9ff3000000
      X-Ms-Server-Encrypted:
      - "true"
      X-Ms-Version:
      - "2020-10-02"
      X-Ms-Version-Id:
      - "2022-08-09T06:51:02.3930636Z"
    status: 200 OK
    code: 200
    duration: ""
- request:
    body: ""
    form: {}
    headers:
      Accept:
      - application/xml
      Authorization:
      - sanitized
      User-Agent:
      - azsdk-go-azblob/v0.5.0 (go1.18.3; Windows_NT)
      X-Ms-Date:
      - Tue, 09 Aug 2022 06:51:05 GMT
      x-ms-version:
      - "2020-10-02"
    url: https://azureblobstoragecanada.blob.core.windows.net/gocblobcreatepageifmatchtrue?restype=container
    method: DELETE
  response:
    body: ""
    headers:
      Content-Length:
      - "0"
      Date:
      - Tue, 09 Aug 2022 06:51:02 GMT
      Server:
      - Windows-Azure-Blob/1.0 Microsoft-HTTPAPI/2.0
      X-Ms-Request-Id:
      - a53b1d84-c01e-0055-04bc-ab9ff3000000
      X-Ms-Version:
      - "2020-10-02"
    status: 202 Accepted
    code: 202
    duration: ""
