---
version: 1
interactions:
- request:
    body: ""
    form: {}
    headers:
      Accept:
      - application/xml
      Authorization:
      - sanitized
      User-Agent:
      - azsdk-go-azblob/v0.1 azsdk-go-azblob/v0.1 azcore/v0.16.2 (go1.17; Windows_NT)
      X-Ms-Date:
      - Tue, 07 Sep 2021 17:26:10 GMT
      X-Ms-Version:
      - "2019-12-12"
    url: https://azureblobstoragecanada.blob.core.windows.net/?comp=properties&restype=account
    method: GET
  response:
    body: ""
    headers:
      Content-Length:
      - "0"
      Date:
      - Tue, 07 Sep 2021 17:26:09 GMT
      Server:
      - Windows-Azure-Blob/1.0 Microsoft-HTTPAPI/2.0
      X-Ms-Account-Kind:
      - StorageV2
      X-Ms-Is-Hns-Enabled:
      - "false"
      X-Ms-Request-Id:
      - 4909f41c-d01e-0040-130d-a41f4f000000
      X-Ms-Sku-Name:
      - Standard_RAGRS
      X-Ms-Version:
      - "2019-12-12"
    status: 200 OK
    code: 200
    duration: ""
- request:
    body: ""
    form: {}
    headers:
      Accept:
      - application/xml
      Authorization:
      - sanitized
      User-Agent:
      - azsdk-go-azblob/v0.1 azsdk-go-azblob/v0.1 azcore/v0.16.2 (go1.17; Windows_NT)
      X-Ms-Date:
      - Tue, 07 Sep 2021 17:26:10 GMT
      X-Ms-Version:
      - "2019-12-12"
    url: https://azureblobstoragecanada.blob.core.windows.net/gocgetaccountinfo?restype=container
    method: PUT
  response:
    body: ""
    headers:
      Content-Length:
      - "0"
      Date:
      - Tue, 07 Sep 2021 17:26:10 GMT
      Etag:
      - '"0x8D9722495E1B95F"'
      Last-Modified:
      - Tue, 07 Sep 2021 17:26:10 GMT
      Server:
      - Windows-Azure-Blob/1.0 Microsoft-HTTPAPI/2.0
      X-Ms-Request-Id:
      - 4909f47d-d01e-0040-6e0d-a41f4f000000
      X-Ms-Version:
      - "2019-12-12"
    status: 201 Created
    code: 201
    duration: ""
- request:
    body: ""
    form: {}
    headers:
      Accept:
      - application/xml
      Authorization:
      - sanitized
      User-Agent:
      - azsdk-go-azblob/v0.1 azsdk-go-azblob/v0.1 azcore/v0.16.2 (go1.17; Windows_NT)
      X-Ms-Date:
      - Tue, 07 Sep 2021 17:26:10 GMT
      X-Ms-Version:
      - "2019-12-12"
    url: https://azureblobstoragecanada.blob.core.windows.net/gocgetaccountinfo?comp=properties&restype=account
    method: GET
  response:
    body: ""
    headers:
      Content-Length:
      - "0"
      Date:
      - Tue, 07 Sep 2021 17:26:10 GMT
      Server:
      - Windows-Azure-Blob/1.0 Microsoft-HTTPAPI/2.0
      X-Ms-Account-Kind:
      - StorageV2
      X-Ms-Is-Hns-Enabled:
      - "false"
      X-Ms-Request-Id:
      - 4909f4fc-d01e-0040-5e0d-a41f4f000000
      X-Ms-Sku-Name:
      - Standard_RAGRS
      X-Ms-Version:
      - "2019-12-12"
    status: 200 OK
    code: 200
    duration: ""
- request:
    body: blah
    form: {}
    headers:
      Accept:
      - application/xml
      Authorization:
      - sanitized
      Content-Length:
      - "4"
      Content-Type:
      - application/octet-stream
      User-Agent:
      - azsdk-go-azblob/v0.1 azsdk-go-azblob/v0.1 azcore/v0.16.2 (go1.17; Windows_NT)
      X-Ms-Blob-Type:
      - BlockBlob
      X-Ms-Date:
      - Tue, 07 Sep 2021 17:26:11 GMT
      X-Ms-Version:
      - "2019-12-12"
    url: https://azureblobstoragecanada.blob.core.windows.net/gocgetaccountinfo/gotestblobgetaccountinfo
    method: PUT
  response:
    body: ""
    headers:
      Content-Length:
      - "0"
      Content-Md5:
      - bx7QAqtVlYWQFOvwlRUi2Q==
      Date:
      - Tue, 07 Sep 2021 17:26:10 GMT
      Etag:
      - '"0x8D97224962AC58A"'
      Last-Modified:
      - Tue, 07 Sep 2021 17:26:11 GMT
      Server:
      - Windows-Azure-Blob/1.0 Microsoft-HTTPAPI/2.0
      X-Ms-Content-Crc64:
      - h4f+bSQydFk=
      X-Ms-Request-Id:
      - 4909f57b-d01e-0040-510d-a41f4f000000
      X-Ms-Request-Server-Encrypted:
      - "true"
      X-Ms-Version:
      - "2019-12-12"
      X-Ms-Version-Id:
      - "2021-09-07T17:26:11.3410442Z"
    status: 201 Created
    code: 201
    duration: ""
- request:
    body: ""
    form: {}
    headers:
      Accept:
      - application/xml
      Authorization:
      - sanitized
      User-Agent:
      - azsdk-go-azblob/v0.1 azsdk-go-azblob/v0.1 azcore/v0.16.2 (go1.17; Windows_NT)
      X-Ms-Date:
      - Tue, 07 Sep 2021 17:26:11 GMT
      X-Ms-Version:
      - "2019-12-12"
    url: https://azureblobstoragecanada.blob.core.windows.net/gocgetaccountinfo/gotestblobgetaccountinfo?comp=properties&restype=account
    method: GET
  response:
    body: ""
    headers:
      Content-Length:
      - "0"
      Date:
      - Tue, 07 Sep 2021 17:26:10 GMT
      Server:
      - Windows-Azure-Blob/1.0 Microsoft-HTTPAPI/2.0
      X-Ms-Account-Kind:
      - StorageV2
      X-Ms-Is-Hns-Enabled:
      - "false"
      X-Ms-Request-Id:
      - 4909f603-d01e-0040-460d-a41f4f000000
      X-Ms-Sku-Name:
      - Standard_RAGRS
      X-Ms-Version:
      - "2019-12-12"
    status: 200 OK
    code: 200
    duration: ""
- request:
    body: ""
    form: {}
    headers:
      Accept:
      - application/xml
      Authorization:
      - sanitized
      User-Agent:
      - azsdk-go-azblob/v0.1 azsdk-go-azblob/v0.1 azcore/v0.16.2 (go1.17; Windows_NT)
      X-Ms-Date:
      - Tue, 07 Sep 2021 17:26:11 GMT
      X-Ms-Version:
      - "2019-12-12"
    url: https://azureblobstoragecanada.blob.core.windows.net/gocgetaccountinfo?restype=container
    method: DELETE
  response:
    body: ""
    headers:
      Content-Length:
      - "0"
      Date:
      - Tue, 07 Sep 2021 17:26:11 GMT
      Server:
      - Windows-Azure-Blob/1.0 Microsoft-HTTPAPI/2.0
      X-Ms-Request-Id:
      - 4909f6b0-d01e-0040-630d-a41f4f000000
      X-Ms-Version:
      - "2019-12-12"
    status: 202 Accepted
    code: 202
    duration: ""
