---
version: 1
interactions:
- request:
    body: ""
    form: {}
    headers:
      Accept:
      - application/xml
      Authorization:
      - sanitized
      User-Agent:
      - azsdk-go-azblob/v0.5.0 (go1.18.3; Windows_NT)
      X-Ms-Date:
      - Tue, 09 Aug 2022 06:49:26 GMT
      x-ms-version:
      - "2020-10-02"
    url: https://azureblobstoragecanada.blob.core.windows.net/gocblobacquirelease?restype=container
    method: PUT
  response:
    body: ""
    headers:
      Content-Length:
      - "0"
      Date:
      - Tue, 09 Aug 2022 06:49:24 GMT
      Etag:
      - '"0x8DA79D34BC34440"'
      Last-Modified:
      - Tue, 09 Aug 2022 06:49:24 GMT
      Server:
      - Windows-Azure-Blob/1.0 Microsoft-HTTPAPI/2.0
      X-Ms-Request-Id:
      - a5384be8-c01e-0055-50bc-ab9ff3000000
      X-Ms-Version:
      - "2020-10-02"
    status: 201 Created
    code: 201
    duration: ""
- request:
    body: GoBlockBlobData
    form: {}
    headers:
      Accept:
      - application/xml
      Authorization:
      - sanitized
      Content-Length:
      - "15"
      Content-Type:
      - application/octet-stream
      User-Agent:
      - azsdk-go-azblob/v0.5.0 (go1.18.3; Windows_NT)
      X-Ms-Date:
      - Tue, 09 Aug 2022 06:49:26 GMT
      x-ms-blob-type:
      - BlockBlob
      x-ms-version:
      - "2020-10-02"
    url: https://azureblobstoragecanada.blob.core.windows.net/gocblobacquirelease/gotestblobblobacquirelease
    method: PUT
  response:
    body: ""
    headers:
      Content-Length:
      - "0"
      Content-Md5:
      - ebncwguMQu9sgPmr0GazhA==
      Date:
      - Tue, 09 Aug 2022 06:49:24 GMT
      Etag:
      - '"0x8DA79D34BFD70F8"'
      Last-Modified:
      - Tue, 09 Aug 2022 06:49:24 GMT
      Server:
      - Windows-Azure-Blob/1.0 Microsoft-HTTPAPI/2.0
      X-Ms-Content-Crc64:
      - +JGsS7CR5kg=
      X-Ms-Request-Id:
      - a5384eaa-c01e-0055-66bc-ab9ff3000000
      X-Ms-Request-Server-Encrypted:
      - "true"
      X-Ms-Version:
      - "2020-10-02"
      X-Ms-Version-Id:
      - "2022-08-09T06:49:24.6307576Z"
    status: 201 Created
    code: 201
    duration: ""
- request:
    body: ""
    form: {}
    headers:
      Accept:
      - application/xml
      Authorization:
      - sanitized
      User-Agent:
      - azsdk-go-azblob/v0.5.0 (go1.18.3; Windows_NT)
      X-Ms-Date:
      - Tue, 09 Aug 2022 06:49:26 GMT
      x-ms-lease-action:
      - acquire
      x-ms-lease-duration:
      - "60"
      x-ms-proposed-lease-id:
      - c820a799-76d7-4ee2-6e15-546f19325c2c
      x-ms-version:
      - "2020-10-02"
    url: https://azureblobstoragecanada.blob.core.windows.net/gocblobacquirelease/gotestblobblobacquirelease?comp=lease
    method: PUT
  response:
    body: ""
    headers:
      Content-Length:
      - "0"
      Date:
      - Tue, 09 Aug 2022 06:49:24 GMT
      Etag:
      - '"0x8DA79D34BFD70F8"'
      Last-Modified:
      - Tue, 09 Aug 2022 06:49:24 GMT
      Server:
      - Windows-Azure-Blob/1.0 Microsoft-HTTPAPI/2.0
      X-Ms-Lease-Id:
      - c820a799-76d7-4ee2-6e15-546f19325c2c
      X-Ms-Request-Id:
      - a53850d4-c01e-0055-79bc-ab9ff3000000
      X-Ms-Version:
      - "2020-10-02"
    status: 201 Created
    code: 201
    duration: ""
- request:
    body: ""
    form: {}
    headers:
      Accept:
      - application/xml
      Authorization:
      - sanitized
      User-Agent:
      - azsdk-go-azblob/v0.5.0 (go1.18.3; Windows_NT)
      X-Ms-Date:
      - Tue, 09 Aug 2022 06:49:27 GMT
      x-ms-lease-action:
      - release
      x-ms-lease-id:
      - c820a799-76d7-4ee2-6e15-546f19325c2c
      x-ms-version:
      - "2020-10-02"
    url: https://azureblobstoragecanada.blob.core.windows.net/gocblobacquirelease/gotestblobblobacquirelease?comp=lease
    method: PUT
  response:
    body: ""
    headers:
      Content-Length:
      - "0"
      Date:
      - Tue, 09 Aug 2022 06:49:24 GMT
      Etag:
      - '"0x8DA79D34BFD70F8"'
      Last-Modified:
      - Tue, 09 Aug 2022 06:49:24 GMT
      Server:
      - Windows-Azure-Blob/1.0 Microsoft-HTTPAPI/2.0
      X-Ms-Request-Id:
      - a53852e4-c01e-0055-5cbc-ab9ff3000000
      X-Ms-Version:
      - "2020-10-02"
    status: 200 OK
    code: 200
    duration: ""
- request:
    body: ""
    form: {}
    headers:
      Accept:
      - application/xml
      Authorization:
      - sanitized
      User-Agent:
      - azsdk-go-azblob/v0.5.0 (go1.18.3; Windows_NT)
      X-Ms-Date:
      - Tue, 09 Aug 2022 06:49:27 GMT
      x-ms-version:
      - "2020-10-02"
    url: https://azureblobstoragecanada.blob.core.windows.net/gocblobacquirelease?restype=container
    method: DELETE
  response:
    body: ""
    headers:
      Content-Length:
      - "0"
      Date:
      - Tue, 09 Aug 2022 06:49:25 GMT
      Server:
      - Windows-Azure-Blob/1.0 Microsoft-HTTPAPI/2.0
      X-Ms-Request-Id:
      - a53855e8-c01e-0055-35bc-ab9ff3000000
      X-Ms-Version:
      - "2020-10-02"
    status: 202 Accepted
    code: 202
    duration: ""
