---
version: 1
interactions:
- request:
    body: ""
    form: {}
    headers:
      Accept:
      - application/xml
      Authorization:
      - sanitized
      User-Agent:
      - azsdk-go-azblob/v0.3.0 azsdk-go-azcore/v0.21.0 (go1.16.7; Windows_NT)
      X-Ms-Date:
      - Mon, 07 Feb 2022 06:16:07 GMT
      X-Ms-Version:
      - "2019-12-12"
    url: https://azureblobstoragecanada.blob.core.windows.net/gocblobappendblockifappendpositionmatchtruenonzero?restype=container
    method: PUT
  response:
    body: ""
    headers:
      Content-Length:
      - "0"
      Date:
      - Mon, 07 Feb 2022 06:16:07 GMT
      Etag:
      - '"0x8D9EA0153EA74A8"'
      Last-Modified:
      - Mon, 07 Feb 2022 06:16:07 GMT
      Server:
      - Windows-Azure-Blob/1.0 Microsoft-HTTPAPI/2.0
      X-Ms-Request-Id:
      - 8d8120d3-b01e-004f-41ea-1bfe2c000000
      X-Ms-Version:
      - "2019-12-12"
    status: 201 Created
    code: 201
    duration: ""
- request:
    body: ""
    form: {}
    headers:
      Accept:
      - application/xml
      Authorization:
      - sanitized
      Content-Length:
      - "0"
      User-Agent:
      - azsdk-go-azblob/v0.3.0 azsdk-go-azcore/v0.21.0 (go1.16.7; Windows_NT)
      X-Ms-Blob-Type:
      - AppendBlob
      X-Ms-Date:
      - Mon, 07 Feb 2022 06:16:07 GMT
      X-Ms-Version:
      - "2019-12-12"
    url: https://azureblobstoragecanada.blob.core.windows.net/gocblobappendblockifappendpositionmatchtruenonzero/gotestblobblobappendblockifappendpositionmatchtruenonzero
    method: PUT
  response:
    body: ""
    headers:
      Content-Length:
      - "0"
      Date:
      - Mon, 07 Feb 2022 06:16:07 GMT
      Etag:
      - '"0x8D9EA0154108965"'
      Last-Modified:
      - Mon, 07 Feb 2022 06:16:07 GMT
      Server:
      - Windows-Azure-Blob/1.0 Microsoft-HTTPAPI/2.0
      X-Ms-Request-Id:
      - 8d812147-b01e-004f-26ea-1bfe2c000000
      X-Ms-Request-Server-Encrypted:
      - "true"
      X-Ms-Version:
      - "2019-12-12"
      X-Ms-Version-Id:
      - "2022-02-07T06:16:07.5882607Z"
    status: 201 Created
    code: 201
    duration: ""
- request:
    body: GoBlockBlobData
    form: {}
    headers:
      Accept:
      - application/xml
      Authorization:
      - sanitized
      Content-Length:
      - "15"
      Content-Type:
      - application/octet-stream
      User-Agent:
      - azsdk-go-azblob/v0.3.0 azsdk-go-azcore/v0.21.0 (go1.16.7; Windows_NT)
      X-Ms-Date:
      - Mon, 07 Feb 2022 06:16:08 GMT
      X-Ms-Version:
      - "2019-12-12"
    url: https://azureblobstoragecanada.blob.core.windows.net/gocblobappendblockifappendpositionmatchtruenonzero/gotestblobblobappendblockifappendpositionmatchtruenonzero?comp=appendblock
    method: PUT
  response:
    body: ""
    headers:
      Content-Length:
      - "0"
      Date:
      - Mon, 07 Feb 2022 06:16:07 GMT
      Etag:
      - '"0x8D9EA015435982D"'
      Last-Modified:
      - Mon, 07 Feb 2022 06:16:07 GMT
      Server:
      - Windows-Azure-Blob/1.0 Microsoft-HTTPAPI/2.0
      X-Ms-Blob-Append-Offset:
      - "0"
      X-Ms-Blob-Committed-Block-Count:
      - "1"
      X-Ms-Content-Crc64:
      - +JGsS7CR5kg=
      X-Ms-Request-Id:
      - 8d8121c6-b01e-004f-12ea-1bfe2c000000
      X-Ms-Request-Server-Encrypted:
      - "true"
      X-Ms-Version:
      - "2019-12-12"
    status: 201 Created
    code: 201
    duration: ""
- request:
    body: GoBlockBlobData
    form: {}
    headers:
      Accept:
      - application/xml
      Authorization:
      - sanitized
      Content-Length:
      - "15"
      Content-Type:
      - application/octet-stream
      User-Agent:
      - azsdk-go-azblob/v0.3.0 azsdk-go-azcore/v0.21.0 (go1.16.7; Windows_NT)
      X-Ms-Blob-Condition-Appendpos:
      - "15"
      X-Ms-Date:
      - Mon, 07 Feb 2022 06:16:08 GMT
      X-Ms-Version:
      - "2019-12-12"
    url: https://azureblobstoragecanada.blob.core.windows.net/gocblobappendblockifappendpositionmatchtruenonzero/gotestblobblobappendblockifappendpositionmatchtruenonzero?comp=appendblock
    method: PUT
  response:
    body: ""
    headers:
      Content-Length:
      - "0"
      Date:
      - Mon, 07 Feb 2022 06:16:07 GMT
      Etag:
      - '"0x8D9EA01545A31D8"'
      Last-Modified:
      - Mon, 07 Feb 2022 06:16:08 GMT
      Server:
      - Windows-Azure-Blob/1.0 Microsoft-HTTPAPI/2.0
      X-Ms-Blob-Append-Offset:
      - "15"
      X-Ms-Blob-Committed-Block-Count:
      - "2"
      X-Ms-Content-Crc64:
      - +JGsS7CR5kg=
      X-Ms-Request-Id:
      - 8d812242-b01e-004f-7fea-1bfe2c000000
      X-Ms-Request-Server-Encrypted:
      - "true"
      X-Ms-Version:
      - "2019-12-12"
    status: 201 Created
    code: 201
    duration: ""
- request:
    body: ""
    form: {}
    headers:
      Accept:
      - application/xml
      Authorization:
      - sanitized
      User-Agent:
      - azsdk-go-azblob/v0.3.0 azsdk-go-azcore/v0.21.0 (go1.16.7; Windows_NT)
      X-Ms-Date:
      - Mon, 07 Feb 2022 06:16:08 GMT
      X-Ms-Version:
      - "2019-12-12"
    url: https://azureblobstoragecanada.blob.core.windows.net/gocblobappendblockifappendpositionmatchtruenonzero/gotestblobblobappendblockifappendpositionmatchtruenonzero
    method: HEAD
  response:
    body: ""
    headers:
      Accept-Ranges:
      - bytes
      Content-Length:
      - "30"
      Content-Type:
      - application/octet-stream
      Date:
      - Mon, 07 Feb 2022 06:16:08 GMT
      Etag:
      - '"0x8D9EA01545A31D8"'
      Last-Modified:
      - Mon, 07 Feb 2022 06:16:08 GMT
      Server:
      - Windows-Azure-Blob/1.0 Microsoft-HTTPAPI/2.0
      X-Ms-Blob-Committed-Block-Count:
      - "2"
      X-Ms-Blob-Type:
      - AppendBlob
      X-Ms-Creation-Time:
      - Mon, 07 Feb 2022 06:16:07 GMT
      X-Ms-Is-Current-Version:
      - "true"
      X-Ms-Lease-State:
      - available
      X-Ms-Lease-Status:
      - unlocked
      X-Ms-Request-Id:
      - 8d8122c8-b01e-004f-72ea-1bfe2c000000
      X-Ms-Server-Encrypted:
      - "true"
      X-Ms-Version:
      - "2019-12-12"
      X-Ms-Version-Id:
      - "2022-02-07T06:16:07.5882607Z"
    status: 200 OK
    code: 200
    duration: ""
- request:
    body: ""
    form: {}
    headers:
      Accept:
      - application/xml
      Authorization:
      - sanitized
      User-Agent:
      - azsdk-go-azblob/v0.3.0 azsdk-go-azcore/v0.21.0 (go1.16.7; Windows_NT)
      X-Ms-Date:
      - Mon, 07 Feb 2022 06:16:08 GMT
      X-Ms-Version:
      - "2019-12-12"
    url: https://azureblobstoragecanada.blob.core.windows.net/gocblobappendblockifappendpositionmatchtruenonzero?restype=container
    method: DELETE
  response:
    body: ""
    headers:
      Content-Length:
      - "0"
      Date:
      - Mon, 07 Feb 2022 06:16:08 GMT
      Server:
      - Windows-Azure-Blob/1.0 Microsoft-HTTPAPI/2.0
      X-Ms-Request-Id:
      - 8d812368-b01e-004f-78ea-1bfe2c000000
      X-Ms-Version:
      - "2019-12-12"
    status: 202 Accepted
    code: 202
    duration: ""
