---
version: 1
interactions:
- request:
    body: ""
    form: {}
    headers:
      Accept:
      - application/xml
      Authorization:
      - sanitized
      User-Agent:
      - azsdk-go-generated/<version> azsdk-go-generated/<version> azcore/v0.16.2 (go1.15;
        Windows_NT)
      X-Ms-Date:
      - Wed, 11 Aug 2021 18:52:04 GMT
      X-Ms-Version:
      - "2020-02-10"
    url: https://azureblobstoragecanada.blob.core.windows.net/gocblobcreateappendifunmodifiedsincetrue?restype=container
    method: PUT
  response:
    body: ""
    headers:
      Content-Length:
      - "0"
      Date:
      - Wed, 11 Aug 2021 18:52:03 GMT
      Etag:
      - '"0x8D95CF91C194E3B"'
      Last-Modified:
      - Wed, 11 Aug 2021 18:52:03 GMT
      Server:
      - Windows-Azure-Blob/1.0 Microsoft-HTTPAPI/2.0
      X-Ms-Request-Id:
      - ce1be241-a01e-0000-5ce1-8e36a1000000
      X-Ms-Version:
      - "2020-02-10"
    status: 201 Created
    code: 201
    duration: ""
- request:
    body: ""
    form: {}
    headers:
      Accept:
      - application/xml
      Authorization:
      - sanitized
      Content-Length:
      - "0"
      User-Agent:
      - azsdk-go-generated/<version> azsdk-go-generated/<version> azcore/v0.16.2 (go1.15;
        Windows_NT)
      X-Ms-Blob-Type:
      - AppendBlob
      X-Ms-Date:
      - Wed, 11 Aug 2021 18:52:04 GMT
      X-Ms-Version:
      - "2020-02-10"
    url: https://azureblobstoragecanada.blob.core.windows.net/gocblobcreateappendifunmodifiedsincetrue/gotestblobblobcreateappendifunmodifiedsincetrue
    method: PUT
  response:
    body: ""
    headers:
      Content-Length:
      - "0"
      Date:
      - Wed, 11 Aug 2021 18:52:03 GMT
      Etag:
      - '"0x8D95CF91C3EB97B"'
      Last-Modified:
      - Wed, 11 Aug 2021 18:52:04 GMT
      Server:
      - Windows-Azure-Blob/1.0 Microsoft-HTTPAPI/2.0
      X-Ms-Request-Id:
      - ce1be2f9-a01e-0000-7fe1-8e36a1000000
      X-Ms-Request-Server-Encrypted:
      - "true"
      X-Ms-Version:
      - "2020-02-10"
      X-Ms-Version-Id:
      - "2021-08-11T18:52:04.0120699Z"
    status: 201 Created
    code: 201
    duration: ""
- request:
    body: ""
    form: {}
    headers:
      Accept:
      - application/xml
      Authorization:
      - sanitized
      Content-Length:
      - "0"
      If-Unmodified-Since:
      - Wed, 11 Aug 2021 18:52:13 GMT
      User-Agent:
      - azsdk-go-generated/<version> azsdk-go-generated/<version> azcore/v0.16.2 (go1.15;
        Windows_NT)
      X-Ms-Blob-Cache-Control:
      - control
      X-Ms-Blob-Content-Disposition:
      - my_disposition
      X-Ms-Blob-Content-Encoding:
      - my_encoding
      X-Ms-Blob-Content-Language:
      - my_language
      X-Ms-Blob-Content-Type:
      - my_type
      X-Ms-Blob-Type:
      - AppendBlob
      X-Ms-Date:
      - Wed, 11 Aug 2021 18:52:05 GMT
      X-Ms-Meta-Foo:
      - bar
      X-Ms-Version:
      - "2020-02-10"
    url: https://azureblobstoragecanada.blob.core.windows.net/gocblobcreateappendifunmodifiedsincetrue/gotestblobblobcreateappendifunmodifiedsincetrue
    method: PUT
  response:
    body: ""
    headers:
      Content-Length:
      - "0"
      Date:
      - Wed, 11 Aug 2021 18:52:03 GMT
      Etag:
      - '"0x8D95CF91C638758"'
      Last-Modified:
      - Wed, 11 Aug 2021 18:52:04 GMT
      Server:
      - Windows-Azure-Blob/1.0 Microsoft-HTTPAPI/2.0
      X-Ms-Request-Id:
      - ce1be420-a01e-0000-0de1-8e36a1000000
      X-Ms-Request-Server-Encrypted:
      - "true"
      X-Ms-Version:
      - "2020-02-10"
      X-Ms-Version-Id:
      - "2021-08-11T18:52:04.2542696Z"
    status: 201 Created
    code: 201
    duration: ""
- request:
    body: ""
    form: {}
    headers:
      Accept:
      - application/xml
      Authorization:
      - sanitized
      User-Agent:
      - azsdk-go-generated/<version> azsdk-go-generated/<version> azcore/v0.16.2 (go1.15;
        Windows_NT)
      X-Ms-Date:
      - Wed, 11 Aug 2021 18:52:05 GMT
      X-Ms-Version:
      - "2020-02-10"
    url: https://azureblobstoragecanada.blob.core.windows.net/gocblobcreateappendifunmodifiedsincetrue/gotestblobblobcreateappendifunmodifiedsincetrue
    method: HEAD
  response:
    body: ""
    headers:
      Accept-Ranges:
      - bytes
      Cache-Control:
      - control
      Content-Disposition:
      - my_disposition
      Content-Encoding:
      - my_encoding
      Content-Language:
      - my_language
      Content-Length:
      - "0"
      Content-Type:
      - my_type
      Date:
      - Wed, 11 Aug 2021 18:52:04 GMT
      Etag:
      - '"0x8D95CF91C638758"'
      Last-Modified:
      - Wed, 11 Aug 2021 18:52:04 GMT
      Server:
      - Windows-Azure-Blob/1.0 Microsoft-HTTPAPI/2.0
      X-Ms-Blob-Committed-Block-Count:
      - "0"
      X-Ms-Blob-Type:
      - AppendBlob
      X-Ms-Creation-Time:
      - Wed, 11 Aug 2021 18:52:04 GMT
      X-Ms-Is-Current-Version:
      - "true"
      X-Ms-Lease-State:
      - available
      X-Ms-Lease-Status:
      - unlocked
      X-Ms-Meta-Foo:
      - bar
      X-Ms-Request-Id:
      - ce1be529-a01e-0000-75e1-8e36a1000000
      X-Ms-Server-Encrypted:
      - "true"
      X-Ms-Version:
      - "2020-02-10"
      X-Ms-Version-Id:
      - "2021-08-11T18:52:04.2542696Z"
    status: 200 OK
    code: 200
    duration: ""
- request:
    body: ""
    form: {}
    headers:
      Accept:
      - application/xml
      Authorization:
      - sanitized
      User-Agent:
      - azsdk-go-generated/<version> azsdk-go-generated/<version> azcore/v0.16.2 (go1.15;
        Windows_NT)
      X-Ms-Date:
      - Wed, 11 Aug 2021 18:52:05 GMT
      X-Ms-Version:
      - "2020-02-10"
    url: https://azureblobstoragecanada.blob.core.windows.net/gocblobcreateappendifunmodifiedsincetrue?restype=container
    method: DELETE
  response:
    body: ""
    headers:
      Content-Length:
      - "0"
      Date:
      - Wed, 11 Aug 2021 18:52:04 GMT
      Server:
      - Windows-Azure-Blob/1.0 Microsoft-HTTPAPI/2.0
      X-Ms-Request-Id:
      - ce1be5f4-a01e-0000-27e1-8e36a1000000
      X-Ms-Version:
      - "2020-02-10"
    status: 202 Accepted
    code: 202
    duration: ""
