---
version: 1
interactions:
- request:
    body: ""
    form: {}
    headers:
      Accept:
      - application/xml
      Authorization:
      - sanitized
      User-Agent:
      - azsdk-go-azblob/v0.4.1 (go1.18; Windows_NT)
      X-Ms-Date:
      - Fri, 13 May 2022 00:21:17 GMT
      X-Ms-Version:
      - "2020-10-02"
    url: https://jhendrixstorage1.blob.core.windows.net/gocblobdownloaddataifmodifiedsincefalse?restype=container
    method: PUT
  response:
    body: ""
    headers:
      Content-Length:
      - "0"
      Date:
      - Fri, 13 May 2022 00:21:16 GMT
      Etag:
      - '"0x8DA34767F355F78"'
      Last-Modified:
      - Fri, 13 May 2022 00:21:17 GMT
      Server:
      - Windows-Azure-Blob/1.0 Microsoft-HTTPAPI/2.0
      X-Ms-Request-Id:
      - 83171e88-301e-0046-2e5f-663fbd000000
      X-Ms-Version:
      - "2020-10-02"
    status: 201 Created
    code: 201
    duration: ""
- request:
    body: GoBlockBlobData
    form: {}
    headers:
      Accept:
      - application/xml
      Authorization:
      - sanitized
      Content-Length:
      - "15"
      Content-Type:
      - application/octet-stream
      User-Agent:
      - azsdk-go-azblob/v0.4.1 (go1.18; Windows_NT)
      X-Ms-Blob-Type:
      - BlockBlob
      X-Ms-Date:
      - Fri, 13 May 2022 00:21:17 GMT
      X-Ms-Version:
      - "2020-10-02"
    url: https://jhendrixstorage1.blob.core.windows.net/gocblobdownloaddataifmodifiedsincefalse/gotestblobblobdownloaddataifmodifiedsincefalse
    method: PUT
  response:
    body: ""
    headers:
      Content-Length:
      - "0"
      Content-Md5:
      - ebncwguMQu9sgPmr0GazhA==
      Date:
      - Fri, 13 May 2022 00:21:16 GMT
      Etag:
      - '"0x8DA34767F4202F6"'
      Last-Modified:
      - Fri, 13 May 2022 00:21:17 GMT
      Server:
      - Windows-Azure-Blob/1.0 Microsoft-HTTPAPI/2.0
      X-Ms-Content-Crc64:
      - +JGsS7CR5kg=
      X-Ms-Request-Id:
      - 83171e97-301e-0046-3c5f-663fbd000000
      X-Ms-Request-Server-Encrypted:
      - "true"
      X-Ms-Version:
      - "2020-10-02"
    status: 201 Created
    code: 201
    duration: ""
- request:
    body: ""
    form: {}
    headers:
      Accept:
      - application/xml
      Authorization:
      - sanitized
      If-Modified-Since:
      - Fri, 13 May 2022 00:21:26 GMT
      User-Agent:
      - azsdk-go-azblob/v0.4.1 (go1.18; Windows_NT)
      X-Ms-Date:
      - Fri, 13 May 2022 00:21:17 GMT
      X-Ms-Version:
      - "2020-10-02"
    url: https://jhendrixstorage1.blob.core.windows.net/gocblobdownloaddataifmodifiedsincefalse/gotestblobblobdownloaddataifmodifiedsincefalse
    method: GET
  response:
    body: ""
    headers:
      Content-Length:
      - "0"
      Date:
      - Fri, 13 May 2022 00:21:16 GMT
      Server:
      - Windows-Azure-Blob/1.0 Microsoft-HTTPAPI/2.0
      X-Ms-Error-Code:
      - ConditionNotMet
      X-Ms-Request-Id:
      - 83171ec8-301e-0046-6b5f-663fbd000000
      X-Ms-Version:
      - "2020-10-02"
    status: 304 The condition specified using HTTP conditional header(s) is not met.
    code: 304
    duration: ""
- request:
    body: ""
    form: {}
    headers:
      Accept:
      - application/xml
      Authorization:
      - sanitized
      User-Agent:
      - azsdk-go-azblob/v0.4.1 (go1.18; Windows_NT)
      X-Ms-Date:
      - Fri, 13 May 2022 00:21:17 GMT
      X-Ms-Version:
      - "2020-10-02"
    url: https://jhendrixstorage1.blob.core.windows.net/gocblobdownloaddataifmodifiedsincefalse?restype=container
    method: DELETE
  response:
    body: ""
    headers:
      Content-Length:
      - "0"
      Date:
      - Fri, 13 May 2022 00:21:16 GMT
      Server:
      - Windows-Azure-Blob/1.0 Microsoft-HTTPAPI/2.0
      X-Ms-Request-Id:
      - 83171edb-301e-0046-7e5f-663fbd000000
      X-Ms-Version:
      - "2020-10-02"
    status: 202 Accepted
    code: 202
    duration: ""
