---
version: 1
interactions:
- request:
    body: ""
    form: {}
    headers:
      Accept:
      - application/xml
      Authorization:
      - sanitized
      User-Agent:
      - azsdk-go-azblob/v0.5.0 (go1.18.3; Windows_NT)
      X-Ms-Date:
      - Tue, 26 Jul 2022 08:17:39 GMT
      x-ms-version:
      - "2020-10-02"
    url: https://azureblobstoragecanada.blob.core.windows.net/gocblobdeletesnapshot?restype=container
    method: PUT
  response:
    body: ""
    headers:
      Content-Length:
      - "0"
      Date:
      - Tue, 26 Jul 2022 08:17:38 GMT
      Etag:
      - '"0x8DA6EDF4E1EE5AF"'
      Last-Modified:
      - Tue, 26 Jul 2022 08:17:39 GMT
      Server:
      - Windows-Azure-Blob/1.0 Microsoft-HTTPAPI/2.0
      X-Ms-Request-Id:
      - 05374363-401e-0074-5cc8-a0bb88000000
      X-Ms-Version:
      - "2020-10-02"
    status: 201 Created
    code: 201
    duration: ""
- request:
    body: GoBlockBlobData
    form: {}
    headers:
      Accept:
      - application/xml
      Authorization:
      - sanitized
      Content-Length:
      - "15"
      Content-Type:
      - application/octet-stream
      User-Agent:
      - azsdk-go-azblob/v0.5.0 (go1.18.3; Windows_NT)
      X-Ms-Date:
      - Tue, 26 Jul 2022 08:17:40 GMT
      x-ms-blob-type:
      - BlockBlob
      x-ms-version:
      - "2020-10-02"
    url: https://azureblobstoragecanada.blob.core.windows.net/gocblobdeletesnapshot/gotestblobblobdeletesnapshot
    method: PUT
  response:
    body: ""
    headers:
      Content-Length:
      - "0"
      Content-Md5:
      - ebncwguMQu9sgPmr0GazhA==
      Date:
      - Tue, 26 Jul 2022 08:17:38 GMT
      Etag:
      - '"0x8DA6EDF4E4493F0"'
      Last-Modified:
      - Tue, 26 Jul 2022 08:17:39 GMT
      Server:
      - Windows-Azure-Blob/1.0 Microsoft-HTTPAPI/2.0
      X-Ms-Content-Crc64:
      - +JGsS7CR5kg=
      X-Ms-Request-Id:
      - 05374472-401e-0074-5cc8-a0bb88000000
      X-Ms-Request-Server-Encrypted:
      - "true"
      X-Ms-Version:
      - "2020-10-02"
      X-Ms-Version-Id:
      - "2022-07-26T08:17:39.6226032Z"
    status: 201 Created
    code: 201
    duration: ""
- request:
    body: ""
    form: {}
    headers:
      Accept:
      - application/xml
      Authorization:
      - sanitized
      User-Agent:
      - azsdk-go-azblob/v0.5.0 (go1.18.3; Windows_NT)
      X-Ms-Date:
      - Tue, 26 Jul 2022 08:17:40 GMT
      x-ms-version:
      - "2020-10-02"
    url: https://azureblobstoragecanada.blob.core.windows.net/gocblobdeletesnapshot/gotestblobblobdeletesnapshot?comp=snapshot
    method: PUT
  response:
    body: ""
    headers:
      Content-Length:
      - "0"
      Date:
      - Tue, 26 Jul 2022 08:17:38 GMT
      Etag:
      - '"0x8DA6EDF4E4493F0"'
      Last-Modified:
      - Tue, 26 Jul 2022 08:17:39 GMT
      Server:
      - Windows-Azure-Blob/1.0 Microsoft-HTTPAPI/2.0
      X-Ms-Request-Id:
      - 053745a7-401e-0074-72c8-a0bb88000000
      X-Ms-Request-Server-Encrypted:
      - "false"
      X-Ms-Snapshot:
      - "2022-07-26T08:17:39.8874540Z"
      X-Ms-Version:
      - "2020-10-02"
      X-Ms-Version-Id:
      - "2022-07-26T08:17:39.8884540Z"
    status: 201 Created
    code: 201
    duration: ""
- request:
    body: ""
    form: {}
    headers:
      Accept:
      - application/xml
      Authorization:
      - sanitized
      User-Agent:
      - azsdk-go-azblob/v0.5.0 (go1.18.3; Windows_NT)
      X-Ms-Date:
      - Tue, 26 Jul 2022 08:17:40 GMT
      x-ms-version:
      - "2020-10-02"
    url: https://azureblobstoragecanada.blob.core.windows.net/gocblobdeletesnapshot/gotestblobblobdeletesnapshot?snapshot=2022-07-26T08%3A17%3A39.8874540Z
    method: DELETE
  response:
    body: ""
    headers:
      Content-Length:
      - "0"
      Date:
      - Tue, 26 Jul 2022 08:17:39 GMT
      Server:
      - Windows-Azure-Blob/1.0 Microsoft-HTTPAPI/2.0
      X-Ms-Delete-Type-Permanent:
      - "true"
      X-Ms-Request-Id:
      - 053746d1-401e-0074-02c8-a0bb88000000
      X-Ms-Version:
      - "2020-10-02"
    status: 202 Accepted
    code: 202
    duration: ""
- request:
    body: ""
    form: {}
    headers:
      Accept:
      - application/xml
      Authorization:
      - sanitized
      User-Agent:
      - azsdk-go-azblob/v0.5.0 (go1.18.3; Windows_NT)
      X-Ms-Date:
      - Tue, 26 Jul 2022 08:17:40 GMT
      x-ms-version:
      - "2020-10-02"
    url: https://azureblobstoragecanada.blob.core.windows.net/gocblobdeletesnapshot/gotestblobblobdeletesnapshot?snapshot=2022-07-26T08%3A17%3A39.8874540Z
    method: HEAD
  response:
    body: ""
    headers:
      Date:
      - Tue, 26 Jul 2022 08:17:39 GMT
      Server:
      - Windows-Azure-Blob/1.0 Microsoft-HTTPAPI/2.0
      X-Ms-Error-Code:
      - BlobNotFound
      X-Ms-Request-Id:
      - 05374813-401e-0074-2cc8-a0bb88000000
      X-Ms-Version:
      - "2020-10-02"
    status: 404 The specified blob does not exist.
    code: 404
    duration: ""
- request:
    body: ""
    form: {}
    headers:
      Accept:
      - application/xml
      Authorization:
      - sanitized
      User-Agent:
      - azsdk-go-azblob/v0.5.0 (go1.18.3; Windows_NT)
      X-Ms-Date:
      - Tue, 26 Jul 2022 08:17:41 GMT
      x-ms-version:
      - "2020-10-02"
    url: https://azureblobstoragecanada.blob.core.windows.net/gocblobdeletesnapshot?restype=container
    method: DELETE
  response:
    body: ""
    headers:
      Content-Length:
      - "0"
      Date:
      - Tue, 26 Jul 2022 08:17:39 GMT
      Server:
      - Windows-Azure-Blob/1.0 Microsoft-HTTPAPI/2.0
      X-Ms-Request-Id:
      - 05374956-401e-0074-51c8-a0bb88000000
      X-Ms-Version:
      - "2020-10-02"
    status: 202 Accepted
    code: 202
    duration: ""
