---
version: 1
interactions:
- request:
    body: ""
    form: {}
    headers:
      Accept:
      - application/xml
      Authorization:
      - sanitized
      User-Agent:
      - azsdk-go-generated/<version> azsdk-go-generated/<version> azcore/v0.13.4 (go1.15;
        Windows_NT)
      X-Ms-Date:
      - Sun, 13 Jun 2021 12:00:58 GMT
      X-Ms-Version:
      - "2019-12-12"
    url: https://azureblobstrgmohitcanada.blob.core.windows.net/gocblobstartcopydestifmatchfalse?restype=container
    method: PUT
  response:
    body: ""
    headers:
      Content-Length:
      - "0"
      Date:
      - Sun, 13 Jun 2021 12:00:58 GMT
      Etag:
      - '"0x8D92E62E8861E3D"'
      Last-Modified:
      - Sun, 13 Jun 2021 12:00:59 GMT
      Server:
      - Windows-Azure-Blob/1.0 Microsoft-HTTPAPI/2.0
      X-Ms-Request-Id:
      - 3bf12614-801e-0099-184b-60ee3f000000
      X-Ms-Version:
      - "2019-12-12"
    status: 201 Created
    code: 201
    duration: ""
- request:
    body: GoBlockBlobData
    form: {}
    headers:
      Accept:
      - application/xml
      Authorization:
      - sanitized
      Content-Length:
      - "15"
      Content-Type:
      - application/octet-stream
      User-Agent:
      - azsdk-go-generated/<version> azsdk-go-generated/<version> azcore/v0.13.4 (go1.15;
        Windows_NT)
      X-Ms-Blob-Type:
      - BlockBlob
      X-Ms-Date:
      - Sun, 13 Jun 2021 12:00:59 GMT
      X-Ms-Version:
      - "2019-12-12"
    url: https://azureblobstrgmohitcanada.blob.core.windows.net/gocblobstartcopydestifmatchfalse/gotestblobblobstartcopydestifmatchfalse
    method: PUT
  response:
    body: ""
    headers:
      Content-Length:
      - "0"
      Content-Md5:
      - ebncwguMQu9sgPmr0GazhA==
      Date:
      - Sun, 13 Jun 2021 12:00:58 GMT
      Etag:
      - '"0x8D92E62E8AB1D71"'
      Last-Modified:
      - Sun, 13 Jun 2021 12:00:59 GMT
      Server:
      - Windows-Azure-Blob/1.0 Microsoft-HTTPAPI/2.0
      X-Ms-Content-Crc64:
      - +JGsS7CR5kg=
      X-Ms-Request-Id:
      - 3bf12685-801e-0099-764b-60ee3f000000
      X-Ms-Request-Server-Encrypted:
      - "true"
      X-Ms-Version:
      - "2019-12-12"
      X-Ms-Version-Id:
      - "2021-06-13T12:00:59.4836849Z"
    status: 201 Created
    code: 201
    duration: ""
- request:
    body: GoBlockBlobData
    form: {}
    headers:
      Accept:
      - application/xml
      Authorization:
      - sanitized
      Content-Length:
      - "15"
      Content-Type:
      - application/octet-stream
      User-Agent:
      - azsdk-go-generated/<version> azsdk-go-generated/<version> azcore/v0.13.4 (go1.15;
        Windows_NT)
      X-Ms-Blob-Type:
      - BlockBlob
      X-Ms-Date:
      - Sun, 13 Jun 2021 12:00:59 GMT
      X-Ms-Version:
      - "2019-12-12"
    url: https://azureblobstrgmohitcanada.blob.core.windows.net/gocblobstartcopydestifmatchfalse/destgotestblobblobstartcopydestifmatchfalse
    method: PUT
  response:
    body: ""
    headers:
      Content-Length:
      - "0"
      Content-Md5:
      - ebncwguMQu9sgPmr0GazhA==
      Date:
      - Sun, 13 Jun 2021 12:00:59 GMT
      Etag:
      - '"0x8D92E62E8CFC344"'
      Last-Modified:
      - Sun, 13 Jun 2021 12:00:59 GMT
      Server:
      - Windows-Azure-Blob/1.0 Microsoft-HTTPAPI/2.0
      X-Ms-Content-Crc64:
      - +JGsS7CR5kg=
      X-Ms-Request-Id:
      - 3bf126ce-801e-0099-334b-60ee3f000000
      X-Ms-Request-Server-Encrypted:
      - "true"
      X-Ms-Version:
      - "2019-12-12"
      X-Ms-Version-Id:
      - "2021-06-13T12:00:59.7238596Z"
    status: 201 Created
    code: 201
    duration: ""
- request:
    body: ""
    form: {}
    headers:
      Accept:
      - application/xml
      Authorization:
      - sanitized
      User-Agent:
      - azsdk-go-generated/<version> azsdk-go-generated/<version> azcore/v0.13.4 (go1.15;
        Windows_NT)
      X-Ms-Date:
      - Sun, 13 Jun 2021 12:00:59 GMT
      X-Ms-Version:
      - "2019-12-12"
    url: https://azureblobstrgmohitcanada.blob.core.windows.net/gocblobstartcopydestifmatchfalse/destgotestblobblobstartcopydestifmatchfalse
    method: HEAD
  response:
    body: ""
    headers:
      Accept-Ranges:
      - bytes
      Content-Length:
      - "15"
      Content-Md5:
      - ebncwguMQu9sgPmr0GazhA==
      Content-Type:
      - application/octet-stream
      Date:
      - Sun, 13 Jun 2021 12:00:59 GMT
      Etag:
      - '"0x8D92E62E8CFC344"'
      Last-Modified:
      - Sun, 13 Jun 2021 12:00:59 GMT
      Server:
      - Windows-Azure-Blob/1.0 Microsoft-HTTPAPI/2.0
      X-Ms-Access-Tier:
      - Hot
      X-Ms-Access-Tier-Inferred:
      - "true"
      X-Ms-Blob-Type:
      - BlockBlob
      X-Ms-Creation-Time:
      - Sun, 13 Jun 2021 12:00:59 GMT
      X-Ms-Is-Current-Version:
      - "true"
      X-Ms-Lease-State:
      - available
      X-Ms-Lease-Status:
      - unlocked
      X-Ms-Request-Id:
      - 3bf12717-801e-0099-6e4b-60ee3f000000
      X-Ms-Server-Encrypted:
      - "true"
      X-Ms-Version:
      - "2019-12-12"
      X-Ms-Version-Id:
      - "2021-06-13T12:00:59.7238596Z"
    status: 200 OK
    code: 200
    duration: ""
- request:
    body: ""
    form: {}
    headers:
      Accept:
      - application/xml
      Authorization:
      - sanitized
      User-Agent:
      - azsdk-go-generated/<version> azsdk-go-generated/<version> azcore/v0.13.4 (go1.15;
        Windows_NT)
      X-Ms-Date:
      - Sun, 13 Jun 2021 12:00:59 GMT
      X-Ms-Meta-Bla:
      - bla
      X-Ms-Version:
      - "2019-12-12"
    url: https://azureblobstrgmohitcanada.blob.core.windows.net/gocblobstartcopydestifmatchfalse/destgotestblobblobstartcopydestifmatchfalse?comp=metadata
    method: PUT
  response:
    body: ""
    headers:
      Content-Length:
      - "0"
      Date:
      - Sun, 13 Jun 2021 12:00:59 GMT
      Etag:
      - '"0x8D92E62E9187253"'
      Last-Modified:
      - Sun, 13 Jun 2021 12:01:00 GMT
      Server:
      - Windows-Azure-Blob/1.0 Microsoft-HTTPAPI/2.0
      X-Ms-Request-Id:
      - 3bf1278e-801e-0099-514b-60ee3f000000
      X-Ms-Request-Server-Encrypted:
      - "true"
      X-Ms-Version:
      - "2019-12-12"
      X-Ms-Version-Id:
      - "2021-06-13T12:01:00.2012003Z"
    status: 200 OK
    code: 200
    duration: ""
- request:
    body: ""
    form: {}
    headers:
      Accept:
      - application/xml
      Authorization:
      - sanitized
      If-Match:
      - '"0x8D92E62E8CFC344"'
      User-Agent:
      - azsdk-go-generated/<version> azsdk-go-generated/<version> azcore/v0.13.4 (go1.15;
        Windows_NT)
      X-Ms-Copy-Source:
      - https://azureblobstrgmohitcanada.blob.core.windows.net/gocblobstartcopydestifmatchfalse/gotestblobblobstartcopydestifmatchfalse
      X-Ms-Date:
      - Sun, 13 Jun 2021 12:01:00 GMT
      X-Ms-Version:
      - "2019-12-12"
    url: https://azureblobstrgmohitcanada.blob.core.windows.net/gocblobstartcopydestifmatchfalse/destgotestblobblobstartcopydestifmatchfalse
    method: PUT
  response:
    body: "\uFEFF\x3C\x3F\x78\x6D\x6C\x20\x76\x65\x72\x73\x69\x6F\x6E\x3D\"\x31\x2E\x30\"\x20\x65\x6E\x63\x6F\x64\x69\x6E\x67\x3D\"\x75\x74\x66\x2D\x38\"\x3F\x3E\x3C\x45\x72\x72\x6F\x72\x3E\x3C\x43\x6F\x64\x65\x3E\x54\x61\x72\x67\x65\x74\x43\x6F\x6E\x64\x69\x74\x69\x6F\x6E\x4E\x6F\x74\x4D\x65\x74\x3C\x2F\x43\x6F\x64\x65\x3E\x3C\x4D\x65\x73\x73\x61\x67\x65\x3E\x54\x68\x65\x20\x74\x61\x72\x67\x65\x74\x20\x63\x6F\x6E\x64\x69\x74\x69\x6F\x6E\x20\x73\x70\x65\x63\x69\x66\x69\x65\x64\x20\x75\x73\x69\x6E\x67\x20\x48\x54\x54\x50\x20\x63\x6F\x6E\x64\x69\x74\x69\x6F\x6E\x61\x6C\x20\x68\x65\x61\x64\x65\x72\x28\x73\x29\x20\x69\x73\x20\x6E\x6F\x74\x20\x6D\x65\x74\x2E\n\x52\x65\x71\x75\x65\x73\x74\x49\x64\x3A\x33\x62\x66\x31\x32\x38\x30\x36\x2D\x38\x30\x31\x65\x2D\x30\x30\x39\x39\x2D\x33\x37\x34\x62\x2D\x36\x30\x65\x65\x33\x66\x30\x30\x30\x30\x30\x30\n\x54\x69\x6D\x65\x3A\x32\x30\x32\x31\x2D\x30\x36\x2D\x31\x33\x54\x31\x32\x3A\x30\x31\x3A\x30\x30\x2E\x36\x33\x35\x32\x30\x37\x39\x5A\x3C\x2F\x4D\x65\x73\x73\x61\x67\x65\x3E\x3C\x2F\x45\x72\x72\x6F\x72\x3E"
    headers:
      Content-Length:
      - "265"
      Content-Type:
      - application/xml
      Date:
      - Sun, 13 Jun 2021 12:01:00 GMT
      Server:
      - Windows-Azure-Blob/1.0 Microsoft-HTTPAPI/2.0
      X-Ms-Error-Code:
      - TargetConditionNotMet
      X-Ms-Request-Id:
      - 3bf12806-801e-0099-374b-60ee3f000000
      X-Ms-Version:
      - "2019-12-12"
    status: 412 The target condition specified using HTTP conditional header(s) is
      not met.
    code: 412
    duration: ""
- request:
    body: ""
    form: {}
    headers:
      Accept:
      - application/xml
      Authorization:
      - sanitized
      User-Agent:
      - azsdk-go-generated/<version> azsdk-go-generated/<version> azcore/v0.13.4 (go1.15;
        Windows_NT)
      X-Ms-Date:
      - Sun, 13 Jun 2021 12:01:00 GMT
      X-Ms-Version:
      - "2019-12-12"
    url: https://azureblobstrgmohitcanada.blob.core.windows.net/gocblobstartcopydestifmatchfalse?restype=container
    method: DELETE
  response:
    body: ""
    headers:
      Content-Length:
      - "0"
      Date:
      - Sun, 13 Jun 2021 12:01:02 GMT
      Server:
      - Windows-Azure-Blob/1.0 Microsoft-HTTPAPI/2.0
      X-Ms-Request-Id:
      - 3bf128af-801e-0099-4d4b-60ee3f000000
      X-Ms-Version:
      - "2019-12-12"
    status: 202 Accepted
    code: 202
    duration: ""
