---
version: 1
interactions:
- request:
    body: ""
    form: {}
    headers:
      Accept:
      - application/xml
      Authorization:
      - sanitized
      User-Agent:
      - azsdk-go-generated/<version> azsdk-go-generated/<version> azcore/v0.16.2 (go1.15;
        Windows_NT)
      X-Ms-Date:
      - Mon, 21 Jun 2021 11:17:37 GMT
      X-Ms-Version:
      - "2019-12-12"
    url: https://azureblobstoragecanada.blob.core.windows.net/gocblobrenewlease?restype=container
    method: PUT
  response:
    body: ""
    headers:
      Content-Length:
      - "0"
      Date:
      - Mon, 21 Jun 2021 11:17:37 GMT
      Etag:
      - '"0x8D934A62D5A027A"'
      Last-Modified:
      - Mon, 21 Jun 2021 11:17:37 GMT
      Server:
      - Windows-Azure-Blob/1.0 Microsoft-HTTPAPI/2.0
      X-Ms-Request-Id:
      - 1f780e95-001e-0006-618f-66c1d9000000
      X-Ms-Version:
      - "2019-12-12"
    status: 201 Created
    code: 201
    duration: ""
- request:
    body: GoBlockBlobData
    form: {}
    headers:
      Accept:
      - application/xml
      Authorization:
      - sanitized
      Content-Length:
      - "15"
      Content-Type:
      - application/octet-stream
      User-Agent:
      - azsdk-go-generated/<version> azsdk-go-generated/<version> azcore/v0.16.2 (go1.15;
        Windows_NT)
      X-Ms-Blob-Type:
      - BlockBlob
      X-Ms-Date:
      - Mon, 21 Jun 2021 11:17:38 GMT
      X-Ms-Version:
      - "2019-12-12"
    url: https://azureblobstoragecanada.blob.core.windows.net/gocblobrenewlease/gotestblobblobrenewlease
    method: PUT
  response:
    body: ""
    headers:
      Content-Length:
      - "0"
      Content-Md5:
      - ebncwguMQu9sgPmr0GazhA==
      Date:
      - Mon, 21 Jun 2021 11:17:37 GMT
      Etag:
      - '"0x8D934A62D7EF8CA"'
      Last-Modified:
      - Mon, 21 Jun 2021 11:17:38 GMT
      Server:
      - Windows-Azure-Blob/1.0 Microsoft-HTTPAPI/2.0
      X-Ms-Content-Crc64:
      - +JGsS7CR5kg=
      X-Ms-Request-Id:
      - 1f780f59-001e-0006-108f-66c1d9000000
      X-Ms-Request-Server-Encrypted:
      - "true"
      X-Ms-Version:
      - "2019-12-12"
      X-Ms-Version-Id:
      - "2021-06-21T11:17:38.2147274Z"
    status: 201 Created
    code: 201
    duration: ""
- request:
    body: ""
    form: {}
    headers:
      Accept:
      - application/xml
      Authorization:
      - sanitized
      User-Agent:
      - azsdk-go-generated/<version> azsdk-go-generated/<version> azcore/v0.16.2 (go1.15;
        Windows_NT)
      X-Ms-Date:
      - Mon, 21 Jun 2021 11:17:38 GMT
      X-Ms-Lease-Action:
      - acquire
      X-Ms-Lease-Duration:
      - "15"
      X-Ms-Proposed-Lease-Id:
      - c820a799-76d7-4ee2-6e15-546f19325c2c
      X-Ms-Version:
      - "2019-12-12"
    url: https://azureblobstoragecanada.blob.core.windows.net/gocblobrenewlease/gotestblobblobrenewlease?comp=lease
    method: PUT
  response:
    body: ""
    headers:
      Content-Length:
      - "0"
      Date:
      - Mon, 21 Jun 2021 11:17:37 GMT
      Etag:
      - '"0x8D934A62D7EF8CA"'
      Last-Modified:
      - Mon, 21 Jun 2021 11:17:38 GMT
      Server:
      - Windows-Azure-Blob/1.0 Microsoft-HTTPAPI/2.0
      X-Ms-Lease-Id:
      - c820a799-76d7-4ee2-6e15-546f19325c2c
      X-Ms-Request-Id:
      - 1f781000-001e-0006-2c8f-66c1d9000000
      X-Ms-Version:
      - "2019-12-12"
    status: 201 Created
    code: 201
    duration: ""
- request:
    body: ""
    form: {}
    headers:
      Accept:
      - application/xml
      Authorization:
      - sanitized
      User-Agent:
      - azsdk-go-generated/<version> azsdk-go-generated/<version> azcore/v0.16.2 (go1.15;
        Windows_NT)
      X-Ms-Date:
      - Mon, 21 Jun 2021 11:17:38 GMT
      X-Ms-Lease-Action:
      - renew
      X-Ms-Lease-Id:
      - c820a799-76d7-4ee2-6e15-546f19325c2c
      X-Ms-Version:
      - "2019-12-12"
    url: https://azureblobstoragecanada.blob.core.windows.net/gocblobrenewlease/gotestblobblobrenewlease?comp=lease
    method: PUT
  response:
    body: ""
    headers:
      Content-Length:
      - "0"
      Date:
      - Mon, 21 Jun 2021 11:17:37 GMT
      Etag:
      - '"0x8D934A62D7EF8CA"'
      Last-Modified:
      - Mon, 21 Jun 2021 11:17:38 GMT
      Server:
      - Windows-Azure-Blob/1.0 Microsoft-HTTPAPI/2.0
      X-Ms-Lease-Id:
      - c820a799-76d7-4ee2-6e15-546f19325c2c
      X-Ms-Request-Id:
      - 1f7810c1-001e-0006-5f8f-66c1d9000000
      X-Ms-Version:
      - "2019-12-12"
    status: 200 OK
    code: 200
    duration: ""
- request:
    body: ""
    form: {}
    headers:
      Accept:
      - application/xml
      Authorization:
      - sanitized
      User-Agent:
      - azsdk-go-generated/<version> azsdk-go-generated/<version> azcore/v0.16.2 (go1.15;
        Windows_NT)
      X-Ms-Date:
      - Mon, 21 Jun 2021 11:17:38 GMT
      X-Ms-Lease-Action:
      - release
      X-Ms-Lease-Id:
      - c820a799-76d7-4ee2-6e15-546f19325c2c
      X-Ms-Version:
      - "2019-12-12"
    url: https://azureblobstoragecanada.blob.core.windows.net/gocblobrenewlease/gotestblobblobrenewlease?comp=lease
    method: PUT
  response:
    body: ""
    headers:
      Content-Length:
      - "0"
      Date:
      - Mon, 21 Jun 2021 11:17:38 GMT
      Etag:
      - '"0x8D934A62D7EF8CA"'
      Last-Modified:
      - Mon, 21 Jun 2021 11:17:38 GMT
      Server:
      - Windows-Azure-Blob/1.0 Microsoft-HTTPAPI/2.0
      X-Ms-Request-Id:
      - 1f78114a-001e-0006-5e8f-66c1d9000000
      X-Ms-Version:
      - "2019-12-12"
    status: 200 OK
    code: 200
    duration: ""
- request:
    body: ""
    form: {}
    headers:
      Accept:
      - application/xml
      Authorization:
      - sanitized
      User-Agent:
      - azsdk-go-generated/<version> azsdk-go-generated/<version> azcore/v0.16.2 (go1.15;
        Windows_NT)
      X-Ms-Date:
      - Mon, 21 Jun 2021 11:17:39 GMT
      X-Ms-Version:
      - "2019-12-12"
    url: https://azureblobstoragecanada.blob.core.windows.net/gocblobrenewlease?restype=container
    method: DELETE
  response:
    body: ""
    headers:
      Content-Length:
      - "0"
      Date:
      - Mon, 21 Jun 2021 11:17:38 GMT
      Server:
      - Windows-Azure-Blob/1.0 Microsoft-HTTPAPI/2.0
      X-Ms-Request-Id:
      - 1f7811ca-001e-0006-538f-66c1d9000000
      X-Ms-Version:
      - "2019-12-12"
    status: 202 Accepted
    code: 202
    duration: ""
