---
version: 1
interactions:
- request:
    body: ""
    form: {}
    headers:
      Accept:
      - application/xml
      Authorization:
      - sanitized
      User-Agent:
      - azsdk-go-azblob/v0.4.1 azsdk-go-azcore/v0.23.0 (go1.18.1; Windows_NT)
      X-Ms-Date:
      - Tue, 10 May 2022 08:47:00 GMT
      X-Ms-Version:
      - "2020-10-02"
    url: https://azureblobstoragecanada.blob.core.windows.net/gocblobstartcopymetadataempty?restype=container
    method: PUT
  response:
    body: ""
    headers:
      Content-Length:
      - "0"
      Date:
      - Tue, 10 May 2022 08:46:55 GMT
      Etag:
      - '"0x8DA3261A3D090D4"'
      Last-Modified:
      - Tue, 10 May 2022 08:46:56 GMT
      Server:
      - Windows-Azure-Blob/1.0 Microsoft-HTTPAPI/2.0
      X-Ms-Request-Id:
      - 408fa7c1-f01e-0003-674a-646e1c000000
      X-Ms-Version:
      - "2020-10-02"
    status: 201 Created
    code: 201
    duration: ""
- request:
    body: GoBlockBlobData
    form: {}
    headers:
      Accept:
      - application/xml
      Authorization:
      - sanitized
      Content-Length:
      - "15"
      Content-Type:
      - application/octet-stream
      User-Agent:
      - azsdk-go-azblob/v0.4.1 azsdk-go-azcore/v0.23.0 (go1.18.1; Windows_NT)
      X-Ms-Blob-Type:
      - BlockBlob
      X-Ms-Date:
      - Tue, 10 May 2022 08:47:00 GMT
      X-Ms-Version:
      - "2020-10-02"
    url: https://azureblobstoragecanada.blob.core.windows.net/gocblobstartcopymetadataempty/gotestblobblobstartcopymetadataempty
    method: PUT
  response:
    body: ""
    headers:
      Content-Length:
      - "0"
      Content-Md5:
      - ebncwguMQu9sgPmr0GazhA==
      Date:
      - Tue, 10 May 2022 08:46:56 GMT
      Etag:
      - '"0x8DA3261A3F92CB7"'
      Last-Modified:
      - Tue, 10 May 2022 08:46:57 GMT
      Server:
      - Windows-Azure-Blob/1.0 Microsoft-HTTPAPI/2.0
      X-Ms-Content-Crc64:
      - +JGsS7CR5kg=
      X-Ms-Request-Id:
      - 408fa88d-f01e-0003-204a-646e1c000000
      X-Ms-Request-Server-Encrypted:
      - "true"
      X-Ms-Version:
      - "2020-10-02"
      X-Ms-Version-Id:
      - "2022-05-10T08:46:57.0589126Z"
    status: 201 Created
    code: 201
    duration: ""
- request:
    body: data
    form: {}
    headers:
      Accept:
      - application/xml
      Authorization:
      - sanitized
      Content-Length:
      - "4"
      Content-Type:
      - application/octet-stream
      User-Agent:
      - azsdk-go-azblob/v0.4.1 azsdk-go-azcore/v0.23.0 (go1.18.1; Windows_NT)
      X-Ms-Blob-Type:
      - BlockBlob
      X-Ms-Date:
      - Tue, 10 May 2022 08:47:00 GMT
      X-Ms-Version:
      - "2020-10-02"
    url: https://azureblobstoragecanada.blob.core.windows.net/gocblobstartcopymetadataempty/copygotestblobblobstartcopymetadataempty
    method: PUT
  response:
    body: ""
    headers:
      Content-Length:
      - "0"
      Content-Md5:
      - jXd/OF09/siBXSD3SWAm3A==
      Date:
      - Tue, 10 May 2022 08:46:56 GMT
      Etag:
      - '"0x8DA3261A4289A56"'
      Last-Modified:
      - Tue, 10 May 2022 08:46:57 GMT
      Server:
      - Windows-Azure-Blob/1.0 Microsoft-HTTPAPI/2.0
      X-Ms-Content-Crc64:
      - gCf8jkNhru0=
      X-Ms-Request-Id:
      - 408fa999-f01e-0003-0a4a-646e1c000000
      X-Ms-Request-Server-Encrypted:
      - "true"
      X-Ms-Version:
      - "2020-10-02"
      X-Ms-Version-Id:
      - "2022-05-10T08:46:57.3687382Z"
    status: 201 Created
    code: 201
    duration: ""
- request:
    body: ""
    form: {}
    headers:
      Accept:
      - application/xml
      Authorization:
      - sanitized
      User-Agent:
      - azsdk-go-azblob/v0.4.1 azsdk-go-azcore/v0.23.0 (go1.18.1; Windows_NT)
      X-Ms-Copy-Source:
      - https://azureblobstoragecanada.blob.core.windows.net/gocblobstartcopymetadataempty/gotestblobblobstartcopymetadataempty
      X-Ms-Date:
      - Tue, 10 May 2022 08:47:00 GMT
      X-Ms-Version:
      - "2020-10-02"
    url: https://azureblobstoragecanada.blob.core.windows.net/gocblobstartcopymetadataempty/copygotestblobblobstartcopymetadataempty
    method: PUT
  response:
    body: ""
    headers:
      Content-Length:
      - "0"
      Date:
      - Tue, 10 May 2022 08:46:56 GMT
      Etag:
      - '"0x8DA3261A457B9DA"'
      Last-Modified:
      - Tue, 10 May 2022 08:46:57 GMT
      Server:
      - Windows-Azure-Blob/1.0 Microsoft-HTTPAPI/2.0
      X-Ms-Copy-Id:
      - 4b7e8e2a-d564-4e1d-93c6-7f114ba43e80
      X-Ms-Copy-Status:
      - success
      X-Ms-Request-Id:
      - 408faa8d-f01e-0003-5a4a-646e1c000000
      X-Ms-Version:
      - "2020-10-02"
      X-Ms-Version-Id:
      - "2022-05-10T08:46:57.6795644Z"
    status: 202 Accepted
    code: 202
    duration: ""
- request:
    body: ""
    form: {}
    headers:
      Accept:
      - application/xml
      Authorization:
      - sanitized
      User-Agent:
      - azsdk-go-azblob/v0.4.1 azsdk-go-azcore/v0.23.0 (go1.18.1; Windows_NT)
      X-Ms-Date:
      - Tue, 10 May 2022 08:47:01 GMT
      X-Ms-Version:
      - "2020-10-02"
    url: https://azureblobstoragecanada.blob.core.windows.net/gocblobstartcopymetadataempty/copygotestblobblobstartcopymetadataempty
    method: HEAD
  response:
    body: ""
    headers:
      Accept-Ranges:
      - bytes
      Content-Length:
      - "15"
      Content-Md5:
      - ebncwguMQu9sgPmr0GazhA==
      Content-Type:
      - application/octet-stream
      Date:
      - Tue, 10 May 2022 08:46:57 GMT
      Etag:
      - '"0x8DA3261A457B9DA"'
      Last-Modified:
      - Tue, 10 May 2022 08:46:57 GMT
      Server:
      - Windows-Azure-Blob/1.0 Microsoft-HTTPAPI/2.0
      X-Ms-Access-Tier:
      - Hot
      X-Ms-Access-Tier-Inferred:
      - "true"
      X-Ms-Blob-Type:
      - BlockBlob
      X-Ms-Copy-Completion-Time:
      - Tue, 10 May 2022 08:46:57 GMT
      X-Ms-Copy-Id:
      - 4b7e8e2a-d564-4e1d-93c6-7f114ba43e80
      X-Ms-Copy-Progress:
      - 15/15
      X-Ms-Copy-Source:
      - https://azureblobstoragecanada.blob.core.windows.net/gocblobstartcopymetadataempty/gotestblobblobstartcopymetadataempty
      X-Ms-Copy-Status:
      - success
      X-Ms-Creation-Time:
      - Tue, 10 May 2022 08:46:57 GMT
      X-Ms-Is-Current-Version:
      - "true"
      X-Ms-Lease-State:
      - available
      X-Ms-Lease-Status:
      - unlocked
      X-Ms-Request-Id:
      - 408fab80-f01e-0003-244a-646e1c000000
      X-Ms-Server-Encrypted:
      - "true"
      X-Ms-Version:
      - "2020-10-02"
      X-Ms-Version-Id:
      - "2022-05-10T08:46:57.6795644Z"
    status: 200 OK
    code: 200
    duration: ""
- request:
    body: ""
    form: {}
    headers:
      Accept:
      - application/xml
      Authorization:
      - sanitized
      User-Agent:
      - azsdk-go-azblob/v0.4.1 azsdk-go-azcore/v0.23.0 (go1.18.1; Windows_NT)
      X-Ms-Date:
      - Tue, 10 May 2022 08:47:01 GMT
      X-Ms-Version:
      - "2020-10-02"
    url: https://azureblobstoragecanada.blob.core.windows.net/gocblobstartcopymetadataempty?restype=container
    method: DELETE
  response:
    body: ""
    headers:
      Content-Length:
      - "0"
      Date:
      - Tue, 10 May 2022 08:46:57 GMT
      Server:
      - Windows-Azure-Blob/1.0 Microsoft-HTTPAPI/2.0
      X-Ms-Request-Id:
      - 408fac77-f01e-0003-764a-646e1c000000
      X-Ms-Version:
      - "2020-10-02"
    status: 202 Accepted
    code: 202
    duration: ""
