---
version: 1
interactions:
- request:
    body: ""
    form: {}
    headers:
      Accept:
      - application/xml
      Authorization:
      - sanitized
      User-Agent:
      - azsdk-go-generated/<version> azsdk-go-generated/<version> azcore/v0.16.2 (go1.15;
        Windows_NT)
      X-Ms-Date:
      - Mon, 21 Jun 2021 11:15:36 GMT
      X-Ms-Version:
      - "2019-12-12"
    url: https://azureblobstoragecanada.blob.core.windows.net/gocblobcreatepagemetadataempty?restype=container
    method: PUT
  response:
    body: ""
    headers:
      Content-Length:
      - "0"
      Date:
      - Mon, 21 Jun 2021 11:15:36 GMT
      Etag:
      - '"0x8D934A5E52E70A2"'
      Last-Modified:
      - Mon, 21 Jun 2021 11:15:36 GMT
      Server:
      - Windows-Azure-Blob/1.0 Microsoft-HTTPAPI/2.0
      X-Ms-Request-Id:
      - 1f76b484-001e-0006-6a8e-66c1d9000000
      X-Ms-Version:
      - "2019-12-12"
    status: 201 Created
    code: 201
    duration: ""
- request:
    body: ""
    form: {}
    headers:
      Accept:
      - application/xml
      Authorization:
      - sanitized
      Content-Length:
      - "0"
      User-Agent:
      - azsdk-go-generated/<version> azsdk-go-generated/<version> azcore/v0.16.2 (go1.15;
        Windows_NT)
      X-Ms-Blob-Content-Length:
      - "512"
      X-Ms-Blob-Sequence-Number:
      - "0"
      X-Ms-Blob-Type:
      - PageBlob
      X-Ms-Date:
      - Mon, 21 Jun 2021 11:15:37 GMT
      X-Ms-Version:
      - "2019-12-12"
    url: https://azureblobstoragecanada.blob.core.windows.net/gocblobcreatepagemetadataempty/gotestblobblobcreatepagemetadataempty
    method: PUT
  response:
    body: ""
    headers:
      Content-Length:
      - "0"
      Date:
      - Mon, 21 Jun 2021 11:15:36 GMT
      Etag:
      - '"0x8D934A5E5534243"'
      Last-Modified:
      - Mon, 21 Jun 2021 11:15:37 GMT
      Server:
      - Windows-Azure-Blob/1.0 Microsoft-HTTPAPI/2.0
      X-Ms-Request-Id:
      - 1f76b4f3-001e-0006-538e-66c1d9000000
      X-Ms-Request-Server-Encrypted:
      - "true"
      X-Ms-Version:
      - "2019-12-12"
      X-Ms-Version-Id:
      - "2021-06-21T11:15:37.1322947Z"
    status: 201 Created
    code: 201
    duration: ""
- request:
    body: ""
    form: {}
    headers:
      Accept:
      - application/xml
      Authorization:
      - sanitized
      User-Agent:
      - azsdk-go-generated/<version> azsdk-go-generated/<version> azcore/v0.16.2 (go1.15;
        Windows_NT)
      X-Ms-Date:
      - Mon, 21 Jun 2021 11:15:37 GMT
      X-Ms-Version:
      - "2019-12-12"
    url: https://azureblobstoragecanada.blob.core.windows.net/gocblobcreatepagemetadataempty/gotestblobblobcreatepagemetadataempty
    method: HEAD
  response:
    body: ""
    headers:
      Accept-Ranges:
      - bytes
      Content-Length:
      - "512"
      Content-Type:
      - application/octet-stream
      Date:
      - Mon, 21 Jun 2021 11:15:36 GMT
      Etag:
      - '"0x8D934A5E5534243"'
      Last-Modified:
      - Mon, 21 Jun 2021 11:15:37 GMT
      Server:
      - Windows-Azure-Blob/1.0 Microsoft-HTTPAPI/2.0
      X-Ms-Blob-Sequence-Number:
      - "0"
      X-Ms-Blob-Type:
      - PageBlob
      X-Ms-Creation-Time:
      - Mon, 21 Jun 2021 11:15:37 GMT
      X-Ms-Is-Current-Version:
      - "true"
      X-Ms-Lease-State:
      - available
      X-Ms-Lease-Status:
      - unlocked
      X-Ms-Request-Id:
      - 1f76b572-001e-0006-4a8e-66c1d9000000
      X-Ms-Server-Encrypted:
      - "true"
      X-Ms-Version:
      - "2019-12-12"
      X-Ms-Version-Id:
      - "2021-06-21T11:15:37.1322947Z"
    status: 200 OK
    code: 200
    duration: ""
- request:
    body: ""
    form: {}
    headers:
      Accept:
      - application/xml
      Authorization:
      - sanitized
      User-Agent:
      - azsdk-go-generated/<version> azsdk-go-generated/<version> azcore/v0.16.2 (go1.15;
        Windows_NT)
      X-Ms-Date:
      - Mon, 21 Jun 2021 11:15:37 GMT
      X-Ms-Version:
      - "2019-12-12"
    url: https://azureblobstoragecanada.blob.core.windows.net/gocblobcreatepagemetadataempty?restype=container
    method: DELETE
  response:
    body: ""
    headers:
      Content-Length:
      - "0"
      Date:
      - Mon, 21 Jun 2021 11:15:36 GMT
      Server:
      - Windows-Azure-Blob/1.0 Microsoft-HTTPAPI/2.0
      X-Ms-Request-Id:
      - 1f76b60b-001e-0006-4f8e-66c1d9000000
      X-Ms-Version:
      - "2019-12-12"
    status: 202 Accepted
    code: 202
    duration: ""
