---
version: 1
interactions:
- request:
    body: ""
    form: {}
    headers:
      Accept:
      - application/xml
      Authorization:
      - sanitized
      User-Agent:
      - azsdk-go-azblob/v0.5.0 (go1.18.3; Windows_NT)
      X-Ms-Date:
      - Tue, 26 Jul 2022 08:21:27 GMT
      x-ms-version:
      - "2020-10-02"
    url: https://azureblobstoragecanada.blob.core.windows.net/goccontainerchangelease?restype=container
    method: PUT
  response:
    body: ""
    headers:
      Content-Length:
      - "0"
      Date:
      - Tue, 26 Jul 2022 08:21:27 GMT
      Etag:
      - '"0x8DA6EDFD5FF1FDB"'
      Last-Modified:
      - Tue, 26 Jul 2022 08:21:27 GMT
      Server:
      - Windows-Azure-Blob/1.0 Microsoft-HTTPAPI/2.0
      X-Ms-Request-Id:
      - 053bbaff-401e-0074-6ec8-a0bb88000000
      X-Ms-Version:
      - "2020-10-02"
    status: 201 Created
    code: 201
    duration: ""
- request:
    body: ""
    form: {}
    headers:
      Accept:
      - application/xml
      Authorization:
      - sanitized
      User-Agent:
      - azsdk-go-azblob/v0.5.0 (go1.18.3; Windows_NT)
      X-Ms-Date:
      - Tue, 26 Jul 2022 08:21:28 GMT
      x-ms-lease-action:
      - acquire
      x-ms-lease-duration:
      - "15"
      x-ms-proposed-lease-id:
      - c820a799-76d7-4ee2-6e15-546f19325c2c
      x-ms-version:
      - "2020-10-02"
    url: https://azureblobstoragecanada.blob.core.windows.net/goccontainerchangelease?comp=lease&restype=container
    method: PUT
  response:
    body: ""
    headers:
      Content-Length:
      - "0"
      Date:
      - Tue, 26 Jul 2022 08:21:27 GMT
      Etag:
      - '"0x8DA6EDFD5FF1FDB"'
      Last-Modified:
      - Tue, 26 Jul 2022 08:21:27 GMT
      Server:
      - Windows-Azure-Blob/1.0 Microsoft-HTTPAPI/2.0
      X-Ms-Lease-Id:
      - c820a799-76d7-4ee2-6e15-546f19325c2c
      X-Ms-Request-Id:
      - 053bbc3d-401e-0074-7dc8-a0bb88000000
      X-Ms-Version:
      - "2020-10-02"
    status: 201 Created
    code: 201
    duration: ""
- request:
    body: ""
    form: {}
    headers:
      Accept:
      - application/xml
      Authorization:
      - sanitized
      User-Agent:
      - azsdk-go-azblob/v0.5.0 (go1.18.3; Windows_NT)
      X-Ms-Date:
      - Tue, 26 Jul 2022 08:21:28 GMT
      x-ms-lease-action:
      - change
      x-ms-lease-id:
      - c820a799-76d7-4ee2-6e15-546f19325c2c
      x-ms-proposed-lease-id:
      - 326cc5e1-746e-4af8-4811-a50e6629a8ca
      x-ms-version:
      - "2020-10-02"
    url: https://azureblobstoragecanada.blob.core.windows.net/goccontainerchangelease?comp=lease&restype=container
    method: PUT
  response:
    body: ""
    headers:
      Content-Length:
      - "0"
      Date:
      - Tue, 26 Jul 2022 08:21:27 GMT
      Etag:
      - '"0x8DA6EDFD5FF1FDB"'
      Last-Modified:
      - Tue, 26 Jul 2022 08:21:27 GMT
      Server:
      - Windows-Azure-Blob/1.0 Microsoft-HTTPAPI/2.0
      X-Ms-Lease-Id:
      - 326cc5e1-746e-4af8-4811-a50e6629a8ca
      X-Ms-Request-Id:
      - 053bbdab-401e-0074-3dc8-a0bb88000000
      X-Ms-Version:
      - "2020-10-02"
    status: 200 OK
    code: 200
    duration: ""
- request:
    body: ""
    form: {}
    headers:
      Accept:
      - application/xml
      Authorization:
      - sanitized
      User-Agent:
      - azsdk-go-azblob/v0.5.0 (go1.18.3; Windows_NT)
      X-Ms-Date:
      - Tue, 26 Jul 2022 08:21:28 GMT
      x-ms-lease-action:
      - renew
      x-ms-lease-id:
      - 326cc5e1-746e-4af8-4811-a50e6629a8ca
      x-ms-version:
      - "2020-10-02"
    url: https://azureblobstoragecanada.blob.core.windows.net/goccontainerchangelease?comp=lease&restype=container
    method: PUT
  response:
    body: ""
    headers:
      Content-Length:
      - "0"
      Date:
      - Tue, 26 Jul 2022 08:21:28 GMT
      Etag:
      - '"0x8DA6EDFD5FF1FDB"'
      Last-Modified:
      - Tue, 26 Jul 2022 08:21:27 GMT
      Server:
      - Windows-Azure-Blob/1.0 Microsoft-HTTPAPI/2.0
      X-Ms-Lease-Id:
      - 326cc5e1-746e-4af8-4811-a50e6629a8ca
      X-Ms-Request-Id:
      - 053bbfca-401e-0074-11c8-a0bb88000000
      X-Ms-Version:
      - "2020-10-02"
    status: 200 OK
    code: 200
    duration: ""
- request:
    body: ""
    form: {}
    headers:
      Accept:
      - application/xml
      Authorization:
      - sanitized
      User-Agent:
      - azsdk-go-azblob/v0.5.0 (go1.18.3; Windows_NT)
      X-Ms-Date:
      - Tue, 26 Jul 2022 08:21:28 GMT
      x-ms-lease-action:
      - release
      x-ms-lease-id:
      - 326cc5e1-746e-4af8-4811-a50e6629a8ca
      x-ms-version:
      - "2020-10-02"
    url: https://azureblobstoragecanada.blob.core.windows.net/goccontainerchangelease?comp=lease&restype=container
    method: PUT
  response:
    body: ""
    headers:
      Content-Length:
      - "0"
      Date:
      - Tue, 26 Jul 2022 08:21:28 GMT
      Etag:
      - '"0x8DA6EDFD5FF1FDB"'
      Last-Modified:
      - Tue, 26 Jul 2022 08:21:27 GMT
      Server:
      - Windows-Azure-Blob/1.0 Microsoft-HTTPAPI/2.0
      X-Ms-Request-Id:
      - 053bc0de-401e-0074-7dc8-a0bb88000000
      X-Ms-Version:
      - "2020-10-02"
    status: 200 OK
    code: 200
    duration: ""
- request:
    body: ""
    form: {}
    headers:
      Accept:
      - application/xml
      Authorization:
      - sanitized
      User-Agent:
      - azsdk-go-azblob/v0.5.0 (go1.18.3; Windows_NT)
      X-Ms-Date:
      - Tue, 26 Jul 2022 08:21:29 GMT
      x-ms-version:
      - "2020-10-02"
    url: https://azureblobstoragecanada.blob.core.windows.net/goccontainerchangelease?restype=container
    method: DELETE
  response:
    body: ""
    headers:
      Content-Length:
      - "0"
      Date:
      - Tue, 26 Jul 2022 08:21:28 GMT
      Server:
      - Windows-Azure-Blob/1.0 Microsoft-HTTPAPI/2.0
      X-Ms-Request-Id:
      - 053bc21e-401e-0074-01c8-a0bb88000000
      X-Ms-Version:
      - "2020-10-02"
    status: 202 Accepted
    code: 202
    duration: ""
