---
version: 1
interactions:
- request:
    body: ""
    form: {}
    headers:
      Accept:
      - application/xml
      Authorization:
      - sanitized
      User-Agent:
      - azsdk-go-generated/<version> azsdk-go-generated/<version> azcore/v0.16.2 (go1.15;
        Windows_NT)
      X-Ms-Date:
      - Thu, 12 Aug 2021 17:58:00 GMT
      X-Ms-Version:
      - "2019-12-12"
    url: https://azureblobstoragecanada.blob.core.windows.net/goccreateanddownloadblobspecialcharacterswithvid?restype=container
    method: PUT
  response:
    body: ""
    headers:
      Content-Length:
      - "0"
      Date:
      - Thu, 12 Aug 2021 17:57:59 GMT
      Etag:
      - '"0x8D95DBAB8F1F9D3"'
      Last-Modified:
      - Thu, 12 Aug 2021 17:57:59 GMT
      Server:
      - Windows-Azure-Blob/1.0 Microsoft-HTTPAPI/2.0
      X-Ms-Request-Id:
      - f3a3c212-201e-0033-30a3-8f6f8c000000
      X-Ms-Version:
      - "2019-12-12"
    status: 201 Created
    code: 201
    duration: ""
- request:
    body: '-'
    form: {}
    headers:
      Accept:
      - application/xml
      Authorization:
      - sanitized
      Content-Length:
      - "1"
      Content-Type:
      - application/octet-stream
      User-Agent:
      - azsdk-go-generated/<version> azsdk-go-generated/<version> azcore/v0.16.2 (go1.15;
        Windows_NT)
      X-Ms-Blob-Type:
      - BlockBlob
      X-Ms-Date:
      - Thu, 12 Aug 2021 17:58:01 GMT
      X-Ms-Version:
      - "2019-12-12"
    url: https://azureblobstoragecanada.blob.core.windows.net/goccreateanddownloadblobspecialcharacterswithvid/abc-
    method: PUT
  response:
    body: ""
    headers:
      Content-Length:
      - "0"
      Content-Md5:
      - M21evFQ2U05h0W5j3fyjJw==
      Date:
      - Thu, 12 Aug 2021 17:57:59 GMT
      Etag:
      - '"0x8D95DBAB9228039"'
      Last-Modified:
      - Thu, 12 Aug 2021 17:58:00 GMT
      Server:
      - Windows-Azure-Blob/1.0 Microsoft-HTTPAPI/2.0
      X-Ms-Content-Crc64:
      - qZnwPj9XCzQ=
      X-Ms-Request-Id:
      - f3a3c285-201e-0033-0fa3-8f6f8c000000
      X-Ms-Request-Server-Encrypted:
      - "true"
      X-Ms-Version:
      - "2019-12-12"
      X-Ms-Version-Id:
      - "2021-08-12T17:58:00.0982073Z"
    status: 201 Created
    code: 201
    duration: ""
- request:
    body: ""
    form: {}
    headers:
      Accept:
      - application/xml
      Authorization:
      - sanitized
      User-Agent:
      - azsdk-go-generated/<version> azsdk-go-generated/<version> azcore/v0.16.2 (go1.15;
        Windows_NT)
      X-Ms-Date:
      - Thu, 12 Aug 2021 17:58:01 GMT
      X-Ms-Version:
      - "2019-12-12"
    url: https://azureblobstoragecanada.blob.core.windows.net/goccreateanddownloadblobspecialcharacterswithvid/abc-
    method: GET
  response:
    body: '-'
    headers:
      Accept-Ranges:
      - bytes
      Content-Length:
      - "1"
      Content-Md5:
      - M21evFQ2U05h0W5j3fyjJw==
      Content-Type:
      - application/octet-stream
      Date:
      - Thu, 12 Aug 2021 17:57:59 GMT
      Etag:
      - '"0x8D95DBAB9228039"'
      Last-Modified:
      - Thu, 12 Aug 2021 17:58:00 GMT
      Server:
      - Windows-Azure-Blob/1.0 Microsoft-HTTPAPI/2.0
      X-Ms-Blob-Type:
      - BlockBlob
      X-Ms-Creation-Time:
      - Thu, 12 Aug 2021 17:58:00 GMT
      X-Ms-Is-Current-Version:
      - "true"
      X-Ms-Lease-State:
      - available
      X-Ms-Lease-Status:
      - unlocked
      X-Ms-Request-Id:
      - f3a3c2cf-201e-0033-4da3-8f6f8c000000
      X-Ms-Server-Encrypted:
      - "true"
      X-Ms-Version:
      - "2019-12-12"
      X-Ms-Version-Id:
      - "2021-08-12T17:58:00.0982073Z"
    status: 200 OK
    code: 200
    duration: ""
- request:
    body: .
    form: {}
    headers:
      Accept:
      - application/xml
      Authorization:
      - sanitized
      Content-Length:
      - "1"
      Content-Type:
      - application/octet-stream
      User-Agent:
      - azsdk-go-generated/<version> azsdk-go-generated/<version> azcore/v0.16.2 (go1.15;
        Windows_NT)
      X-Ms-Blob-Type:
      - BlockBlob
      X-Ms-Date:
      - Thu, 12 Aug 2021 17:58:01 GMT
      X-Ms-Version:
      - "2019-12-12"
    url: https://azureblobstoragecanada.blob.core.windows.net/goccreateanddownloadblobspecialcharacterswithvid/abc.
    method: PUT
  response:
    body: ""
    headers:
      Content-Length:
      - "0"
      Content-Md5:
      - UFjxr4OIYz9gnK23WnXcnQ==
      Date:
      - Thu, 12 Aug 2021 17:58:00 GMT
      Etag:
      - '"0x8D95DBAB970FF29"'
      Last-Modified:
      - Thu, 12 Aug 2021 17:58:00 GMT
      Server:
      - Windows-Azure-Blob/1.0 Microsoft-HTTPAPI/2.0
      X-Ms-Content-Crc64:
      - IgKubmdGuLU=
      X-Ms-Request-Id:
      - f3a3c32e-201e-0033-17a3-8f6f8c000000
      X-Ms-Request-Server-Encrypted:
      - "true"
      X-Ms-Version:
      - "2019-12-12"
      X-Ms-Version-Id:
      - "2021-08-12T17:58:00.6126377Z"
    status: 201 Created
    code: 201
    duration: ""
- request:
    body: ""
    form: {}
    headers:
      Accept:
      - application/xml
      Authorization:
      - sanitized
      User-Agent:
      - azsdk-go-generated/<version> azsdk-go-generated/<version> azcore/v0.16.2 (go1.15;
        Windows_NT)
      X-Ms-Date:
      - Thu, 12 Aug 2021 17:58:02 GMT
      X-Ms-Version:
      - "2019-12-12"
    url: https://azureblobstoragecanada.blob.core.windows.net/goccreateanddownloadblobspecialcharacterswithvid/abc.
    method: GET
  response:
    body: .
    headers:
      Accept-Ranges:
      - bytes
      Content-Length:
      - "1"
      Content-Md5:
      - UFjxr4OIYz9gnK23WnXcnQ==
      Content-Type:
      - application/octet-stream
      Date:
      - Thu, 12 Aug 2021 17:58:00 GMT
      Etag:
      - '"0x8D95DBAB970FF29"'
      Last-Modified:
      - Thu, 12 Aug 2021 17:58:00 GMT
      Server:
      - Windows-Azure-Blob/1.0 Microsoft-HTTPAPI/2.0
      X-Ms-Blob-Type:
      - BlockBlob
      X-Ms-Creation-Time:
      - Thu, 12 Aug 2021 17:58:00 GMT
      X-Ms-Is-Current-Version:
      - "true"
      X-Ms-Lease-State:
      - available
      X-Ms-Lease-Status:
      - unlocked
      X-Ms-Request-Id:
      - f3a3c391-201e-0033-6da3-8f6f8c000000
      X-Ms-Server-Encrypted:
      - "true"
      X-Ms-Version:
      - "2019-12-12"
      X-Ms-Version-Id:
      - "2021-08-12T17:58:00.6126377Z"
    status: 200 OK
    code: 200
    duration: ""
- request:
    body: _
    form: {}
    headers:
      Accept:
      - application/xml
      Authorization:
      - sanitized
      Content-Length:
      - "1"
      Content-Type:
      - application/octet-stream
      User-Agent:
      - azsdk-go-generated/<version> azsdk-go-generated/<version> azcore/v0.16.2 (go1.15;
        Windows_NT)
      X-Ms-Blob-Type:
      - BlockBlob
      X-Ms-Date:
      - Thu, 12 Aug 2021 17:58:02 GMT
      X-Ms-Version:
      - "2019-12-12"
    url: https://azureblobstoragecanada.blob.core.windows.net/goccreateanddownloadblobspecialcharacterswithvid/abc_
    method: PUT
  response:
    body: ""
    headers:
      Content-Length:
      - "0"
      Content-Md5:
      - sUp7gFnZwFWVTJJnTOYAMg==
      Date:
      - Thu, 12 Aug 2021 17:58:00 GMT
      Etag:
      - '"0x8D95DBAB9C48841"'
      Last-Modified:
      - Thu, 12 Aug 2021 17:58:01 GMT
      Server:
      - Windows-Azure-Blob/1.0 Microsoft-HTTPAPI/2.0
      X-Ms-Content-Crc64:
      - txY3vV5trZQ=
      X-Ms-Request-Id:
      - f3a3c3fc-201e-0033-42a3-8f6f8c000000
      X-Ms-Request-Server-Encrypted:
      - "true"
      X-Ms-Version:
      - "2019-12-12"
      X-Ms-Version-Id:
      - "2021-08-12T17:58:01.1600961Z"
    status: 201 Created
    code: 201
    duration: ""
- request:
    body: ""
    form: {}
    headers:
      Accept:
      - application/xml
      Authorization:
      - sanitized
      User-Agent:
      - azsdk-go-generated/<version> azsdk-go-generated/<version> azcore/v0.16.2 (go1.15;
        Windows_NT)
      X-Ms-Date:
      - Thu, 12 Aug 2021 17:58:02 GMT
      X-Ms-Version:
      - "2019-12-12"
    url: https://azureblobstoragecanada.blob.core.windows.net/goccreateanddownloadblobspecialcharacterswithvid/abc_
    method: GET
  response:
    body: _
    headers:
      Accept-Ranges:
      - bytes
      Content-Length:
      - "1"
      Content-Md5:
      - sUp7gFnZwFWVTJJnTOYAMg==
      Content-Type:
      - application/octet-stream
      Date:
      - Thu, 12 Aug 2021 17:58:00 GMT
      Etag:
      - '"0x8D95DBAB9C48841"'
      Last-Modified:
      - Thu, 12 Aug 2021 17:58:01 GMT
      Server:
      - Windows-Azure-Blob/1.0 Microsoft-HTTPAPI/2.0
      X-Ms-Blob-Type:
      - BlockBlob
      X-Ms-Creation-Time:
      - Thu, 12 Aug 2021 17:58:01 GMT
      X-Ms-Is-Current-Version:
      - "true"
      X-Ms-Lease-State:
      - available
      X-Ms-Lease-Status:
      - unlocked
      X-Ms-Request-Id:
      - f3a3c470-201e-0033-20a3-8f6f8c000000
      X-Ms-Server-Encrypted:
      - "true"
      X-Ms-Version:
      - "2019-12-12"
      X-Ms-Version-Id:
      - "2021-08-12T17:58:01.1600961Z"
    status: 200 OK
    code: 200
    duration: ""
- request:
    body: /
    form: {}
    headers:
      Accept:
      - application/xml
      Authorization:
      - sanitized
      Content-Length:
      - "1"
      Content-Type:
      - application/octet-stream
      User-Agent:
      - azsdk-go-generated/<version> azsdk-go-generated/<version> azcore/v0.16.2 (go1.15;
        Windows_NT)
      X-Ms-Blob-Type:
      - BlockBlob
      X-Ms-Date:
      - Thu, 12 Aug 2021 17:58:02 GMT
      X-Ms-Version:
      - "2019-12-12"
    url: https://azureblobstoragecanada.blob.core.windows.net/goccreateanddownloadblobspecialcharacterswithvid/abc/
    method: PUT
  response:
    body: ""
    headers:
      Content-Length:
      - "0"
      Content-Md5:
      - ZmbNdvlpVkaee+OddQzH2Q==
      Date:
      - Thu, 12 Aug 2021 17:58:01 GMT
      Etag:
      - '"0x8D95DBABA1C7F1C"'
      Last-Modified:
      - Thu, 12 Aug 2021 17:58:01 GMT
      Server:
      - Windows-Azure-Blob/1.0 Microsoft-HTTPAPI/2.0
      X-Ms-Content-Crc64:
      - W4ubXq+21so=
      X-Ms-Request-Id:
      - f3a3c4e8-201e-0033-08a3-8f6f8c000000
      X-Ms-Request-Server-Encrypted:
      - "true"
      X-Ms-Version:
      - "2019-12-12"
      X-Ms-Version-Id:
      - "2021-08-12T17:58:01.7365788Z"
    status: 201 Created
    code: 201
    duration: ""
- request:
    body: ""
    form: {}
    headers:
      Accept:
      - application/xml
      Authorization:
      - sanitized
      User-Agent:
      - azsdk-go-generated/<version> azsdk-go-generated/<version> azcore/v0.16.2 (go1.15;
        Windows_NT)
      X-Ms-Date:
      - Thu, 12 Aug 2021 17:58:03 GMT
      X-Ms-Version:
      - "2019-12-12"
    url: https://azureblobstoragecanada.blob.core.windows.net/goccreateanddownloadblobspecialcharacterswithvid/abc/
    method: GET
  response:
    body: /
    headers:
      Accept-Ranges:
      - bytes
      Content-Length:
      - "1"
      Content-Md5:
      - ZmbNdvlpVkaee+OddQzH2Q==
      Content-Type:
      - application/octet-stream
      Date:
      - Thu, 12 Aug 2021 17:58:01 GMT
      Etag:
      - '"0x8D95DBABA1C7F1C"'
      Last-Modified:
      - Thu, 12 Aug 2021 17:58:01 GMT
      Server:
      - Windows-Azure-Blob/1.0 Microsoft-HTTPAPI/2.0
      X-Ms-Blob-Type:
      - BlockBlob
      X-Ms-Creation-Time:
      - Thu, 12 Aug 2021 17:58:01 GMT
      X-Ms-Is-Current-Version:
      - "true"
      X-Ms-Lease-State:
      - available
      X-Ms-Lease-Status:
      - unlocked
      X-Ms-Request-Id:
      - f3a3c562-201e-0033-6ea3-8f6f8c000000
      X-Ms-Server-Encrypted:
      - "true"
      X-Ms-Version:
      - "2019-12-12"
      X-Ms-Version-Id:
      - "2021-08-12T17:58:01.7365788Z"
    status: 200 OK
    code: 200
    duration: ""
- request:
    body: (
    form: {}
    headers:
      Accept:
      - application/xml
      Authorization:
      - sanitized
      Content-Length:
      - "1"
      Content-Type:
      - application/octet-stream
      User-Agent:
      - azsdk-go-generated/<version> azsdk-go-generated/<version> azcore/v0.16.2 (go1.15;
        Windows_NT)
      X-Ms-Blob-Type:
      - BlockBlob
      X-Ms-Date:
      - Thu, 12 Aug 2021 17:58:03 GMT
      X-Ms-Version:
      - "2019-12-12"
    url: https://azureblobstoragecanada.blob.core.windows.net/goccreateanddownloadblobspecialcharacterswithvid/abc%28
    method: PUT
  response:
    body: ""
    headers:
      Content-Length:
      - "0"
      Content-Md5:
      - hMQEc0FMry7Up7EoPki79A==
      Date:
      - Thu, 12 Aug 2021 17:58:01 GMT
      Etag:
      - '"0x8D95DBABA6A88CB"'
      Last-Modified:
      - Thu, 12 Aug 2021 17:58:02 GMT
      Server:
      - Windows-Azure-Blob/1.0 Microsoft-HTTPAPI/2.0
      X-Ms-Content-Crc64:
      - X6aEloRCB4I=
      X-Ms-Request-Id:
      - f3a3c5df-201e-0033-58a3-8f6f8c000000
      X-Ms-Request-Server-Encrypted:
      - "true"
      X-Ms-Version:
      - "2019-12-12"
      X-Ms-Version-Id:
      - "2021-08-12T17:58:02.2480075Z"
    status: 201 Created
    code: 201
    duration: ""
- request:
    body: ""
    form: {}
    headers:
      Accept:
      - application/xml
      Authorization:
      - sanitized
      User-Agent:
      - azsdk-go-generated/<version> azsdk-go-generated/<version> azcore/v0.16.2 (go1.15;
        Windows_NT)
      X-Ms-Date:
      - Thu, 12 Aug 2021 17:58:03 GMT
      X-Ms-Version:
      - "2019-12-12"
    url: https://azureblobstoragecanada.blob.core.windows.net/goccreateanddownloadblobspecialcharacterswithvid/abc%28
    method: GET
  response:
    body: (
    headers:
      Accept-Ranges:
      - bytes
      Content-Length:
      - "1"
      Content-Md5:
      - hMQEc0FMry7Up7EoPki79A==
      Content-Type:
      - application/octet-stream
      Date:
      - Thu, 12 Aug 2021 17:58:01 GMT
      Etag:
      - '"0x8D95DBABA6A88CB"'
      Last-Modified:
      - Thu, 12 Aug 2021 17:58:02 GMT
      Server:
      - Windows-Azure-Blob/1.0 Microsoft-HTTPAPI/2.0
      X-Ms-Blob-Type:
      - BlockBlob
      X-Ms-Creation-Time:
      - Thu, 12 Aug 2021 17:58:02 GMT
      X-Ms-Is-Current-Version:
      - "true"
      X-Ms-Lease-State:
      - available
      X-Ms-Lease-Status:
      - unlocked
      X-Ms-Request-Id:
      - f3a3c64e-201e-0033-3aa3-8f6f8c000000
      X-Ms-Server-Encrypted:
      - "true"
      X-Ms-Version:
      - "2019-12-12"
      X-Ms-Version-Id:
      - "2021-08-12T17:58:02.2480075Z"
    status: 200 OK
    code: 200
    duration: ""
- request:
    body: )
    form: {}
    headers:
      Accept:
      - application/xml
      Authorization:
      - sanitized
      Content-Length:
      - "1"
      Content-Type:
      - application/octet-stream
      User-Agent:
      - azsdk-go-generated/<version> azsdk-go-generated/<version> azcore/v0.16.2 (go1.15;
        Windows_NT)
      X-Ms-Blob-Type:
      - BlockBlob
      X-Ms-Date:
      - Thu, 12 Aug 2021 17:58:03 GMT
      X-Ms-Version:
      - "2019-12-12"
    url: https://azureblobstoragecanada.blob.core.windows.net/goccreateanddownloadblobspecialcharacterswithvid/abc%29
    method: PUT
  response:
    body: ""
    headers:
      Content-Length:
      - "0"
      Content-Md5:
      - k3HXouOuhqAKq0dx450lXQ==
      Date:
      - Thu, 12 Aug 2021 17:58:02 GMT
      Etag:
      - '"0x8D95DBABAB89276"'
      Last-Modified:
      - Thu, 12 Aug 2021 17:58:02 GMT
      Server:
      - Windows-Azure-Blob/1.0 Microsoft-HTTPAPI/2.0
      X-Ms-Content-Crc64:
      - Ji+xpkyyaf0=
      X-Ms-Request-Id:
      - f3a3c6d3-201e-0033-2fa3-8f6f8c000000
      X-Ms-Request-Server-Encrypted:
      - "true"
      X-Ms-Version:
      - "2019-12-12"
      X-Ms-Version-Id:
      - "2021-08-12T17:58:02.7594358Z"
    status: 201 Created
    code: 201
    duration: ""
- request:
    body: ""
    form: {}
    headers:
      Accept:
      - application/xml
      Authorization:
      - sanitized
      User-Agent:
      - azsdk-go-generated/<version> azsdk-go-generated/<version> azcore/v0.16.2 (go1.15;
        Windows_NT)
      X-Ms-Date:
      - Thu, 12 Aug 2021 17:58:04 GMT
      X-Ms-Version:
      - "2019-12-12"
    url: https://azureblobstoragecanada.blob.core.windows.net/goccreateanddownloadblobspecialcharacterswithvid/abc%29
    method: GET
  response:
    body: )
    headers:
      Accept-Ranges:
      - bytes
      Content-Length:
      - "1"
      Content-Md5:
      - k3HXouOuhqAKq0dx450lXQ==
      Content-Type:
      - application/octet-stream
      Date:
      - Thu, 12 Aug 2021 17:58:02 GMT
      Etag:
      - '"0x8D95DBABAB89276"'
      Last-Modified:
      - Thu, 12 Aug 2021 17:58:02 GMT
      Server:
      - Windows-Azure-Blob/1.0 Microsoft-HTTPAPI/2.0
      X-Ms-Blob-Type:
      - BlockBlob
      X-Ms-Creation-Time:
      - Thu, 12 Aug 2021 17:58:02 GMT
      X-Ms-Is-Current-Version:
      - "true"
      X-Ms-Lease-State:
      - available
      X-Ms-Lease-Status:
      - unlocked
      X-Ms-Request-Id:
      - f3a3c7a0-201e-0033-69a3-8f6f8c000000
      X-Ms-Server-Encrypted:
      - "true"
      X-Ms-Version:
      - "2019-12-12"
      X-Ms-Version-Id:
      - "2021-08-12T17:58:02.7594358Z"
    status: 200 OK
    code: 200
    duration: ""
- request:
    body: $
    form: {}
    headers:
      Accept:
      - application/xml
      Authorization:
      - sanitized
      Content-Length:
      - "1"
      Content-Type:
      - application/octet-stream
      User-Agent:
      - azsdk-go-generated/<version> azsdk-go-generated/<version> azcore/v0.16.2 (go1.15;
        Windows_NT)
      X-Ms-Blob-Type:
      - BlockBlob
      X-Ms-Date:
      - Thu, 12 Aug 2021 17:58:04 GMT
      X-Ms-Version:
      - "2019-12-12"
    url: https://azureblobstoragecanada.blob.core.windows.net/goccreateanddownloadblobspecialcharacterswithvid/abc$
    method: PUT
  response:
    body: ""
    headers:
      Content-Length:
      - "0"
      Content-Md5:
      - w+l91ul/tRJWiMl/NnIMvg==
      Date:
      - Thu, 12 Aug 2021 17:58:02 GMT
      Etag:
      - '"0x8D95DBABB16A521"'
      Last-Modified:
      - Thu, 12 Aug 2021 17:58:03 GMT
      Server:
      - Windows-Azure-Blob/1.0 Microsoft-HTTPAPI/2.0
      X-Ms-Content-Crc64:
      - pe7RZkNLee0=
      X-Ms-Request-Id:
      - f3a3c8a9-201e-0033-5aa3-8f6f8c000000
      X-Ms-Request-Server-Encrypted:
      - "true"
      X-Ms-Version:
      - "2019-12-12"
      X-Ms-Version-Id:
      - "2021-08-12T17:58:03.3759521Z"
    status: 201 Created
    code: 201
    duration: ""
- request:
    body: ""
    form: {}
    headers:
      Accept:
      - application/xml
      Authorization:
      - sanitized
      User-Agent:
      - azsdk-go-generated/<version> azsdk-go-generated/<version> azcore/v0.16.2 (go1.15;
        Windows_NT)
      X-Ms-Date:
      - Thu, 12 Aug 2021 17:58:04 GMT
      X-Ms-Version:
      - "2019-12-12"
    url: https://azureblobstoragecanada.blob.core.windows.net/goccreateanddownloadblobspecialcharacterswithvid/abc$
    method: GET
  response:
    body: $
    headers:
      Accept-Ranges:
      - bytes
      Content-Length:
      - "1"
      Content-Md5:
      - w+l91ul/tRJWiMl/NnIMvg==
      Content-Type:
      - application/octet-stream
      Date:
      - Thu, 12 Aug 2021 17:58:03 GMT
      Etag:
      - '"0x8D95DBABB16A521"'
      Last-Modified:
      - Thu, 12 Aug 2021 17:58:03 GMT
      Server:
      - Windows-Azure-Blob/1.0 Microsoft-HTTPAPI/2.0
      X-Ms-Blob-Type:
      - BlockBlob
      X-Ms-Creation-Time:
      - Thu, 12 Aug 2021 17:58:03 GMT
      X-Ms-Is-Current-Version:
      - "true"
      X-Ms-Lease-State:
      - available
      X-Ms-Lease-Status:
      - unlocked
      X-Ms-Request-Id:
      - f3a3c955-201e-0033-79a3-8f6f8c000000
      X-Ms-Server-Encrypted:
      - "true"
      X-Ms-Version:
      - "2019-12-12"
      X-Ms-Version-Id:
      - "2021-08-12T17:58:03.3759521Z"
    status: 200 OK
    code: 200
    duration: ""
- request:
    body: =
    form: {}
    headers:
      Accept:
      - application/xml
      Authorization:
      - sanitized
      Content-Length:
      - "1"
      Content-Type:
      - application/octet-stream
      User-Agent:
      - azsdk-go-generated/<version> azsdk-go-generated/<version> azcore/v0.16.2 (go1.15;
        Windows_NT)
      X-Ms-Blob-Type:
      - BlockBlob
      X-Ms-Date:
      - Thu, 12 Aug 2021 17:58:04 GMT
      X-Ms-Version:
      - "2019-12-12"
    url: https://azureblobstoragecanada.blob.core.windows.net/goccreateanddownloadblobspecialcharacterswithvid/abc=
    method: PUT
  response:
    body: ""
    headers:
      Content-Length:
      - "0"
      Content-Md5:
      - Q+w+Xe5ucGr3dm//6lEnIQ==
      Date:
      - Thu, 12 Aug 2021 17:58:03 GMT
      Etag:
      - '"0x8D95DBABB6487AA"'
      Last-Modified:
      - Thu, 12 Aug 2021 17:58:03 GMT
      Server:
      - Windows-Azure-Blob/1.0 Microsoft-HTTPAPI/2.0
      X-Ms-Content-Crc64:
      - KPZOtgSo60w=
      X-Ms-Request-Id:
      - f3a3ca03-201e-0033-18a3-8f6f8c000000
      X-Ms-Request-Server-Encrypted:
      - "true"
      X-Ms-Version:
      - "2019-12-12"
      X-Ms-Version-Id:
      - "2021-08-12T17:58:03.8873790Z"
    status: 201 Created
    code: 201
    duration: ""
- request:
    body: ""
    form: {}
    headers:
      Accept:
      - application/xml
      Authorization:
      - sanitized
      User-Agent:
      - azsdk-go-generated/<version> azsdk-go-generated/<version> azcore/v0.16.2 (go1.15;
        Windows_NT)
      X-Ms-Date:
      - Thu, 12 Aug 2021 17:58:05 GMT
      X-Ms-Version:
      - "2019-12-12"
    url: https://azureblobstoragecanada.blob.core.windows.net/goccreateanddownloadblobspecialcharacterswithvid/abc=
    method: GET
  response:
    body: =
    headers:
      Accept-Ranges:
      - bytes
      Content-Length:
      - "1"
      Content-Md5:
      - Q+w+Xe5ucGr3dm//6lEnIQ==
      Content-Type:
      - application/octet-stream
      Date:
      - Thu, 12 Aug 2021 17:58:03 GMT
      Etag:
      - '"0x8D95DBABB6487AA"'
      Last-Modified:
      - Thu, 12 Aug 2021 17:58:03 GMT
      Server:
      - Windows-Azure-Blob/1.0 Microsoft-HTTPAPI/2.0
      X-Ms-Blob-Type:
      - BlockBlob
      X-Ms-Creation-Time:
      - Thu, 12 Aug 2021 17:58:03 GMT
      X-Ms-Is-Current-Version:
      - "true"
      X-Ms-Lease-State:
      - available
      X-Ms-Lease-Status:
      - unlocked
      X-Ms-Request-Id:
      - f3a3ca85-201e-0033-11a3-8f6f8c000000
      X-Ms-Server-Encrypted:
      - "true"
      X-Ms-Version:
      - "2019-12-12"
      X-Ms-Version-Id:
      - "2021-08-12T17:58:03.8873790Z"
    status: 200 OK
    code: 200
    duration: ""
- request:
    body: ''''
    form: {}
    headers:
      Accept:
      - application/xml
      Authorization:
      - sanitized
      Content-Length:
      - "1"
      Content-Type:
      - application/octet-stream
      User-Agent:
      - azsdk-go-generated/<version> azsdk-go-generated/<version> azcore/v0.16.2 (go1.15;
        Windows_NT)
      X-Ms-Blob-Type:
      - BlockBlob
      X-Ms-Date:
      - Thu, 12 Aug 2021 17:58:05 GMT
      X-Ms-Version:
      - "2019-12-12"
    url: https://azureblobstoragecanada.blob.core.windows.net/goccreateanddownloadblobspecialcharacterswithvid/abc%27
    method: PUT
  response:
    body: ""
    headers:
      Content-Length:
      - "0"
      Content-Md5:
      - NZDLivC7ueeMNDtSuTdzyQ==
      Date:
      - Thu, 12 Aug 2021 17:58:03 GMT
      Etag:
      - '"0x8D95DBABBB2B876"'
      Last-Modified:
      - Thu, 12 Aug 2021 17:58:04 GMT
      Server:
      - Windows-Azure-Blob/1.0 Microsoft-HTTPAPI/2.0
      X-Ms-Content-Crc64:
      - LnWPNhtaymw=
      X-Ms-Request-Id:
      - f3a3cafa-201e-0033-76a3-8f6f8c000000
      X-Ms-Request-Server-Encrypted:
      - "true"
      X-Ms-Version:
      - "2019-12-12"
      X-Ms-Version-Id:
      - "2021-08-12T17:58:04.3998090Z"
    status: 201 Created
    code: 201
    duration: ""
- request:
    body: ""
    form: {}
    headers:
      Accept:
      - application/xml
      Authorization:
      - sanitized
      User-Agent:
      - azsdk-go-generated/<version> azsdk-go-generated/<version> azcore/v0.16.2 (go1.15;
        Windows_NT)
      X-Ms-Date:
      - Thu, 12 Aug 2021 17:58:05 GMT
      X-Ms-Version:
      - "2019-12-12"
    url: https://azureblobstoragecanada.blob.core.windows.net/goccreateanddownloadblobspecialcharacterswithvid/abc%27
    method: GET
  response:
    body: ''''
    headers:
      Accept-Ranges:
      - bytes
      Content-Length:
      - "1"
      Content-Md5:
      - NZDLivC7ueeMNDtSuTdzyQ==
      Content-Type:
      - application/octet-stream
      Date:
      - Thu, 12 Aug 2021 17:58:04 GMT
      Etag:
      - '"0x8D95DBABBB2B876"'
      Last-Modified:
      - Thu, 12 Aug 2021 17:58:04 GMT
      Server:
      - Windows-Azure-Blob/1.0 Microsoft-HTTPAPI/2.0
      X-Ms-Blob-Type:
      - BlockBlob
      X-Ms-Creation-Time:
      - Thu, 12 Aug 2021 17:58:04 GMT
      X-Ms-Is-Current-Version:
      - "true"
      X-Ms-Lease-State:
      - available
      X-Ms-Lease-Status:
      - unlocked
      X-Ms-Request-Id:
      - f3a3cb57-201e-0033-4da3-8f6f8c000000
      X-Ms-Server-Encrypted:
      - "true"
      X-Ms-Version:
      - "2019-12-12"
      X-Ms-Version-Id:
      - "2021-08-12T17:58:04.3998090Z"
    status: 200 OK
    code: 200
    duration: ""
- request:
    body: ','
    form: {}
    headers:
      Accept:
      - application/xml
      Authorization:
      - sanitized
      Content-Length:
      - "1"
      Content-Type:
      - application/octet-stream
      User-Agent:
      - azsdk-go-generated/<version> azsdk-go-generated/<version> azcore/v0.16.2 (go1.15;
        Windows_NT)
      X-Ms-Blob-Type:
      - BlockBlob
      X-Ms-Date:
      - Thu, 12 Aug 2021 17:58:05 GMT
      X-Ms-Version:
      - "2019-12-12"
    url: https://azureblobstoragecanada.blob.core.windows.net/goccreateanddownloadblobspecialcharacterswithvid/abc,
    method: PUT
  response:
    body: ""
    headers:
      Content-Length:
      - "0"
      Content-Md5:
      - wMtfD88jmrPZwfzTH/8e/A==
      Date:
      - Thu, 12 Aug 2021 17:58:04 GMT
      Etag:
      - '"0x8D95DBABBFC5462"'
      Last-Modified:
      - Thu, 12 Aug 2021 17:58:04 GMT
      Server:
      - Windows-Azure-Blob/1.0 Microsoft-HTTPAPI/2.0
      X-Ms-Content-Crc64:
      - 0BDFDvenZUs=
      X-Ms-Request-Id:
      - f3a3cbca-201e-0033-2ca3-8f6f8c000000
      X-Ms-Request-Server-Encrypted:
      - "true"
      X-Ms-Version:
      - "2019-12-12"
      X-Ms-Version-Id:
      - "2021-08-12T17:58:04.8812130Z"
    status: 201 Created
    code: 201
    duration: ""
- request:
    body: ""
    form: {}
    headers:
      Accept:
      - application/xml
      Authorization:
      - sanitized
      User-Agent:
      - azsdk-go-generated/<version> azsdk-go-generated/<version> azcore/v0.16.2 (go1.15;
        Windows_NT)
      X-Ms-Date:
      - Thu, 12 Aug 2021 17:58:06 GMT
      X-Ms-Version:
      - "2019-12-12"
    url: https://azureblobstoragecanada.blob.core.windows.net/goccreateanddownloadblobspecialcharacterswithvid/abc,
    method: GET
  response:
    body: ','
    headers:
      Accept-Ranges:
      - bytes
      Content-Length:
      - "1"
      Content-Md5:
      - wMtfD88jmrPZwfzTH/8e/A==
      Content-Type:
      - application/octet-stream
      Date:
      - Thu, 12 Aug 2021 17:58:04 GMT
      Etag:
      - '"0x8D95DBABBFC5462"'
      Last-Modified:
      - Thu, 12 Aug 2021 17:58:04 GMT
      Server:
      - Windows-Azure-Blob/1.0 Microsoft-HTTPAPI/2.0
      X-Ms-Blob-Type:
      - BlockBlob
      X-Ms-Creation-Time:
      - Thu, 12 Aug 2021 17:58:04 GMT
      X-Ms-Is-Current-Version:
      - "true"
      X-Ms-Lease-State:
      - available
      X-Ms-Lease-Status:
      - unlocked
      X-Ms-Request-Id:
      - f3a3cc6f-201e-0033-32a3-8f6f8c000000
      X-Ms-Server-Encrypted:
      - "true"
      X-Ms-Version:
      - "2019-12-12"
      X-Ms-Version-Id:
      - "2021-08-12T17:58:04.8812130Z"
    status: 200 OK
    code: 200
    duration: ""
- request:
    body: "~"
    form: {}
    headers:
      Accept:
      - application/xml
      Authorization:
      - sanitized
      Content-Length:
      - "1"
      Content-Type:
      - application/octet-stream
      User-Agent:
      - azsdk-go-generated/<version> azsdk-go-generated/<version> azcore/v0.16.2 (go1.15;
        Windows_NT)
      X-Ms-Blob-Type:
      - BlockBlob
      X-Ms-Date:
      - Thu, 12 Aug 2021 17:58:06 GMT
      X-Ms-Version:
      - "2019-12-12"
    url: https://azureblobstoragecanada.blob.core.windows.net/goccreateanddownloadblobspecialcharacterswithvid/abc~
    method: PUT
  response:
    body: ""
    headers:
      Content-Length:
      - "0"
      Content-Md5:
      - THYfFw4BaDb/hEmCArmYJw==
      Date:
      - Thu, 12 Aug 2021 17:58:04 GMT
      Etag:
      - '"0x8D95DBABC54E77E"'
      Last-Modified:
      - Thu, 12 Aug 2021 17:58:05 GMT
      Server:
      - Windows-Azure-Blob/1.0 Microsoft-HTTPAPI/2.0
      X-Ms-Content-Crc64:
      - zEB+nOFjAho=
      X-Ms-Request-Id:
      - f3a3ccd0-201e-0033-0ba3-8f6f8c000000
      X-Ms-Request-Server-Encrypted:
      - "true"
      X-Ms-Version:
      - "2019-12-12"
      X-Ms-Version-Id:
      - "2021-08-12T17:58:05.4616958Z"
    status: 201 Created
    code: 201
    duration: ""
- request:
    body: ""
    form: {}
    headers:
      Accept:
      - application/xml
      Authorization:
      - sanitized
      User-Agent:
      - azsdk-go-generated/<version> azsdk-go-generated/<version> azcore/v0.16.2 (go1.15;
        Windows_NT)
      X-Ms-Date:
      - Thu, 12 Aug 2021 17:58:06 GMT
      X-Ms-Version:
      - "2019-12-12"
    url: https://azureblobstoragecanada.blob.core.windows.net/goccreateanddownloadblobspecialcharacterswithvid/abc~
    method: GET
  response:
    body: "~"
    headers:
      Accept-Ranges:
      - bytes
      Content-Length:
      - "1"
      Content-Md5:
      - THYfFw4BaDb/hEmCArmYJw==
      Content-Type:
      - application/octet-stream
      Date:
      - Thu, 12 Aug 2021 17:58:05 GMT
      Etag:
      - '"0x8D95DBABC54E77E"'
      Last-Modified:
      - Thu, 12 Aug 2021 17:58:05 GMT
      Server:
      - Windows-Azure-Blob/1.0 Microsoft-HTTPAPI/2.0
      X-Ms-Blob-Type:
      - BlockBlob
      X-Ms-Creation-Time:
      - Thu, 12 Aug 2021 17:58:05 GMT
      X-Ms-Is-Current-Version:
      - "true"
      X-Ms-Lease-State:
      - available
      X-Ms-Lease-Status:
      - unlocked
      X-Ms-Request-Id:
      - f3a3cd38-201e-0033-69a3-8f6f8c000000
      X-Ms-Server-Encrypted:
      - "true"
      X-Ms-Version:
      - "2019-12-12"
      X-Ms-Version-Id:
      - "2021-08-12T17:58:05.4616958Z"
    status: 200 OK
    code: 200
    duration: ""
- request:
    body: "0"
    form: {}
    headers:
      Accept:
      - application/xml
      Authorization:
      - sanitized
      Content-Length:
      - "1"
      Content-Type:
      - application/octet-stream
      User-Agent:
      - azsdk-go-generated/<version> azsdk-go-generated/<version> azcore/v0.16.2 (go1.15;
        Windows_NT)
      X-Ms-Blob-Type:
      - BlockBlob
      X-Ms-Date:
      - Thu, 12 Aug 2021 17:58:07 GMT
      X-Ms-Version:
      - "2019-12-12"
    url: https://azureblobstoragecanada.blob.core.windows.net/goccreateanddownloadblobspecialcharacterswithvid/abc0
    method: PUT
  response:
    body: ""
    headers:
      Content-Length:
      - "0"
      Content-Md5:
      - z80ghJXVZe9m59/5+Ydk2g==
      Date:
      - Thu, 12 Aug 2021 17:58:05 GMT
      Etag:
      - '"0x8D95DBABCACB71B"'
      Last-Modified:
      - Thu, 12 Aug 2021 17:58:06 GMT
      Server:
      - Windows-Azure-Blob/1.0 Microsoft-HTTPAPI/2.0
      X-Ms-Content-Crc64:
      - qzcudgtR+1w=
      X-Ms-Request-Id:
      - f3a3cdce-201e-0033-6ca3-8f6f8c000000
      X-Ms-Request-Server-Encrypted:
      - "true"
      X-Ms-Version:
      - "2019-12-12"
      X-Ms-Version-Id:
      - "2021-08-12T17:58:06.0371739Z"
    status: 201 Created
    code: 201
    duration: ""
- request:
    body: ""
    form: {}
    headers:
      Accept:
      - application/xml
      Authorization:
      - sanitized
      User-Agent:
      - azsdk-go-generated/<version> azsdk-go-generated/<version> azcore/v0.16.2 (go1.15;
        Windows_NT)
      X-Ms-Date:
      - Thu, 12 Aug 2021 17:58:07 GMT
      X-Ms-Version:
      - "2019-12-12"
    url: https://azureblobstoragecanada.blob.core.windows.net/goccreateanddownloadblobspecialcharacterswithvid/abc0
    method: GET
  response:
    body: "0"
    headers:
      Accept-Ranges:
      - bytes
      Content-Length:
      - "1"
      Content-Md5:
      - z80ghJXVZe9m59/5+Ydk2g==
      Content-Type:
      - application/octet-stream
      Date:
      - Thu, 12 Aug 2021 17:58:05 GMT
      Etag:
      - '"0x8D95DBABCACB71B"'
      Last-Modified:
      - Thu, 12 Aug 2021 17:58:06 GMT
      Server:
      - Windows-Azure-Blob/1.0 Microsoft-HTTPAPI/2.0
      X-Ms-Blob-Type:
      - BlockBlob
      X-Ms-Creation-Time:
      - Thu, 12 Aug 2021 17:58:06 GMT
      X-Ms-Is-Current-Version:
      - "true"
      X-Ms-Lease-State:
      - available
      X-Ms-Lease-Status:
      - unlocked
      X-Ms-Request-Id:
      - f3a3ce44-201e-0033-52a3-8f6f8c000000
      X-Ms-Server-Encrypted:
      - "true"
      X-Ms-Version:
      - "2019-12-12"
      X-Ms-Version-Id:
      - "2021-08-12T17:58:06.0371739Z"
    status: 200 OK
    code: 200
    duration: ""
- request:
    body: "1"
    form: {}
    headers:
      Accept:
      - application/xml
      Authorization:
      - sanitized
      Content-Length:
      - "1"
      Content-Type:
      - application/octet-stream
      User-Agent:
      - azsdk-go-generated/<version> azsdk-go-generated/<version> azcore/v0.16.2 (go1.15;
        Windows_NT)
      X-Ms-Blob-Type:
      - BlockBlob
      X-Ms-Date:
      - Thu, 12 Aug 2021 17:58:07 GMT
      X-Ms-Version:
      - "2019-12-12"
    url: https://azureblobstoragecanada.blob.core.windows.net/goccreateanddownloadblobspecialcharacterswithvid/abc1
    method: PUT
  response:
    body: ""
    headers:
      Content-Length:
      - "0"
      Content-Md5:
      - xMpCOKC5I4INzFCab3WEmw==
      Date:
      - Thu, 12 Aug 2021 17:58:06 GMT
      Etag:
      - '"0x8D95DBABD0A7B93"'
      Last-Modified:
      - Thu, 12 Aug 2021 17:58:06 GMT
      Server:
      - Windows-Azure-Blob/1.0 Microsoft-HTTPAPI/2.0
      X-Ms-Content-Crc64:
      - 0r4bRsOhlSM=
      X-Ms-Request-Id:
      - f3a3cec8-201e-0033-38a3-8f6f8c000000
      X-Ms-Request-Server-Encrypted:
      - "true"
      X-Ms-Version:
      - "2019-12-12"
      X-Ms-Version-Id:
      - "2021-08-12T17:58:06.6516883Z"
    status: 201 Created
    code: 201
    duration: ""
- request:
    body: ""
    form: {}
    headers:
      Accept:
      - application/xml
      Authorization:
      - sanitized
      User-Agent:
      - azsdk-go-generated/<version> azsdk-go-generated/<version> azcore/v0.16.2 (go1.15;
        Windows_NT)
      X-Ms-Date:
      - Thu, 12 Aug 2021 17:58:08 GMT
      X-Ms-Version:
      - "2019-12-12"
    url: https://azureblobstoragecanada.blob.core.windows.net/goccreateanddownloadblobspecialcharacterswithvid/abc1
    method: GET
  response:
    body: "1"
    headers:
      Accept-Ranges:
      - bytes
      Content-Length:
      - "1"
      Content-Md5:
      - xMpCOKC5I4INzFCab3WEmw==
      Content-Type:
      - application/octet-stream
      Date:
      - Thu, 12 Aug 2021 17:58:06 GMT
      Etag:
      - '"0x8D95DBABD0A7B93"'
      Last-Modified:
      - Thu, 12 Aug 2021 17:58:06 GMT
      Server:
      - Windows-Azure-Blob/1.0 Microsoft-HTTPAPI/2.0
      X-Ms-Blob-Type:
      - BlockBlob
      X-Ms-Creation-Time:
      - Thu, 12 Aug 2021 17:58:06 GMT
      X-Ms-Is-Current-Version:
      - "true"
      X-Ms-Lease-State:
      - available
      X-Ms-Lease-Status:
      - unlocked
      X-Ms-Request-Id:
      - f3a3cf60-201e-0033-41a3-8f6f8c000000
      X-Ms-Server-Encrypted:
      - "true"
      X-Ms-Version:
      - "2019-12-12"
      X-Ms-Version-Id:
      - "2021-08-12T17:58:06.6516883Z"
    status: 200 OK
    code: 200
    duration: ""
- request:
    body: "2"
    form: {}
    headers:
      Accept:
      - application/xml
      Authorization:
      - sanitized
      Content-Length:
      - "1"
      Content-Type:
      - application/octet-stream
      User-Agent:
      - azsdk-go-generated/<version> azsdk-go-generated/<version> azcore/v0.16.2 (go1.15;
        Windows_NT)
      X-Ms-Blob-Type:
      - BlockBlob
      X-Ms-Date:
      - Thu, 12 Aug 2021 17:58:08 GMT
      X-Ms-Version:
      - "2019-12-12"
    url: https://azureblobstoragecanada.blob.core.windows.net/goccreateanddownloadblobspecialcharacterswithvid/abc2
    method: PUT
  response:
    body: ""
    headers:
      Content-Length:
      - "0"
      Content-Md5:
      - yB5yjZ1ML2NvBn+JzBSGLA==
      Date:
      - Thu, 12 Aug 2021 17:58:06 GMT
      Etag:
      - '"0x8D95DBABD6818F9"'
      Last-Modified:
      - Thu, 12 Aug 2021 17:58:07 GMT
      Server:
      - Windows-Azure-Blob/1.0 Microsoft-HTTPAPI/2.0
      X-Ms-Content-Crc64:
      - WSVFFpuwJqI=
      X-Ms-Request-Id:
      - f3a3cfd1-201e-0033-25a3-8f6f8c000000
      X-Ms-Request-Server-Encrypted:
      - "true"
      X-Ms-Version:
      - "2019-12-12"
      X-Ms-Version-Id:
      - "2021-08-12T17:58:07.2652025Z"
    status: 201 Created
    code: 201
    duration: ""
- request:
    body: ""
    form: {}
    headers:
      Accept:
      - application/xml
      Authorization:
      - sanitized
      User-Agent:
      - azsdk-go-generated/<version> azsdk-go-generated/<version> azcore/v0.16.2 (go1.15;
        Windows_NT)
      X-Ms-Date:
      - Thu, 12 Aug 2021 17:58:08 GMT
      X-Ms-Version:
      - "2019-12-12"
    url: https://azureblobstoragecanada.blob.core.windows.net/goccreateanddownloadblobspecialcharacterswithvid/abc2
    method: GET
  response:
    body: "2"
    headers:
      Accept-Ranges:
      - bytes
      Content-Length:
      - "1"
      Content-Md5:
      - yB5yjZ1ML2NvBn+JzBSGLA==
      Content-Type:
      - application/octet-stream
      Date:
      - Thu, 12 Aug 2021 17:58:07 GMT
      Etag:
      - '"0x8D95DBABD6818F9"'
      Last-Modified:
      - Thu, 12 Aug 2021 17:58:07 GMT
      Server:
      - Windows-Azure-Blob/1.0 Microsoft-HTTPAPI/2.0
      X-Ms-Blob-Type:
      - BlockBlob
      X-Ms-Creation-Time:
      - Thu, 12 Aug 2021 17:58:07 GMT
      X-Ms-Is-Current-Version:
      - "true"
      X-Ms-Lease-State:
      - available
      X-Ms-Lease-Status:
      - unlocked
      X-Ms-Request-Id:
      - f3a3d043-201e-0033-07a3-8f6f8c000000
      X-Ms-Server-Encrypted:
      - "true"
      X-Ms-Version:
      - "2019-12-12"
      X-Ms-Version-Id:
      - "2021-08-12T17:58:07.2652025Z"
    status: 200 OK
    code: 200
    duration: ""
- request:
    body: "3"
    form: {}
    headers:
      Accept:
      - application/xml
      Authorization:
      - sanitized
      Content-Length:
      - "1"
      Content-Type:
      - application/octet-stream
      User-Agent:
      - azsdk-go-generated/<version> azsdk-go-generated/<version> azcore/v0.16.2 (go1.15;
        Windows_NT)
      X-Ms-Blob-Type:
      - BlockBlob
      X-Ms-Date:
      - Thu, 12 Aug 2021 17:58:08 GMT
      X-Ms-Version:
      - "2019-12-12"
    url: https://azureblobstoragecanada.blob.core.windows.net/goccreateanddownloadblobspecialcharacterswithvid/abc3
    method: PUT
  response:
    body: ""
    headers:
      Content-Length:
      - "0"
      Content-Md5:
      - 7MvIfktc4v4oMI/Z8qe68w==
      Date:
      - Thu, 12 Aug 2021 17:58:07 GMT
      Etag:
      - '"0x8D95DBABDC6048F"'
      Last-Modified:
      - Thu, 12 Aug 2021 17:58:07 GMT
      Server:
      - Windows-Azure-Blob/1.0 Microsoft-HTTPAPI/2.0
      X-Ms-Content-Crc64:
      - IKxwJlNASN0=
      X-Ms-Request-Id:
      - f3a3d0d9-201e-0033-07a3-8f6f8c000000
      X-Ms-Request-Server-Encrypted:
      - "true"
      X-Ms-Version:
      - "2019-12-12"
      X-Ms-Version-Id:
      - "2021-08-12T17:58:07.8807183Z"
    status: 201 Created
    code: 201
    duration: ""
- request:
    body: ""
    form: {}
    headers:
      Accept:
      - application/xml
      Authorization:
      - sanitized
      User-Agent:
      - azsdk-go-generated/<version> azsdk-go-generated/<version> azcore/v0.16.2 (go1.15;
        Windows_NT)
      X-Ms-Date:
      - Thu, 12 Aug 2021 17:58:09 GMT
      X-Ms-Version:
      - "2019-12-12"
    url: https://azureblobstoragecanada.blob.core.windows.net/goccreateanddownloadblobspecialcharacterswithvid/abc3
    method: GET
  response:
    body: "3"
    headers:
      Accept-Ranges:
      - bytes
      Content-Length:
      - "1"
      Content-Md5:
      - 7MvIfktc4v4oMI/Z8qe68w==
      Content-Type:
      - application/octet-stream
      Date:
      - Thu, 12 Aug 2021 17:58:07 GMT
      Etag:
      - '"0x8D95DBABDC6048F"'
      Last-Modified:
      - Thu, 12 Aug 2021 17:58:07 GMT
      Server:
      - Windows-Azure-Blob/1.0 Microsoft-HTTPAPI/2.0
      X-Ms-Blob-Type:
      - BlockBlob
      X-Ms-Creation-Time:
      - Thu, 12 Aug 2021 17:58:07 GMT
      X-Ms-Is-Current-Version:
      - "true"
      X-Ms-Lease-State:
      - available
      X-Ms-Lease-Status:
      - unlocked
      X-Ms-Request-Id:
      - f3a3d14b-201e-0033-6da3-8f6f8c000000
      X-Ms-Server-Encrypted:
      - "true"
      X-Ms-Version:
      - "2019-12-12"
      X-Ms-Version-Id:
      - "2021-08-12T17:58:07.8807183Z"
    status: 200 OK
    code: 200
    duration: ""
- request:
    body: "4"
    form: {}
    headers:
      Accept:
      - application/xml
      Authorization:
      - sanitized
      Content-Length:
      - "1"
      Content-Type:
      - application/octet-stream
      User-Agent:
      - azsdk-go-generated/<version> azsdk-go-generated/<version> azcore/v0.16.2 (go1.15;
        Windows_NT)
      X-Ms-Blob-Type:
      - BlockBlob
      X-Ms-Date:
      - Thu, 12 Aug 2021 17:58:09 GMT
      X-Ms-Version:
      - "2019-12-12"
    url: https://azureblobstoragecanada.blob.core.windows.net/goccreateanddownloadblobspecialcharacterswithvid/abc4
    method: PUT
  response:
    body: ""
    headers:
      Content-Length:
      - "0"
      Content-Md5:
      - qH/2eaLz5x2RgaZ7dUISLA==
      Date:
      - Thu, 12 Aug 2021 17:58:07 GMT
      Etag:
      - '"0x8D95DBABE1A7831"'
      Last-Modified:
      - Thu, 12 Aug 2021 17:58:08 GMT
      Server:
      - Windows-Azure-Blob/1.0 Microsoft-HTTPAPI/2.0
      X-Ms-Content-Crc64:
      - JIFv7ni0mZU=
      X-Ms-Request-Id:
      - f3a3d1b2-201e-0033-46a3-8f6f8c000000
      X-Ms-Request-Server-Encrypted:
      - "true"
      X-Ms-Version:
      - "2019-12-12"
      X-Ms-Version-Id:
      - "2021-08-12T17:58:08.4341809Z"
    status: 201 Created
    code: 201
    duration: ""
- request:
    body: ""
    form: {}
    headers:
      Accept:
      - application/xml
      Authorization:
      - sanitized
      User-Agent:
      - azsdk-go-generated/<version> azsdk-go-generated/<version> azcore/v0.16.2 (go1.15;
        Windows_NT)
      X-Ms-Date:
      - Thu, 12 Aug 2021 17:58:09 GMT
      X-Ms-Version:
      - "2019-12-12"
    url: https://azureblobstoragecanada.blob.core.windows.net/goccreateanddownloadblobspecialcharacterswithvid/abc4
    method: GET
  response:
    body: "4"
    headers:
      Accept-Ranges:
      - bytes
      Content-Length:
      - "1"
      Content-Md5:
      - qH/2eaLz5x2RgaZ7dUISLA==
      Content-Type:
      - application/octet-stream
      Date:
      - Thu, 12 Aug 2021 17:58:08 GMT
      Etag:
      - '"0x8D95DBABE1A7831"'
      Last-Modified:
      - Thu, 12 Aug 2021 17:58:08 GMT
      Server:
      - Windows-Azure-Blob/1.0 Microsoft-HTTPAPI/2.0
      X-Ms-Blob-Type:
      - BlockBlob
      X-Ms-Creation-Time:
      - Thu, 12 Aug 2021 17:58:08 GMT
      X-Ms-Is-Current-Version:
      - "true"
      X-Ms-Lease-State:
      - available
      X-Ms-Lease-Status:
      - unlocked
      X-Ms-Request-Id:
      - f3a3d253-201e-0033-55a3-8f6f8c000000
      X-Ms-Server-Encrypted:
      - "true"
      X-Ms-Version:
      - "2019-12-12"
      X-Ms-Version-Id:
      - "2021-08-12T17:58:08.4341809Z"
    status: 200 OK
    code: 200
    duration: ""
- request:
    body: "5"
    form: {}
    headers:
      Accept:
      - application/xml
      Authorization:
      - sanitized
      Content-Length:
      - "1"
      Content-Type:
      - application/octet-stream
      User-Agent:
      - azsdk-go-generated/<version> azsdk-go-generated/<version> azcore/v0.16.2 (go1.15;
        Windows_NT)
      X-Ms-Blob-Type:
      - BlockBlob
      X-Ms-Date:
      - Thu, 12 Aug 2021 17:58:10 GMT
      X-Ms-Version:
      - "2019-12-12"
    url: https://azureblobstoragecanada.blob.core.windows.net/goccreateanddownloadblobspecialcharacterswithvid/abc5
    method: PUT
  response:
    body: ""
    headers:
      Content-Length:
      - "0"
      Content-Md5:
      - 5No7f7vOI0XXdysGdKMY1Q==
      Date:
      - Thu, 12 Aug 2021 17:58:08 GMT
      Etag:
      - '"0x8D95DBABE643B36"'
      Last-Modified:
      - Thu, 12 Aug 2021 17:58:08 GMT
      Server:
      - Windows-Azure-Blob/1.0 Microsoft-HTTPAPI/2.0
      X-Ms-Content-Crc64:
      - XQha3rBE9+o=
      X-Ms-Request-Id:
      - f3a3d307-201e-0033-76a3-8f6f8c000000
      X-Ms-Request-Server-Encrypted:
      - "true"
      X-Ms-Version:
      - "2019-12-12"
      X-Ms-Version-Id:
      - "2021-08-12T17:58:08.9175862Z"
    status: 201 Created
    code: 201
    duration: ""
- request:
    body: ""
    form: {}
    headers:
      Accept:
      - application/xml
      Authorization:
      - sanitized
      User-Agent:
      - azsdk-go-generated/<version> azsdk-go-generated/<version> azcore/v0.16.2 (go1.15;
        Windows_NT)
      X-Ms-Date:
      - Thu, 12 Aug 2021 17:58:10 GMT
      X-Ms-Version:
      - "2019-12-12"
    url: https://azureblobstoragecanada.blob.core.windows.net/goccreateanddownloadblobspecialcharacterswithvid/abc5
    method: GET
  response:
    body: "5"
    headers:
      Accept-Ranges:
      - bytes
      Content-Length:
      - "1"
      Content-Md5:
      - 5No7f7vOI0XXdysGdKMY1Q==
      Content-Type:
      - application/octet-stream
      Date:
      - Thu, 12 Aug 2021 17:58:08 GMT
      Etag:
      - '"0x8D95DBABE643B36"'
      Last-Modified:
      - Thu, 12 Aug 2021 17:58:08 GMT
      Server:
      - Windows-Azure-Blob/1.0 Microsoft-HTTPAPI/2.0
      X-Ms-Blob-Type:
      - BlockBlob
      X-Ms-Creation-Time:
      - Thu, 12 Aug 2021 17:58:08 GMT
      X-Ms-Is-Current-Version:
      - "true"
      X-Ms-Lease-State:
      - available
      X-Ms-Lease-Status:
      - unlocked
      X-Ms-Request-Id:
      - f3a3d3bf-201e-0033-1da3-8f6f8c000000
      X-Ms-Server-Encrypted:
      - "true"
      X-Ms-Version:
      - "2019-12-12"
      X-Ms-Version-Id:
      - "2021-08-12T17:58:08.9175862Z"
    status: 200 OK
    code: 200
    duration: ""
- request:
    body: "6"
    form: {}
    headers:
      Accept:
      - application/xml
      Authorization:
      - sanitized
      Content-Length:
      - "1"
      Content-Type:
      - application/octet-stream
      User-Agent:
      - azsdk-go-generated/<version> azsdk-go-generated/<version> azcore/v0.16.2 (go1.15;
        Windows_NT)
      X-Ms-Blob-Type:
      - BlockBlob
      X-Ms-Date:
      - Thu, 12 Aug 2021 17:58:10 GMT
      X-Ms-Version:
      - "2019-12-12"
    url: https://azureblobstoragecanada.blob.core.windows.net/goccreateanddownloadblobspecialcharacterswithvid/abc6
    method: PUT
  response:
    body: ""
    headers:
      Content-Length:
      - "0"
      Content-Md5:
      - FnkJHFqID69vteYIfrGy3A==
      Date:
      - Thu, 12 Aug 2021 17:58:08 GMT
      Etag:
      - '"0x8D95DBABEB096DD"'
      Last-Modified:
      - Thu, 12 Aug 2021 17:58:09 GMT
      Server:
      - Windows-Azure-Blob/1.0 Microsoft-HTTPAPI/2.0
      X-Ms-Content-Crc64:
      - 1pMEjuhVRGs=
      X-Ms-Request-Id:
      - f3a3d482-201e-0033-53a3-8f6f8c000000
      X-Ms-Request-Server-Encrypted:
      - "true"
      X-Ms-Version:
      - "2019-12-12"
      X-Ms-Version-Id:
      - "2021-08-12T17:58:09.4180061Z"
    status: 201 Created
    code: 201
    duration: ""
- request:
    body: ""
    form: {}
    headers:
      Accept:
      - application/xml
      Authorization:
      - sanitized
      User-Agent:
      - azsdk-go-generated/<version> azsdk-go-generated/<version> azcore/v0.16.2 (go1.15;
        Windows_NT)
      X-Ms-Date:
      - Thu, 12 Aug 2021 17:58:10 GMT
      X-Ms-Version:
      - "2019-12-12"
    url: https://azureblobstoragecanada.blob.core.windows.net/goccreateanddownloadblobspecialcharacterswithvid/abc6
    method: GET
  response:
    body: "6"
    headers:
      Accept-Ranges:
      - bytes
      Content-Length:
      - "1"
      Content-Md5:
      - FnkJHFqID69vteYIfrGy3A==
      Content-Type:
      - application/octet-stream
      Date:
      - Thu, 12 Aug 2021 17:58:09 GMT
      Etag:
      - '"0x8D95DBABEB096DD"'
      Last-Modified:
      - Thu, 12 Aug 2021 17:58:09 GMT
      Server:
      - Windows-Azure-Blob/1.0 Microsoft-HTTPAPI/2.0
      X-Ms-Blob-Type:
      - BlockBlob
      X-Ms-Creation-Time:
      - Thu, 12 Aug 2021 17:58:09 GMT
      X-Ms-Is-Current-Version:
      - "true"
      X-Ms-Lease-State:
      - available
      X-Ms-Lease-Status:
      - unlocked
      X-Ms-Request-Id:
      - f3a3d564-201e-0033-23a3-8f6f8c000000
      X-Ms-Server-Encrypted:
      - "true"
      X-Ms-Version:
      - "2019-12-12"
      X-Ms-Version-Id:
      - "2021-08-12T17:58:09.4180061Z"
    status: 200 OK
    code: 200
    duration: ""
- request:
    body: "7"
    form: {}
    headers:
      Accept:
      - application/xml
      Authorization:
      - sanitized
      Content-Length:
      - "1"
      Content-Type:
      - application/octet-stream
      User-Agent:
      - azsdk-go-generated/<version> azsdk-go-generated/<version> azcore/v0.16.2 (go1.15;
        Windows_NT)
      X-Ms-Blob-Type:
      - BlockBlob
      X-Ms-Date:
      - Thu, 12 Aug 2021 17:58:10 GMT
      X-Ms-Version:
      - "2019-12-12"
    url: https://azureblobstoragecanada.blob.core.windows.net/goccreateanddownloadblobspecialcharacterswithvid/abc7
    method: PUT
  response:
    body: ""
    headers:
      Content-Length:
      - "0"
      Content-Md5:
      - jxTkX87qFnpaNt7dS+olQw==
      Date:
      - Thu, 12 Aug 2021 17:58:09 GMT
      Etag:
      - '"0x8D95DBABEFA59D4"'
      Last-Modified:
      - Thu, 12 Aug 2021 17:58:09 GMT
      Server:
      - Windows-Azure-Blob/1.0 Microsoft-HTTPAPI/2.0
      X-Ms-Content-Crc64:
      - rxoxviClKhQ=
      X-Ms-Request-Id:
      - f3a3d621-201e-0033-52a3-8f6f8c000000
      X-Ms-Request-Server-Encrypted:
      - "true"
      X-Ms-Version:
      - "2019-12-12"
      X-Ms-Version-Id:
      - "2021-08-12T17:58:09.9014100Z"
    status: 201 Created
    code: 201
    duration: ""
- request:
    body: ""
    form: {}
    headers:
      Accept:
      - application/xml
      Authorization:
      - sanitized
      User-Agent:
      - azsdk-go-generated/<version> azsdk-go-generated/<version> azcore/v0.16.2 (go1.15;
        Windows_NT)
      X-Ms-Date:
      - Thu, 12 Aug 2021 17:58:11 GMT
      X-Ms-Version:
      - "2019-12-12"
    url: https://azureblobstoragecanada.blob.core.windows.net/goccreateanddownloadblobspecialcharacterswithvid/abc7
    method: GET
  response:
    body: "7"
    headers:
      Accept-Ranges:
      - bytes
      Content-Length:
      - "1"
      Content-Md5:
      - jxTkX87qFnpaNt7dS+olQw==
      Content-Type:
      - application/octet-stream
      Date:
      - Thu, 12 Aug 2021 17:58:09 GMT
      Etag:
      - '"0x8D95DBABEFA59D4"'
      Last-Modified:
      - Thu, 12 Aug 2021 17:58:09 GMT
      Server:
      - Windows-Azure-Blob/1.0 Microsoft-HTTPAPI/2.0
      X-Ms-Blob-Type:
      - BlockBlob
      X-Ms-Creation-Time:
      - Thu, 12 Aug 2021 17:58:09 GMT
      X-Ms-Is-Current-Version:
      - "true"
      X-Ms-Lease-State:
      - available
      X-Ms-Lease-Status:
      - unlocked
      X-Ms-Request-Id:
      - f3a3d764-201e-0033-7ba3-8f6f8c000000
      X-Ms-Server-Encrypted:
      - "true"
      X-Ms-Version:
      - "2019-12-12"
      X-Ms-Version-Id:
      - "2021-08-12T17:58:09.9014100Z"
    status: 200 OK
    code: 200
    duration: ""
- request:
    body: "8"
    form: {}
    headers:
      Accept:
      - application/xml
      Authorization:
      - sanitized
      Content-Length:
      - "1"
      Content-Type:
      - application/octet-stream
      User-Agent:
      - azsdk-go-generated/<version> azsdk-go-generated/<version> azcore/v0.16.2 (go1.15;
        Windows_NT)
      X-Ms-Blob-Type:
      - BlockBlob
      X-Ms-Date:
      - Thu, 12 Aug 2021 17:58:11 GMT
      X-Ms-Version:
      - "2019-12-12"
    url: https://azureblobstoragecanada.blob.core.windows.net/goccreateanddownloadblobspecialcharacterswithvid/abc8
    method: PUT
  response:
    body: ""
    headers:
      Content-Length:
      - "0"
      Content-Md5:
      - yfD4lfuYq5FZ9R/QKX4jbQ==
      Date:
      - Thu, 12 Aug 2021 17:58:10 GMT
      Etag:
      - '"0x8D95DBABF5C16C8"'
      Last-Modified:
      - Thu, 12 Aug 2021 17:58:10 GMT
      Server:
      - Windows-Azure-Blob/1.0 Microsoft-HTTPAPI/2.0
      X-Ms-Content-Crc64:
      - 3sk6Hr+95/o=
      X-Ms-Request-Id:
      - f3a3d869-201e-0033-6ea3-8f6f8c000000
      X-Ms-Request-Server-Encrypted:
      - "true"
      X-Ms-Version:
      - "2019-12-12"
      X-Ms-Version-Id:
      - "2021-08-12T17:58:10.5419464Z"
    status: 201 Created
    code: 201
    duration: ""
- request:
    body: ""
    form: {}
    headers:
      Accept:
      - application/xml
      Authorization:
      - sanitized
      User-Agent:
      - azsdk-go-generated/<version> azsdk-go-generated/<version> azcore/v0.16.2 (go1.15;
        Windows_NT)
      X-Ms-Date:
      - Thu, 12 Aug 2021 17:58:11 GMT
      X-Ms-Version:
      - "2019-12-12"
    url: https://azureblobstoragecanada.blob.core.windows.net/goccreateanddownloadblobspecialcharacterswithvid/abc8
    method: GET
  response:
    body: "8"
    headers:
      Accept-Ranges:
      - bytes
      Content-Length:
      - "1"
      Content-Md5:
      - yfD4lfuYq5FZ9R/QKX4jbQ==
      Content-Type:
      - application/octet-stream
      Date:
      - Thu, 12 Aug 2021 17:58:10 GMT
      Etag:
      - '"0x8D95DBABF5C16C8"'
      Last-Modified:
      - Thu, 12 Aug 2021 17:58:10 GMT
      Server:
      - Windows-Azure-Blob/1.0 Microsoft-HTTPAPI/2.0
      X-Ms-Blob-Type:
      - BlockBlob
      X-Ms-Creation-Time:
      - Thu, 12 Aug 2021 17:58:10 GMT
      X-Ms-Is-Current-Version:
      - "true"
      X-Ms-Lease-State:
      - available
      X-Ms-Lease-Status:
      - unlocked
      X-Ms-Request-Id:
      - f3a3d997-201e-0033-0ca3-8f6f8c000000
      X-Ms-Server-Encrypted:
      - "true"
      X-Ms-Version:
      - "2019-12-12"
      X-Ms-Version-Id:
      - "2021-08-12T17:58:10.5419464Z"
    status: 200 OK
    code: 200
    duration: ""
- request:
    body: "9"
    form: {}
    headers:
      Accept:
      - application/xml
      Authorization:
      - sanitized
      Content-Length:
      - "1"
      Content-Type:
      - application/octet-stream
      User-Agent:
      - azsdk-go-generated/<version> azsdk-go-generated/<version> azcore/v0.16.2 (go1.15;
        Windows_NT)
      X-Ms-Blob-Type:
      - BlockBlob
      X-Ms-Date:
      - Thu, 12 Aug 2021 17:58:12 GMT
      X-Ms-Version:
      - "2019-12-12"
    url: https://azureblobstoragecanada.blob.core.windows.net/goccreateanddownloadblobspecialcharacterswithvid/abc9
    method: PUT
  response:
    body: ""
    headers:
      Content-Length:
      - "0"
      Content-Md5:
      - RcSMzi4tf73qGvxRx8atJg==
      Date:
      - Thu, 12 Aug 2021 17:58:10 GMT
      Etag:
      - '"0x8D95DBABFBA0256"'
      Last-Modified:
      - Thu, 12 Aug 2021 17:58:11 GMT
      Server:
      - Windows-Azure-Blob/1.0 Microsoft-HTTPAPI/2.0
      X-Ms-Content-Crc64:
      - p0APLndNiYU=
      X-Ms-Request-Id:
      - f3a3daad-201e-0033-0aa3-8f6f8c000000
      X-Ms-Request-Server-Encrypted:
      - "true"
      X-Ms-Version:
      - "2019-12-12"
      X-Ms-Version-Id:
      - "2021-08-12T17:58:11.1574614Z"
    status: 201 Created
    code: 201
    duration: ""
- request:
    body: ""
    form: {}
    headers:
      Accept:
      - application/xml
      Authorization:
      - sanitized
      User-Agent:
      - azsdk-go-generated/<version> azsdk-go-generated/<version> azcore/v0.16.2 (go1.15;
        Windows_NT)
      X-Ms-Date:
      - Thu, 12 Aug 2021 17:58:12 GMT
      X-Ms-Version:
      - "2019-12-12"
    url: https://azureblobstoragecanada.blob.core.windows.net/goccreateanddownloadblobspecialcharacterswithvid/abc9
    method: GET
  response:
    body: "9"
    headers:
      Accept-Ranges:
      - bytes
      Content-Length:
      - "1"
      Content-Md5:
      - RcSMzi4tf73qGvxRx8atJg==
      Content-Type:
      - application/octet-stream
      Date:
      - Thu, 12 Aug 2021 17:58:10 GMT
      Etag:
      - '"0x8D95DBABFBA0256"'
      Last-Modified:
      - Thu, 12 Aug 2021 17:58:11 GMT
      Server:
      - Windows-Azure-Blob/1.0 Microsoft-HTTPAPI/2.0
      X-Ms-Blob-Type:
      - BlockBlob
      X-Ms-Creation-Time:
      - Thu, 12 Aug 2021 17:58:11 GMT
      X-Ms-Is-Current-Version:
      - "true"
      X-Ms-Lease-State:
      - available
      X-Ms-Lease-Status:
      - unlocked
      X-Ms-Request-Id:
      - f3a3db77-201e-0033-45a3-8f6f8c000000
      X-Ms-Server-Encrypted:
      - "true"
      X-Ms-Version:
      - "2019-12-12"
      X-Ms-Version-Id:
      - "2021-08-12T17:58:11.1574614Z"
    status: 200 OK
    code: 200
    duration: ""
- request:
    body: ""
    form: {}
    headers:
      Accept:
      - application/xml
      Authorization:
      - sanitized
      User-Agent:
      - azsdk-go-generated/<version> azsdk-go-generated/<version> azcore/v0.16.2 (go1.15;
        Windows_NT)
      X-Ms-Date:
      - Thu, 12 Aug 2021 17:58:12 GMT
      X-Ms-Version:
      - "2019-12-12"
    url: https://azureblobstoragecanada.blob.core.windows.net/goccreateanddownloadblobspecialcharacterswithvid?restype=container
    method: DELETE
  response:
    body: ""
    headers:
      Content-Length:
      - "0"
      Date:
      - Thu, 12 Aug 2021 17:58:11 GMT
      Server:
      - Windows-Azure-Blob/1.0 Microsoft-HTTPAPI/2.0
      X-Ms-Request-Id:
      - f3a3dc2d-201e-0033-6da3-8f6f8c000000
      X-Ms-Version:
      - "2019-12-12"
    status: 202 Accepted
    code: 202
    duration: ""
