---
version: 1
interactions:
- request:
    body: ""
    form: {}
    headers:
      Accept:
      - application/xml
      Authorization:
      - sanitized
      User-Agent:
      - azsdk-go-azblob/v0.5.0 (go1.18.3; Windows_NT)
      X-Ms-Date:
      - Mon, 25 Jul 2022 20:45:55 GMT
      x-ms-version:
      - "2020-10-02"
    url: https://azureblobstoragecanada.blob.core.windows.net/gocblobdownloaddataifmodifiedsincetrue?restype=container
    method: PUT
  response:
    body: ""
    headers:
      Content-Length:
      - "0"
      Date:
      - Mon, 25 Jul 2022 20:45:55 GMT
      Etag:
      - '"0x8DA6E7EAC096066"'
      Last-Modified:
      - Mon, 25 Jul 2022 20:45:55 GMT
      Server:
      - Windows-Azure-Blob/1.0 Microsoft-HTTPAPI/2.0
      X-Ms-Request-Id:
      - af05f22f-601e-004c-3d67-a01f48000000
      X-Ms-Version:
      - "2020-10-02"
    status: 201 Created
    code: 201
    duration: ""
- request:
    body: GoBlockBlobData
    form: {}
    headers:
      Accept:
      - application/xml
      Authorization:
      - sanitized
      Content-Length:
      - "15"
      Content-Type:
      - application/octet-stream
      User-Agent:
      - azsdk-go-azblob/v0.5.0 (go1.18.3; Windows_NT)
      X-Ms-Date:
      - Mon, 25 Jul 2022 20:45:56 GMT
      x-ms-blob-type:
      - BlockBlob
      x-ms-version:
      - "2020-10-02"
    url: https://azureblobstoragecanada.blob.core.windows.net/gocblobdownloaddataifmodifiedsincetrue/gotestblobblobdownloaddataifmodifiedsincetrue
    method: PUT
  response:
    body: ""
    headers:
      Content-Length:
      - "0"
      Content-Md5:
      - ebncwguMQu9sgPmr0GazhA==
      Date:
      - Mon, 25 Jul 2022 20:45:55 GMT
      Etag:
      - '"0x8DA6E7EAC460DD3"'
      Last-Modified:
      - Mon, 25 Jul 2022 20:45:56 GMT
      Server:
      - Windows-Azure-Blob/1.0 Microsoft-HTTPAPI/2.0
      X-Ms-Content-Crc64:
      - +JGsS7CR5kg=
      X-Ms-Request-Id:
      - af05f3fc-601e-004c-6667-a01f48000000
      X-Ms-Request-Server-Encrypted:
      - "true"
      X-Ms-Version:
      - "2020-10-02"
      X-Ms-Version-Id:
      - "2022-07-25T20:45:56.1553363Z"
    status: 201 Created
    code: 201
    duration: ""
- request:
    body: ""
    form: {}
    headers:
      Accept:
      - application/xml
      Authorization:
      - sanitized
      If-Modified-Since:
      - Mon, 25 Jul 2022 20:45:45 GMT
      User-Agent:
      - azsdk-go-azblob/v0.5.0 (go1.18.3; Windows_NT)
      X-Ms-Date:
      - Mon, 25 Jul 2022 20:45:56 GMT
      x-ms-version:
      - "2020-10-02"
    url: https://azureblobstoragecanada.blob.core.windows.net/gocblobdownloaddataifmodifiedsincetrue/gotestblobblobdownloaddataifmodifiedsincetrue
    method: GET
  response:
    body: GoBlockBlobData
    headers:
      Accept-Ranges:
      - bytes
      Content-Length:
      - "15"
      Content-Md5:
      - ebncwguMQu9sgPmr0GazhA==
      Content-Type:
      - application/octet-stream
      Date:
      - Mon, 25 Jul 2022 20:45:55 GMT
      Etag:
      - '"0x8DA6E7EAC460DD3"'
      Last-Modified:
      - Mon, 25 Jul 2022 20:45:56 GMT
      Server:
      - Windows-Azure-Blob/1.0 Microsoft-HTTPAPI/2.0
      X-Ms-Blob-Type:
      - BlockBlob
      X-Ms-Creation-Time:
      - Mon, 25 Jul 2022 20:45:56 GMT
      X-Ms-Is-Current-Version:
      - "true"
      X-Ms-Lease-State:
      - available
      X-Ms-Lease-Status:
      - unlocked
      X-Ms-Request-Id:
      - af05f54e-601e-004c-1767-a01f48000000
      X-Ms-Server-Encrypted:
      - "true"
      X-Ms-Version:
      - "2020-10-02"
      X-Ms-Version-Id:
      - "2022-07-25T20:45:56.1553363Z"
    status: 200 OK
    code: 200
    duration: ""
- request:
    body: ""
    form: {}
    headers:
      Accept:
      - application/xml
      Authorization:
      - sanitized
      User-Agent:
      - azsdk-go-azblob/v0.5.0 (go1.18.3; Windows_NT)
      X-Ms-Date:
      - Mon, 25 Jul 2022 20:45:56 GMT
      x-ms-version:
      - "2020-10-02"
    url: https://azureblobstoragecanada.blob.core.windows.net/gocblobdownloaddataifmodifiedsincetrue?restype=container
    method: DELETE
  response:
    body: ""
    headers:
      Content-Length:
      - "0"
      Date:
      - Mon, 25 Jul 2022 20:45:56 GMT
      Server:
      - Windows-Azure-Blob/1.0 Microsoft-HTTPAPI/2.0
      X-Ms-Request-Id:
      - af05f6ae-601e-004c-5767-a01f48000000
      X-Ms-Version:
      - "2020-10-02"
    status: 202 Accepted
    code: 202
    duration: ""
