---
version: 1
interactions:
  - request:
      body: ""
      form: { }
      headers:
        Accept:
          - application/xml
        Authorization:
          - sanitized
        User-Agent:
          - azsdk-go-generated/<version> azsdk-go-generated/<version> azcore/v0.16.2 (go1.15;
            Windows_NT)
        X-Ms-Date:
          - Wed, 11 Aug 2021 18:53:36 GMT
        X-Ms-Version:
          - "2020-02-10"
      url: https://azureblobstoragecanada.blob.core.windows.net/gocblobputblobifunmodifiedsincetrue?restype=container
      method: PUT
    response:
      body: ""
      headers:
        Content-Length:
          - "0"
        Date:
          - Wed, 11 Aug 2021 18:53:34 GMT
        Etag:
          - '"0x8D95CF9528EB595"'
        Last-Modified:
          - Wed, 11 Aug 2021 18:53:35 GMT
        Server:
          - Windows-Azure-Blob/1.0 Microsoft-HTTPAPI/2.0
        X-Ms-Request-Id:
          - ce1cbaff-a01e-0000-50e2-8e36a1000000
        X-Ms-Version:
          - "2020-02-10"
      status: 201 Created
      code: 201
      duration: ""
  - request:
      body: GoBlockBlobData
      form: { }
      headers:
        Accept:
          - application/xml
        Authorization:
          - sanitized
        Content-Length:
          - "15"
        Content-Type:
          - application/octet-stream
        User-Agent:
          - azsdk-go-generated/<version> azsdk-go-generated/<version> azcore/v0.16.2 (go1.15;
            Windows_NT)
        X-Ms-Blob-Type:
          - BlockBlob
        X-Ms-Date:
          - Wed, 11 Aug 2021 18:53:36 GMT
        X-Ms-Version:
          - "2020-02-10"
      url: https://azureblobstoragecanada.blob.core.windows.net/gocblobputblobifunmodifiedsincetrue/gotestblobblobputblobifunmodifiedsincetrue
      method: PUT
    response:
      body: ""
      headers:
        Content-Length:
          - "0"
        Content-Md5:
          - ebncwguMQu9sgPmr0GazhA==
        Date:
          - Wed, 11 Aug 2021 18:53:34 GMT
        Etag:
          - '"0x8D95CF952B39903"'
        Last-Modified:
          - Wed, 11 Aug 2021 18:53:35 GMT
        Server:
          - Windows-Azure-Blob/1.0 Microsoft-HTTPAPI/2.0
        X-Ms-Content-Crc64:
          - +JGsS7CR5kg=
        X-Ms-Request-Id:
          - ce1cbb7e-a01e-0000-3ce2-8e36a1000000
        X-Ms-Request-Server-Encrypted:
          - "true"
        X-Ms-Version:
          - "2020-02-10"
        X-Ms-Version-Id:
          - "2021-08-11T18:53:35.3749763Z"
      status: 201 Created
      code: 201
      duration: ""
  - request:
      body: ""
      form: { }
      headers:
        Accept:
          - application/xml
        Authorization:
          - sanitized
        Content-Length:
          - "0"
        If-Unmodified-Since:
          - Wed, 11 Aug 2021 18:53:44 GMT
        User-Agent:
          - azsdk-go-generated/<version> azsdk-go-generated/<version> azcore/v0.16.2 (go1.15;
            Windows_NT)
        X-Ms-Blob-Type:
          - BlockBlob
        X-Ms-Date:
          - Wed, 11 Aug 2021 18:53:36 GMT
        X-Ms-Version:
          - "2020-02-10"
      url: https://azureblobstoragecanada.blob.core.windows.net/gocblobputblobifunmodifiedsincetrue/gotestblobblobputblobifunmodifiedsincetrue
      method: PUT
    response:
      body: ""
      headers:
        Content-Length:
          - "0"
        Content-Md5:
          - 1B2M2Y8AsgTpgAmY7PhCfg==
        Date:
          - Wed, 11 Aug 2021 18:53:35 GMT
        Etag:
          - '"0x8D95CF952D866DB"'
        Last-Modified:
          - Wed, 11 Aug 2021 18:53:35 GMT
        Server:
          - Windows-Azure-Blob/1.0 Microsoft-HTTPAPI/2.0
        X-Ms-Content-Crc64:
          - AAAAAAAAAAA=
        X-Ms-Request-Id:
          - ce1cbbf5-a01e-0000-19e2-8e36a1000000
        X-Ms-Request-Server-Encrypted:
          - "true"
        X-Ms-Version:
          - "2020-02-10"
        X-Ms-Version-Id:
          - "2021-08-11T18:53:35.6171755Z"
      status: 201 Created
      code: 201
      duration: ""
  - request:
      body: ""
      form: { }
      headers:
        Accept:
          - application/xml
        Authorization:
          - sanitized
        User-Agent:
          - azsdk-go-generated/<version> azsdk-go-generated/<version> azcore/v0.16.2 (go1.15;
            Windows_NT)
        X-Ms-Date:
          - Wed, 11 Aug 2021 18:53:36 GMT
        X-Ms-Version:
          - "2020-02-10"
      url: https://azureblobstoragecanada.blob.core.windows.net/gocblobputblobifunmodifiedsincetrue/gotestblobblobputblobifunmodifiedsincetrue
      method: GET
    response:
      body: ""
      headers:
        Accept-Ranges:
          - bytes
        Content-Length:
          - "0"
        Content-Md5:
          - 1B2M2Y8AsgTpgAmY7PhCfg==
        Content-Type:
          - application/octet-stream
        Date:
          - Wed, 11 Aug 2021 18:53:35 GMT
        Etag:
          - '"0x8D95CF952D866DB"'
        Last-Modified:
          - Wed, 11 Aug 2021 18:53:35 GMT
        Server:
          - Windows-Azure-Blob/1.0 Microsoft-HTTPAPI/2.0
        X-Ms-Blob-Type:
          - BlockBlob
        X-Ms-Creation-Time:
          - Wed, 11 Aug 2021 18:53:35 GMT
        X-Ms-Is-Current-Version:
          - "true"
        X-Ms-Lease-State:
          - available
        X-Ms-Lease-Status:
          - unlocked
        X-Ms-Request-Id:
          - ce1cbc67-a01e-0000-7be2-8e36a1000000
        X-Ms-Server-Encrypted:
          - "true"
        X-Ms-Version:
          - "2020-02-10"
        X-Ms-Version-Id:
          - "2021-08-11T18:53:35.6171755Z"
      status: 200 OK
      code: 200
      duration: ""
  - request:
      body: ""
      form: { }
      headers:
        Accept:
          - application/xml
        Authorization:
          - sanitized
        User-Agent:
          - azsdk-go-generated/<version> azsdk-go-generated/<version> azcore/v0.16.2 (go1.15;
            Windows_NT)
        X-Ms-Date:
          - Wed, 11 Aug 2021 18:53:36 GMT
        X-Ms-Version:
          - "2020-02-10"
      url: https://azureblobstoragecanada.blob.core.windows.net/gocblobputblobifunmodifiedsincetrue?restype=container
      method: DELETE
    response:
      body: ""
      headers:
        Content-Length:
          - "0"
        Date:
          - Wed, 11 Aug 2021 18:53:35 GMT
        Server:
          - Windows-Azure-Blob/1.0 Microsoft-HTTPAPI/2.0
        X-Ms-Request-Id:
          - ce1cbccf-a01e-0000-4fe2-8e36a1000000
        X-Ms-Version:
          - "2020-02-10"
      status: 202 Accepted
      code: 202
      duration: ""
