---
version: 1
interactions:
- request:
    body: ""
    form: {}
    headers:
      Accept:
      - application/xml
      Authorization:
      - sanitized
      User-Agent:
      - azsdk-go-azblob/v0.3.0 azsdk-go-azcore/v0.22.0 (go1.16.14; Windows_NT)
      X-Ms-Date:
      - Thu, 07 Apr 2022 12:19:19 GMT
      X-Ms-Version:
      - "2020-10-02"
    url: https://azureblobstoragecanada.blob.core.windows.net/gocblobdeletesnapshot?restype=container
    method: PUT
  response:
    body: ""
    headers:
      Content-Length:
      - "0"
      Date:
      - Thu, 07 Apr 2022 12:19:19 GMT
      Etag:
      - '"0x8DA1890D7B385F4"'
      Last-Modified:
      - Thu, 07 Apr 2022 12:19:19 GMT
      Server:
      - Windows-Azure-Blob/1.0 Microsoft-HTTPAPI/2.0
      X-Ms-Request-Id:
      - c0f95430-d01e-003b-2479-4acadc000000
      X-Ms-Version:
      - "2020-10-02"
    status: 201 Created
    code: 201
    duration: ""
- request:
    body: GoBlockBlobData
    form: {}
    headers:
      Accept:
      - application/xml
      Authorization:
      - sanitized
      Content-Length:
      - "15"
      Content-Type:
      - application/octet-stream
      User-Agent:
      - azsdk-go-azblob/v0.3.0 azsdk-go-azcore/v0.22.0 (go1.16.14; Windows_NT)
      X-Ms-Blob-Type:
      - BlockBlob
      X-Ms-Date:
      - Thu, 07 Apr 2022 12:19:19 GMT
      X-Ms-Version:
      - "2020-10-02"
    url: https://azureblobstoragecanada.blob.core.windows.net/gocblobdeletesnapshot/gotestblobblobdeletesnapshot
    method: PUT
  response:
    body: ""
    headers:
      Content-Length:
      - "0"
      Content-Md5:
      - ebncwguMQu9sgPmr0GazhA==
      Date:
      - Thu, 07 Apr 2022 12:19:19 GMT
      Etag:
      - '"0x8DA1890D7F044BC"'
      Last-Modified:
      - Thu, 07 Apr 2022 12:19:20 GMT
      Server:
      - Windows-Azure-Blob/1.0 Microsoft-HTTPAPI/2.0
      X-Ms-Content-Crc64:
      - +JGsS7CR5kg=
      X-Ms-Request-Id:
      - c0f9553d-d01e-003b-0379-4acadc000000
      X-Ms-Request-Server-Encrypted:
      - "true"
      X-Ms-Version:
      - "2020-10-02"
      X-Ms-Version-Id:
      - "2022-04-07T12:19:20.3551420Z"
    status: 201 Created
    code: 201
    duration: ""
- request:
    body: ""
    form: {}
    headers:
      Accept:
      - application/xml
      Authorization:
      - sanitized
      User-Agent:
      - azsdk-go-azblob/v0.3.0 azsdk-go-azcore/v0.22.0 (go1.16.14; Windows_NT)
      X-Ms-Date:
      - Thu, 07 Apr 2022 12:19:19 GMT
      X-Ms-Version:
      - "2020-10-02"
    url: https://azureblobstoragecanada.blob.core.windows.net/gocblobdeletesnapshot/gotestblobblobdeletesnapshot?comp=snapshot
    method: PUT
  response:
    body: ""
    headers:
      Content-Length:
      - "0"
      Date:
      - Thu, 07 Apr 2022 12:19:20 GMT
      Etag:
      - '"0x8DA1890D7F044BC"'
      Last-Modified:
      - Thu, 07 Apr 2022 12:19:20 GMT
      Server:
      - Windows-Azure-Blob/1.0 Microsoft-HTTPAPI/2.0
      X-Ms-Request-Id:
      - c0f955af-d01e-003b-6279-4acadc000000
      X-Ms-Request-Server-Encrypted:
      - "false"
      X-Ms-Snapshot:
      - "2022-04-07T12:19:20.6109973Z"
      X-Ms-Version:
      - "2020-10-02"
      X-Ms-Version-Id:
      - "2022-04-07T12:19:20.6119973Z"
    status: 201 Created
    code: 201
    duration: ""
- request:
    body: ""
    form: {}
    headers:
      Accept:
      - application/xml
      Authorization:
      - sanitized
      User-Agent:
      - azsdk-go-azblob/v0.3.0 azsdk-go-azcore/v0.22.0 (go1.16.14; Windows_NT)
      X-Ms-Date:
      - Thu, 07 Apr 2022 12:19:20 GMT
      X-Ms-Version:
      - "2020-10-02"
    url: https://azureblobstoragecanada.blob.core.windows.net/gocblobdeletesnapshot/gotestblobblobdeletesnapshot?snapshot=2022-04-07T12%3A19%3A20.6109973Z
    method: DELETE
  response:
    body: ""
    headers:
      Content-Length:
      - "0"
      Date:
      - Thu, 07 Apr 2022 12:19:20 GMT
      Server:
      - Windows-Azure-Blob/1.0 Microsoft-HTTPAPI/2.0
      X-Ms-Delete-Type-Permanent:
      - "true"
      X-Ms-Request-Id:
      - c0f95669-d01e-003b-7c79-4acadc000000
      X-Ms-Version:
      - "2020-10-02"
    status: 202 Accepted
    code: 202
    duration: ""
- request:
    body: ""
    form: {}
    headers:
      Accept:
      - application/xml
      Authorization:
      - sanitized
      User-Agent:
      - azsdk-go-azblob/v0.3.0 azsdk-go-azcore/v0.22.0 (go1.16.14; Windows_NT)
      X-Ms-Date:
      - Thu, 07 Apr 2022 12:19:20 GMT
      X-Ms-Version:
      - "2020-10-02"
    url: https://azureblobstoragecanada.blob.core.windows.net/gocblobdeletesnapshot/gotestblobblobdeletesnapshot?snapshot=2022-04-07T12%3A19%3A20.6109973Z
    method: HEAD
  response:
    body: ""
    headers:
      Date:
      - Thu, 07 Apr 2022 12:19:20 GMT
      Server:
      - Windows-Azure-Blob/1.0 Microsoft-HTTPAPI/2.0
      X-Ms-Error-Code:
      - BlobNotFound
      X-Ms-Request-Id:
      - c0f95768-d01e-003b-5a79-4acadc000000
      X-Ms-Version:
      - "2020-10-02"
    status: 404 The specified blob does not exist.
    code: 404
    duration: ""
- request:
    body: ""
    form: {}
    headers:
      Accept:
      - application/xml
      Authorization:
      - sanitized
      User-Agent:
      - azsdk-go-azblob/v0.3.0 azsdk-go-azcore/v0.22.0 (go1.16.14; Windows_NT)
      X-Ms-Date:
      - Thu, 07 Apr 2022 12:19:20 GMT
      X-Ms-Version:
      - "2020-10-02"
    url: https://azureblobstoragecanada.blob.core.windows.net/gocblobdeletesnapshot?restype=container
    method: DELETE
  response:
    body: ""
    headers:
      Content-Length:
      - "0"
      Date:
      - Thu, 07 Apr 2022 12:19:21 GMT
      Server:
      - Windows-Azure-Blob/1.0 Microsoft-HTTPAPI/2.0
      X-Ms-Request-Id:
      - c0f9583a-d01e-003b-0d79-4acadc000000
      X-Ms-Version:
      - "2020-10-02"
    status: 202 Accepted
    code: 202
    duration: ""
