---
version: 1
interactions:
- request:
    body: ""
    form: {}
    headers:
      Accept:
      - application/xml
      Authorization:
      - sanitized
      User-Agent:
      - azsdk-go-generated/<version> azsdk-go-generated/<version> azcore/v0.16.2 (go1.15;
        Windows_NT)
      X-Ms-Date:
      - Wed, 11 Aug 2021 10:07:56 GMT
      X-Ms-Version:
      - "2020-02-10"
    url: https://azureblobstoragecanada.blob.core.windows.net/gocblobstartcopydestempty?restype=container
    method: PUT
  response:
    body: ""
    headers:
      Content-Length:
      - "0"
      Date:
      - Wed, 11 Aug 2021 10:07:55 GMT
      Etag:
      - '"0x8D95CAFE37D40D0"'
      Last-Modified:
      - Wed, 11 Aug 2021 10:07:55 GMT
      Server:
      - Windows-Azure-Blob/1.0 Microsoft-HTTPAPI/2.0
      X-Ms-Request-Id:
      - 5a0e1a0b-d01e-000f-1398-8edb57000000
      X-Ms-Version:
      - "2020-02-10"
    status: 201 Created
    code: 201
    duration: ""
- request:
    body: GoBlockBlobData
    form: {}
    headers:
      Accept:
      - application/xml
      Authorization:
      - sanitized
      Content-Length:
      - "15"
      Content-Type:
      - application/octet-stream
      User-Agent:
      - azsdk-go-generated/<version> azsdk-go-generated/<version> azcore/v0.16.2 (go1.15;
        Windows_NT)
      X-Ms-Blob-Type:
      - BlockBlob
      X-Ms-Date:
      - Wed, 11 Aug 2021 10:07:56 GMT
      X-Ms-Version:
      - "2020-02-10"
    url: https://azureblobstoragecanada.blob.core.windows.net/gocblobstartcopydestempty/gotestblobblobstartcopydestempty
    method: PUT
  response:
    body: ""
    headers:
      Content-Length:
      - "0"
      Content-Md5:
      - ebncwguMQu9sgPmr0GazhA==
      Date:
      - Wed, 11 Aug 2021 10:07:55 GMT
      Etag:
      - '"0x8D95CAFE3A22D73"'
      Last-Modified:
      - Wed, 11 Aug 2021 10:07:55 GMT
      Server:
      - Windows-Azure-Blob/1.0 Microsoft-HTTPAPI/2.0
      X-Ms-Content-Crc64:
      - +JGsS7CR5kg=
      X-Ms-Request-Id:
      - 5a0e1aaf-d01e-000f-2198-8edb57000000
      X-Ms-Request-Server-Encrypted:
      - "true"
      X-Ms-Version:
      - "2020-02-10"
      X-Ms-Version-Id:
      - "2021-08-11T10:07:55.7724531Z"
    status: 201 Created
    code: 201
    duration: ""
- request:
    body: ""
    form: {}
    headers:
      Accept:
      - application/xml
      Authorization:
      - sanitized
      User-Agent:
      - azsdk-go-generated/<version> azsdk-go-generated/<version> azcore/v0.16.2 (go1.15;
        Windows_NT)
      X-Ms-Copy-Source:
      - https://azureblobstoragecanada.blob.core.windows.net/gocblobstartcopydestempty/gotestblobblobstartcopydestempty
      X-Ms-Date:
      - Wed, 11 Aug 2021 10:07:56 GMT
      X-Ms-Version:
      - "2020-02-10"
    url: https://azureblobstoragecanada.blob.core.windows.net/gocblobstartcopydestempty/copygotestblobblobstartcopydestempty
    method: PUT
  response:
    body: ""
    headers:
      Content-Length:
      - "0"
      Date:
      - Wed, 11 Aug 2021 10:07:55 GMT
      Etag:
      - '"0x8D95CAFE3C7BED2"'
      Last-Modified:
      - Wed, 11 Aug 2021 10:07:56 GMT
      Server:
      - Windows-Azure-Blob/1.0 Microsoft-HTTPAPI/2.0
      X-Ms-Copy-Id:
      - 3dea7fc0-3d34-428d-90f2-b29d13d72a49
      X-Ms-Copy-Status:
      - success
      X-Ms-Request-Id:
      - 5a0e1b2a-d01e-000f-0d98-8edb57000000
      X-Ms-Version:
      - "2020-02-10"
      X-Ms-Version-Id:
      - "2021-08-11T10:07:56.0186578Z"
    status: 202 Accepted
    code: 202
    duration: ""
- request:
    body: ""
    form: {}
    headers:
      Accept:
      - application/xml
      Authorization:
      - sanitized
      User-Agent:
      - azsdk-go-generated/<version> azsdk-go-generated/<version> azcore/v0.16.2 (go1.15;
        Windows_NT)
      X-Ms-Date:
      - Wed, 11 Aug 2021 10:07:56 GMT
      X-Ms-Version:
      - "2020-02-10"
    url: https://azureblobstoragecanada.blob.core.windows.net/gocblobstartcopydestempty/copygotestblobblobstartcopydestempty
    method: GET
  response:
    body: GoBlockBlobData
    headers:
      Accept-Ranges:
      - bytes
      Content-Length:
      - "15"
      Content-Md5:
      - ebncwguMQu9sgPmr0GazhA==
      Content-Type:
      - application/octet-stream
      Date:
      - Wed, 11 Aug 2021 10:07:56 GMT
      Etag:
      - '"0x8D95CAFE3C7BED2"'
      Last-Modified:
      - Wed, 11 Aug 2021 10:07:56 GMT
      Server:
      - Windows-Azure-Blob/1.0 Microsoft-HTTPAPI/2.0
      X-Ms-Blob-Type:
      - BlockBlob
      X-Ms-Copy-Completion-Time:
      - Wed, 11 Aug 2021 10:07:56 GMT
      X-Ms-Copy-Id:
      - 3dea7fc0-3d34-428d-90f2-b29d13d72a49
      X-Ms-Copy-Progress:
      - 15/15
      X-Ms-Copy-Source:
      - https://azureblobstoragecanada.blob.core.windows.net/gocblobstartcopydestempty/gotestblobblobstartcopydestempty
      X-Ms-Copy-Status:
      - success
      X-Ms-Creation-Time:
      - Wed, 11 Aug 2021 10:07:56 GMT
      X-Ms-Is-Current-Version:
      - "true"
      X-Ms-Lease-State:
      - available
      X-Ms-Lease-Status:
      - unlocked
      X-Ms-Request-Id:
      - 5a0e1bbe-d01e-000f-1698-8edb57000000
      X-Ms-Server-Encrypted:
      - "true"
      X-Ms-Version:
      - "2020-02-10"
      X-Ms-Version-Id:
      - "2021-08-11T10:07:56.0186578Z"
    status: 200 OK
    code: 200
    duration: ""
- request:
    body: ""
    form: {}
    headers:
      Accept:
      - application/xml
      Authorization:
      - sanitized
      User-Agent:
      - azsdk-go-generated/<version> azsdk-go-generated/<version> azcore/v0.16.2 (go1.15;
        Windows_NT)
      X-Ms-Date:
      - Wed, 11 Aug 2021 10:07:57 GMT
      X-Ms-Version:
      - "2020-02-10"
    url: https://azureblobstoragecanada.blob.core.windows.net/gocblobstartcopydestempty?restype=container
    method: DELETE
  response:
    body: ""
    headers:
      Content-Length:
      - "0"
      Date:
      - Wed, 11 Aug 2021 10:07:56 GMT
      Server:
      - Windows-Azure-Blob/1.0 Microsoft-HTTPAPI/2.0
      X-Ms-Request-Id:
      - 5a0e1c1b-d01e-000f-6c98-8edb57000000
      X-Ms-Version:
      - "2020-02-10"
    status: 202 Accepted
    code: 202
    duration: ""
