---
version: 1
interactions:
- request:
    body: ""
    form: {}
    headers:
      Accept:
      - application/xml
      Authorization:
      - sanitized
      User-Agent:
      - azsdk-go-azblob/v0.3.0 azsdk-go-azcore/v0.21.1 (go1.17.7; Windows_NT)
      X-Ms-Date:
      - Thu, 10 Mar 2022 14:47:58 GMT
      X-Ms-Version:
      - "2019-12-12"
    url: https://azureblobstoragecanada.blob.core.windows.net/gocappendblobgetpropertiesusingvid?restype=container
    method: PUT
  response:
    body: ""
    headers:
      Content-Length:
      - "0"
      Date:
      - Thu, 10 Mar 2022 14:47:53 GMT
      Etag:
      - '"0x8DA02A4F569F9C2"'
      Last-Modified:
      - Thu, 10 Mar 2022 14:47:54 GMT
      Server:
      - Windows-Azure-Blob/1.0 Microsoft-HTTPAPI/2.0
      X-Ms-Request-Id:
      - d6e9eeb0-201e-0062-7c8d-344d5f000000
      X-Ms-Version:
      - "2019-12-12"
    status: 201 Created
    code: 201
    duration: ""
- request:
    body: ""
    form: {}
    headers:
      Accept:
      - application/xml
      Authorization:
      - sanitized
      Content-Length:
      - "0"
      User-Agent:
      - azsdk-go-azblob/v0.3.0 azsdk-go-azcore/v0.21.1 (go1.17.7; Windows_NT)
      X-Ms-Blob-Type:
      - AppendBlob
      X-Ms-Date:
      - Thu, 10 Mar 2022 14:47:58 GMT
      X-Ms-Version:
      - "2019-12-12"
    url: https://azureblobstoragecanada.blob.core.windows.net/gocappendblobgetpropertiesusingvid/gotestblobappendblobgetpropertiesusingvid
    method: PUT
  response:
    body: ""
    headers:
      Content-Length:
      - "0"
      Date:
      - Thu, 10 Mar 2022 14:47:53 GMT
      Etag:
      - '"0x8DA02A4F59364CB"'
      Last-Modified:
      - Thu, 10 Mar 2022 14:47:54 GMT
      Server:
      - Windows-Azure-Blob/1.0 Microsoft-HTTPAPI/2.0
      X-Ms-Request-Id:
      - d6e9f059-201e-0062-138d-344d5f000000
      X-Ms-Request-Server-Encrypted:
      - "true"
      X-Ms-Version:
      - "2019-12-12"
      X-Ms-Version-Id:
      - "2022-03-10T14:47:54.4316107Z"
    status: 201 Created
    code: 201
    duration: ""
- request:
    body: ""
    form: {}
    headers:
      Accept:
      - application/xml
      Authorization:
      - sanitized
      User-Agent:
      - azsdk-go-azblob/v0.3.0 azsdk-go-azcore/v0.21.1 (go1.17.7; Windows_NT)
      X-Ms-Date:
      - Thu, 10 Mar 2022 14:47:59 GMT
      X-Ms-Version:
      - "2019-12-12"
    url: https://azureblobstoragecanada.blob.core.windows.net/gocappendblobgetpropertiesusingvid/gotestblobappendblobgetpropertiesusingvid
    method: HEAD
  response:
    body: ""
    headers:
      Accept-Ranges:
      - bytes
      Content-Length:
      - "0"
      Content-Type:
      - application/octet-stream
      Date:
      - Thu, 10 Mar 2022 14:47:54 GMT
      Etag:
      - '"0x8DA02A4F59364CB"'
      Last-Modified:
      - Thu, 10 Mar 2022 14:47:54 GMT
      Server:
      - Windows-Azure-Blob/1.0 Microsoft-HTTPAPI/2.0
      X-Ms-Blob-Committed-Block-Count:
      - "0"
      X-Ms-Blob-Type:
      - AppendBlob
      X-Ms-Creation-Time:
      - Thu, 10 Mar 2022 14:47:54 GMT
      X-Ms-Is-Current-Version:
      - "true"
      X-Ms-Lease-State:
      - available
      X-Ms-Lease-Status:
      - unlocked
      X-Ms-Request-Id:
      - d6e9f248-201e-0062-538d-344d5f000000
      X-Ms-Server-Encrypted:
      - "true"
      X-Ms-Version:
      - "2019-12-12"
      X-Ms-Version-Id:
      - "2022-03-10T14:47:54.4316107Z"
    status: 200 OK
    code: 200
    duration: ""
- request:
    body: ""
    form: {}
    headers:
      Accept:
      - application/xml
      Authorization:
      - sanitized
      Content-Length:
      - "0"
      If-Match:
      - '"0x8DA02A4F59364CB"'
      User-Agent:
      - azsdk-go-azblob/v0.3.0 azsdk-go-azcore/v0.21.1 (go1.17.7; Windows_NT)
      X-Ms-Blob-Type:
      - AppendBlob
      X-Ms-Date:
      - Thu, 10 Mar 2022 14:47:59 GMT
      X-Ms-Meta-Foo:
      - bar
      X-Ms-Version:
      - "2019-12-12"
    url: https://azureblobstoragecanada.blob.core.windows.net/gocappendblobgetpropertiesusingvid/gotestblobappendblobgetpropertiesusingvid
    method: PUT
  response:
    body: ""
    headers:
      Content-Length:
      - "0"
      Date:
      - Thu, 10 Mar 2022 14:47:54 GMT
      Etag:
      - '"0x8DA02A4F5F0E05B"'
      Last-Modified:
      - Thu, 10 Mar 2022 14:47:55 GMT
      Server:
      - Windows-Azure-Blob/1.0 Microsoft-HTTPAPI/2.0
      X-Ms-Request-Id:
      - d6e9f3fa-201e-0062-5e8d-344d5f000000
      X-Ms-Request-Server-Encrypted:
      - "true"
      X-Ms-Version:
      - "2019-12-12"
      X-Ms-Version-Id:
      - "2022-03-10T14:47:55.0452587Z"
    status: 201 Created
    code: 201
    duration: ""
- request:
    body: ""
    form: {}
    headers:
      Accept:
      - application/xml
      Authorization:
      - sanitized
      User-Agent:
      - azsdk-go-azblob/v0.3.0 azsdk-go-azcore/v0.21.1 (go1.17.7; Windows_NT)
      X-Ms-Date:
      - Thu, 10 Mar 2022 14:47:59 GMT
      X-Ms-Version:
      - "2019-12-12"
    url: https://azureblobstoragecanada.blob.core.windows.net/gocappendblobgetpropertiesusingvid/gotestblobappendblobgetpropertiesusingvid
    method: HEAD
  response:
    body: ""
    headers:
      Accept-Ranges:
      - bytes
      Content-Length:
      - "0"
      Content-Type:
      - application/octet-stream
      Date:
      - Thu, 10 Mar 2022 14:47:54 GMT
      Etag:
      - '"0x8DA02A4F5F0E05B"'
      Last-Modified:
      - Thu, 10 Mar 2022 14:47:55 GMT
      Server:
      - Windows-Azure-Blob/1.0 Microsoft-HTTPAPI/2.0
      X-Ms-Blob-Committed-Block-Count:
      - "0"
      X-Ms-Blob-Type:
      - AppendBlob
      X-Ms-Creation-Time:
      - Thu, 10 Mar 2022 14:47:55 GMT
      X-Ms-Is-Current-Version:
      - "true"
      X-Ms-Lease-State:
      - available
      X-Ms-Lease-Status:
      - unlocked
      X-Ms-Meta-Foo:
      - bar
      X-Ms-Request-Id:
      - d6e9f646-201e-0062-028d-344d5f000000
      X-Ms-Server-Encrypted:
      - "true"
      X-Ms-Version:
      - "2019-12-12"
      X-Ms-Version-Id:
      - "2022-03-10T14:47:55.0452587Z"
    status: 200 OK
    code: 200
    duration: ""
- request:
    body: ""
    form: {}
    headers:
      Accept:
      - application/xml
      Authorization:
      - sanitized
      User-Agent:
      - azsdk-go-azblob/v0.3.0 azsdk-go-azcore/v0.21.1 (go1.17.7; Windows_NT)
      X-Ms-Date:
      - Thu, 10 Mar 2022 14:48:00 GMT
      X-Ms-Version:
      - "2019-12-12"
    url: https://azureblobstoragecanada.blob.core.windows.net/gocappendblobgetpropertiesusingvid?restype=container
    method: DELETE
  response:
    body: ""
    headers:
      Content-Length:
      - "0"
      Date:
      - Thu, 10 Mar 2022 14:47:55 GMT
      Server:
      - Windows-Azure-Blob/1.0 Microsoft-HTTPAPI/2.0
      X-Ms-Request-Id:
      - d6e9f85f-201e-0062-7f8d-344d5f000000
      X-Ms-Version:
      - "2019-12-12"
    status: 202 Accepted
    code: 202
    duration: ""
