---
version: 1
interactions:
- request:
    body: ""
    form: {}
    headers:
      Accept:
      - application/xml
      Authorization:
      - sanitized
      User-Agent:
      - azsdk-go-azblob/v0.4.1 (go1.18; Windows_NT)
      X-Ms-Blob-Public-Access:
      - blob
      X-Ms-Date:
      - Fri, 13 May 2022 00:21:55 GMT
      X-Ms-Meta-Foo:
      - bar
      X-Ms-Version:
      - "2020-10-02"
    url: https://jhendrixstorage1.blob.core.windows.net/goccontainersetmetadatanil?restype=container
    method: PUT
  response:
    body: ""
    headers:
      Content-Length:
      - "0"
      Date:
      - Fri, 13 May 2022 00:21:54 GMT
      Etag:
      - '"0x8DA3476963484C2"'
      Last-Modified:
      - Fri, 13 May 2022 00:21:55 GMT
      Server:
      - Windows-Azure-Blob/1.0 Microsoft-HTTPAPI/2.0
      X-Ms-Request-Id:
      - 8317723f-301e-0046-645f-663fbd000000
      X-Ms-Version:
      - "2020-10-02"
    status: 201 Created
    code: 201
    duration: ""
- request:
    body: ""
    form: {}
    headers:
      Accept:
      - application/xml
      Authorization:
      - sanitized
      User-Agent:
      - azsdk-go-azblob/v0.4.1 (go1.18; Windows_NT)
      X-Ms-Date:
      - Fri, 13 May 2022 00:21:55 GMT
      X-Ms-Version:
      - "2020-10-02"
    url: https://jhendrixstorage1.blob.core.windows.net/goccontainersetmetadatanil?comp=metadata&restype=container
    method: PUT
  response:
    body: ""
    headers:
      Content-Length:
      - "0"
      Date:
      - Fri, 13 May 2022 00:21:54 GMT
      Etag:
      - '"0x8DA347696381EAF"'
      Last-Modified:
      - Fri, 13 May 2022 00:21:55 GMT
      Server:
      - Windows-Azure-Blob/1.0 Microsoft-HTTPAPI/2.0
      X-Ms-Request-Id:
      - 8317724c-301e-0046-705f-663fbd000000
      X-Ms-Version:
      - "2020-10-02"
    status: 200 OK
    code: 200
    duration: ""
- request:
    body: ""
    form: {}
    headers:
      Accept:
      - application/xml
      Authorization:
      - sanitized
      User-Agent:
      - azsdk-go-azblob/v0.4.1 (go1.18; Windows_NT)
      X-Ms-Date:
      - Fri, 13 May 2022 00:21:55 GMT
      X-Ms-Version:
      - "2020-10-02"
    url: https://jhendrixstorage1.blob.core.windows.net/goccontainersetmetadatanil?restype=container
    method: GET
  response:
    body: ""
    headers:
      Content-Length:
      - "0"
      Date:
      - Fri, 13 May 2022 00:21:54 GMT
      Etag:
      - '"0x8DA347696381EAF"'
      Last-Modified:
      - Fri, 13 May 2022 00:21:55 GMT
      Server:
      - Windows-Azure-Blob/1.0 Microsoft-HTTPAPI/2.0
      X-Ms-Blob-Public-Access:
      - blob
      X-Ms-Default-Encryption-Scope:
      - $account-encryption-key
      X-Ms-Deny-Encryption-Scope-Override:
      - "false"
      X-Ms-Has-Immutability-Policy:
      - "false"
      X-Ms-Has-Legal-Hold:
      - "false"
      X-Ms-Immutable-Storage-With-Versioning-Enabled:
      - "false"
      X-Ms-Lease-State:
      - available
      X-Ms-Lease-Status:
      - unlocked
      X-Ms-Request-Id:
      - 83177256-301e-0046-7a5f-663fbd000000
      X-Ms-Version:
      - "2020-10-02"
    status: 200 OK
    code: 200
    duration: ""
- request:
    body: ""
    form: {}
    headers:
      Accept:
      - application/xml
      Authorization:
      - sanitized
      User-Agent:
      - azsdk-go-azblob/v0.4.1 (go1.18; Windows_NT)
      X-Ms-Date:
      - Fri, 13 May 2022 00:21:55 GMT
      X-Ms-Version:
      - "2020-10-02"
    url: https://jhendrixstorage1.blob.core.windows.net/goccontainersetmetadatanil?restype=container
    method: DELETE
  response:
    body: ""
    headers:
      Content-Length:
      - "0"
      Date:
      - Fri, 13 May 2022 00:21:54 GMT
      Server:
      - Windows-Azure-Blob/1.0 Microsoft-HTTPAPI/2.0
      X-Ms-Request-Id:
      - 8317725e-301e-0046-025f-663fbd000000
      X-Ms-Version:
      - "2020-10-02"
    status: 202 Accepted
    code: 202
    duration: ""
