---
version: 1
interactions:
- request:
    body: ""
    form: {}
    headers:
      Accept:
      - application/xml
      Authorization:
      - sanitized
      User-Agent:
      - azsdk-go-generated/<version> azsdk-go-generated/<version> azcore/v0.13.4 (go1.15;
        Windows_NT)
      X-Ms-Date:
      - Tue, 15 Jun 2021 04:38:12 GMT
      X-Ms-Version:
      - "2019-12-12"
    url: https://azureblobstoragecanada.blob.core.windows.net/gocblobsnapshotmetadatanil?restype=container
    method: PUT
  response:
    body: ""
    headers:
      Content-Length:
      - "0"
      Date:
      - Tue, 15 Jun 2021 04:38:11 GMT
      Etag:
      - '"0x8D92FB7622FA1E8"'
      Last-Modified:
      - Tue, 15 Jun 2021 04:38:12 GMT
      Server:
      - Windows-Azure-Blob/1.0 Microsoft-HTTPAPI/2.0
      X-Ms-Request-Id:
      - 36c13af9-d01e-000f-7da0-61db57000000
      X-Ms-Version:
      - "2019-12-12"
    status: 201 Created
    code: 201
    duration: ""
- request:
    body: GoBlockBlobData
    form: {}
    headers:
      Accept:
      - application/xml
      Authorization:
      - sanitized
      Content-Length:
      - "15"
      Content-Type:
      - application/octet-stream
      User-Agent:
      - azsdk-go-generated/<version> azsdk-go-generated/<version> azcore/v0.13.4 (go1.15;
        Windows_NT)
      X-Ms-Blob-Type:
      - BlockBlob
      X-Ms-Date:
      - Tue, 15 Jun 2021 04:38:12 GMT
      X-Ms-Version:
      - "2019-12-12"
    url: https://azureblobstoragecanada.blob.core.windows.net/gocblobsnapshotmetadatanil/gotestblobblobsnapshotmetadatanil
    method: PUT
  response:
    body: ""
    headers:
      Content-Length:
      - "0"
      Content-Md5:
      - ebncwguMQu9sgPmr0GazhA==
      Date:
      - Tue, 15 Jun 2021 04:38:12 GMT
      Etag:
      - '"0x8D92FB76255842A"'
      Last-Modified:
      - Tue, 15 Jun 2021 04:38:12 GMT
      Server:
      - Windows-Azure-Blob/1.0 Microsoft-HTTPAPI/2.0
      X-Ms-Content-Crc64:
      - +JGsS7CR5kg=
      X-Ms-Request-Id:
      - 36c13b6a-d01e-000f-5ea0-61db57000000
      X-Ms-Request-Server-Encrypted:
      - "true"
      X-Ms-Version:
      - "2019-12-12"
      X-Ms-Version-Id:
      - "2021-06-15T04:38:12.4928042Z"
    status: 201 Created
    code: 201
    duration: ""
- request:
    body: ""
    form: {}
    headers:
      Accept:
      - application/xml
      Authorization:
      - sanitized
      User-Agent:
      - azsdk-go-generated/<version> azsdk-go-generated/<version> azcore/v0.13.4 (go1.15;
        Windows_NT)
      X-Ms-Date:
      - Tue, 15 Jun 2021 04:38:13 GMT
      X-Ms-Meta-Foo:
      - bar
      X-Ms-Version:
      - "2019-12-12"
    url: https://azureblobstoragecanada.blob.core.windows.net/gocblobsnapshotmetadatanil/gotestblobblobsnapshotmetadatanil?comp=metadata
    method: PUT
  response:
    body: ""
    headers:
      Content-Length:
      - "0"
      Date:
      - Tue, 15 Jun 2021 04:38:12 GMT
      Etag:
      - '"0x8D92FB7627AEE66"'
      Last-Modified:
      - Tue, 15 Jun 2021 04:38:12 GMT
      Server:
      - Windows-Azure-Blob/1.0 Microsoft-HTTPAPI/2.0
      X-Ms-Request-Id:
      - 36c13c10-d01e-000f-77a0-61db57000000
      X-Ms-Request-Server-Encrypted:
      - "true"
      X-Ms-Version:
      - "2019-12-12"
      X-Ms-Version-Id:
      - "2021-06-15T04:38:12.7400078Z"
    status: 200 OK
    code: 200
    duration: ""
- request:
    body: ""
    form: {}
    headers:
      Accept:
      - application/xml
      Authorization:
      - sanitized
      User-Agent:
      - azsdk-go-generated/<version> azsdk-go-generated/<version> azcore/v0.13.4 (go1.15;
        Windows_NT)
      X-Ms-Date:
      - Tue, 15 Jun 2021 04:38:13 GMT
      X-Ms-Version:
      - "2019-12-12"
    url: https://azureblobstoragecanada.blob.core.windows.net/gocblobsnapshotmetadatanil/gotestblobblobsnapshotmetadatanil?comp=snapshot
    method: PUT
  response:
    body: ""
    headers:
      Content-Length:
      - "0"
      Date:
      - Tue, 15 Jun 2021 04:38:12 GMT
      Etag:
      - '"0x8D92FB7627AEE66"'
      Last-Modified:
      - Tue, 15 Jun 2021 04:38:12 GMT
      Server:
      - Windows-Azure-Blob/1.0 Microsoft-HTTPAPI/2.0
      X-Ms-Request-Id:
      - 36c13ca4-d01e-000f-7ca0-61db57000000
      X-Ms-Request-Server-Encrypted:
      - "false"
      X-Ms-Snapshot:
      - "2021-06-15T04:38:12.9892140Z"
      X-Ms-Version:
      - "2019-12-12"
      X-Ms-Version-Id:
      - "2021-06-15T04:38:12.9902140Z"
    status: 201 Created
    code: 201
    duration: ""
- request:
    body: ""
    form: {}
    headers:
      Accept:
      - application/xml
      Authorization:
      - sanitized
      User-Agent:
      - azsdk-go-generated/<version> azsdk-go-generated/<version> azcore/v0.13.4 (go1.15;
        Windows_NT)
      X-Ms-Date:
      - Tue, 15 Jun 2021 04:38:13 GMT
      X-Ms-Version:
      - "2019-12-12"
    url: https://azureblobstoragecanada.blob.core.windows.net/gocblobsnapshotmetadatanil/gotestblobblobsnapshotmetadatanil?snapshot=2021-06-15T04%3A38%3A12.9892140Z
    method: HEAD
  response:
    body: ""
    headers:
      Accept-Ranges:
      - bytes
      Content-Length:
      - "15"
      Content-Md5:
      - ebncwguMQu9sgPmr0GazhA==
      Content-Type:
      - application/octet-stream
      Date:
      - Tue, 15 Jun 2021 04:38:12 GMT
      Etag:
      - '"0x8D92FB7627AEE66"'
      Last-Modified:
      - Tue, 15 Jun 2021 04:38:12 GMT
      Server:
      - Windows-Azure-Blob/1.0 Microsoft-HTTPAPI/2.0
      X-Ms-Access-Tier:
      - Hot
      X-Ms-Access-Tier-Inferred:
      - "true"
      X-Ms-Blob-Type:
      - BlockBlob
      X-Ms-Creation-Time:
      - Tue, 15 Jun 2021 04:38:12 GMT
      X-Ms-Meta-Foo:
      - bar
      X-Ms-Request-Id:
      - 36c13d32-d01e-000f-04a0-61db57000000
      X-Ms-Server-Encrypted:
      - "true"
      X-Ms-Version:
      - "2019-12-12"
    status: 200 OK
    code: 200
    duration: ""
- request:
    body: ""
    form: {}
    headers:
      Accept:
      - application/xml
      Authorization:
      - sanitized
      User-Agent:
      - azsdk-go-generated/<version> azsdk-go-generated/<version> azcore/v0.13.4 (go1.15;
        Windows_NT)
      X-Ms-Date:
      - Tue, 15 Jun 2021 04:38:13 GMT
      X-Ms-Version:
      - "2019-12-12"
    url: https://azureblobstoragecanada.blob.core.windows.net/gocblobsnapshotmetadatanil?restype=container
    method: DELETE
  response:
    body: ""
    headers:
      Content-Length:
      - "0"
      Date:
      - Tue, 15 Jun 2021 04:38:13 GMT
      Server:
      - Windows-Azure-Blob/1.0 Microsoft-HTTPAPI/2.0
      X-Ms-Request-Id:
      - 36c13dc8-d01e-000f-0ca0-61db57000000
      X-Ms-Version:
      - "2019-12-12"
    status: 202 Accepted
    code: 202
    duration: ""
