---
version: 1
interactions:
  - request:
      body: ""
      form: { }
      headers:
        Accept:
          - application/xml
        Authorization:
          - sanitized
        User-Agent:
          - azsdk-go-generated/<version> azsdk-go-generated/<version> azcore/v0.16.2 (go1.15;
            Windows_NT)
        X-Ms-Date:
          - Wed, 11 Aug 2021 18:51:08 GMT
        X-Ms-Version:
          - "2020-02-10"
      url: https://azureblobstoragecanada.blob.core.windows.net/gocblobacquirelease?restype=container
      method: PUT
    response:
      body: ""
      headers:
        Content-Length:
          - "0"
        Date:
          - Wed, 11 Aug 2021 18:51:07 GMT
        Etag:
          - '"0x8D95CF8FAE81039"'
        Last-Modified:
          - Wed, 11 Aug 2021 18:51:08 GMT
        Server:
          - Windows-Azure-Blob/1.0 Microsoft-HTTPAPI/2.0
        X-Ms-Request-Id:
          - ce1b4e55-a01e-0000-49e1-8e36a1000000
        X-Ms-Version:
          - "2020-02-10"
      status: 201 Created
      code: 201
      duration: ""
  - request:
      body: GoBlockBlobData
      form: { }
      headers:
        Accept:
          - application/xml
        Authorization:
          - sanitized
        Content-Length:
          - "15"
        Content-Type:
          - application/octet-stream
        User-Agent:
          - azsdk-go-generated/<version> azsdk-go-generated/<version> azcore/v0.16.2 (go1.15;
            Windows_NT)
        X-Ms-Blob-Type:
          - BlockBlob
        X-Ms-Date:
          - Wed, 11 Aug 2021 18:51:09 GMT
        X-Ms-Version:
          - "2020-02-10"
      url: https://azureblobstoragecanada.blob.core.windows.net/gocblobacquirelease/gotestblobblobacquirelease
      method: PUT
    response:
      body: ""
      headers:
        Content-Length:
          - "0"
        Content-Md5:
          - ebncwguMQu9sgPmr0GazhA==
        Date:
          - Wed, 11 Aug 2021 18:51:07 GMT
        Etag:
          - '"0x8D95CF8FB0D5E68"'
        Last-Modified:
          - Wed, 11 Aug 2021 18:51:08 GMT
        Server:
          - Windows-Azure-Blob/1.0 Microsoft-HTTPAPI/2.0
        X-Ms-Content-Crc64:
          - +JGsS7CR5kg=
        X-Ms-Request-Id:
          - ce1b4f44-a01e-0000-48e1-8e36a1000000
        X-Ms-Request-Server-Encrypted:
          - "true"
        X-Ms-Version:
          - "2020-02-10"
        X-Ms-Version-Id:
          - "2021-08-11T18:51:08.3237992Z"
      status: 201 Created
      code: 201
      duration: ""
  - request:
      body: ""
      form: { }
      headers:
        Accept:
          - application/xml
        Authorization:
          - sanitized
        User-Agent:
          - azsdk-go-generated/<version> azsdk-go-generated/<version> azcore/v0.16.2 (go1.15;
            Windows_NT)
        X-Ms-Date:
          - Wed, 11 Aug 2021 18:51:09 GMT
        X-Ms-Lease-Action:
          - acquire
        X-Ms-Lease-Duration:
          - "60"
        X-Ms-Proposed-Lease-Id:
          - c820a799-76d7-4ee2-6e15-546f19325c2c
        X-Ms-Version:
          - "2020-02-10"
      url: https://azureblobstoragecanada.blob.core.windows.net/gocblobacquirelease/gotestblobblobacquirelease?comp=lease
      method: PUT
    response:
      body: ""
      headers:
        Content-Length:
          - "0"
        Date:
          - Wed, 11 Aug 2021 18:51:08 GMT
        Etag:
          - '"0x8D95CF8FB0D5E68"'
        Last-Modified:
          - Wed, 11 Aug 2021 18:51:08 GMT
        Server:
          - Windows-Azure-Blob/1.0 Microsoft-HTTPAPI/2.0
        X-Ms-Lease-Id:
          - c820a799-76d7-4ee2-6e15-546f19325c2c
        X-Ms-Request-Id:
          - ce1b5046-a01e-0000-42e1-8e36a1000000
        X-Ms-Version:
          - "2020-02-10"
      status: 201 Created
      code: 201
      duration: ""
  - request:
      body: ""
      form: { }
      headers:
        Accept:
          - application/xml
        Authorization:
          - sanitized
        User-Agent:
          - azsdk-go-generated/<version> azsdk-go-generated/<version> azcore/v0.16.2 (go1.15;
            Windows_NT)
        X-Ms-Date:
          - Wed, 11 Aug 2021 18:51:09 GMT
        X-Ms-Lease-Action:
          - release
        X-Ms-Lease-Id:
          - c820a799-76d7-4ee2-6e15-546f19325c2c
        X-Ms-Version:
          - "2020-02-10"
      url: https://azureblobstoragecanada.blob.core.windows.net/gocblobacquirelease/gotestblobblobacquirelease?comp=lease
      method: PUT
    response:
      body: ""
      headers:
        Content-Length:
          - "0"
        Date:
          - Wed, 11 Aug 2021 18:51:08 GMT
        Etag:
          - '"0x8D95CF8FB0D5E68"'
        Last-Modified:
          - Wed, 11 Aug 2021 18:51:08 GMT
        Server:
          - Windows-Azure-Blob/1.0 Microsoft-HTTPAPI/2.0
        X-Ms-Request-Id:
          - ce1b50ff-a01e-0000-1be1-8e36a1000000
        X-Ms-Version:
          - "2020-02-10"
      status: 200 OK
      code: 200
      duration: ""
  - request:
      body: ""
      form: { }
      headers:
        Accept:
          - application/xml
        Authorization:
          - sanitized
        User-Agent:
          - azsdk-go-generated/<version> azsdk-go-generated/<version> azcore/v0.16.2 (go1.15;
            Windows_NT)
        X-Ms-Date:
          - Wed, 11 Aug 2021 18:51:09 GMT
        X-Ms-Version:
          - "2020-02-10"
      url: https://azureblobstoragecanada.blob.core.windows.net/gocblobacquirelease?restype=container
      method: DELETE
    response:
      body: ""
      headers:
        Content-Length:
          - "0"
        Date:
          - Wed, 11 Aug 2021 18:51:08 GMT
        Server:
          - Windows-Azure-Blob/1.0 Microsoft-HTTPAPI/2.0
        X-Ms-Request-Id:
          - ce1b5219-a01e-0000-25e1-8e36a1000000
        X-Ms-Version:
          - "2020-02-10"
      status: 202 Accepted
      code: 202
      duration: ""
