---
version: 1
interactions:
- request:
    body: ""
    form: {}
    headers:
      Accept:
      - application/xml
      Authorization:
      - sanitized
      User-Agent:
      - azsdk-go-azblob/v0.3.0 azsdk-go-azcore/v0.21.0 (go1.16.7; Windows_NT)
      X-Ms-Date:
      - Mon, 07 Feb 2022 06:18:54 GMT
      X-Ms-Version:
      - "2019-12-12"
    url: https://azureblobstoragecanada.blob.core.windows.net/gocblobputblocklistifunmodifiedsincetrue?restype=container
    method: PUT
  response:
    body: ""
    headers:
      Content-Length:
      - "0"
      Date:
      - Mon, 07 Feb 2022 06:18:54 GMT
      Etag:
      - '"0x8D9EA01B7764D72"'
      Last-Modified:
      - Mon, 07 Feb 2022 06:18:54 GMT
      Server:
      - Windows-Azure-Blob/1.0 Microsoft-HTTPAPI/2.0
      X-Ms-Request-Id:
      - 8d830a0e-b01e-004f-7cea-1bfe2c000000
      X-Ms-Version:
      - "2019-12-12"
    status: 201 Created
    code: 201
    duration: ""
- request:
    body: GoBlockBlobData
    form: {}
    headers:
      Accept:
      - application/xml
      Authorization:
      - sanitized
      Content-Length:
      - "15"
      Content-Type:
      - application/octet-stream
      User-Agent:
      - azsdk-go-azblob/v0.3.0 azsdk-go-azcore/v0.21.0 (go1.16.7; Windows_NT)
      X-Ms-Date:
      - Mon, 07 Feb 2022 06:18:54 GMT
      X-Ms-Version:
      - "2019-12-12"
    url: https://azureblobstoragecanada.blob.core.windows.net/gocblobputblocklistifunmodifiedsincetrue/gotestblobblobputblocklistifunmodifiedsincetrue?blockid=AAAAAA%3D%3D&comp=block
    method: PUT
  response:
    body: ""
    headers:
      Content-Length:
      - "0"
      Date:
      - Mon, 07 Feb 2022 06:18:54 GMT
      Server:
      - Windows-Azure-Blob/1.0 Microsoft-HTTPAPI/2.0
      X-Ms-Content-Crc64:
      - +JGsS7CR5kg=
      X-Ms-Request-Id:
      - 8d830ac2-b01e-004f-21ea-1bfe2c000000
      X-Ms-Request-Server-Encrypted:
      - "true"
      X-Ms-Version:
      - "2019-12-12"
    status: 201 Created
    code: 201
    duration: ""
- request:
    body: <BlockList><Latest>AAAAAA==</Latest></BlockList>
    form: {}
    headers:
      Accept:
      - application/xml
      Authorization:
      - sanitized
      Content-Length:
      - "48"
      Content-Type:
      - application/xml
      User-Agent:
      - azsdk-go-azblob/v0.3.0 azsdk-go-azcore/v0.21.0 (go1.16.7; Windows_NT)
      X-Ms-Date:
      - Mon, 07 Feb 2022 06:18:55 GMT
      X-Ms-Version:
      - "2019-12-12"
    url: https://azureblobstoragecanada.blob.core.windows.net/gocblobputblocklistifunmodifiedsincetrue/gotestblobblobputblocklistifunmodifiedsincetrue?comp=blocklist
    method: PUT
  response:
    body: ""
    headers:
      Content-Length:
      - "0"
      Date:
      - Mon, 07 Feb 2022 06:18:54 GMT
      Etag:
      - '"0x8D9EA01B7C1B893"'
      Last-Modified:
      - Mon, 07 Feb 2022 06:18:54 GMT
      Server:
      - Windows-Azure-Blob/1.0 Microsoft-HTTPAPI/2.0
      X-Ms-Content-Crc64:
      - Jl2XwpS4W0o=
      X-Ms-Request-Id:
      - 8d830b7f-b01e-004f-47ea-1bfe2c000000
      X-Ms-Request-Server-Encrypted:
      - "true"
      X-Ms-Version:
      - "2019-12-12"
      X-Ms-Version-Id:
      - "2022-02-07T06:18:54.8428947Z"
    status: 201 Created
    code: 201
    duration: ""
- request:
    body: <BlockList><Latest>AAAAAA==</Latest></BlockList>
    form: {}
    headers:
      Accept:
      - application/xml
      Authorization:
      - sanitized
      Content-Length:
      - "48"
      Content-Type:
      - application/xml
      If-Unmodified-Since:
      - Mon, 07 Feb 2022 06:19:04 GMT
      User-Agent:
      - azsdk-go-azblob/v0.3.0 azsdk-go-azcore/v0.21.0 (go1.16.7; Windows_NT)
      X-Ms-Date:
      - Mon, 07 Feb 2022 06:18:55 GMT
      X-Ms-Version:
      - "2019-12-12"
    url: https://azureblobstoragecanada.blob.core.windows.net/gocblobputblocklistifunmodifiedsincetrue/gotestblobblobputblocklistifunmodifiedsincetrue?comp=blocklist
    method: PUT
  response:
    body: ""
    headers:
      Content-Length:
      - "0"
      Date:
      - Mon, 07 Feb 2022 06:18:54 GMT
      Etag:
      - '"0x8D9EA01B7E6A050"'
      Last-Modified:
      - Mon, 07 Feb 2022 06:18:55 GMT
      Server:
      - Windows-Azure-Blob/1.0 Microsoft-HTTPAPI/2.0
      X-Ms-Content-Crc64:
      - Jl2XwpS4W0o=
      X-Ms-Request-Id:
      - 8d830c3e-b01e-004f-69ea-1bfe2c000000
      X-Ms-Request-Server-Encrypted:
      - "true"
      X-Ms-Version:
      - "2019-12-12"
      X-Ms-Version-Id:
      - "2022-02-07T06:18:55.0857568Z"
    status: 201 Created
    code: 201
    duration: ""
- request:
    body: ""
    form: {}
    headers:
      Accept:
      - application/xml
      Authorization:
      - sanitized
      User-Agent:
      - azsdk-go-azblob/v0.3.0 azsdk-go-azcore/v0.21.0 (go1.16.7; Windows_NT)
      X-Ms-Date:
      - Mon, 07 Feb 2022 06:18:55 GMT
      X-Ms-Version:
      - "2019-12-12"
    url: https://azureblobstoragecanada.blob.core.windows.net/gocblobputblocklistifunmodifiedsincetrue/gotestblobblobputblocklistifunmodifiedsincetrue?blocklisttype=all&comp=blocklist
    method: GET
  response:
    body: "\uFEFF\x3C\x3F\x78\x6D\x6C\x20\x76\x65\x72\x73\x69\x6F\x6E\x3D\"\x31\x2E\x30\"\x20\x65\x6E\x63\x6F\x64\x69\x6E\x67\x3D\"\x75\x74\x66\x2D\x38\"\x3F\x3E\x3C\x42\x6C\x6F\x63\x6B\x4C\x69\x73\x74\x3E\x3C\x43\x6F\x6D\x6D\x69\x74\x74\x65\x64\x42\x6C\x6F\x63\x6B\x73\x3E\x3C\x42\x6C\x6F\x63\x6B\x3E\x3C\x4E\x61\x6D\x65\x3E\x41\x41\x41\x41\x41\x41\x3D\x3D\x3C\x2F\x4E\x61\x6D\x65\x3E\x3C\x53\x69\x7A\x65\x3E\x31\x35\x3C\x2F\x53\x69\x7A\x65\x3E\x3C\x2F\x42\x6C\x6F\x63\x6B\x3E\x3C\x2F\x43\x6F\x6D\x6D\x69\x74\x74\x65\x64\x42\x6C\x6F\x63\x6B\x73\x3E\x3C\x55\x6E\x63\x6F\x6D\x6D\x69\x74\x74\x65\x64\x42\x6C\x6F\x63\x6B\x73\x20\x2F\x3E\x3C\x2F\x42\x6C\x6F\x63\x6B\x4C\x69\x73\x74\x3E"
    headers:
      Content-Type:
      - application/xml
      Date:
      - Mon, 07 Feb 2022 06:18:55 GMT
      Etag:
      - '"0x8D9EA01B7E6A050"'
      Last-Modified:
      - Mon, 07 Feb 2022 06:18:55 GMT
      Server:
      - Windows-Azure-Blob/1.0 Microsoft-HTTPAPI/2.0
      X-Ms-Blob-Content-Length:
      - "15"
      X-Ms-Request-Id:
      - 8d830cd8-b01e-004f-74ea-1bfe2c000000
      X-Ms-Version:
      - "2019-12-12"
    status: 200 OK
    code: 200
    duration: ""
- request:
    body: ""
    form: {}
    headers:
      Accept:
      - application/xml
      Authorization:
      - sanitized
      User-Agent:
      - azsdk-go-azblob/v0.3.0 azsdk-go-azcore/v0.21.0 (go1.16.7; Windows_NT)
      X-Ms-Date:
      - Mon, 07 Feb 2022 06:18:55 GMT
      X-Ms-Version:
      - "2019-12-12"
    url: https://azureblobstoragecanada.blob.core.windows.net/gocblobputblocklistifunmodifiedsincetrue?restype=container
    method: DELETE
  response:
    body: ""
    headers:
      Content-Length:
      - "0"
      Date:
      - Mon, 07 Feb 2022 06:18:55 GMT
      Server:
      - Windows-Azure-Blob/1.0 Microsoft-HTTPAPI/2.0
      X-Ms-Request-Id:
      - 8d830d5c-b01e-004f-6cea-1bfe2c000000
      X-Ms-Version:
      - "2019-12-12"
    status: 202 Accepted
    code: 202
    duration: ""
