---
version: 1
interactions:
- request:
    body: ""
    form: {}
    headers:
      Accept:
      - application/xml
      Authorization:
      - sanitized
      User-Agent:
      - azsdk-go-azblob/v0.1.0 azsdk-go-azcore/v0.19.0 (go1.16.7; Windows_NT)
      X-Ms-Date:
      - Sat, 11 Sep 2021 08:51:42 GMT
      X-Ms-Version:
      - "2019-12-12"
    url: https://azureblobstoragecanada.blob.core.windows.net/goccontainergetpropertiesandmetadatanometadata?restype=container
    method: PUT
  response:
    body: ""
    headers:
      Content-Length:
      - "0"
      Date:
      - Sat, 11 Sep 2021 08:51:41 GMT
      Etag:
      - '"0x8D97501609A348D"'
      Last-Modified:
      - Sat, 11 Sep 2021 08:51:42 GMT
      Server:
      - Windows-Azure-Blob/1.0 Microsoft-HTTPAPI/2.0
      X-Ms-Request-Id:
      - ea5473fa-701e-002b-5cea-a64219000000
      X-Ms-Version:
      - "2019-12-12"
    status: 201 Created
    code: 201
    duration: ""
- request:
    body: ""
    form: {}
    headers:
      Accept:
      - application/xml
      Authorization:
      - sanitized
      User-Agent:
      - azsdk-go-azblob/v0.1.0 azsdk-go-azcore/v0.19.0 (go1.16.7; Windows_NT)
      X-Ms-Date:
      - Sat, 11 Sep 2021 08:51:42 GMT
      X-Ms-Version:
      - "2019-12-12"
    url: https://azureblobstoragecanada.blob.core.windows.net/goccontainergetpropertiesandmetadatanometadata?restype=container
    method: GET
  response:
    body: ""
    headers:
      Content-Length:
      - "0"
      Date:
      - Sat, 11 Sep 2021 08:51:42 GMT
      Etag:
      - '"0x8D97501609A348D"'
      Last-Modified:
      - Sat, 11 Sep 2021 08:51:42 GMT
      Server:
      - Windows-Azure-Blob/1.0 Microsoft-HTTPAPI/2.0
      X-Ms-Default-Encryption-Scope:
      - $account-encryption-key
      X-Ms-Deny-Encryption-Scope-Override:
      - "false"
      X-Ms-Has-Immutability-Policy:
      - "false"
      X-Ms-Has-Legal-Hold:
      - "false"
      X-Ms-Lease-State:
      - available
      X-Ms-Lease-Status:
      - unlocked
      X-Ms-Request-Id:
      - ea547490-701e-002b-61ea-a64219000000
      X-Ms-Version:
      - "2019-12-12"
    status: 200 OK
    code: 200
    duration: ""
- request:
    body: ""
    form: {}
    headers:
      Accept:
      - application/xml
      Authorization:
      - sanitized
      User-Agent:
      - azsdk-go-azblob/v0.1.0 azsdk-go-azcore/v0.19.0 (go1.16.7; Windows_NT)
      X-Ms-Date:
      - Sat, 11 Sep 2021 08:51:43 GMT
      X-Ms-Version:
      - "2019-12-12"
    url: https://azureblobstoragecanada.blob.core.windows.net/goccontainergetpropertiesandmetadatanometadata?restype=container
    method: DELETE
  response:
    body: ""
    headers:
      Content-Length:
      - "0"
      Date:
      - Sat, 11 Sep 2021 08:51:42 GMT
      Server:
      - Windows-Azure-Blob/1.0 Microsoft-HTTPAPI/2.0
      X-Ms-Request-Id:
      - ea5474fb-701e-002b-3eea-a64219000000
      X-Ms-Version:
      - "2019-12-12"
    status: 202 Accepted
    code: 202
    duration: ""
