---
version: 1
interactions:
- request:
    body: ""
    form: {}
    headers:
      Accept:
      - application/xml
      Authorization:
      - sanitized
      User-Agent:
      - azsdk-go-azblob/v0.3.0 azsdk-go-azcore/v0.21.0 (go1.16.7; Windows_NT)
      X-Ms-Date:
      - Mon, 07 Feb 2022 06:18:19 GMT
      X-Ms-Version:
      - "2019-12-12"
    url: https://azureblobstoragecanada.blob.core.windows.net/gocblobgetpropsandmetadataifnonematchfalse?restype=container
    method: PUT
  response:
    body: ""
    headers:
      Content-Length:
      - "0"
      Date:
      - Mon, 07 Feb 2022 06:18:18 GMT
      Etag:
      - '"0x8D9EA01A275E8B6"'
      Last-Modified:
      - Mon, 07 Feb 2022 06:18:19 GMT
      Server:
      - Windows-Azure-Blob/1.0 Microsoft-HTTPAPI/2.0
      X-Ms-Request-Id:
      - 8d829d26-b01e-004f-41ea-1bfe2c000000
      X-Ms-Version:
      - "2019-12-12"
    status: 201 Created
    code: 201
    duration: ""
- request:
    body: GoBlockBlobData
    form: {}
    headers:
      Accept:
      - application/xml
      Authorization:
      - sanitized
      Content-Length:
      - "15"
      Content-Type:
      - application/octet-stream
      User-Agent:
      - azsdk-go-azblob/v0.3.0 azsdk-go-azcore/v0.21.0 (go1.16.7; Windows_NT)
      X-Ms-Blob-Type:
      - BlockBlob
      X-Ms-Date:
      - Mon, 07 Feb 2022 06:18:19 GMT
      X-Ms-Version:
      - "2019-12-12"
    url: https://azureblobstoragecanada.blob.core.windows.net/gocblobgetpropsandmetadataifnonematchfalse/gotestblobblobgetpropsandmetadataifnonematchfalse
    method: PUT
  response:
    body: ""
    headers:
      Content-Length:
      - "0"
      Content-Md5:
      - ebncwguMQu9sgPmr0GazhA==
      Date:
      - Mon, 07 Feb 2022 06:18:19 GMT
      Etag:
      - '"0x8D9EA01A29CB32F"'
      Last-Modified:
      - Mon, 07 Feb 2022 06:18:19 GMT
      Server:
      - Windows-Azure-Blob/1.0 Microsoft-HTTPAPI/2.0
      X-Ms-Content-Crc64:
      - +JGsS7CR5kg=
      X-Ms-Request-Id:
      - 8d829e29-b01e-004f-36ea-1bfe2c000000
      X-Ms-Request-Server-Encrypted:
      - "true"
      X-Ms-Version:
      - "2019-12-12"
      X-Ms-Version-Id:
      - "2022-02-07T06:18:19.3681199Z"
    status: 201 Created
    code: 201
    duration: ""
- request:
    body: ""
    form: {}
    headers:
      Accept:
      - application/xml
      Authorization:
      - sanitized
      User-Agent:
      - azsdk-go-azblob/v0.3.0 azsdk-go-azcore/v0.21.0 (go1.16.7; Windows_NT)
      X-Ms-Date:
      - Mon, 07 Feb 2022 06:18:19 GMT
      X-Ms-Version:
      - "2019-12-12"
    url: https://azureblobstoragecanada.blob.core.windows.net/gocblobgetpropsandmetadataifnonematchfalse/gotestblobblobgetpropsandmetadataifnonematchfalse?comp=metadata
    method: PUT
  response:
    body: ""
    headers:
      Content-Length:
      - "0"
      Date:
      - Mon, 07 Feb 2022 06:18:19 GMT
      Etag:
      - '"0x8D9EA01A2C19AF4"'
      Last-Modified:
      - Mon, 07 Feb 2022 06:18:19 GMT
      Server:
      - Windows-Azure-Blob/1.0 Microsoft-HTTPAPI/2.0
      X-Ms-Request-Id:
      - 8d829ef5-b01e-004f-71ea-1bfe2c000000
      X-Ms-Request-Server-Encrypted:
      - "true"
      X-Ms-Version:
      - "2019-12-12"
      X-Ms-Version-Id:
      - "2022-02-07T06:18:19.6109828Z"
    status: 200 OK
    code: 200
    duration: ""
- request:
    body: ""
    form: {}
    headers:
      Accept:
      - application/xml
      Authorization:
      - sanitized
      If-None-Match:
      - '"0x8D9EA01A2C19AF4"'
      User-Agent:
      - azsdk-go-azblob/v0.3.0 azsdk-go-azcore/v0.21.0 (go1.16.7; Windows_NT)
      X-Ms-Date:
      - Mon, 07 Feb 2022 06:18:20 GMT
      X-Ms-Version:
      - "2019-12-12"
    url: https://azureblobstoragecanada.blob.core.windows.net/gocblobgetpropsandmetadataifnonematchfalse/gotestblobblobgetpropsandmetadataifnonematchfalse
    method: HEAD
  response:
    body: ""
    headers:
      Content-Length:
      - "0"
      Date:
      - Mon, 07 Feb 2022 06:18:19 GMT
      Server:
      - Windows-Azure-Blob/1.0 Microsoft-HTTPAPI/2.0
      X-Ms-Error-Code:
      - ConditionNotMet
      X-Ms-Request-Id:
      - 8d829f89-b01e-004f-79ea-1bfe2c000000
      X-Ms-Version:
      - "2019-12-12"
    status: 304 The condition specified using HTTP conditional header(s) is not met.
    code: 304
    duration: ""
- request:
    body: ""
    form: {}
    headers:
      Accept:
      - application/xml
      Authorization:
      - sanitized
      User-Agent:
      - azsdk-go-azblob/v0.3.0 azsdk-go-azcore/v0.21.0 (go1.16.7; Windows_NT)
      X-Ms-Date:
      - Mon, 07 Feb 2022 06:18:20 GMT
      X-Ms-Version:
      - "2019-12-12"
    url: https://azureblobstoragecanada.blob.core.windows.net/gocblobgetpropsandmetadataifnonematchfalse?restype=container
    method: DELETE
  response:
    body: ""
    headers:
      Content-Length:
      - "0"
      Date:
      - Mon, 07 Feb 2022 06:18:20 GMT
      Server:
      - Windows-Azure-Blob/1.0 Microsoft-HTTPAPI/2.0
      X-Ms-Request-Id:
      - 8d82a06a-b01e-004f-48ea-1bfe2c000000
      X-Ms-Version:
      - "2019-12-12"
    status: 202 Accepted
    code: 202
    duration: ""
