---
version: 1
interactions:
- request:
    body: ""
    form: {}
    headers:
      Accept:
      - application/xml
      Authorization:
      - sanitized
      User-Agent:
      - azsdk-go-generated/<version> azsdk-go-generated/<version> azcore/v0.13.4 (go1.15;
        Windows_NT)
      X-Ms-Date:
      - Thu, 17 Jun 2021 17:53:26 GMT
      X-Ms-Version:
      - "2019-12-12"
    url: https://azureblobstoragecanada.blob.core.windows.net/gocblobstartcopymetadatanil?restype=container
    method: PUT
  response:
    body: ""
    headers:
      Content-Length:
      - "0"
      Date:
      - Thu, 17 Jun 2021 17:53:25 GMT
      Etag:
      - '"0x8D931B8CE63A5DF"'
      Last-Modified:
      - Thu, 17 Jun 2021 17:53:25 GMT
      Server:
      - Windows-Azure-Blob/1.0 Microsoft-HTTPAPI/2.0
      X-Ms-Request-Id:
      - b54ac8f4-f01e-0018-08a1-631b34000000
      X-Ms-Version:
      - "2019-12-12"
    status: 201 Created
    code: 201
    duration: ""
- request:
    body: GoBlockBlobData
    form: {}
    headers:
      Accept:
      - application/xml
      Authorization:
      - sanitized
      Content-Length:
      - "15"
      Content-Type:
      - application/octet-stream
      User-Agent:
      - azsdk-go-generated/<version> azsdk-go-generated/<version> azcore/v0.13.4 (go1.15;
        Windows_NT)
      X-Ms-Blob-Type:
      - BlockBlob
      X-Ms-Date:
      - Thu, 17 Jun 2021 17:53:26 GMT
      X-Ms-Version:
      - "2019-12-12"
    url: https://azureblobstoragecanada.blob.core.windows.net/gocblobstartcopymetadatanil/gotestblobblobstartcopymetadatanil
    method: PUT
  response:
    body: ""
    headers:
      Content-Length:
      - "0"
      Content-Md5:
      - ebncwguMQu9sgPmr0GazhA==
      Date:
      - Thu, 17 Jun 2021 17:53:25 GMT
      Etag:
      - '"0x8D931B8CE8B43F0"'
      Last-Modified:
      - Thu, 17 Jun 2021 17:53:25 GMT
      Server:
      - Windows-Azure-Blob/1.0 Microsoft-HTTPAPI/2.0
      X-Ms-Content-Crc64:
      - +JGsS7CR5kg=
      X-Ms-Request-Id:
      - b54ac9b4-f01e-0018-32a1-631b34000000
      X-Ms-Request-Server-Encrypted:
      - "true"
      X-Ms-Version:
      - "2019-12-12"
      X-Ms-Version-Id:
      - "2021-06-17T17:53:25.8612720Z"
    status: 201 Created
    code: 201
    duration: ""
- request:
    body: data
    form: {}
    headers:
      Accept:
      - application/xml
      Authorization:
      - sanitized
      Content-Length:
      - "4"
      Content-Type:
      - application/octet-stream
      User-Agent:
      - azsdk-go-generated/<version> azsdk-go-generated/<version> azcore/v0.13.4 (go1.15;
        Windows_NT)
      X-Ms-Blob-Type:
      - BlockBlob
      X-Ms-Date:
      - Thu, 17 Jun 2021 17:53:26 GMT
      X-Ms-Version:
      - "2019-12-12"
    url: https://azureblobstoragecanada.blob.core.windows.net/gocblobstartcopymetadatanil/copygotestblobblobstartcopymetadatanil
    method: PUT
  response:
    body: ""
    headers:
      Content-Length:
      - "0"
      Content-Md5:
      - jXd/OF09/siBXSD3SWAm3A==
      Date:
      - Thu, 17 Jun 2021 17:53:25 GMT
      Etag:
      - '"0x8D931B8CEAFC3AE"'
      Last-Modified:
      - Thu, 17 Jun 2021 17:53:26 GMT
      Server:
      - Windows-Azure-Blob/1.0 Microsoft-HTTPAPI/2.0
      X-Ms-Content-Crc64:
      - gCf8jkNhru0=
      X-Ms-Request-Id:
      - b54aca3d-f01e-0018-29a1-631b34000000
      X-Ms-Request-Server-Encrypted:
      - "true"
      X-Ms-Version:
      - "2019-12-12"
      X-Ms-Version-Id:
      - "2021-06-17T17:53:26.1004718Z"
    status: 201 Created
    code: 201
    duration: ""
- request:
    body: ""
    form: {}
    headers:
      Accept:
      - application/xml
      Authorization:
      - sanitized
      User-Agent:
      - azsdk-go-generated/<version> azsdk-go-generated/<version> azcore/v0.13.4 (go1.15;
        Windows_NT)
      X-Ms-Copy-Source:
      - https://azureblobstoragecanada.blob.core.windows.net/gocblobstartcopymetadatanil/gotestblobblobstartcopymetadatanil
      X-Ms-Date:
      - Thu, 17 Jun 2021 17:53:26 GMT
      X-Ms-Version:
      - "2019-12-12"
    url: https://azureblobstoragecanada.blob.core.windows.net/gocblobstartcopymetadatanil/copygotestblobblobstartcopymetadatanil
    method: PUT
  response:
    body: ""
    headers:
      Content-Length:
      - "0"
      Date:
      - Thu, 17 Jun 2021 17:53:26 GMT
      Etag:
      - '"0x8D931B8CED5551F"'
      Last-Modified:
      - Thu, 17 Jun 2021 17:53:26 GMT
      Server:
      - Windows-Azure-Blob/1.0 Microsoft-HTTPAPI/2.0
      X-Ms-Copy-Id:
      - 26428827-b148-4459-9f19-442744fe0afd
      X-Ms-Copy-Status:
      - success
      X-Ms-Request-Id:
      - b54acab6-f01e-0018-12a1-631b34000000
      X-Ms-Version:
      - "2019-12-12"
      X-Ms-Version-Id:
      - "2021-06-17T17:53:26.3486787Z"
    status: 202 Accepted
    code: 202
    duration: ""
- request:
    body: ""
    form: {}
    headers:
      Accept:
      - application/xml
      Authorization:
      - sanitized
      User-Agent:
      - azsdk-go-generated/<version> azsdk-go-generated/<version> azcore/v0.13.4 (go1.15;
        Windows_NT)
      X-Ms-Date:
      - Thu, 17 Jun 2021 17:53:27 GMT
      X-Ms-Version:
      - "2019-12-12"
    url: https://azureblobstoragecanada.blob.core.windows.net/gocblobstartcopymetadatanil/copygotestblobblobstartcopymetadatanil
    method: HEAD
  response:
    body: ""
    headers:
      Accept-Ranges:
      - bytes
      Content-Length:
      - "15"
      Content-Md5:
      - ebncwguMQu9sgPmr0GazhA==
      Content-Type:
      - application/octet-stream
      Date:
      - Thu, 17 Jun 2021 17:53:26 GMT
      Etag:
      - '"0x8D931B8CED5551F"'
      Last-Modified:
      - Thu, 17 Jun 2021 17:53:26 GMT
      Server:
      - Windows-Azure-Blob/1.0 Microsoft-HTTPAPI/2.0
      X-Ms-Access-Tier:
      - Hot
      X-Ms-Access-Tier-Inferred:
      - "true"
      X-Ms-Blob-Type:
      - BlockBlob
      X-Ms-Copy-Completion-Time:
      - Thu, 17 Jun 2021 17:53:26 GMT
      X-Ms-Copy-Id:
      - 26428827-b148-4459-9f19-442744fe0afd
      X-Ms-Copy-Progress:
      - 15/15
      X-Ms-Copy-Source:
      - https://azureblobstoragecanada.blob.core.windows.net/gocblobstartcopymetadatanil/gotestblobblobstartcopymetadatanil
      X-Ms-Copy-Status:
      - success
      X-Ms-Creation-Time:
      - Thu, 17 Jun 2021 17:53:26 GMT
      X-Ms-Is-Current-Version:
      - "true"
      X-Ms-Lease-State:
      - available
      X-Ms-Lease-Status:
      - unlocked
      X-Ms-Request-Id:
      - b54acb37-f01e-0018-08a1-631b34000000
      X-Ms-Server-Encrypted:
      - "true"
      X-Ms-Version:
      - "2019-12-12"
      X-Ms-Version-Id:
      - "2021-06-17T17:53:26.3486787Z"
    status: 200 OK
    code: 200
    duration: ""
- request:
    body: ""
    form: {}
    headers:
      Accept:
      - application/xml
      Authorization:
      - sanitized
      User-Agent:
      - azsdk-go-generated/<version> azsdk-go-generated/<version> azcore/v0.13.4 (go1.15;
        Windows_NT)
      X-Ms-Date:
      - Thu, 17 Jun 2021 17:53:27 GMT
      X-Ms-Version:
      - "2019-12-12"
    url: https://azureblobstoragecanada.blob.core.windows.net/gocblobstartcopymetadatanil?restype=container
    method: DELETE
  response:
    body: ""
    headers:
      Content-Length:
      - "0"
      Date:
      - Thu, 17 Jun 2021 17:53:26 GMT
      Server:
      - Windows-Azure-Blob/1.0 Microsoft-HTTPAPI/2.0
      X-Ms-Request-Id:
      - b54acbba-f01e-0018-68a1-631b34000000
      X-Ms-Version:
      - "2019-12-12"
    status: 202 Accepted
    code: 202
    duration: ""
