---
version: 1
interactions:
- request:
    body: ""
    form: {}
    headers:
      Accept:
      - application/xml
      Authorization:
      - sanitized
      User-Agent:
      - azsdk-go-azblob/v0.3.0 azsdk-go-azcore/v0.22.0 (go1.16.14; Windows_NT)
      X-Ms-Date:
      - Thu, 07 Apr 2022 12:17:42 GMT
      X-Ms-Version:
      - "2020-10-02"
    url: https://azureblobstoragecanada.blob.core.windows.net/gocblobclearpagesifmatchtrue?restype=container
    method: PUT
  response:
    body: ""
    headers:
      Content-Length:
      - "0"
      Date:
      - Thu, 07 Apr 2022 12:17:42 GMT
      Etag:
      - '"0x8DA18909DDBFAFB"'
      Last-Modified:
      - Thu, 07 Apr 2022 12:17:42 GMT
      Server:
      - Windows-Azure-Blob/1.0 Microsoft-HTTPAPI/2.0
      X-Ms-Request-Id:
      - c0f88b95-d01e-003b-3179-4acadc000000
      X-Ms-Version:
      - "2020-10-02"
    status: 201 Created
    code: 201
    duration: ""
- request:
    body: ""
    form: {}
    headers:
      Accept:
      - application/xml
      Authorization:
      - sanitized
      Content-Length:
      - "0"
      User-Agent:
      - azsdk-go-azblob/v0.3.0 azsdk-go-azcore/v0.22.0 (go1.16.14; Windows_NT)
      X-Ms-Blob-Content-Length:
      - "5120"
      X-Ms-Blob-Type:
      - PageBlob
      X-Ms-Date:
      - Thu, 07 Apr 2022 12:17:42 GMT
      X-Ms-Version:
      - "2020-10-02"
    url: https://azureblobstoragecanada.blob.core.windows.net/gocblobclearpagesifmatchtrue/gotestblobblobclearpagesifmatchtrue
    method: PUT
  response:
    body: ""
    headers:
      Content-Length:
      - "0"
      Date:
      - Thu, 07 Apr 2022 12:17:42 GMT
      Etag:
      - '"0x8DA18909E13CF3D"'
      Last-Modified:
      - Thu, 07 Apr 2022 12:17:43 GMT
      Server:
      - Windows-Azure-Blob/1.0 Microsoft-HTTPAPI/2.0
      X-Ms-Request-Id:
      - c0f88c0f-d01e-003b-1879-4acadc000000
      X-Ms-Request-Server-Encrypted:
      - "true"
      X-Ms-Version:
      - "2020-10-02"
      X-Ms-Version-Id:
      - "2022-04-07T12:17:43.2802109Z"
    status: 201 Created
    code: 201
    duration: ""
- request:
    body: 2SDgZj6RkKYzJpu04sweQek4uWHO8ndPnYlZ0tnFS61hjnFZ5IkvIGGY44eKABov2SDgZj6RkKYzJpu04sweQek4uWHO8ndPnYlZ0tnFS61hjnFZ5IkvIGGY44eKABov2SDgZj6RkKYzJpu04sweQek4uWHO8ndPnYlZ0tnFS61hjnFZ5IkvIGGY44eKABov2SDgZj6RkKYzJpu04sweQek4uWHO8ndPnYlZ0tnFS61hjnFZ5IkvIGGY44eKABov2SDgZj6RkKYzJpu04sweQek4uWHO8ndPnYlZ0tnFS61hjnFZ5IkvIGGY44eKABov2SDgZj6RkKYzJpu04sweQek4uWHO8ndPnYlZ0tnFS61hjnFZ5IkvIGGY44eKABov2SDgZj6RkKYzJpu04sweQek4uWHO8ndPnYlZ0tnFS61hjnFZ5IkvIGGY44eKABov2SDgZj6RkKYzJpu04sweQek4uWHO8ndPnYlZ0tnFS61hjnFZ5IkvIGGY44eKABov
    form: {}
    headers:
      Accept:
      - application/xml
      Authorization:
      - sanitized
      Content-Length:
      - "512"
      Content-Type:
      - application/octet-stream
      User-Agent:
      - azsdk-go-azblob/v0.3.0 azsdk-go-azcore/v0.22.0 (go1.16.14; Windows_NT)
      X-Ms-Date:
      - Thu, 07 Apr 2022 12:17:42 GMT
      X-Ms-Page-Write:
      - update
      X-Ms-Range:
      - bytes=0-511
      X-Ms-Version:
      - "2020-10-02"
    url: https://azureblobstoragecanada.blob.core.windows.net/gocblobclearpagesifmatchtrue/gotestblobblobclearpagesifmatchtrue?comp=page
    method: PUT
  response:
    body: ""
    headers:
      Content-Length:
      - "0"
      Date:
      - Thu, 07 Apr 2022 12:17:43 GMT
      Etag:
      - '"0x8DA18909E51B9A1"'
      Last-Modified:
      - Thu, 07 Apr 2022 12:17:43 GMT
      Server:
      - Windows-Azure-Blob/1.0 Microsoft-HTTPAPI/2.0
      X-Ms-Blob-Sequence-Number:
      - "0"
      X-Ms-Content-Crc64:
      - qaHtT3LwL1s=
      X-Ms-Request-Id:
      - c0f88cbe-d01e-003b-2c79-4acadc000000
      X-Ms-Request-Server-Encrypted:
      - "true"
      X-Ms-Version:
      - "2020-10-02"
    status: 201 Created
    code: 201
    duration: ""
- request:
    body: ""
    form: {}
    headers:
      Accept:
      - application/xml
      Authorization:
      - sanitized
      User-Agent:
      - azsdk-go-azblob/v0.3.0 azsdk-go-azcore/v0.22.0 (go1.16.14; Windows_NT)
      X-Ms-Date:
      - Thu, 07 Apr 2022 12:17:43 GMT
      X-Ms-Version:
      - "2020-10-02"
    url: https://azureblobstoragecanada.blob.core.windows.net/gocblobclearpagesifmatchtrue/gotestblobblobclearpagesifmatchtrue
    method: HEAD
  response:
    body: ""
    headers:
      Accept-Ranges:
      - bytes
      Content-Length:
      - "5120"
      Content-Type:
      - application/octet-stream
      Date:
      - Thu, 07 Apr 2022 12:17:43 GMT
      Etag:
      - '"0x8DA18909E51B9A1"'
      Last-Modified:
      - Thu, 07 Apr 2022 12:17:43 GMT
      Server:
      - Windows-Azure-Blob/1.0 Microsoft-HTTPAPI/2.0
      X-Ms-Blob-Sequence-Number:
      - "0"
      X-Ms-Blob-Type:
      - PageBlob
      X-Ms-Creation-Time:
      - Thu, 07 Apr 2022 12:17:43 GMT
      X-Ms-Is-Current-Version:
      - "true"
      X-Ms-Lease-State:
      - available
      X-Ms-Lease-Status:
      - unlocked
      X-Ms-Request-Id:
      - c0f88dbc-d01e-003b-0e79-4acadc000000
      X-Ms-Server-Encrypted:
      - "true"
      X-Ms-Version:
      - "2020-10-02"
      X-Ms-Version-Id:
      - "2022-04-07T12:17:43.2802109Z"
    status: 200 OK
    code: 200
    duration: ""
- request:
    body: ""
    form: {}
    headers:
      Accept:
      - application/xml
      Authorization:
      - sanitized
      Content-Length:
      - "0"
      If-Match:
      - '"0x8DA18909E51B9A1"'
      User-Agent:
      - azsdk-go-azblob/v0.3.0 azsdk-go-azcore/v0.22.0 (go1.16.14; Windows_NT)
      X-Ms-Date:
      - Thu, 07 Apr 2022 12:17:43 GMT
      X-Ms-Page-Write:
      - clear
      X-Ms-Range:
      - bytes=0-511
      X-Ms-Version:
      - "2020-10-02"
    url: https://azureblobstoragecanada.blob.core.windows.net/gocblobclearpagesifmatchtrue/gotestblobblobclearpagesifmatchtrue?comp=page
    method: PUT
  response:
    body: ""
    headers:
      Content-Length:
      - "0"
      Date:
      - Thu, 07 Apr 2022 12:17:43 GMT
      Etag:
      - '"0x8DA18909EBA5756"'
      Last-Modified:
      - Thu, 07 Apr 2022 12:17:44 GMT
      Server:
      - Windows-Azure-Blob/1.0 Microsoft-HTTPAPI/2.0
      X-Ms-Blob-Sequence-Number:
      - "0"
      X-Ms-Request-Id:
      - c0f88e53-d01e-003b-0e79-4acadc000000
      X-Ms-Version:
      - "2020-10-02"
    status: 201 Created
    code: 201
    duration: ""
- request:
    body: ""
    form: {}
    headers:
      Accept:
      - application/xml
      Authorization:
      - sanitized
      User-Agent:
      - azsdk-go-azblob/v0.3.0 azsdk-go-azcore/v0.22.0 (go1.16.14; Windows_NT)
      X-Ms-Date:
      - Thu, 07 Apr 2022 12:17:43 GMT
      X-Ms-Version:
      - "2020-10-02"
    url: https://azureblobstoragecanada.blob.core.windows.net/gocblobclearpagesifmatchtrue/gotestblobblobclearpagesifmatchtrue?comp=pagelist
    method: GET
  response:
    body: "\uFEFF\x3C\x3F\x78\x6D\x6C\x20\x76\x65\x72\x73\x69\x6F\x6E\x3D\"\x31\x2E\x30\"\x20\x65\x6E\x63\x6F\x64\x69\x6E\x67\x3D\"\x75\x74\x66\x2D\x38\"\x3F\x3E\n\x3C\x50\x61\x67\x65\x4C\x69\x73\x74\x2F\x3E"
    headers:
      Content-Type:
      - application/xml
      Date:
      - Thu, 07 Apr 2022 12:17:44 GMT
      Etag:
      - '"0x8DA18909EBA5756"'
      Last-Modified:
      - Thu, 07 Apr 2022 12:17:44 GMT
      Server:
      - Windows-Azure-Blob/1.0 Microsoft-HTTPAPI/2.0
      X-Ms-Blob-Content-Length:
      - "5120"
      X-Ms-Request-Id:
      - c0f88f6b-d01e-003b-0679-4acadc000000
      X-Ms-Version:
      - "2020-10-02"
    status: 200 OK
    code: 200
    duration: ""
- request:
    body: ""
    form: {}
    headers:
      Accept:
      - application/xml
      Authorization:
      - sanitized
      User-Agent:
      - azsdk-go-azblob/v0.3.0 azsdk-go-azcore/v0.22.0 (go1.16.14; Windows_NT)
      X-Ms-Date:
      - Thu, 07 Apr 2022 12:17:44 GMT
      X-Ms-Version:
      - "2020-10-02"
    url: https://azureblobstoragecanada.blob.core.windows.net/gocblobclearpagesifmatchtrue?restype=container
    method: DELETE
  response:
    body: ""
    headers:
      Content-Length:
      - "0"
      Date:
      - Thu, 07 Apr 2022 12:17:44 GMT
      Server:
      - Windows-Azure-Blob/1.0 Microsoft-HTTPAPI/2.0
      X-Ms-Request-Id:
      - c0f89077-d01e-003b-7879-4acadc000000
      X-Ms-Version:
      - "2020-10-02"
    status: 202 Accepted
    code: 202
    duration: ""
