---
version: 1
interactions:
  - request:
      body: ""
      form: { }
      headers:
        Accept:
          - application/xml
        Authorization:
          - sanitized
        User-Agent:
          - azsdk-go-generated/<version> azsdk-go-generated/<version> azcore/v0.16.2 (go1.15;
            Windows_NT)
        X-Ms-Date:
          - Wed, 11 Aug 2021 18:51:03 GMT
        X-Ms-Version:
          - "2020-02-10"
      url: https://azureblobstoragecanada.blob.core.windows.net/gocappendblockwithcpk?restype=container
      method: PUT
    response:
      body: ""
      headers:
        Content-Length:
          - "0"
        Date:
          - Wed, 11 Aug 2021 18:51:02 GMT
        Etag:
          - '"0x8D95CF8F7A1A7C0"'
        Last-Modified:
          - Wed, 11 Aug 2021 18:51:02 GMT
        Server:
          - Windows-Azure-Blob/1.0 Microsoft-HTTPAPI/2.0
        X-Ms-Request-Id:
          - ce1b38d9-a01e-0000-01e1-8e36a1000000
        X-Ms-Version:
          - "2020-02-10"
      status: 201 Created
      code: 201
      duration: ""
  - request:
      body: ""
      form: { }
      headers:
        Accept:
          - application/xml
        Authorization:
          - sanitized
        Content-Length:
          - "0"
        User-Agent:
          - azsdk-go-generated/<version> azsdk-go-generated/<version> azcore/v0.16.2 (go1.15;
            Windows_NT)
        X-Ms-Blob-Type:
          - AppendBlob
        X-Ms-Date:
          - Wed, 11 Aug 2021 18:51:03 GMT
        X-Ms-Encryption-Algorithm:
          - AES256
        X-Ms-Encryption-Key:
          - MDEyMzQ1NjcwMTIzNDU2NzAxMjM0NTY3MDEyMzQ1Njc=
        X-Ms-Encryption-Key-Sha256:
          - 3QFFFpRA5+XANHqwwbT4yXDmrT/2JaLt/FKHjzhOdoE=
        X-Ms-Version:
          - "2020-02-10"
      url: https://azureblobstoragecanada.blob.core.windows.net/gocappendblockwithcpk/gotestblobappendblockwithcpk
      method: PUT
    response:
      body: ""
      headers:
        Content-Length:
          - "0"
        Date:
          - Wed, 11 Aug 2021 18:51:02 GMT
        Etag:
          - '"0x8D95CF8F7C71E0C"'
        Last-Modified:
          - Wed, 11 Aug 2021 18:51:02 GMT
        Server:
          - Windows-Azure-Blob/1.0 Microsoft-HTTPAPI/2.0
        X-Ms-Encryption-Key-Sha256:
          - 3QFFFpRA5+XANHqwwbT4yXDmrT/2JaLt/FKHjzhOdoE=
        X-Ms-Request-Id:
          - ce1b398e-a01e-0000-5be1-8e36a1000000
        X-Ms-Request-Server-Encrypted:
          - "true"
        X-Ms-Version:
          - "2020-02-10"
        X-Ms-Version-Id:
          - "2021-08-11T18:51:02.8302348Z"
      status: 201 Created
      code: 201
      duration: ""
  - request:
      body: 'AAA '
      form: { }
      headers:
        Accept:
          - application/xml
        Authorization:
          - sanitized
        Content-Length:
          - "4"
        Content-Type:
          - application/octet-stream
        User-Agent:
          - azsdk-go-generated/<version> azsdk-go-generated/<version> azcore/v0.16.2 (go1.15;
            Windows_NT)
        X-Ms-Date:
          - Wed, 11 Aug 2021 18:51:03 GMT
        X-Ms-Encryption-Algorithm:
          - AES256
        X-Ms-Encryption-Key:
          - MDEyMzQ1NjcwMTIzNDU2NzAxMjM0NTY3MDEyMzQ1Njc=
        X-Ms-Encryption-Key-Sha256:
          - 3QFFFpRA5+XANHqwwbT4yXDmrT/2JaLt/FKHjzhOdoE=
        X-Ms-Version:
          - "2020-02-10"
      url: https://azureblobstoragecanada.blob.core.windows.net/gocappendblockwithcpk/gotestblobappendblockwithcpk?comp=appendblock
      method: PUT
    response:
      body: ""
      headers:
        Content-Length:
          - "0"
        Date:
          - Wed, 11 Aug 2021 18:51:02 GMT
        Etag:
          - '"0x8D95CF8F7EC613B"'
        Last-Modified:
          - Wed, 11 Aug 2021 18:51:03 GMT
        Server:
          - Windows-Azure-Blob/1.0 Microsoft-HTTPAPI/2.0
        X-Ms-Blob-Append-Offset:
          - "0"
        X-Ms-Blob-Committed-Block-Count:
          - "1"
        X-Ms-Content-Crc64:
          - 6dmbGE8Kwf0=
        X-Ms-Encryption-Key-Sha256:
          - 3QFFFpRA5+XANHqwwbT4yXDmrT/2JaLt/FKHjzhOdoE=
        X-Ms-Request-Id:
          - ce1b3a47-a01e-0000-3de1-8e36a1000000
        X-Ms-Request-Server-Encrypted:
          - "true"
        X-Ms-Version:
          - "2020-02-10"
      status: 201 Created
      code: 201
      duration: ""
  - request:
      body: 'BBB '
      form: { }
      headers:
        Accept:
          - application/xml
        Authorization:
          - sanitized
        Content-Length:
          - "4"
        Content-Type:
          - application/octet-stream
        User-Agent:
          - azsdk-go-generated/<version> azsdk-go-generated/<version> azcore/v0.16.2 (go1.15;
            Windows_NT)
        X-Ms-Date:
          - Wed, 11 Aug 2021 18:51:04 GMT
        X-Ms-Encryption-Algorithm:
          - AES256
        X-Ms-Encryption-Key:
          - MDEyMzQ1NjcwMTIzNDU2NzAxMjM0NTY3MDEyMzQ1Njc=
        X-Ms-Encryption-Key-Sha256:
          - 3QFFFpRA5+XANHqwwbT4yXDmrT/2JaLt/FKHjzhOdoE=
        X-Ms-Version:
          - "2020-02-10"
      url: https://azureblobstoragecanada.blob.core.windows.net/gocappendblockwithcpk/gotestblobappendblockwithcpk?comp=appendblock
      method: PUT
    response:
      body: ""
      headers:
        Content-Length:
          - "0"
        Date:
          - Wed, 11 Aug 2021 18:51:02 GMT
        Etag:
          - '"0x8D95CF8F810E0F0"'
        Last-Modified:
          - Wed, 11 Aug 2021 18:51:03 GMT
        Server:
          - Windows-Azure-Blob/1.0 Microsoft-HTTPAPI/2.0
        X-Ms-Blob-Append-Offset:
          - "4"
        X-Ms-Blob-Committed-Block-Count:
          - "2"
        X-Ms-Content-Crc64:
          - 8ccByT85Asc=
        X-Ms-Encryption-Key-Sha256:
          - 3QFFFpRA5+XANHqwwbT4yXDmrT/2JaLt/FKHjzhOdoE=
        X-Ms-Request-Id:
          - ce1b3b0a-a01e-0000-2ee1-8e36a1000000
        X-Ms-Request-Server-Encrypted:
          - "true"
        X-Ms-Version:
          - "2020-02-10"
      status: 201 Created
      code: 201
      duration: ""
  - request:
      body: 'CCC '
      form: { }
      headers:
        Accept:
          - application/xml
        Authorization:
          - sanitized
        Content-Length:
          - "4"
        Content-Type:
          - application/octet-stream
        User-Agent:
          - azsdk-go-generated/<version> azsdk-go-generated/<version> azcore/v0.16.2 (go1.15;
            Windows_NT)
        X-Ms-Date:
          - Wed, 11 Aug 2021 18:51:04 GMT
        X-Ms-Encryption-Algorithm:
          - AES256
        X-Ms-Encryption-Key:
          - MDEyMzQ1NjcwMTIzNDU2NzAxMjM0NTY3MDEyMzQ1Njc=
        X-Ms-Encryption-Key-Sha256:
          - 3QFFFpRA5+XANHqwwbT4yXDmrT/2JaLt/FKHjzhOdoE=
        X-Ms-Version:
          - "2020-02-10"
      url: https://azureblobstoragecanada.blob.core.windows.net/gocappendblockwithcpk/gotestblobappendblockwithcpk?comp=appendblock
      method: PUT
    response:
      body: ""
      headers:
        Content-Length:
          - "0"
        Date:
          - Wed, 11 Aug 2021 18:51:03 GMT
        Etag:
          - '"0x8D95CF8F83587BC"'
        Last-Modified:
          - Wed, 11 Aug 2021 18:51:03 GMT
        Server:
          - Windows-Azure-Blob/1.0 Microsoft-HTTPAPI/2.0
        X-Ms-Blob-Append-Offset:
          - "8"
        X-Ms-Blob-Committed-Block-Count:
          - "3"
        X-Ms-Content-Crc64:
          - IEMFTiHKCz0=
        X-Ms-Encryption-Key-Sha256:
          - 3QFFFpRA5+XANHqwwbT4yXDmrT/2JaLt/FKHjzhOdoE=
        X-Ms-Request-Id:
          - ce1b3ba2-a01e-0000-06e1-8e36a1000000
        X-Ms-Request-Server-Encrypted:
          - "true"
        X-Ms-Version:
          - "2020-02-10"
      status: 201 Created
      code: 201
      duration: ""
  - request:
      body: ""
      form: { }
      headers:
        Accept:
          - application/xml
        Authorization:
          - sanitized
        User-Agent:
          - azsdk-go-generated/<version> azsdk-go-generated/<version> azcore/v0.16.2 (go1.15;
            Windows_NT)
        X-Ms-Date:
          - Wed, 11 Aug 2021 18:51:04 GMT
        X-Ms-Version:
          - "2020-02-10"
      url: https://azureblobstoragecanada.blob.core.windows.net/gocappendblockwithcpk/gotestblobappendblockwithcpk
      method: GET
    response:
      body: "\uFEFF\x3C\x3F\x78\x6D\x6C\x20\x76\x65\x72\x73\x69\x6F\x6E\x3D\"\x31\x2E\x30\"\x20\x65\x6E\x63\x6F\x64\x69\x6E\x67\x3D\"\x75\x74\x66\x2D\x38\"\x3F\x3E\x3C\x45\x72\x72\x6F\x72\x3E\x3C\x43\x6F\x64\x65\x3E\x42\x6C\x6F\x62\x55\x73\x65\x73\x43\x75\x73\x74\x6F\x6D\x65\x72\x53\x70\x65\x63\x69\x66\x69\x65\x64\x45\x6E\x63\x72\x79\x70\x74\x69\x6F\x6E\x3C\x2F\x43\x6F\x64\x65\x3E\x3C\x4D\x65\x73\x73\x61\x67\x65\x3E\x54\x68\x65\x20\x62\x6C\x6F\x62\x20\x69\x73\x20\x65\x6E\x63\x72\x79\x70\x74\x65\x64\x20\x77\x69\x74\x68\x20\x63\x75\x73\x74\x6F\x6D\x65\x72\x20\x73\x70\x65\x63\x69\x66\x69\x65\x64\x20\x65\x6E\x63\x72\x79\x70\x74\x69\x6F\x6E\x2C\x20\x62\x75\x74\x20\x69\x74\x20\x77\x61\x73\x20\x6E\x6F\x74\x20\x70\x72\x6F\x76\x69\x64\x65\x64\x20\x69\x6E\x20\x74\x68\x65\x20\x72\x65\x71\x75\x65\x73\x74\x2E\n\x52\x65\x71\x75\x65\x73\x74\x49\x64\x3A\x63\x65\x31\x62\x33\x63\x32\x37\x2D\x61\x30\x31\x65\x2D\x30\x30\x30\x30\x2D\x34\x65\x65\x31\x2D\x38\x65\x33\x36\x61\x31\x30\x30\x30\x30\x30\x30\n\x54\x69\x6D\x65\x3A\x32\x30\x32\x31\x2D\x30\x38\x2D\x31\x31\x54\x31\x38\x3A\x35\x31\x3A\x30\x33\x2E\x38\x30\x31\x37\x34\x30\x30\x5A\x3C\x2F\x4D\x65\x73\x73\x61\x67\x65\x3E\x3C\x2F\x45\x72\x72\x6F\x72\x3E"
      headers:
        Content-Length:
          - "301"
        Content-Type:
          - application/xml
        Date:
          - Wed, 11 Aug 2021 18:51:03 GMT
        Server:
          - Windows-Azure-Blob/1.0 Microsoft-HTTPAPI/2.0
        X-Ms-Error-Code:
          - BlobUsesCustomerSpecifiedEncryption
        X-Ms-Request-Id:
          - ce1b3c27-a01e-0000-4ee1-8e36a1000000
        X-Ms-Version:
          - "2020-02-10"
      status: 409 The blob is encrypted with customer specified encryption, but it was
        not provided in the request.
      code: 409
      duration: ""
  - request:
      body: ""
      form: { }
      headers:
        Accept:
          - application/xml
        Authorization:
          - sanitized
        User-Agent:
          - azsdk-go-generated/<version> azsdk-go-generated/<version> azcore/v0.16.2 (go1.15;
            Windows_NT)
        X-Ms-Date:
          - Wed, 11 Aug 2021 18:51:04 GMT
        X-Ms-Encryption-Algorithm:
          - AES256
        X-Ms-Encryption-Key:
          - MDEyMzQ1NjcwMTIzNDU2NzAxMjM0NTY3MDEyMzQ1Njc=
        X-Ms-Encryption-Key-Sha256:
          - 3QFFFpRA5+XANHqwwbT4yXDmrT/2JaLt/FKHjzhOdoE=
        X-Ms-Version:
          - "2020-02-10"
      url: https://azureblobstoragecanada.blob.core.windows.net/gocappendblockwithcpk/gotestblobappendblockwithcpk
      method: GET
    response:
      body: 'AAA BBB CCC '
      headers:
        Accept-Ranges:
          - bytes
        Content-Length:
          - "12"
        Content-Type:
          - application/octet-stream
        Date:
          - Wed, 11 Aug 2021 18:51:03 GMT
        Etag:
          - '"0x8D95CF8F83587BC"'
        Last-Modified:
          - Wed, 11 Aug 2021 18:51:03 GMT
        Server:
          - Windows-Azure-Blob/1.0 Microsoft-HTTPAPI/2.0
        X-Ms-Blob-Committed-Block-Count:
          - "3"
        X-Ms-Blob-Type:
          - AppendBlob
        X-Ms-Creation-Time:
          - Wed, 11 Aug 2021 18:51:02 GMT
        X-Ms-Encryption-Key-Sha256:
          - 3QFFFpRA5+XANHqwwbT4yXDmrT/2JaLt/FKHjzhOdoE=
        X-Ms-Is-Current-Version:
          - "true"
        X-Ms-Lease-State:
          - available
        X-Ms-Lease-Status:
          - unlocked
        X-Ms-Request-Id:
          - ce1b3d09-a01e-0000-40e1-8e36a1000000
        X-Ms-Server-Encrypted:
          - "true"
        X-Ms-Version:
          - "2020-02-10"
        X-Ms-Version-Id:
          - "2021-08-11T18:51:02.8302348Z"
      status: 200 OK
      code: 200
      duration: ""
  - request:
      body: ""
      form: { }
      headers:
        Accept:
          - application/xml
        Authorization:
          - sanitized
        User-Agent:
          - azsdk-go-generated/<version> azsdk-go-generated/<version> azcore/v0.16.2 (go1.15;
            Windows_NT)
        X-Ms-Date:
          - Wed, 11 Aug 2021 18:51:05 GMT
        X-Ms-Version:
          - "2020-02-10"
      url: https://azureblobstoragecanada.blob.core.windows.net/gocappendblockwithcpk?restype=container
      method: DELETE
    response:
      body: ""
      headers:
        Content-Length:
          - "0"
        Date:
          - Wed, 11 Aug 2021 18:51:03 GMT
        Server:
          - Windows-Azure-Blob/1.0 Microsoft-HTTPAPI/2.0
        X-Ms-Request-Id:
          - ce1b3e07-a01e-0000-44e1-8e36a1000000
        X-Ms-Version:
          - "2020-02-10"
      status: 202 Accepted
      code: 202
      duration: ""
