---
version: 1
interactions:
- request:
    body: ""
    form: {}
    headers:
      Accept:
      - application/xml
      Authorization:
      - sanitized
      User-Agent:
      - azsdk-go-azblob/v0.3.0 azsdk-go-azcore/v0.21.0 (go1.16.7; Windows_NT)
      X-Ms-Date:
      - Mon, 07 Feb 2022 06:19:32 GMT
      X-Ms-Version:
      - "2019-12-12"
    url: https://azureblobstoragecanada.blob.core.windows.net/gocblobresizeifmodifiedsincetrue?restype=container
    method: PUT
  response:
    body: ""
    headers:
      Content-Length:
      - "0"
      Date:
      - Mon, 07 Feb 2022 06:19:31 GMT
      Etag:
      - '"0x8D9EA01CDF48E64"'
      Last-Modified:
      - Mon, 07 Feb 2022 06:19:32 GMT
      Server:
      - Windows-Azure-Blob/1.0 Microsoft-HTTPAPI/2.0
      X-Ms-Request-Id:
      - 8d83658c-b01e-004f-20ea-1bfe2c000000
      X-Ms-Version:
      - "2019-12-12"
    status: 201 Created
    code: 201
    duration: ""
- request:
    body: ""
    form: {}
    headers:
      Accept:
      - application/xml
      Authorization:
      - sanitized
      Content-Length:
      - "0"
      User-Agent:
      - azsdk-go-azblob/v0.3.0 azsdk-go-azcore/v0.21.0 (go1.16.7; Windows_NT)
      X-Ms-Blob-Content-Length:
      - "5120"
      X-Ms-Blob-Type:
      - PageBlob
      X-Ms-Date:
      - Mon, 07 Feb 2022 06:19:32 GMT
      X-Ms-Version:
      - "2019-12-12"
    url: https://azureblobstoragecanada.blob.core.windows.net/gocblobresizeifmodifiedsincetrue/gotestblobblobresizeifmodifiedsincetrue
    method: PUT
  response:
    body: ""
    headers:
      Content-Length:
      - "0"
      Date:
      - Mon, 07 Feb 2022 06:19:32 GMT
      Etag:
      - '"0x8D9EA01CE1A2F0C"'
      Last-Modified:
      - Mon, 07 Feb 2022 06:19:32 GMT
      Server:
      - Windows-Azure-Blob/1.0 Microsoft-HTTPAPI/2.0
      X-Ms-Request-Id:
      - 8d8365ff-b01e-004f-7dea-1bfe2c000000
      X-Ms-Request-Server-Encrypted:
      - "true"
      X-Ms-Version:
      - "2019-12-12"
      X-Ms-Version-Id:
      - "2022-02-07T06:19:32.3325196Z"
    status: 201 Created
    code: 201
    duration: ""
- request:
    body: ""
    form: {}
    headers:
      Accept:
      - application/xml
      Authorization:
      - sanitized
      If-Modified-Since:
      - Mon, 07 Feb 2022 06:19:22 GMT
      User-Agent:
      - azsdk-go-azblob/v0.3.0 azsdk-go-azcore/v0.21.0 (go1.16.7; Windows_NT)
      X-Ms-Blob-Content-Length:
      - "512"
      X-Ms-Date:
      - Mon, 07 Feb 2022 06:19:32 GMT
      X-Ms-Version:
      - "2019-12-12"
    url: https://azureblobstoragecanada.blob.core.windows.net/gocblobresizeifmodifiedsincetrue/gotestblobblobresizeifmodifiedsincetrue?comp=properties
    method: PUT
  response:
    body: ""
    headers:
      Content-Length:
      - "0"
      Date:
      - Mon, 07 Feb 2022 06:19:32 GMT
      Etag:
      - '"0x8D9EA01CE3F16C9"'
      Last-Modified:
      - Mon, 07 Feb 2022 06:19:32 GMT
      Server:
      - Windows-Azure-Blob/1.0 Microsoft-HTTPAPI/2.0
      X-Ms-Blob-Sequence-Number:
      - "0"
      X-Ms-Request-Id:
      - 8d836684-b01e-004f-70ea-1bfe2c000000
      X-Ms-Version:
      - "2019-12-12"
    status: 200 OK
    code: 200
    duration: ""
- request:
    body: ""
    form: {}
    headers:
      Accept:
      - application/xml
      Authorization:
      - sanitized
      User-Agent:
      - azsdk-go-azblob/v0.3.0 azsdk-go-azcore/v0.21.0 (go1.16.7; Windows_NT)
      X-Ms-Date:
      - Mon, 07 Feb 2022 06:19:33 GMT
      X-Ms-Version:
      - "2019-12-12"
    url: https://azureblobstoragecanada.blob.core.windows.net/gocblobresizeifmodifiedsincetrue/gotestblobblobresizeifmodifiedsincetrue
    method: HEAD
  response:
    body: ""
    headers:
      Accept-Ranges:
      - bytes
      Content-Length:
      - "512"
      Content-Type:
      - application/octet-stream
      Date:
      - Mon, 07 Feb 2022 06:19:32 GMT
      Etag:
      - '"0x8D9EA01CE3F16C9"'
      Last-Modified:
      - Mon, 07 Feb 2022 06:19:32 GMT
      Server:
      - Windows-Azure-Blob/1.0 Microsoft-HTTPAPI/2.0
      X-Ms-Blob-Sequence-Number:
      - "0"
      X-Ms-Blob-Type:
      - PageBlob
      X-Ms-Creation-Time:
      - Mon, 07 Feb 2022 06:19:32 GMT
      X-Ms-Is-Current-Version:
      - "true"
      X-Ms-Lease-State:
      - available
      X-Ms-Lease-Status:
      - unlocked
      X-Ms-Request-Id:
      - 8d8366fd-b01e-004f-56ea-1bfe2c000000
      X-Ms-Server-Encrypted:
      - "true"
      X-Ms-Version:
      - "2019-12-12"
      X-Ms-Version-Id:
      - "2022-02-07T06:19:32.3325196Z"
    status: 200 OK
    code: 200
    duration: ""
- request:
    body: ""
    form: {}
    headers:
      Accept:
      - application/xml
      Authorization:
      - sanitized
      User-Agent:
      - azsdk-go-azblob/v0.3.0 azsdk-go-azcore/v0.21.0 (go1.16.7; Windows_NT)
      X-Ms-Date:
      - Mon, 07 Feb 2022 06:19:33 GMT
      X-Ms-Version:
      - "2019-12-12"
    url: https://azureblobstoragecanada.blob.core.windows.net/gocblobresizeifmodifiedsincetrue?restype=container
    method: DELETE
  response:
    body: ""
    headers:
      Content-Length:
      - "0"
      Date:
      - Mon, 07 Feb 2022 06:19:33 GMT
      Server:
      - Windows-Azure-Blob/1.0 Microsoft-HTTPAPI/2.0
      X-Ms-Request-Id:
      - 8d836771-b01e-004f-39ea-1bfe2c000000
      X-Ms-Version:
      - "2019-12-12"
    status: 202 Accepted
    code: 202
    duration: ""
