---
version: 1
interactions:
- request:
    body: ""
    form: {}
    headers:
      Accept:
      - application/xml
      Authorization:
      - sanitized
      User-Agent:
      - azsdk-go-generated/<version> azsdk-go-generated/<version> azcore/v0.16.2 (go1.15;
        Windows_NT)
      X-Ms-Date:
      - Wed, 11 Aug 2021 10:06:35 GMT
      X-Ms-Version:
      - "2020-02-10"
    url: https://azureblobstoragecanada.blob.core.windows.net/gocblobresizeifmatchtrue?restype=container
    method: PUT
  response:
    body: ""
    headers:
      Content-Length:
      - "0"
      Date:
      - Wed, 11 Aug 2021 10:06:34 GMT
      Etag:
      - '"0x8D95CAFB37F9D2F"'
      Last-Modified:
      - Wed, 11 Aug 2021 10:06:35 GMT
      Server:
      - Windows-Azure-Blob/1.0 Microsoft-HTTPAPI/2.0
      X-Ms-Request-Id:
      - 5a0d7bb2-d01e-000f-6498-8edb57000000
      X-Ms-Version:
      - "2020-02-10"
    status: 201 Created
    code: 201
    duration: ""
- request:
    body: ""
    form: {}
    headers:
      Accept:
      - application/xml
      Authorization:
      - sanitized
      Content-Length:
      - "0"
      User-Agent:
      - azsdk-go-generated/<version> azsdk-go-generated/<version> azcore/v0.16.2 (go1.15;
        Windows_NT)
      X-Ms-Blob-Content-Length:
      - "5120"
      X-Ms-Blob-Type:
      - PageBlob
      X-Ms-Date:
      - Wed, 11 Aug 2021 10:06:35 GMT
      X-Ms-Version:
      - "2020-02-10"
    url: https://azureblobstoragecanada.blob.core.windows.net/gocblobresizeifmatchtrue/gotestblobblobresizeifmatchtrue
    method: PUT
  response:
    body: ""
    headers:
      Content-Length:
      - "0"
      Date:
      - Wed, 11 Aug 2021 10:06:35 GMT
      Etag:
      - '"0x8D95CAFB3A509B2"'
      Last-Modified:
      - Wed, 11 Aug 2021 10:06:35 GMT
      Server:
      - Windows-Azure-Blob/1.0 Microsoft-HTTPAPI/2.0
      X-Ms-Request-Id:
      - 5a0d7c2c-d01e-000f-5198-8edb57000000
      X-Ms-Request-Server-Encrypted:
      - "true"
      X-Ms-Version:
      - "2020-02-10"
      X-Ms-Version-Id:
      - "2021-08-11T10:06:35.2605618Z"
    status: 201 Created
    code: 201
    duration: ""
- request:
    body: ""
    form: {}
    headers:
      Accept:
      - application/xml
      Authorization:
      - sanitized
      User-Agent:
      - azsdk-go-generated/<version> azsdk-go-generated/<version> azcore/v0.16.2 (go1.15;
        Windows_NT)
      X-Ms-Date:
      - Wed, 11 Aug 2021 10:06:36 GMT
      X-Ms-Version:
      - "2020-02-10"
    url: https://azureblobstoragecanada.blob.core.windows.net/gocblobresizeifmatchtrue/gotestblobblobresizeifmatchtrue
    method: HEAD
  response:
    body: ""
    headers:
      Accept-Ranges:
      - bytes
      Content-Length:
      - "5120"
      Content-Type:
      - application/octet-stream
      Date:
      - Wed, 11 Aug 2021 10:06:35 GMT
      Etag:
      - '"0x8D95CAFB3A509B2"'
      Last-Modified:
      - Wed, 11 Aug 2021 10:06:35 GMT
      Server:
      - Windows-Azure-Blob/1.0 Microsoft-HTTPAPI/2.0
      X-Ms-Blob-Sequence-Number:
      - "0"
      X-Ms-Blob-Type:
      - PageBlob
      X-Ms-Creation-Time:
      - Wed, 11 Aug 2021 10:06:35 GMT
      X-Ms-Is-Current-Version:
      - "true"
      X-Ms-Lease-State:
      - available
      X-Ms-Lease-Status:
      - unlocked
      X-Ms-Request-Id:
      - 5a0d7c97-d01e-000f-2f98-8edb57000000
      X-Ms-Server-Encrypted:
      - "true"
      X-Ms-Version:
      - "2020-02-10"
      X-Ms-Version-Id:
      - "2021-08-11T10:06:35.2605618Z"
    status: 200 OK
    code: 200
    duration: ""
- request:
    body: ""
    form: {}
    headers:
      Accept:
      - application/xml
      Authorization:
      - sanitized
      If-Match:
      - '"0x8D95CAFB3A509B2"'
      User-Agent:
      - azsdk-go-generated/<version> azsdk-go-generated/<version> azcore/v0.16.2 (go1.15;
        Windows_NT)
      X-Ms-Blob-Content-Length:
      - "512"
      X-Ms-Date:
      - Wed, 11 Aug 2021 10:06:36 GMT
      X-Ms-Version:
      - "2020-02-10"
    url: https://azureblobstoragecanada.blob.core.windows.net/gocblobresizeifmatchtrue/gotestblobblobresizeifmatchtrue?comp=properties
    method: PUT
  response:
    body: ""
    headers:
      Content-Length:
      - "0"
      Date:
      - Wed, 11 Aug 2021 10:06:35 GMT
      Etag:
      - '"0x8D95CAFB3EE3034"'
      Last-Modified:
      - Wed, 11 Aug 2021 10:06:35 GMT
      Server:
      - Windows-Azure-Blob/1.0 Microsoft-HTTPAPI/2.0
      X-Ms-Blob-Sequence-Number:
      - "0"
      X-Ms-Request-Id:
      - 5a0d7ce7-d01e-000f-7898-8edb57000000
      X-Ms-Version:
      - "2020-02-10"
    status: 200 OK
    code: 200
    duration: ""
- request:
    body: ""
    form: {}
    headers:
      Accept:
      - application/xml
      Authorization:
      - sanitized
      User-Agent:
      - azsdk-go-generated/<version> azsdk-go-generated/<version> azcore/v0.16.2 (go1.15;
        Windows_NT)
      X-Ms-Date:
      - Wed, 11 Aug 2021 10:06:36 GMT
      X-Ms-Version:
      - "2020-02-10"
    url: https://azureblobstoragecanada.blob.core.windows.net/gocblobresizeifmatchtrue/gotestblobblobresizeifmatchtrue
    method: HEAD
  response:
    body: ""
    headers:
      Accept-Ranges:
      - bytes
      Content-Length:
      - "512"
      Content-Type:
      - application/octet-stream
      Date:
      - Wed, 11 Aug 2021 10:06:35 GMT
      Etag:
      - '"0x8D95CAFB3EE3034"'
      Last-Modified:
      - Wed, 11 Aug 2021 10:06:35 GMT
      Server:
      - Windows-Azure-Blob/1.0 Microsoft-HTTPAPI/2.0
      X-Ms-Blob-Sequence-Number:
      - "0"
      X-Ms-Blob-Type:
      - PageBlob
      X-Ms-Creation-Time:
      - Wed, 11 Aug 2021 10:06:35 GMT
      X-Ms-Is-Current-Version:
      - "true"
      X-Ms-Lease-State:
      - available
      X-Ms-Lease-Status:
      - unlocked
      X-Ms-Request-Id:
      - 5a0d7d49-d01e-000f-4c98-8edb57000000
      X-Ms-Server-Encrypted:
      - "true"
      X-Ms-Version:
      - "2020-02-10"
      X-Ms-Version-Id:
      - "2021-08-11T10:06:35.2605618Z"
    status: 200 OK
    code: 200
    duration: ""
- request:
    body: ""
    form: {}
    headers:
      Accept:
      - application/xml
      Authorization:
      - sanitized
      User-Agent:
      - azsdk-go-generated/<version> azsdk-go-generated/<version> azcore/v0.16.2 (go1.15;
        Windows_NT)
      X-Ms-Date:
      - Wed, 11 Aug 2021 10:06:36 GMT
      X-Ms-Version:
      - "2020-02-10"
    url: https://azureblobstoragecanada.blob.core.windows.net/gocblobresizeifmatchtrue?restype=container
    method: DELETE
  response:
    body: ""
    headers:
      Content-Length:
      - "0"
      Date:
      - Wed, 11 Aug 2021 10:06:36 GMT
      Server:
      - Windows-Azure-Blob/1.0 Microsoft-HTTPAPI/2.0
      X-Ms-Request-Id:
      - 5a0d7dbb-d01e-000f-2498-8edb57000000
      X-Ms-Version:
      - "2020-02-10"
    status: 202 Accepted
    code: 202
    duration: ""
