---
version: 1
interactions:
- request:
    body: ""
    form: {}
    headers:
      Accept:
      - application/xml
      Authorization:
      - sanitized
      User-Agent:
      - azsdk-go-generated/<version> azsdk-go-generated/<version> azcore/v0.13.4 (go1.15;
        Windows_NT)
      X-Ms-Date:
      - Sat, 12 Jun 2021 16:44:14 GMT
      X-Ms-Version:
      - "2019-12-12"
    url: https://azureblobstrgmohitcanada.blob.core.windows.net/gocblobstartcopydestempty?restype=container
    method: PUT
  response:
    body: ""
    headers:
      Content-Length:
      - "0"
      Date:
      - Sat, 12 Jun 2021 16:44:15 GMT
      Etag:
      - '"0x8D92DC150F232D9"'
      Last-Modified:
      - Sat, 12 Jun 2021 16:44:15 GMT
      Server:
      - Windows-Azure-Blob/1.0 Microsoft-HTTPAPI/2.0
      X-Ms-Request-Id:
      - eee53cfc-301e-0068-1caa-5ff712000000
      X-Ms-Version:
      - "2019-12-12"
    status: 201 Created
    code: 201
    duration: ""
- request:
    body: GoBlockBlobData
    form: {}
    headers:
      Accept:
      - application/xml
      Authorization:
      - sanitized
      Content-Length:
      - "15"
      Content-Type:
      - application/octet-stream
      User-Agent:
      - azsdk-go-generated/<version> azsdk-go-generated/<version> azcore/v0.13.4 (go1.15;
        Windows_NT)
      X-Ms-Blob-Type:
      - BlockBlob
      X-Ms-Date:
      - Sat, 12 Jun 2021 16:44:15 GMT
      X-Ms-Version:
      - "2019-12-12"
    url: https://azureblobstrgmohitcanada.blob.core.windows.net/gocblobstartcopydestempty/gotestblobblobstartcopydestempty
    method: PUT
  response:
    body: ""
    headers:
      Content-Length:
      - "0"
      Content-Md5:
      - ebncwguMQu9sgPmr0GazhA==
      Date:
      - Sat, 12 Jun 2021 16:44:15 GMT
      Etag:
      - '"0x8D92DC15119FCC6"'
      Last-Modified:
      - Sat, 12 Jun 2021 16:44:16 GMT
      Server:
      - Windows-Azure-Blob/1.0 Microsoft-HTTPAPI/2.0
      X-Ms-Content-Crc64:
      - +JGsS7CR5kg=
      X-Ms-Request-Id:
      - eee53ded-301e-0068-6baa-5ff712000000
      X-Ms-Request-Server-Encrypted:
      - "true"
      X-Ms-Version:
      - "2019-12-12"
      X-Ms-Version-Id:
      - "2021-06-12T16:44:16.2231494Z"
    status: 201 Created
    code: 201
    duration: ""
- request:
    body: ""
    form: {}
    headers:
      Accept:
      - application/xml
      Authorization:
      - sanitized
      User-Agent:
      - azsdk-go-generated/<version> azsdk-go-generated/<version> azcore/v0.13.4 (go1.15;
        Windows_NT)
      X-Ms-Copy-Source:
      - https://azureblobstrgmohitcanada.blob.core.windows.net/gocblobstartcopydestempty/gotestblobblobstartcopydestempty
      X-Ms-Date:
      - Sat, 12 Jun 2021 16:44:16 GMT
      X-Ms-Version:
      - "2019-12-12"
    url: https://azureblobstrgmohitcanada.blob.core.windows.net/gocblobstartcopydestempty/copygotestblobblobstartcopydestempty
    method: PUT
  response:
    body: ""
    headers:
      Content-Length:
      - "0"
      Date:
      - Sat, 12 Jun 2021 16:44:15 GMT
      Etag:
      - '"0x8D92DC1514C60AF"'
      Last-Modified:
      - Sat, 12 Jun 2021 16:44:16 GMT
      Server:
      - Windows-Azure-Blob/1.0 Microsoft-HTTPAPI/2.0
      X-Ms-Copy-Id:
      - 0c11865e-2ced-4b49-9fa3-c1f6a2b821e7
      X-Ms-Copy-Status:
      - success
      X-Ms-Request-Id:
      - eee53e77-301e-0068-68aa-5ff712000000
      X-Ms-Version:
      - "2019-12-12"
      X-Ms-Version-Id:
      - "2021-06-12T16:44:16.5533871Z"
    status: 202 Accepted
    code: 202
    duration: ""
- request:
    body: ""
    form: {}
    headers:
      Accept:
      - application/xml
      Authorization:
      - sanitized
      User-Agent:
      - azsdk-go-generated/<version> azsdk-go-generated/<version> azcore/v0.13.4 (go1.15;
        Windows_NT)
      X-Ms-Date:
      - Sat, 12 Jun 2021 16:44:16 GMT
      X-Ms-Version:
      - "2019-12-12"
    url: https://azureblobstrgmohitcanada.blob.core.windows.net/gocblobstartcopydestempty/copygotestblobblobstartcopydestempty
    method: GET
  response:
    body: GoBlockBlobData
    headers:
      Accept-Ranges:
      - bytes
      Content-Length:
      - "15"
      Content-Md5:
      - ebncwguMQu9sgPmr0GazhA==
      Content-Type:
      - application/octet-stream
      Date:
      - Sat, 12 Jun 2021 16:44:16 GMT
      Etag:
      - '"0x8D92DC1514C60AF"'
      Last-Modified:
      - Sat, 12 Jun 2021 16:44:16 GMT
      Server:
      - Windows-Azure-Blob/1.0 Microsoft-HTTPAPI/2.0
      X-Ms-Blob-Type:
      - BlockBlob
      X-Ms-Copy-Completion-Time:
      - Sat, 12 Jun 2021 16:44:16 GMT
      X-Ms-Copy-Id:
      - 0c11865e-2ced-4b49-9fa3-c1f6a2b821e7
      X-Ms-Copy-Progress:
      - 15/15
      X-Ms-Copy-Source:
      - https://azureblobstrgmohitcanada.blob.core.windows.net/gocblobstartcopydestempty/gotestblobblobstartcopydestempty
      X-Ms-Copy-Status:
      - success
      X-Ms-Creation-Time:
      - Sat, 12 Jun 2021 16:44:16 GMT
      X-Ms-Is-Current-Version:
      - "true"
      X-Ms-Lease-State:
      - available
      X-Ms-Lease-Status:
      - unlocked
      X-Ms-Request-Id:
      - eee53f29-301e-0068-76aa-5ff712000000
      X-Ms-Server-Encrypted:
      - "true"
      X-Ms-Version:
      - "2019-12-12"
      X-Ms-Version-Id:
      - "2021-06-12T16:44:16.5533871Z"
    status: 200 OK
    code: 200
    duration: ""
- request:
    body: ""
    form: {}
    headers:
      Accept:
      - application/xml
      Authorization:
      - sanitized
      User-Agent:
      - azsdk-go-generated/<version> azsdk-go-generated/<version> azcore/v0.13.4 (go1.15;
        Windows_NT)
      X-Ms-Date:
      - Sat, 12 Jun 2021 16:44:16 GMT
      X-Ms-Version:
      - "2019-12-12"
    url: https://azureblobstrgmohitcanada.blob.core.windows.net/gocblobstartcopydestempty?restype=container
    method: DELETE
  response:
    body: ""
    headers:
      Content-Length:
      - "0"
      Date:
      - Sat, 12 Jun 2021 16:44:18 GMT
      Server:
      - Windows-Azure-Blob/1.0 Microsoft-HTTPAPI/2.0
      X-Ms-Request-Id:
      - eee53faf-301e-0068-6eaa-5ff712000000
      X-Ms-Version:
      - "2019-12-12"
    status: 202 Accepted
    code: 202
    duration: ""
