---
version: 1
interactions:
- request:
    body: ""
    form: {}
    headers:
      Accept:
      - application/xml
      Authorization:
      - sanitized
      User-Agent:
      - azsdk-go-azblob/v0.3.0 azsdk-go-azcore/v0.21.1 (go1.16.14; Windows_NT)
      X-Ms-Date:
      - Tue, 15 Mar 2022 13:14:59 GMT
      X-Ms-Version:
      - "2019-12-12"
    url: https://azureblobstoragecanada.blob.core.windows.net/gocblobclearpagesifsequencenumberltetrue?restype=container
    method: PUT
  response:
    body: ""
    headers:
      Content-Length:
      - "0"
      Date:
      - Tue, 15 Mar 2022 13:14:58 GMT
      Etag:
      - '"0x8DA0685CE8223F6"'
      Last-Modified:
      - Tue, 15 Mar 2022 13:14:59 GMT
      Server:
      - Windows-Azure-Blob/1.0 Microsoft-HTTPAPI/2.0
      X-Ms-Request-Id:
      - 21b0eb32-001e-004a-4d6e-382cf7000000
      X-Ms-Version:
      - "2019-12-12"
    status: 201 Created
    code: 201
    duration: ""
- request:
    body: ""
    form: {}
    headers:
      Accept:
      - application/xml
      Authorization:
      - sanitized
      Content-Length:
      - "0"
      User-Agent:
      - azsdk-go-azblob/v0.3.0 azsdk-go-azcore/v0.21.1 (go1.16.14; Windows_NT)
      X-Ms-Blob-Content-Length:
      - "5120"
      X-Ms-Blob-Type:
      - PageBlob
      X-Ms-Date:
      - Tue, 15 Mar 2022 13:14:59 GMT
      X-Ms-Version:
      - "2019-12-12"
    url: https://azureblobstoragecanada.blob.core.windows.net/gocblobclearpagesifsequencenumberltetrue/gotestblobblobclearpagesifsequencenumberltetrue
    method: PUT
  response:
    body: ""
    headers:
      Content-Length:
      - "0"
      Date:
      - Tue, 15 Mar 2022 13:14:58 GMT
      Etag:
      - '"0x8DA0685CEBC50A3"'
      Last-Modified:
      - Tue, 15 Mar 2022 13:14:59 GMT
      Server:
      - Windows-Azure-Blob/1.0 Microsoft-HTTPAPI/2.0
      X-Ms-Request-Id:
      - 21b0ed62-001e-004a-556e-382cf7000000
      X-Ms-Request-Server-Encrypted:
      - "true"
      X-Ms-Version:
      - "2019-12-12"
      X-Ms-Version-Id:
      - "2022-03-15T13:14:59.5211427Z"
    status: 201 Created
    code: 201
    duration: ""
- request:
    body: 2SDgZj6RkKYzJpu04sweQek4uWHO8ndPnYlZ0tnFS61hjnFZ5IkvIGGY44eKABov2SDgZj6RkKYzJpu04sweQek4uWHO8ndPnYlZ0tnFS61hjnFZ5IkvIGGY44eKABov2SDgZj6RkKYzJpu04sweQek4uWHO8ndPnYlZ0tnFS61hjnFZ5IkvIGGY44eKABov2SDgZj6RkKYzJpu04sweQek4uWHO8ndPnYlZ0tnFS61hjnFZ5IkvIGGY44eKABov2SDgZj6RkKYzJpu04sweQek4uWHO8ndPnYlZ0tnFS61hjnFZ5IkvIGGY44eKABov2SDgZj6RkKYzJpu04sweQek4uWHO8ndPnYlZ0tnFS61hjnFZ5IkvIGGY44eKABov2SDgZj6RkKYzJpu04sweQek4uWHO8ndPnYlZ0tnFS61hjnFZ5IkvIGGY44eKABov2SDgZj6RkKYzJpu04sweQek4uWHO8ndPnYlZ0tnFS61hjnFZ5IkvIGGY44eKABov
    form: {}
    headers:
      Accept:
      - application/xml
      Authorization:
      - sanitized
      Content-Length:
      - "512"
      Content-Type:
      - application/octet-stream
      User-Agent:
      - azsdk-go-azblob/v0.3.0 azsdk-go-azcore/v0.21.1 (go1.16.14; Windows_NT)
      X-Ms-Date:
      - Tue, 15 Mar 2022 13:14:59 GMT
      X-Ms-Page-Write:
      - update
      X-Ms-Range:
      - bytes=0-511
      X-Ms-Version:
      - "2019-12-12"
    url: https://azureblobstoragecanada.blob.core.windows.net/gocblobclearpagesifsequencenumberltetrue/gotestblobblobclearpagesifsequencenumberltetrue?comp=page
    method: PUT
  response:
    body: ""
    headers:
      Content-Length:
      - "0"
      Date:
      - Tue, 15 Mar 2022 13:14:59 GMT
      Etag:
      - '"0x8DA0685CEFA88FC"'
      Last-Modified:
      - Tue, 15 Mar 2022 13:14:59 GMT
      Server:
      - Windows-Azure-Blob/1.0 Microsoft-HTTPAPI/2.0
      X-Ms-Blob-Sequence-Number:
      - "0"
      X-Ms-Content-Crc64:
      - qaHtT3LwL1s=
      X-Ms-Request-Id:
      - 21b0ef88-001e-004a-526e-382cf7000000
      X-Ms-Request-Server-Encrypted:
      - "true"
      X-Ms-Version:
      - "2019-12-12"
    status: 201 Created
    code: 201
    duration: ""
- request:
    body: ""
    form: {}
    headers:
      Accept:
      - application/xml
      Authorization:
      - sanitized
      Content-Length:
      - "0"
      User-Agent:
      - azsdk-go-azblob/v0.3.0 azsdk-go-azcore/v0.21.1 (go1.16.14; Windows_NT)
      X-Ms-Date:
      - Tue, 15 Mar 2022 13:15:00 GMT
      X-Ms-If-Sequence-Number-Le:
      - "10"
      X-Ms-Page-Write:
      - clear
      X-Ms-Range:
      - bytes=0-511
      X-Ms-Version:
      - "2019-12-12"
    url: https://azureblobstoragecanada.blob.core.windows.net/gocblobclearpagesifsequencenumberltetrue/gotestblobblobclearpagesifsequencenumberltetrue?comp=page
    method: PUT
  response:
    body: ""
    headers:
      Content-Length:
      - "0"
      Date:
      - Tue, 15 Mar 2022 13:14:59 GMT
      Etag:
      - '"0x8DA0685CF3BF536"'
      Last-Modified:
      - Tue, 15 Mar 2022 13:15:00 GMT
      Server:
      - Windows-Azure-Blob/1.0 Microsoft-HTTPAPI/2.0
      X-Ms-Blob-Sequence-Number:
      - "0"
      X-Ms-Request-Id:
      - 21b0f24c-001e-004a-526e-382cf7000000
      X-Ms-Version:
      - "2019-12-12"
    status: 201 Created
    code: 201
    duration: ""
- request:
    body: ""
    form: {}
    headers:
      Accept:
      - application/xml
      Authorization:
      - sanitized
      User-Agent:
      - azsdk-go-azblob/v0.3.0 azsdk-go-azcore/v0.21.1 (go1.16.14; Windows_NT)
      X-Ms-Date:
      - Tue, 15 Mar 2022 13:15:00 GMT
      X-Ms-Version:
      - "2019-12-12"
    url: https://azureblobstoragecanada.blob.core.windows.net/gocblobclearpagesifsequencenumberltetrue/gotestblobblobclearpagesifsequencenumberltetrue?comp=pagelist
    method: GET
  response:
    body: "\uFEFF\x3C\x3F\x78\x6D\x6C\x20\x76\x65\x72\x73\x69\x6F\x6E\x3D\"\x31\x2E\x30\"\x20\x65\x6E\x63\x6F\x64\x69\x6E\x67\x3D\"\x75\x74\x66\x2D\x38\"\x3F\x3E\x3C\x50\x61\x67\x65\x4C\x69\x73\x74\x20\x2F\x3E"
    headers:
      Content-Type:
      - application/xml
      Date:
      - Tue, 15 Mar 2022 13:14:59 GMT
      Etag:
      - '"0x8DA0685CF3BF536"'
      Last-Modified:
      - Tue, 15 Mar 2022 13:15:00 GMT
      Server:
      - Windows-Azure-Blob/1.0 Microsoft-HTTPAPI/2.0
      X-Ms-Blob-Content-Length:
      - "5120"
      X-Ms-Request-Id:
      - 21b0f467-001e-004a-356e-382cf7000000
      X-Ms-Version:
      - "2019-12-12"
    status: 200 OK
    code: 200
    duration: ""
- request:
    body: ""
    form: {}
    headers:
      Accept:
      - application/xml
      Authorization:
      - sanitized
      User-Agent:
      - azsdk-go-azblob/v0.3.0 azsdk-go-azcore/v0.21.1 (go1.16.14; Windows_NT)
      X-Ms-Date:
      - Tue, 15 Mar 2022 13:15:00 GMT
      X-Ms-Version:
      - "2019-12-12"
    url: https://azureblobstoragecanada.blob.core.windows.net/gocblobclearpagesifsequencenumberltetrue?restype=container
    method: DELETE
  response:
    body: ""
    headers:
      Content-Length:
      - "0"
      Date:
      - Tue, 15 Mar 2022 13:15:00 GMT
      Server:
      - Windows-Azure-Blob/1.0 Microsoft-HTTPAPI/2.0
      X-Ms-Request-Id:
      - 21b0f67b-001e-004a-1f6e-382cf7000000
      X-Ms-Version:
      - "2019-12-12"
    status: 202 Accepted
    code: 202
    duration: ""
