---
version: 1
interactions:
- request:
    body: ""
    form: {}
    headers:
      Accept:
      - application/xml
      Authorization:
      - sanitized
      User-Agent:
      - azsdk-go-azblob/v0.5.0 (go1.18.3; Windows_NT)
      X-Ms-Date:
      - Tue, 26 Jul 2022 08:22:12 GMT
      x-ms-version:
      - "2020-10-02"
    url: https://azureblobstoragecanada.blob.core.windows.net/goccopyunsealedblob?restype=container
    method: PUT
  response:
    body: ""
    headers:
      Content-Length:
      - "0"
      Date:
      - Tue, 26 Jul 2022 08:22:11 GMT
      Etag:
      - '"0x8DA6EDFF0721C3A"'
      Last-Modified:
      - Tue, 26 Jul 2022 08:22:11 GMT
      Server:
      - Windows-Azure-Blob/1.0 Microsoft-HTTPAPI/2.0
      X-Ms-Request-Id:
      - 053c90ea-401e-0074-1cc8-a0bb88000000
      X-Ms-Version:
      - "2020-10-02"
    status: 201 Created
    code: 201
    duration: ""
- request:
    body: ""
    form: {}
    headers:
      Accept:
      - application/xml
      Authorization:
      - sanitized
      Content-Length:
      - "0"
      User-Agent:
      - azsdk-go-azblob/v0.5.0 (go1.18.3; Windows_NT)
      X-Ms-Date:
      - Tue, 26 Jul 2022 08:22:12 GMT
      x-ms-blob-type:
      - AppendBlob
      x-ms-version:
      - "2020-10-02"
    url: https://azureblobstoragecanada.blob.core.windows.net/goccopyunsealedblob/gotestblobcopyunsealedblob
    method: PUT
  response:
    body: ""
    headers:
      Content-Length:
      - "0"
      Date:
      - Tue, 26 Jul 2022 08:22:11 GMT
      Etag:
      - '"0x8DA6EDFF0986B15"'
      Last-Modified:
      - Tue, 26 Jul 2022 08:22:11 GMT
      Server:
      - Windows-Azure-Blob/1.0 Microsoft-HTTPAPI/2.0
      X-Ms-Request-Id:
      - 053c9212-401e-0074-2bc8-a0bb88000000
      X-Ms-Request-Server-Encrypted:
      - "true"
      X-Ms-Version:
      - "2020-10-02"
      X-Ms-Version-Id:
      - "2022-07-26T08:22:11.9629589Z"
    status: 201 Created
    code: 201
    duration: ""
- request:
    body: ""
    form: {}
    headers:
      Accept:
      - application/xml
      Authorization:
      - sanitized
      User-Agent:
      - azsdk-go-azblob/v0.5.0 (go1.18.3; Windows_NT)
      X-Ms-Date:
      - Tue, 26 Jul 2022 08:22:12 GMT
      x-ms-copy-source:
      - https://azureblobstoragecanada.blob.core.windows.net/goccopyunsealedblob/gotestblobcopyunsealedblob
      x-ms-seal-blob:
      - "true"
      x-ms-version:
      - "2020-10-02"
    url: https://azureblobstoragecanada.blob.core.windows.net/goccopyunsealedblob/copygotestblobcopyunsealedblob
    method: PUT
  response:
    body: ""
    headers:
      Content-Length:
      - "0"
      Date:
      - Tue, 26 Jul 2022 08:22:12 GMT
      Etag:
      - '"0x8DA6EDFF0BF756B"'
      Last-Modified:
      - Tue, 26 Jul 2022 08:22:12 GMT
      Server:
      - Windows-Azure-Blob/1.0 Microsoft-HTTPAPI/2.0
      X-Ms-Copy-Id:
      - 7f65c1b0-1a50-41c7-8318-bcb1bdefb3cb
      X-Ms-Copy-Status:
      - success
      X-Ms-Request-Id:
      - 053c9348-401e-0074-49c8-a0bb88000000
      X-Ms-Version:
      - "2020-10-02"
      X-Ms-Version-Id:
      - "2022-07-26T08:22:12.2198137Z"
    status: 202 Accepted
    code: 202
    duration: ""
- request:
    body: ""
    form: {}
    headers:
      Accept:
      - application/xml
      Authorization:
      - sanitized
      User-Agent:
      - azsdk-go-azblob/v0.5.0 (go1.18.3; Windows_NT)
      X-Ms-Date:
      - Tue, 26 Jul 2022 08:22:12 GMT
      x-ms-version:
      - "2020-10-02"
    url: https://azureblobstoragecanada.blob.core.windows.net/goccopyunsealedblob/copygotestblobcopyunsealedblob
    method: HEAD
  response:
    body: ""
    headers:
      Accept-Ranges:
      - bytes
      Content-Length:
      - "0"
      Content-Type:
      - application/octet-stream
      Date:
      - Tue, 26 Jul 2022 08:22:12 GMT
      Etag:
      - '"0x8DA6EDFF0BF756B"'
      Last-Modified:
      - Tue, 26 Jul 2022 08:22:12 GMT
      Server:
      - Windows-Azure-Blob/1.0 Microsoft-HTTPAPI/2.0
      X-Ms-Blob-Committed-Block-Count:
      - "0"
      X-Ms-Blob-Sealed:
      - "true"
      X-Ms-Blob-Type:
      - AppendBlob
      X-Ms-Copy-Completion-Time:
      - Tue, 26 Jul 2022 08:22:12 GMT
      X-Ms-Copy-Id:
      - 7f65c1b0-1a50-41c7-8318-bcb1bdefb3cb
      X-Ms-Copy-Progress:
      - 0/0
      X-Ms-Copy-Source:
      - https://azureblobstoragecanada.blob.core.windows.net/goccopyunsealedblob/gotestblobcopyunsealedblob
      X-Ms-Copy-Status:
      - success
      X-Ms-Creation-Time:
      - Tue, 26 Jul 2022 08:22:12 GMT
      X-Ms-Is-Current-Version:
      - "true"
      X-Ms-Lease-State:
      - available
      X-Ms-Lease-Status:
      - unlocked
      X-Ms-Request-Id:
      - 053c949b-401e-0074-74c8-a0bb88000000
      X-Ms-Server-Encrypted:
      - "true"
      X-Ms-Version:
      - "2020-10-02"
      X-Ms-Version-Id:
      - "2022-07-26T08:22:12.2198137Z"
    status: 200 OK
    code: 200
    duration: ""
- request:
    body: ""
    form: {}
    headers:
      Accept:
      - application/xml
      Authorization:
      - sanitized
      User-Agent:
      - azsdk-go-azblob/v0.5.0 (go1.18.3; Windows_NT)
      X-Ms-Date:
      - Tue, 26 Jul 2022 08:22:13 GMT
      x-ms-version:
      - "2020-10-02"
    url: https://azureblobstoragecanada.blob.core.windows.net/goccopyunsealedblob?restype=container
    method: DELETE
  response:
    body: ""
    headers:
      Content-Length:
      - "0"
      Date:
      - Tue, 26 Jul 2022 08:22:12 GMT
      Server:
      - Windows-Azure-Blob/1.0 Microsoft-HTTPAPI/2.0
      X-Ms-Request-Id:
      - 053c95d9-401e-0074-08c8-a0bb88000000
      X-Ms-Version:
      - "2020-10-02"
    status: 202 Accepted
    code: 202
    duration: ""
