---
version: 1
interactions:
- request:
    body: ""
    form: {}
    headers:
      Accept:
      - application/xml
      Authorization:
      - sanitized
      User-Agent:
      - azsdk-go-azblob/v0.1.0 azsdk-go-azcore/v0.19.0 (go1.16.7; Windows_NT)
      X-Ms-Date:
      - Fri, 10 Sep 2021 17:56:04 GMT
      X-Ms-Version:
      - "2019-12-12"
    url: https://azureblobstoragecanada.blob.core.windows.net/gocblobstartcopymetadata?restype=container
    method: PUT
  response:
    body: ""
    headers:
      Content-Length:
      - "0"
      Date:
      - Fri, 10 Sep 2021 17:56:04 GMT
      Etag:
      - '"0x8D97484422D81C1"'
      Last-Modified:
      - Fri, 10 Sep 2021 17:56:04 GMT
      Server:
      - Windows-Azure-Blob/1.0 Microsoft-HTTPAPI/2.0
      X-Ms-Request-Id:
      - d460dbaf-501e-001e-0d6d-a6ec4c000000
      X-Ms-Version:
      - "2019-12-12"
    status: 201 Created
    code: 201
    duration: ""
- request:
    body: GoBlockBlobData
    form: {}
    headers:
      Accept:
      - application/xml
      Authorization:
      - sanitized
      Content-Length:
      - "15"
      Content-Type:
      - application/octet-stream
      User-Agent:
      - azsdk-go-azblob/v0.1.0 azsdk-go-azcore/v0.19.0 (go1.16.7; Windows_NT)
      X-Ms-Blob-Type:
      - BlockBlob
      X-Ms-Date:
      - Fri, 10 Sep 2021 17:56:04 GMT
      X-Ms-Version:
      - "2019-12-12"
    url: https://azureblobstoragecanada.blob.core.windows.net/gocblobstartcopymetadata/gotestblobblobstartcopymetadata
    method: PUT
  response:
    body: ""
    headers:
      Content-Length:
      - "0"
      Content-Md5:
      - ebncwguMQu9sgPmr0GazhA==
      Date:
      - Fri, 10 Sep 2021 17:56:04 GMT
      Etag:
      - '"0x8D97484425B209C"'
      Last-Modified:
      - Fri, 10 Sep 2021 17:56:04 GMT
      Server:
      - Windows-Azure-Blob/1.0 Microsoft-HTTPAPI/2.0
      X-Ms-Content-Crc64:
      - +JGsS7CR5kg=
      X-Ms-Request-Id:
      - d460dc5e-501e-001e-266d-a6ec4c000000
      X-Ms-Request-Server-Encrypted:
      - "true"
      X-Ms-Version:
      - "2019-12-12"
      X-Ms-Version-Id:
      - "2021-09-10T17:56:04.7409308Z"
    status: 201 Created
    code: 201
    duration: ""
- request:
    body: ""
    form: {}
    headers:
      Accept:
      - application/xml
      Authorization:
      - sanitized
      User-Agent:
      - azsdk-go-azblob/v0.1.0 azsdk-go-azcore/v0.19.0 (go1.16.7; Windows_NT)
      X-Ms-Copy-Source:
      - https://azureblobstoragecanada.blob.core.windows.net/gocblobstartcopymetadata/gotestblobblobstartcopymetadata
      X-Ms-Date:
      - Fri, 10 Sep 2021 17:56:04 GMT
      X-Ms-Meta-Bla:
      - foo
      X-Ms-Version:
      - "2019-12-12"
    url: https://azureblobstoragecanada.blob.core.windows.net/gocblobstartcopymetadata/copygotestblobblobstartcopymetadata
    method: PUT
  response:
    body: ""
    headers:
      Content-Length:
      - "0"
      Date:
      - Fri, 10 Sep 2021 17:56:04 GMT
      Etag:
      - '"0x8D9748442810034"'
      Last-Modified:
      - Fri, 10 Sep 2021 17:56:04 GMT
      Server:
      - Windows-Azure-Blob/1.0 Microsoft-HTTPAPI/2.0
      X-Ms-Copy-Id:
      - 4f1385dc-574b-4b10-9f9e-e44a30a64ba9
      X-Ms-Copy-Status:
      - success
      X-Ms-Request-Id:
      - d460dcc9-501e-001e-036d-a6ec4c000000
      X-Ms-Version:
      - "2019-12-12"
      X-Ms-Version-Id:
      - "2021-09-10T17:56:04.9901393Z"
    status: 202 Accepted
    code: 202
    duration: ""
- request:
    body: ""
    form: {}
    headers:
      Accept:
      - application/xml
      Authorization:
      - sanitized
      User-Agent:
      - azsdk-go-azblob/v0.1.0 azsdk-go-azcore/v0.19.0 (go1.16.7; Windows_NT)
      X-Ms-Date:
      - Fri, 10 Sep 2021 17:56:05 GMT
      X-Ms-Version:
      - "2019-12-12"
    url: https://azureblobstoragecanada.blob.core.windows.net/gocblobstartcopymetadata/copygotestblobblobstartcopymetadata
    method: HEAD
  response:
    body: ""
    headers:
      Accept-Ranges:
      - bytes
      Content-Length:
      - "15"
      Content-Md5:
      - ebncwguMQu9sgPmr0GazhA==
      Content-Type:
      - application/octet-stream
      Date:
      - Fri, 10 Sep 2021 17:56:05 GMT
      Etag:
      - '"0x8D9748442810034"'
      Last-Modified:
      - Fri, 10 Sep 2021 17:56:04 GMT
      Server:
      - Windows-Azure-Blob/1.0 Microsoft-HTTPAPI/2.0
      X-Ms-Access-Tier:
      - Hot
      X-Ms-Access-Tier-Inferred:
      - "true"
      X-Ms-Blob-Type:
      - BlockBlob
      X-Ms-Copy-Completion-Time:
      - Fri, 10 Sep 2021 17:56:04 GMT
      X-Ms-Copy-Id:
      - 4f1385dc-574b-4b10-9f9e-e44a30a64ba9
      X-Ms-Copy-Progress:
      - 15/15
      X-Ms-Copy-Source:
      - https://azureblobstoragecanada.blob.core.windows.net/gocblobstartcopymetadata/gotestblobblobstartcopymetadata
      X-Ms-Copy-Status:
      - success
      X-Ms-Creation-Time:
      - Fri, 10 Sep 2021 17:56:04 GMT
      X-Ms-Is-Current-Version:
      - "true"
      X-Ms-Lease-State:
      - available
      X-Ms-Lease-Status:
      - unlocked
      X-Ms-Meta-Bla:
      - foo
      X-Ms-Request-Id:
      - d460ddc4-501e-001e-5e6d-a6ec4c000000
      X-Ms-Server-Encrypted:
      - "true"
      X-Ms-Version:
      - "2019-12-12"
      X-Ms-Version-Id:
      - "2021-09-10T17:56:04.9901393Z"
    status: 200 OK
    code: 200
    duration: ""
- request:
    body: ""
    form: {}
    headers:
      Accept:
      - application/xml
      Authorization:
      - sanitized
      User-Agent:
      - azsdk-go-azblob/v0.1.0 azsdk-go-azcore/v0.19.0 (go1.16.7; Windows_NT)
      X-Ms-Date:
      - Fri, 10 Sep 2021 17:56:05 GMT
      X-Ms-Version:
      - "2019-12-12"
    url: https://azureblobstoragecanada.blob.core.windows.net/gocblobstartcopymetadata?restype=container
    method: DELETE
  response:
    body: ""
    headers:
      Content-Length:
      - "0"
      Date:
      - Fri, 10 Sep 2021 17:56:05 GMT
      Server:
      - Windows-Azure-Blob/1.0 Microsoft-HTTPAPI/2.0
      X-Ms-Request-Id:
      - d460deab-501e-001e-256d-a6ec4c000000
      X-Ms-Version:
      - "2019-12-12"
    status: 202 Accepted
    code: 202
    duration: ""
