---
version: 1
interactions:
- request:
    body: ""
    form: {}
    headers:
      Accept:
      - application/xml
      Authorization:
      - sanitized
      User-Agent:
      - azsdk-go-azblob/v0.3.0 azsdk-go-azcore/v0.21.1 (go1.17.7; Windows_NT)
      X-Ms-Date:
      - Thu, 10 Mar 2022 14:54:02 GMT
      X-Ms-Version:
      - "2019-12-12"
    url: https://azureblobstoragecanada.blob.core.windows.net/gocblobstartcopydestifmatchfalse?restype=container
    method: PUT
  response:
    body: ""
    headers:
      Content-Length:
      - "0"
      Date:
      - Thu, 10 Mar 2022 14:53:57 GMT
      Etag:
      - '"0x8DA02A5CE8D07C1"'
      Last-Modified:
      - Thu, 10 Mar 2022 14:53:58 GMT
      Server:
      - Windows-Azure-Blob/1.0 Microsoft-HTTPAPI/2.0
      X-Ms-Request-Id:
      - d6f3196a-201e-0062-578e-344d5f000000
      X-Ms-Version:
      - "2019-12-12"
    status: 201 Created
    code: 201
    duration: ""
- request:
    body: GoBlockBlobData
    form: {}
    headers:
      Accept:
      - application/xml
      Authorization:
      - sanitized
      Content-Length:
      - "15"
      Content-Type:
      - application/octet-stream
      User-Agent:
      - azsdk-go-azblob/v0.3.0 azsdk-go-azcore/v0.21.1 (go1.17.7; Windows_NT)
      X-Ms-Blob-Type:
      - BlockBlob
      X-Ms-Date:
      - Thu, 10 Mar 2022 14:54:03 GMT
      X-Ms-Version:
      - "2019-12-12"
    url: https://azureblobstoragecanada.blob.core.windows.net/gocblobstartcopydestifmatchfalse/gotestblobblobstartcopydestifmatchfalse
    method: PUT
  response:
    body: ""
    headers:
      Content-Length:
      - "0"
      Content-Md5:
      - ebncwguMQu9sgPmr0GazhA==
      Date:
      - Thu, 10 Mar 2022 14:53:58 GMT
      Etag:
      - '"0x8DA02A5CEBD584D"'
      Last-Modified:
      - Thu, 10 Mar 2022 14:53:58 GMT
      Server:
      - Windows-Azure-Blob/1.0 Microsoft-HTTPAPI/2.0
      X-Ms-Content-Crc64:
      - +JGsS7CR5kg=
      X-Ms-Request-Id:
      - d6f31bd5-201e-0062-148e-344d5f000000
      X-Ms-Request-Server-Encrypted:
      - "true"
      X-Ms-Version:
      - "2019-12-12"
      X-Ms-Version-Id:
      - "2022-03-10T14:53:58.7721293Z"
    status: 201 Created
    code: 201
    duration: ""
- request:
    body: GoBlockBlobData
    form: {}
    headers:
      Accept:
      - application/xml
      Authorization:
      - sanitized
      Content-Length:
      - "15"
      Content-Type:
      - application/octet-stream
      User-Agent:
      - azsdk-go-azblob/v0.3.0 azsdk-go-azcore/v0.21.1 (go1.17.7; Windows_NT)
      X-Ms-Blob-Type:
      - BlockBlob
      X-Ms-Date:
      - Thu, 10 Mar 2022 14:54:03 GMT
      X-Ms-Version:
      - "2019-12-12"
    url: https://azureblobstoragecanada.blob.core.windows.net/gocblobstartcopydestifmatchfalse/destgotestblobblobstartcopydestifmatchfalse
    method: PUT
  response:
    body: ""
    headers:
      Content-Length:
      - "0"
      Content-Md5:
      - ebncwguMQu9sgPmr0GazhA==
      Date:
      - Thu, 10 Mar 2022 14:53:58 GMT
      Etag:
      - '"0x8DA02A5CEE3784E"'
      Last-Modified:
      - Thu, 10 Mar 2022 14:53:59 GMT
      Server:
      - Windows-Azure-Blob/1.0 Microsoft-HTTPAPI/2.0
      X-Ms-Content-Crc64:
      - +JGsS7CR5kg=
      X-Ms-Request-Id:
      - d6f31d35-201e-0062-4c8e-344d5f000000
      X-Ms-Request-Server-Encrypted:
      - "true"
      X-Ms-Version:
      - "2019-12-12"
      X-Ms-Version-Id:
      - "2022-03-10T14:53:59.0219854Z"
    status: 201 Created
    code: 201
    duration: ""
- request:
    body: ""
    form: {}
    headers:
      Accept:
      - application/xml
      Authorization:
      - sanitized
      User-Agent:
      - azsdk-go-azblob/v0.3.0 azsdk-go-azcore/v0.21.1 (go1.17.7; Windows_NT)
      X-Ms-Date:
      - Thu, 10 Mar 2022 14:54:03 GMT
      X-Ms-Version:
      - "2019-12-12"
    url: https://azureblobstoragecanada.blob.core.windows.net/gocblobstartcopydestifmatchfalse/destgotestblobblobstartcopydestifmatchfalse
    method: HEAD
  response:
    body: ""
    headers:
      Accept-Ranges:
      - bytes
      Content-Length:
      - "15"
      Content-Md5:
      - ebncwguMQu9sgPmr0GazhA==
      Content-Type:
      - application/octet-stream
      Date:
      - Thu, 10 Mar 2022 14:53:58 GMT
      Etag:
      - '"0x8DA02A5CEE3784E"'
      Last-Modified:
      - Thu, 10 Mar 2022 14:53:59 GMT
      Server:
      - Windows-Azure-Blob/1.0 Microsoft-HTTPAPI/2.0
      X-Ms-Access-Tier:
      - Hot
      X-Ms-Access-Tier-Inferred:
      - "true"
      X-Ms-Blob-Type:
      - BlockBlob
      X-Ms-Creation-Time:
      - Thu, 10 Mar 2022 14:53:59 GMT
      X-Ms-Is-Current-Version:
      - "true"
      X-Ms-Lease-State:
      - available
      X-Ms-Lease-Status:
      - unlocked
      X-Ms-Request-Id:
      - d6f31ee6-201e-0062-4a8e-344d5f000000
      X-Ms-Server-Encrypted:
      - "true"
      X-Ms-Version:
      - "2019-12-12"
      X-Ms-Version-Id:
      - "2022-03-10T14:53:59.0219854Z"
    status: 200 OK
    code: 200
    duration: ""
- request:
    body: ""
    form: {}
    headers:
      Accept:
      - application/xml
      Authorization:
      - sanitized
      User-Agent:
      - azsdk-go-azblob/v0.3.0 azsdk-go-azcore/v0.21.1 (go1.17.7; Windows_NT)
      X-Ms-Date:
      - Thu, 10 Mar 2022 14:54:04 GMT
      X-Ms-Meta-Bla:
      - bla
      X-Ms-Version:
      - "2019-12-12"
    url: https://azureblobstoragecanada.blob.core.windows.net/gocblobstartcopydestifmatchfalse/destgotestblobblobstartcopydestifmatchfalse?comp=metadata
    method: PUT
  response:
    body: ""
    headers:
      Content-Length:
      - "0"
      Date:
      - Thu, 10 Mar 2022 14:53:58 GMT
      Etag:
      - '"0x8DA02A5CF3A16FD"'
      Last-Modified:
      - Thu, 10 Mar 2022 14:53:59 GMT
      Server:
      - Windows-Azure-Blob/1.0 Microsoft-HTTPAPI/2.0
      X-Ms-Request-Id:
      - d6f320f7-201e-0062-2a8e-344d5f000000
      X-Ms-Request-Server-Encrypted:
      - "true"
      X-Ms-Version:
      - "2019-12-12"
      X-Ms-Version-Id:
      - "2022-03-10T14:53:59.5916574Z"
    status: 200 OK
    code: 200
    duration: ""
- request:
    body: ""
    form: {}
    headers:
      Accept:
      - application/xml
      Authorization:
      - sanitized
      If-Match:
      - '"0x8DA02A5CEE3784E"'
      User-Agent:
      - azsdk-go-azblob/v0.3.0 azsdk-go-azcore/v0.21.1 (go1.17.7; Windows_NT)
      X-Ms-Copy-Source:
      - https://azureblobstoragecanada.blob.core.windows.net/gocblobstartcopydestifmatchfalse/gotestblobblobstartcopydestifmatchfalse
      X-Ms-Date:
      - Thu, 10 Mar 2022 14:54:04 GMT
      X-Ms-Version:
      - "2019-12-12"
    url: https://azureblobstoragecanada.blob.core.windows.net/gocblobstartcopydestifmatchfalse/destgotestblobblobstartcopydestifmatchfalse
    method: PUT
  response:
    body: "\uFEFF\x3C\x3F\x78\x6D\x6C\x20\x76\x65\x72\x73\x69\x6F\x6E\x3D\"\x31\x2E\x30\"\x20\x65\x6E\x63\x6F\x64\x69\x6E\x67\x3D\"\x75\x74\x66\x2D\x38\"\x3F\x3E\x3C\x45\x72\x72\x6F\x72\x3E\x3C\x43\x6F\x64\x65\x3E\x54\x61\x72\x67\x65\x74\x43\x6F\x6E\x64\x69\x74\x69\x6F\x6E\x4E\x6F\x74\x4D\x65\x74\x3C\x2F\x43\x6F\x64\x65\x3E\x3C\x4D\x65\x73\x73\x61\x67\x65\x3E\x54\x68\x65\x20\x74\x61\x72\x67\x65\x74\x20\x63\x6F\x6E\x64\x69\x74\x69\x6F\x6E\x20\x73\x70\x65\x63\x69\x66\x69\x65\x64\x20\x75\x73\x69\x6E\x67\x20\x48\x54\x54\x50\x20\x63\x6F\x6E\x64\x69\x74\x69\x6F\x6E\x61\x6C\x20\x68\x65\x61\x64\x65\x72\x28\x73\x29\x20\x69\x73\x20\x6E\x6F\x74\x20\x6D\x65\x74\x2E\n\x52\x65\x71\x75\x65\x73\x74\x49\x64\x3A\x64\x36\x66\x33\x32\x32\x38\x32\x2D\x32\x30\x31\x65\x2D\x30\x30\x36\x32\x2D\x30\x66\x38\x65\x2D\x33\x34\x34\x64\x35\x66\x30\x30\x30\x30\x30\x30\n\x54\x69\x6D\x65\x3A\x32\x30\x32\x32\x2D\x30\x33\x2D\x31\x30\x54\x31\x34\x3A\x35\x33\x3A\x35\x39\x2E\x38\x35\x38\x36\x38\x39\x36\x5A\x3C\x2F\x4D\x65\x73\x73\x61\x67\x65\x3E\x3C\x2F\x45\x72\x72\x6F\x72\x3E"
    headers:
      Content-Length:
      - "265"
      Content-Type:
      - application/xml
      Date:
      - Thu, 10 Mar 2022 14:53:59 GMT
      Server:
      - Windows-Azure-Blob/1.0 Microsoft-HTTPAPI/2.0
      X-Ms-Error-Code:
      - TargetConditionNotMet
      X-Ms-Request-Id:
      - d6f32282-201e-0062-0f8e-344d5f000000
      X-Ms-Version:
      - "2019-12-12"
    status: 412 The target condition specified using HTTP conditional header(s) is
      not met.
    code: 412
    duration: ""
- request:
    body: ""
    form: {}
    headers:
      Accept:
      - application/xml
      Authorization:
      - sanitized
      User-Agent:
      - azsdk-go-azblob/v0.3.0 azsdk-go-azcore/v0.21.1 (go1.17.7; Windows_NT)
      X-Ms-Date:
      - Thu, 10 Mar 2022 14:54:04 GMT
      X-Ms-Version:
      - "2019-12-12"
    url: https://azureblobstoragecanada.blob.core.windows.net/gocblobstartcopydestifmatchfalse?restype=container
    method: DELETE
  response:
    body: ""
    headers:
      Content-Length:
      - "0"
      Date:
      - Thu, 10 Mar 2022 14:53:59 GMT
      Server:
      - Windows-Azure-Blob/1.0 Microsoft-HTTPAPI/2.0
      X-Ms-Request-Id:
      - d6f3246e-201e-0062-548e-344d5f000000
      X-Ms-Version:
      - "2019-12-12"
    status: 202 Accepted
    code: 202
    duration: ""
