---
version: 1
interactions:
  - request:
      body: ""
      form: { }
      headers:
        Accept:
          - application/xml
        Authorization:
          - sanitized
        User-Agent:
          - azsdk-go-generated/<version> azsdk-go-generated/<version> azcore/v0.13.4 (go1.15;
            Windows_NT)
        X-Ms-Date:
          - Sat, 12 Jun 2021 17:43:29 GMT
        X-Ms-Version:
          - "2019-12-12"
      url: https://azureblobstrgmohitcanada.blob.core.windows.net/goccontainersetpermissionsnilpolicyslice?restype=container
      method: PUT
    response:
      body: ""
      headers:
        Content-Length:
          - "0"
        Date:
          - Sat, 12 Jun 2021 17:43:29 GMT
        Etag:
          - '"0x8D92DC9970A1377"'
        Last-Modified:
          - Sat, 12 Jun 2021 17:43:29 GMT
        Server:
          - Windows-Azure-Blob/1.0 Microsoft-HTTPAPI/2.0
        X-Ms-Request-Id:
          - da9b6f66-b01e-0014-3db2-5fd9ed000000
        X-Ms-Version:
          - "2019-12-12"
      status: 201 Created
      code: 201
      duration: ""
  - request:
      body: ""
      form: { }
      headers:
        Accept:
          - application/xml
        Authorization:
          - sanitized
        User-Agent:
          - azsdk-go-generated/<version> azsdk-go-generated/<version> azcore/v0.13.4 (go1.15;
            Windows_NT)
        X-Ms-Date:
          - Sat, 12 Jun 2021 17:43:29 GMT
        X-Ms-Version:
          - "2019-12-12"
      url: https://azureblobstrgmohitcanada.blob.core.windows.net/goccontainersetpermissionsnilpolicyslice?comp=acl&restype=container
      method: PUT
    response:
      body: ""
      headers:
        Content-Length:
          - "0"
        Date:
          - Sat, 12 Jun 2021 17:43:29 GMT
        Etag:
          - '"0x8D92DC9972F7537"'
        Last-Modified:
          - Sat, 12 Jun 2021 17:43:29 GMT
        Server:
          - Windows-Azure-Blob/1.0 Microsoft-HTTPAPI/2.0
        X-Ms-Request-Id:
          - da9b6fec-b01e-0014-2db2-5fd9ed000000
        X-Ms-Version:
          - "2019-12-12"
      status: 200 OK
      code: 200
      duration: ""
  - request:
      body: ""
      form: { }
      headers:
        Accept:
          - application/xml
        Authorization:
          - sanitized
        User-Agent:
          - azsdk-go-generated/<version> azsdk-go-generated/<version> azcore/v0.13.4 (go1.15;
            Windows_NT)
        X-Ms-Date:
          - Sat, 12 Jun 2021 17:43:29 GMT
        X-Ms-Version:
          - "2019-12-12"
      url: https://azureblobstrgmohitcanada.blob.core.windows.net/goccontainersetpermissionsnilpolicyslice?restype=container
      method: DELETE
    response:
      body: ""
      headers:
        Content-Length:
          - "0"
        Date:
          - Sat, 12 Jun 2021 17:43:33 GMT
        Server:
          - Windows-Azure-Blob/1.0 Microsoft-HTTPAPI/2.0
        X-Ms-Request-Id:
          - da9b7071-b01e-0014-27b2-5fd9ed000000
        X-Ms-Version:
          - "2019-12-12"
      status: 202 Accepted
      code: 202
      duration: ""
