---
version: 1
interactions:
- request:
    body: ""
    form: {}
    headers:
      Accept:
      - application/xml
      Authorization:
      - sanitized
      User-Agent:
      - azsdk-go-azblob/v0.1.0 azsdk-go-azcore/v0.19.0 (go1.16.7; Windows_NT)
      X-Ms-Date:
      - Fri, 10 Sep 2021 17:57:18 GMT
      X-Ms-Version:
      - "2019-12-12"
    url: https://azureblobstoragecanada.blob.core.windows.net/goccopyblobwithrehydratepriority?restype=container
    method: PUT
  response:
    body: ""
    headers:
      Content-Length:
      - "0"
      Date:
      - Fri, 10 Sep 2021 17:57:18 GMT
      Etag:
      - '"0x8D974846E2EDBBF"'
      Last-Modified:
      - Fri, 10 Sep 2021 17:57:18 GMT
      Server:
      - Windows-Azure-Blob/1.0 Microsoft-HTTPAPI/2.0
      X-Ms-Request-Id:
      - d461a414-501e-001e-0a6d-a6ec4c000000
      X-Ms-Version:
      - "2019-12-12"
    status: 201 Created
    code: 201
    duration: ""
- request:
    body: GoBlockBlobData
    form: {}
    headers:
      Accept:
      - application/xml
      Authorization:
      - sanitized
      Content-Length:
      - "15"
      Content-Type:
      - application/octet-stream
      User-Agent:
      - azsdk-go-azblob/v0.1.0 azsdk-go-azcore/v0.19.0 (go1.16.7; Windows_NT)
      X-Ms-Blob-Type:
      - BlockBlob
      X-Ms-Date:
      - Fri, 10 Sep 2021 17:57:18 GMT
      X-Ms-Version:
      - "2019-12-12"
    url: https://azureblobstoragecanada.blob.core.windows.net/goccopyblobwithrehydratepriority/gotestblobcopyblobwithrehydratepriority
    method: PUT
  response:
    body: ""
    headers:
      Content-Length:
      - "0"
      Content-Md5:
      - ebncwguMQu9sgPmr0GazhA==
      Date:
      - Fri, 10 Sep 2021 17:57:18 GMT
      Etag:
      - '"0x8D974846E5CA24B"'
      Last-Modified:
      - Fri, 10 Sep 2021 17:57:18 GMT
      Server:
      - Windows-Azure-Blob/1.0 Microsoft-HTTPAPI/2.0
      X-Ms-Content-Crc64:
      - +JGsS7CR5kg=
      X-Ms-Request-Id:
      - d461a4d9-501e-001e-3b6d-a6ec4c000000
      X-Ms-Request-Server-Encrypted:
      - "true"
      X-Ms-Version:
      - "2019-12-12"
      X-Ms-Version-Id:
      - "2021-09-10T17:57:18.5705547Z"
    status: 201 Created
    code: 201
    duration: ""
- request:
    body: ""
    form: {}
    headers:
      Accept:
      - application/xml
      Authorization:
      - sanitized
      User-Agent:
      - azsdk-go-azblob/v0.1.0 azsdk-go-azcore/v0.19.0 (go1.16.7; Windows_NT)
      X-Ms-Access-Tier:
      - Archive
      X-Ms-Copy-Source:
      - https://azureblobstoragecanada.blob.core.windows.net/goccopyblobwithrehydratepriority/gotestblobcopyblobwithrehydratepriority
      X-Ms-Date:
      - Fri, 10 Sep 2021 17:57:18 GMT
      X-Ms-Rehydrate-Priority:
      - High
      X-Ms-Version:
      - "2019-12-12"
    url: https://azureblobstoragecanada.blob.core.windows.net/goccopyblobwithrehydratepriority/copygotestblobcopyblobwithrehydratepriority
    method: PUT
  response:
    body: ""
    headers:
      Content-Length:
      - "0"
      Date:
      - Fri, 10 Sep 2021 17:57:18 GMT
      Etag:
      - '"0x8D974846E8D0B6F"'
      Last-Modified:
      - Fri, 10 Sep 2021 17:57:18 GMT
      Server:
      - Windows-Azure-Blob/1.0 Microsoft-HTTPAPI/2.0
      X-Ms-Copy-Id:
      - 87a9c780-9dc2-43db-9c6f-c5a5e4e5ca4f
      X-Ms-Copy-Status:
      - success
      X-Ms-Request-Id:
      - d461a5a2-501e-001e-756d-a6ec4c000000
      X-Ms-Version:
      - "2019-12-12"
      X-Ms-Version-Id:
      - "2021-09-10T17:57:18.8878191Z"
    status: 202 Accepted
    code: 202
    duration: ""
- request:
    body: ""
    form: {}
    headers:
      Accept:
      - application/xml
      Authorization:
      - sanitized
      User-Agent:
      - azsdk-go-azblob/v0.1.0 azsdk-go-azcore/v0.19.0 (go1.16.7; Windows_NT)
      X-Ms-Date:
      - Fri, 10 Sep 2021 17:57:19 GMT
      X-Ms-Version:
      - "2019-12-12"
    url: https://azureblobstoragecanada.blob.core.windows.net/goccopyblobwithrehydratepriority/copygotestblobcopyblobwithrehydratepriority
    method: HEAD
  response:
    body: ""
    headers:
      Accept-Ranges:
      - bytes
      Content-Length:
      - "15"
      Content-Md5:
      - ebncwguMQu9sgPmr0GazhA==
      Content-Type:
      - application/octet-stream
      Date:
      - Fri, 10 Sep 2021 17:57:18 GMT
      Etag:
      - '"0x8D974846E8D0B6F"'
      Last-Modified:
      - Fri, 10 Sep 2021 17:57:18 GMT
      Server:
      - Windows-Azure-Blob/1.0 Microsoft-HTTPAPI/2.0
      X-Ms-Access-Tier:
      - Archive
      X-Ms-Access-Tier-Change-Time:
      - Fri, 10 Sep 2021 17:57:18 GMT
      X-Ms-Blob-Type:
      - BlockBlob
      X-Ms-Copy-Completion-Time:
      - Fri, 10 Sep 2021 17:57:18 GMT
      X-Ms-Copy-Id:
      - 87a9c780-9dc2-43db-9c6f-c5a5e4e5ca4f
      X-Ms-Copy-Progress:
      - 15/15
      X-Ms-Copy-Source:
      - https://azureblobstoragecanada.blob.core.windows.net/goccopyblobwithrehydratepriority/gotestblobcopyblobwithrehydratepriority
      X-Ms-Copy-Status:
      - success
      X-Ms-Creation-Time:
      - Fri, 10 Sep 2021 17:57:18 GMT
      X-Ms-Is-Current-Version:
      - "true"
      X-Ms-Lease-State:
      - available
      X-Ms-Lease-Status:
      - unlocked
      X-Ms-Request-Id:
      - d461a642-501e-001e-806d-a6ec4c000000
      X-Ms-Server-Encrypted:
      - "true"
      X-Ms-Version:
      - "2019-12-12"
      X-Ms-Version-Id:
      - "2021-09-10T17:57:18.8878191Z"
    status: 200 OK
    code: 200
    duration: ""
- request:
    body: ""
    form: {}
    headers:
      Accept:
      - application/xml
      Authorization:
      - sanitized
      User-Agent:
      - azsdk-go-azblob/v0.1.0 azsdk-go-azcore/v0.19.0 (go1.16.7; Windows_NT)
      X-Ms-Access-Tier:
      - Hot
      X-Ms-Date:
      - Fri, 10 Sep 2021 17:57:19 GMT
      X-Ms-Version:
      - "2019-12-12"
    url: https://azureblobstoragecanada.blob.core.windows.net/goccopyblobwithrehydratepriority/copygotestblobcopyblobwithrehydratepriority?comp=tier
    method: PUT
  response:
    body: ""
    headers:
      Content-Length:
      - "0"
      Date:
      - Fri, 10 Sep 2021 17:57:19 GMT
      Server:
      - Windows-Azure-Blob/1.0 Microsoft-HTTPAPI/2.0
      X-Ms-Request-Id:
      - d461a715-501e-001e-3f6d-a6ec4c000000
      X-Ms-Version:
      - "2019-12-12"
    status: 202 Accepted
    code: 202
    duration: ""
- request:
    body: ""
    form: {}
    headers:
      Accept:
      - application/xml
      Authorization:
      - sanitized
      User-Agent:
      - azsdk-go-azblob/v0.1.0 azsdk-go-azcore/v0.19.0 (go1.16.7; Windows_NT)
      X-Ms-Date:
      - Fri, 10 Sep 2021 17:57:19 GMT
      X-Ms-Version:
      - "2019-12-12"
    url: https://azureblobstoragecanada.blob.core.windows.net/goccopyblobwithrehydratepriority/copygotestblobcopyblobwithrehydratepriority
    method: HEAD
  response:
    body: ""
    headers:
      Accept-Ranges:
      - bytes
      Content-Length:
      - "15"
      Content-Md5:
      - ebncwguMQu9sgPmr0GazhA==
      Content-Type:
      - application/octet-stream
      Date:
      - Fri, 10 Sep 2021 17:57:19 GMT
      Etag:
      - '"0x8D974846E8D0B6F"'
      Last-Modified:
      - Fri, 10 Sep 2021 17:57:18 GMT
      Server:
      - Windows-Azure-Blob/1.0 Microsoft-HTTPAPI/2.0
      X-Ms-Access-Tier:
      - Archive
      X-Ms-Access-Tier-Change-Time:
      - Fri, 10 Sep 2021 17:57:19 GMT
      X-Ms-Archive-Status:
      - rehydrate-pending-to-hot
      X-Ms-Blob-Type:
      - BlockBlob
      X-Ms-Copy-Completion-Time:
      - Fri, 10 Sep 2021 17:57:18 GMT
      X-Ms-Copy-Id:
      - 87a9c780-9dc2-43db-9c6f-c5a5e4e5ca4f
      X-Ms-Copy-Progress:
      - 15/15
      X-Ms-Copy-Source:
      - https://azureblobstoragecanada.blob.core.windows.net/goccopyblobwithrehydratepriority/gotestblobcopyblobwithrehydratepriority
      X-Ms-Copy-Status:
      - success
      X-Ms-Creation-Time:
      - Fri, 10 Sep 2021 17:57:18 GMT
      X-Ms-Is-Current-Version:
      - "true"
      X-Ms-Lease-State:
      - available
      X-Ms-Lease-Status:
      - unlocked
      X-Ms-Rehydrate-Priority:
      - Standard
      X-Ms-Request-Id:
      - d461a82e-501e-001e-496d-a6ec4c000000
      X-Ms-Server-Encrypted:
      - "true"
      X-Ms-Version:
      - "2019-12-12"
      X-Ms-Version-Id:
      - "2021-09-10T17:57:18.8878191Z"
    status: 200 OK
    code: 200
    duration: ""
- request:
    body: ""
    form: {}
    headers:
      Accept:
      - application/xml
      Authorization:
      - sanitized
      User-Agent:
      - azsdk-go-azblob/v0.1.0 azsdk-go-azcore/v0.19.0 (go1.16.7; Windows_NT)
      X-Ms-Date:
      - Fri, 10 Sep 2021 17:57:20 GMT
      X-Ms-Version:
      - "2019-12-12"
    url: https://azureblobstoragecanada.blob.core.windows.net/goccopyblobwithrehydratepriority?restype=container
    method: DELETE
  response:
    body: ""
    headers:
      Content-Length:
      - "0"
      Date:
      - Fri, 10 Sep 2021 17:57:19 GMT
      Server:
      - Windows-Azure-Blob/1.0 Microsoft-HTTPAPI/2.0
      X-Ms-Request-Id:
      - d461a910-501e-001e-156d-a6ec4c000000
      X-Ms-Version:
      - "2019-12-12"
    status: 202 Accepted
    code: 202
    duration: ""
