---
version: 1
interactions:
- request:
    body: ""
    form: {}
    headers:
      Accept:
      - application/xml
      Authorization:
      - sanitized
      User-Agent:
      - azsdk-go-azblob/v0.4.1 (go1.18; Windows_NT)
      X-Ms-Date:
      - Fri, 13 May 2022 00:21:11 GMT
      X-Ms-Version:
      - "2020-10-02"
    url: https://jhendrixstorage1.blob.core.windows.net/gocblobcreatepageifmodifiedsincetrue?restype=container
    method: PUT
  response:
    body: ""
    headers:
      Content-Length:
      - "0"
      Date:
      - Fri, 13 May 2022 00:21:11 GMT
      Etag:
      - '"0x8DA34767C0A5F70"'
      Last-Modified:
      - Fri, 13 May 2022 00:21:11 GMT
      Server:
      - Windows-Azure-Blob/1.0 Microsoft-HTTPAPI/2.0
      X-Ms-Request-Id:
      - 83171369-301e-0046-565f-663fbd000000
      X-Ms-Version:
      - "2020-10-02"
    status: 201 Created
    code: 201
    duration: ""
- request:
    body: ""
    form: {}
    headers:
      Accept:
      - application/xml
      Authorization:
      - sanitized
      Content-Length:
      - "0"
      User-Agent:
      - azsdk-go-azblob/v0.4.1 (go1.18; Windows_NT)
      X-Ms-Blob-Content-Length:
      - "512"
      X-Ms-Blob-Type:
      - PageBlob
      X-Ms-Date:
      - Fri, 13 May 2022 00:21:11 GMT
      X-Ms-Version:
      - "2020-10-02"
    url: https://jhendrixstorage1.blob.core.windows.net/gocblobcreatepageifmodifiedsincetrue/gotestblobblobcreatepageifmodifiedsincetrue
    method: PUT
  response:
    body: ""
    headers:
      Content-Length:
      - "0"
      Date:
      - Fri, 13 May 2022 00:21:11 GMT
      Etag:
      - '"0x8DA34767C0ECE71"'
      Last-Modified:
      - Fri, 13 May 2022 00:21:11 GMT
      Server:
      - Windows-Azure-Blob/1.0 Microsoft-HTTPAPI/2.0
      X-Ms-Request-Id:
      - 8317137b-301e-0046-655f-663fbd000000
      X-Ms-Request-Server-Encrypted:
      - "true"
      X-Ms-Version:
      - "2020-10-02"
    status: 201 Created
    code: 201
    duration: ""
- request:
    body: ""
    form: {}
    headers:
      Accept:
      - application/xml
      Authorization:
      - sanitized
      Content-Length:
      - "0"
      If-Modified-Since:
      - Fri, 13 May 2022 00:21:01 GMT
      User-Agent:
      - azsdk-go-azblob/v0.4.1 (go1.18; Windows_NT)
      X-Ms-Blob-Cache-Control:
      - control
      X-Ms-Blob-Content-Disposition:
      - my_disposition
      X-Ms-Blob-Content-Encoding:
      - my_encoding
      X-Ms-Blob-Content-Language:
      - my_language
      X-Ms-Blob-Content-Length:
      - "512"
      X-Ms-Blob-Content-Type:
      - my_type
      X-Ms-Blob-Sequence-Number:
      - "0"
      X-Ms-Blob-Type:
      - PageBlob
      X-Ms-Date:
      - Fri, 13 May 2022 00:21:11 GMT
      X-Ms-Meta-Foo:
      - bar
      X-Ms-Version:
      - "2020-10-02"
    url: https://jhendrixstorage1.blob.core.windows.net/gocblobcreatepageifmodifiedsincetrue/gotestblobblobcreatepageifmodifiedsincetrue
    method: PUT
  response:
    body: ""
    headers:
      Content-Length:
      - "0"
      Date:
      - Fri, 13 May 2022 00:21:11 GMT
      Etag:
      - '"0x8DA34767C129E74"'
      Last-Modified:
      - Fri, 13 May 2022 00:21:11 GMT
      Server:
      - Windows-Azure-Blob/1.0 Microsoft-HTTPAPI/2.0
      X-Ms-Request-Id:
      - 8317139d-301e-0046-805f-663fbd000000
      X-Ms-Request-Server-Encrypted:
      - "true"
      X-Ms-Version:
      - "2020-10-02"
    status: 201 Created
    code: 201
    duration: ""
- request:
    body: ""
    form: {}
    headers:
      Accept:
      - application/xml
      Authorization:
      - sanitized
      User-Agent:
      - azsdk-go-azblob/v0.4.1 (go1.18; Windows_NT)
      X-Ms-Date:
      - Fri, 13 May 2022 00:21:11 GMT
      X-Ms-Version:
      - "2020-10-02"
    url: https://jhendrixstorage1.blob.core.windows.net/gocblobcreatepageifmodifiedsincetrue/gotestblobblobcreatepageifmodifiedsincetrue
    method: HEAD
  response:
    body: ""
    headers:
      Accept-Ranges:
      - bytes
      Cache-Control:
      - control
      Content-Disposition:
      - my_disposition
      Content-Encoding:
      - my_encoding
      Content-Language:
      - my_language
      Content-Length:
      - "512"
      Content-Type:
      - my_type
      Date:
      - Fri, 13 May 2022 00:21:11 GMT
      Etag:
      - '"0x8DA34767C129E74"'
      Last-Modified:
      - Fri, 13 May 2022 00:21:11 GMT
      Server:
      - Windows-Azure-Blob/1.0 Microsoft-HTTPAPI/2.0
      X-Ms-Blob-Sequence-Number:
      - "0"
      X-Ms-Blob-Type:
      - PageBlob
      X-Ms-Creation-Time:
      - Fri, 13 May 2022 00:21:11 GMT
      X-Ms-Lease-State:
      - available
      X-Ms-Lease-Status:
      - unlocked
      X-Ms-Meta-Foo:
      - bar
      X-Ms-Request-Id:
      - 831713b8-301e-0046-195f-663fbd000000
      X-Ms-Server-Encrypted:
      - "true"
      X-Ms-Version:
      - "2020-10-02"
    status: 200 OK
    code: 200
    duration: ""
- request:
    body: ""
    form: {}
    headers:
      Accept:
      - application/xml
      Authorization:
      - sanitized
      User-Agent:
      - azsdk-go-azblob/v0.4.1 (go1.18; Windows_NT)
      X-Ms-Date:
      - Fri, 13 May 2022 00:21:11 GMT
      X-Ms-Version:
      - "2020-10-02"
    url: https://jhendrixstorage1.blob.core.windows.net/gocblobcreatepageifmodifiedsincetrue?restype=container
    method: DELETE
  response:
    body: ""
    headers:
      Content-Length:
      - "0"
      Date:
      - Fri, 13 May 2022 00:21:11 GMT
      Server:
      - Windows-Azure-Blob/1.0 Microsoft-HTTPAPI/2.0
      X-Ms-Request-Id:
      - 831713cd-301e-0046-2c5f-663fbd000000
      X-Ms-Version:
      - "2020-10-02"
    status: 202 Accepted
    code: 202
    duration: ""
