---
version: 1
interactions:
- request:
    body: ""
    form: {}
    headers:
      Accept:
      - application/xml
      Authorization:
      - sanitized
      User-Agent:
      - azsdk-go-azblob/v0.3.0 azsdk-go-azcore/v0.21.1 (go1.16.14; Windows_NT)
      X-Ms-Date:
      - Tue, 15 Mar 2022 13:23:12 GMT
      X-Ms-Version:
      - "2019-12-12"
    url: https://azureblobstoragecanada.blob.core.windows.net/gocsettieronblobupload?restype=container
    method: PUT
  response:
    body: ""
    headers:
      Content-Length:
      - "0"
      Date:
      - Tue, 15 Mar 2022 13:23:11 GMT
      Etag:
      - '"0x8DA0686F4D0A376"'
      Last-Modified:
      - Tue, 15 Mar 2022 13:23:12 GMT
      Server:
      - Windows-Azure-Blob/1.0 Microsoft-HTTPAPI/2.0
      X-Ms-Request-Id:
      - 21bb34fc-001e-004a-5e6f-382cf7000000
      X-Ms-Version:
      - "2019-12-12"
    status: 201 Created
    code: 201
    duration: ""
- request:
    body: GoBlockBlobData
    form: {}
    headers:
      Accept:
      - application/xml
      Authorization:
      - sanitized
      Content-Length:
      - "15"
      Content-Type:
      - application/octet-stream
      User-Agent:
      - azsdk-go-azblob/v0.3.0 azsdk-go-azcore/v0.21.1 (go1.16.14; Windows_NT)
      X-Ms-Access-Tier:
      - Archive
      X-Ms-Blob-Cache-Control:
      - control
      X-Ms-Blob-Content-Disposition:
      - my_disposition
      X-Ms-Blob-Content-Encoding:
      - my_encoding
      X-Ms-Blob-Content-Language:
      - my_language
      X-Ms-Blob-Content-Type:
      - my_type
      X-Ms-Blob-Type:
      - BlockBlob
      X-Ms-Date:
      - Tue, 15 Mar 2022 13:23:13 GMT
      X-Ms-Version:
      - "2019-12-12"
    url: https://azureblobstoragecanada.blob.core.windows.net/gocsettieronblobupload/archivegotestblobsettieronblobupload
    method: PUT
  response:
    body: ""
    headers:
      Content-Length:
      - "0"
      Content-Md5:
      - ebncwguMQu9sgPmr0GazhA==
      Date:
      - Tue, 15 Mar 2022 13:23:12 GMT
      Etag:
      - '"0x8DA0686F50F15F9"'
      Last-Modified:
      - Tue, 15 Mar 2022 13:23:13 GMT
      Server:
      - Windows-Azure-Blob/1.0 Microsoft-HTTPAPI/2.0
      X-Ms-Content-Crc64:
      - +JGsS7CR5kg=
      X-Ms-Request-Id:
      - 21bb371a-001e-004a-506f-382cf7000000
      X-Ms-Request-Server-Encrypted:
      - "true"
      X-Ms-Version:
      - "2019-12-12"
      X-Ms-Version-Id:
      - "2022-03-15T13:23:13.3137401Z"
    status: 201 Created
    code: 201
    duration: ""
- request:
    body: ""
    form: {}
    headers:
      Accept:
      - application/xml
      Authorization:
      - sanitized
      User-Agent:
      - azsdk-go-azblob/v0.3.0 azsdk-go-azcore/v0.21.1 (go1.16.14; Windows_NT)
      X-Ms-Date:
      - Tue, 15 Mar 2022 13:23:13 GMT
      X-Ms-Version:
      - "2019-12-12"
    url: https://azureblobstoragecanada.blob.core.windows.net/gocsettieronblobupload/archivegotestblobsettieronblobupload
    method: HEAD
  response:
    body: ""
    headers:
      Accept-Ranges:
      - bytes
      Cache-Control:
      - control
      Content-Disposition:
      - my_disposition
      Content-Encoding:
      - my_encoding
      Content-Language:
      - my_language
      Content-Length:
      - "15"
      Content-Md5:
      - ebncwguMQu9sgPmr0GazhA==
      Content-Type:
      - my_type
      Date:
      - Tue, 15 Mar 2022 13:23:12 GMT
      Etag:
      - '"0x8DA0686F50F15F9"'
      Last-Modified:
      - Tue, 15 Mar 2022 13:23:13 GMT
      Server:
      - Windows-Azure-Blob/1.0 Microsoft-HTTPAPI/2.0
      X-Ms-Access-Tier:
      - Archive
      X-Ms-Access-Tier-Change-Time:
      - Tue, 15 Mar 2022 13:23:13 GMT
      X-Ms-Blob-Type:
      - BlockBlob
      X-Ms-Creation-Time:
      - Tue, 15 Mar 2022 13:23:13 GMT
      X-Ms-Is-Current-Version:
      - "true"
      X-Ms-Lease-State:
      - available
      X-Ms-Lease-Status:
      - unlocked
      X-Ms-Request-Id:
      - 21bb3943-001e-004a-3e6f-382cf7000000
      X-Ms-Server-Encrypted:
      - "true"
      X-Ms-Version:
      - "2019-12-12"
      X-Ms-Version-Id:
      - "2022-03-15T13:23:13.3137401Z"
    status: 200 OK
    code: 200
    duration: ""
- request:
    body: GoBlockBlobData
    form: {}
    headers:
      Accept:
      - application/xml
      Authorization:
      - sanitized
      Content-Length:
      - "15"
      Content-Type:
      - application/octet-stream
      User-Agent:
      - azsdk-go-azblob/v0.3.0 azsdk-go-azcore/v0.21.1 (go1.16.14; Windows_NT)
      X-Ms-Access-Tier:
      - Cool
      X-Ms-Blob-Cache-Control:
      - control
      X-Ms-Blob-Content-Disposition:
      - my_disposition
      X-Ms-Blob-Content-Encoding:
      - my_encoding
      X-Ms-Blob-Content-Language:
      - my_language
      X-Ms-Blob-Content-Type:
      - my_type
      X-Ms-Blob-Type:
      - BlockBlob
      X-Ms-Date:
      - Tue, 15 Mar 2022 13:23:14 GMT
      X-Ms-Version:
      - "2019-12-12"
    url: https://azureblobstoragecanada.blob.core.windows.net/gocsettieronblobupload/coolgotestblobsettieronblobupload
    method: PUT
  response:
    body: ""
    headers:
      Content-Length:
      - "0"
      Content-Md5:
      - ebncwguMQu9sgPmr0GazhA==
      Date:
      - Tue, 15 Mar 2022 13:23:13 GMT
      Etag:
      - '"0x8DA0686F588EEDE"'
      Last-Modified:
      - Tue, 15 Mar 2022 13:23:14 GMT
      Server:
      - Windows-Azure-Blob/1.0 Microsoft-HTTPAPI/2.0
      X-Ms-Content-Crc64:
      - +JGsS7CR5kg=
      X-Ms-Request-Id:
      - 21bb3b2f-001e-004a-056f-382cf7000000
      X-Ms-Request-Server-Encrypted:
      - "true"
      X-Ms-Version:
      - "2019-12-12"
      X-Ms-Version-Id:
      - "2022-03-15T13:23:14.1122782Z"
    status: 201 Created
    code: 201
    duration: ""
- request:
    body: ""
    form: {}
    headers:
      Accept:
      - application/xml
      Authorization:
      - sanitized
      User-Agent:
      - azsdk-go-azblob/v0.3.0 azsdk-go-azcore/v0.21.1 (go1.16.14; Windows_NT)
      X-Ms-Date:
      - Tue, 15 Mar 2022 13:23:14 GMT
      X-Ms-Version:
      - "2019-12-12"
    url: https://azureblobstoragecanada.blob.core.windows.net/gocsettieronblobupload/coolgotestblobsettieronblobupload
    method: HEAD
  response:
    body: ""
    headers:
      Accept-Ranges:
      - bytes
      Cache-Control:
      - control
      Content-Disposition:
      - my_disposition
      Content-Encoding:
      - my_encoding
      Content-Language:
      - my_language
      Content-Length:
      - "15"
      Content-Md5:
      - ebncwguMQu9sgPmr0GazhA==
      Content-Type:
      - my_type
      Date:
      - Tue, 15 Mar 2022 13:23:13 GMT
      Etag:
      - '"0x8DA0686F588EEDE"'
      Last-Modified:
      - Tue, 15 Mar 2022 13:23:14 GMT
      Server:
      - Windows-Azure-Blob/1.0 Microsoft-HTTPAPI/2.0
      X-Ms-Access-Tier:
      - Cool
      X-Ms-Access-Tier-Change-Time:
      - Tue, 15 Mar 2022 13:23:14 GMT
      X-Ms-Blob-Type:
      - BlockBlob
      X-Ms-Creation-Time:
      - Tue, 15 Mar 2022 13:23:14 GMT
      X-Ms-Is-Current-Version:
      - "true"
      X-Ms-Lease-State:
      - available
      X-Ms-Lease-Status:
      - unlocked
      X-Ms-Request-Id:
      - 21bb3d86-001e-004a-246f-382cf7000000
      X-Ms-Server-Encrypted:
      - "true"
      X-Ms-Version:
      - "2019-12-12"
      X-Ms-Version-Id:
      - "2022-03-15T13:23:14.1122782Z"
    status: 200 OK
    code: 200
    duration: ""
- request:
    body: GoBlockBlobData
    form: {}
    headers:
      Accept:
      - application/xml
      Authorization:
      - sanitized
      Content-Length:
      - "15"
      Content-Type:
      - application/octet-stream
      User-Agent:
      - azsdk-go-azblob/v0.3.0 azsdk-go-azcore/v0.21.1 (go1.16.14; Windows_NT)
      X-Ms-Access-Tier:
      - Hot
      X-Ms-Blob-Cache-Control:
      - control
      X-Ms-Blob-Content-Disposition:
      - my_disposition
      X-Ms-Blob-Content-Encoding:
      - my_encoding
      X-Ms-Blob-Content-Language:
      - my_language
      X-Ms-Blob-Content-Type:
      - my_type
      X-Ms-Blob-Type:
      - BlockBlob
      X-Ms-Date:
      - Tue, 15 Mar 2022 13:23:14 GMT
      X-Ms-Version:
      - "2019-12-12"
    url: https://azureblobstoragecanada.blob.core.windows.net/gocsettieronblobupload/hotgotestblobsettieronblobupload
    method: PUT
  response:
    body: ""
    headers:
      Content-Length:
      - "0"
      Content-Md5:
      - ebncwguMQu9sgPmr0GazhA==
      Date:
      - Tue, 15 Mar 2022 13:23:14 GMT
      Etag:
      - '"0x8DA0686F6075B20"'
      Last-Modified:
      - Tue, 15 Mar 2022 13:23:14 GMT
      Server:
      - Windows-Azure-Blob/1.0 Microsoft-HTTPAPI/2.0
      X-Ms-Content-Crc64:
      - +JGsS7CR5kg=
      X-Ms-Request-Id:
      - 21bb4029-001e-004a-0b6f-382cf7000000
      X-Ms-Request-Server-Encrypted:
      - "true"
      X-Ms-Version:
      - "2019-12-12"
      X-Ms-Version-Id:
      - "2022-03-15T13:23:14.9408032Z"
    status: 201 Created
    code: 201
    duration: ""
- request:
    body: ""
    form: {}
    headers:
      Accept:
      - application/xml
      Authorization:
      - sanitized
      User-Agent:
      - azsdk-go-azblob/v0.3.0 azsdk-go-azcore/v0.21.1 (go1.16.14; Windows_NT)
      X-Ms-Date:
      - Tue, 15 Mar 2022 13:23:15 GMT
      X-Ms-Version:
      - "2019-12-12"
    url: https://azureblobstoragecanada.blob.core.windows.net/gocsettieronblobupload/hotgotestblobsettieronblobupload
    method: HEAD
  response:
    body: ""
    headers:
      Accept-Ranges:
      - bytes
      Cache-Control:
      - control
      Content-Disposition:
      - my_disposition
      Content-Encoding:
      - my_encoding
      Content-Language:
      - my_language
      Content-Length:
      - "15"
      Content-Md5:
      - ebncwguMQu9sgPmr0GazhA==
      Content-Type:
      - my_type
      Date:
      - Tue, 15 Mar 2022 13:23:14 GMT
      Etag:
      - '"0x8DA0686F6075B20"'
      Last-Modified:
      - Tue, 15 Mar 2022 13:23:14 GMT
      Server:
      - Windows-Azure-Blob/1.0 Microsoft-HTTPAPI/2.0
      X-Ms-Access-Tier:
      - Hot
      X-Ms-Access-Tier-Change-Time:
      - Tue, 15 Mar 2022 13:23:14 GMT
      X-Ms-Blob-Type:
      - BlockBlob
      X-Ms-Creation-Time:
      - Tue, 15 Mar 2022 13:23:14 GMT
      X-Ms-Is-Current-Version:
      - "true"
      X-Ms-Lease-State:
      - available
      X-Ms-Lease-Status:
      - unlocked
      X-Ms-Request-Id:
      - 21bb4282-001e-004a-3d6f-382cf7000000
      X-Ms-Server-Encrypted:
      - "true"
      X-Ms-Version:
      - "2019-12-12"
      X-Ms-Version-Id:
      - "2022-03-15T13:23:14.9408032Z"
    status: 200 OK
    code: 200
    duration: ""
- request:
    body: ""
    form: {}
    headers:
      Accept:
      - application/xml
      Authorization:
      - sanitized
      User-Agent:
      - azsdk-go-azblob/v0.3.0 azsdk-go-azcore/v0.21.1 (go1.16.14; Windows_NT)
      X-Ms-Date:
      - Tue, 15 Mar 2022 13:23:15 GMT
      X-Ms-Version:
      - "2019-12-12"
    url: https://azureblobstoragecanada.blob.core.windows.net/gocsettieronblobupload?restype=container
    method: DELETE
  response:
    body: ""
    headers:
      Content-Length:
      - "0"
      Date:
      - Tue, 15 Mar 2022 13:23:14 GMT
      Server:
      - Windows-Azure-Blob/1.0 Microsoft-HTTPAPI/2.0
      X-Ms-Request-Id:
      - 21bb456f-001e-004a-716f-382cf7000000
      X-Ms-Version:
      - "2019-12-12"
    status: 202 Accepted
    code: 202
    duration: ""
