---
version: 1
interactions:
- request:
    body: ""
    form: {}
    headers:
      Accept:
      - application/xml
      Authorization:
      - sanitized
      User-Agent:
      - azsdk-go-generated/<version> azsdk-go-generated/<version> azcore/v0.13.4 (go1.15;
        Windows_NT)
      X-Ms-Date:
      - Tue, 15 Jun 2021 07:39:06 GMT
      X-Ms-Version:
      - "2019-12-12"
    url: https://azureblobstoragecanada.blob.core.windows.net/gocblobsnapshotifnonematchtrue?restype=container
    method: PUT
  response:
    body: ""
    headers:
      Content-Length:
      - "0"
      Date:
      - Tue, 15 Jun 2021 07:39:06 GMT
      Etag:
      - '"0x8D92FD0A7E4DDA7"'
      Last-Modified:
      - Tue, 15 Jun 2021 07:39:06 GMT
      Server:
      - Windows-Azure-Blob/1.0 Microsoft-HTTPAPI/2.0
      X-Ms-Request-Id:
      - 6908a7fa-701e-0009-5bb9-612c2f000000
      X-Ms-Version:
      - "2019-12-12"
    status: 201 Created
    code: 201
    duration: ""
- request:
    body: GoBlockBlobData
    form: {}
    headers:
      Accept:
      - application/xml
      Authorization:
      - sanitized
      Content-Length:
      - "15"
      Content-Type:
      - application/octet-stream
      User-Agent:
      - azsdk-go-generated/<version> azsdk-go-generated/<version> azcore/v0.13.4 (go1.15;
        Windows_NT)
      X-Ms-Blob-Type:
      - BlockBlob
      X-Ms-Date:
      - Tue, 15 Jun 2021 07:39:07 GMT
      X-Ms-Version:
      - "2019-12-12"
    url: https://azureblobstoragecanada.blob.core.windows.net/gocblobsnapshotifnonematchtrue/gotestblobblobsnapshotifnonematchtrue
    method: PUT
  response:
    body: ""
    headers:
      Content-Length:
      - "0"
      Content-Md5:
      - ebncwguMQu9sgPmr0GazhA==
      Date:
      - Tue, 15 Jun 2021 07:39:06 GMT
      Etag:
      - '"0x8D92FD0A809E8F9"'
      Last-Modified:
      - Tue, 15 Jun 2021 07:39:06 GMT
      Server:
      - Windows-Azure-Blob/1.0 Microsoft-HTTPAPI/2.0
      X-Ms-Content-Crc64:
      - +JGsS7CR5kg=
      X-Ms-Request-Id:
      - 6908a86c-701e-0009-33b9-612c2f000000
      X-Ms-Request-Server-Encrypted:
      - "true"
      X-Ms-Version:
      - "2019-12-12"
      X-Ms-Version-Id:
      - "2021-06-15T07:39:06.8570637Z"
    status: 201 Created
    code: 201
    duration: ""
- request:
    body: ""
    form: {}
    headers:
      Accept:
      - application/xml
      Authorization:
      - sanitized
      If-None-Match:
      - garbage
      User-Agent:
      - azsdk-go-generated/<version> azsdk-go-generated/<version> azcore/v0.13.4 (go1.15;
        Windows_NT)
      X-Ms-Date:
      - Tue, 15 Jun 2021 07:39:07 GMT
      X-Ms-Version:
      - "2019-12-12"
    url: https://azureblobstoragecanada.blob.core.windows.net/gocblobsnapshotifnonematchtrue/gotestblobblobsnapshotifnonematchtrue?comp=snapshot
    method: PUT
  response:
    body: ""
    headers:
      Content-Length:
      - "0"
      Date:
      - Tue, 15 Jun 2021 07:39:07 GMT
      Etag:
      - '"0x8D92FD0A809E8F9"'
      Last-Modified:
      - Tue, 15 Jun 2021 07:39:06 GMT
      Server:
      - Windows-Azure-Blob/1.0 Microsoft-HTTPAPI/2.0
      X-Ms-Request-Id:
      - 6908a900-701e-0009-34b9-612c2f000000
      X-Ms-Request-Server-Encrypted:
      - "false"
      X-Ms-Snapshot:
      - "2021-06-15T07:39:07.1012640Z"
      X-Ms-Version:
      - "2019-12-12"
      X-Ms-Version-Id:
      - "2021-06-15T07:39:07.1022640Z"
    status: 201 Created
    code: 201
    duration: ""
- request:
    body: ""
    form: {}
    headers:
      Accept:
      - application/xml
      Authorization:
      - sanitized
      User-Agent:
      - azsdk-go-generated/<version> azsdk-go-generated/<version> azcore/v0.13.4 (go1.15;
        Windows_NT)
      X-Ms-Date:
      - Tue, 15 Jun 2021 07:39:07 GMT
      X-Ms-Version:
      - "2019-12-12"
    url: https://azureblobstoragecanada.blob.core.windows.net/gocblobsnapshotifnonematchtrue?restype=container
    method: DELETE
  response:
    body: ""
    headers:
      Content-Length:
      - "0"
      Date:
      - Tue, 15 Jun 2021 07:39:07 GMT
      Server:
      - Windows-Azure-Blob/1.0 Microsoft-HTTPAPI/2.0
      X-Ms-Request-Id:
      - 6908a98a-701e-0009-20b9-612c2f000000
      X-Ms-Version:
      - "2019-12-12"
    status: 202 Accepted
    code: 202
    duration: ""
