---
version: 1
interactions:
- request:
    body: ""
    form: {}
    headers:
      Accept:
      - application/xml
      Authorization:
      - sanitized
      User-Agent:
      - azsdk-go-generated/<version> azsdk-go-generated/<version> azcore/v0.16.2 (go1.15;
        Windows_NT)
      X-Ms-Date:
      - Wed, 11 Aug 2021 18:51:05 GMT
      X-Ms-Version:
      - "2020-02-10"
    url: https://azureblobstoragecanada.blob.core.windows.net/gocappendblockwithcpkscope?restype=container
    method: PUT
  response:
    body: ""
    headers:
      Content-Length:
      - "0"
      Date:
      - Wed, 11 Aug 2021 18:51:04 GMT
      Etag:
      - '"0x8D95CF8F8CCAC29"'
      Last-Modified:
      - Wed, 11 Aug 2021 18:51:04 GMT
      Server:
      - Windows-Azure-Blob/1.0 Microsoft-HTTPAPI/2.0
      X-Ms-Request-Id:
      - ce1b3f1c-a01e-0000-47e1-8e36a1000000
      X-Ms-Version:
      - "2020-02-10"
    status: 201 Created
    code: 201
    duration: ""
- request:
    body: ""
    form: {}
    headers:
      Accept:
      - application/xml
      Authorization:
      - sanitized
      Content-Length:
      - "0"
      User-Agent:
      - azsdk-go-generated/<version> azsdk-go-generated/<version> azcore/v0.16.2 (go1.15;
        Windows_NT)
      X-Ms-Blob-Type:
      - AppendBlob
      X-Ms-Date:
      - Wed, 11 Aug 2021 18:51:05 GMT
      X-Ms-Encryption-Scope:
      - blobgokeytestscope
      X-Ms-Version:
      - "2020-02-10"
    url: https://azureblobstoragecanada.blob.core.windows.net/gocappendblockwithcpkscope/gotestblobappendblockwithcpkscope
    method: PUT
  response:
    body: ""
    headers:
      Content-Length:
      - "0"
      Date:
      - Wed, 11 Aug 2021 18:51:04 GMT
      Etag:
      - '"0x8D95CF8F92C7873"'
      Last-Modified:
      - Wed, 11 Aug 2021 18:51:05 GMT
      Server:
      - Windows-Azure-Blob/1.0 Microsoft-HTTPAPI/2.0
      X-Ms-Encryption-Scope:
      - blobgokeytestscope
      X-Ms-Request-Id:
      - ce1b4018-a01e-0000-42e1-8e36a1000000
      X-Ms-Request-Server-Encrypted:
      - "true"
      X-Ms-Version:
      - "2020-02-10"
      X-Ms-Version-Id:
      - "2021-08-11T18:51:05.1731856Z"
    status: 201 Created
    code: 201
    duration: ""
- request:
    body: 'AAA '
    form: {}
    headers:
      Accept:
      - application/xml
      Authorization:
      - sanitized
      Content-Length:
      - "4"
      Content-Type:
      - application/octet-stream
      User-Agent:
      - azsdk-go-generated/<version> azsdk-go-generated/<version> azcore/v0.16.2 (go1.15;
        Windows_NT)
      X-Ms-Date:
      - Wed, 11 Aug 2021 18:51:06 GMT
      X-Ms-Encryption-Scope:
      - blobgokeytestscope
      X-Ms-Version:
      - "2020-02-10"
    url: https://azureblobstoragecanada.blob.core.windows.net/gocappendblockwithcpkscope/gotestblobappendblockwithcpkscope?comp=appendblock
    method: PUT
  response:
    body: ""
    headers:
      Content-Length:
      - "0"
      Date:
      - Wed, 11 Aug 2021 18:51:05 GMT
      Etag:
      - '"0x8D95CF8F980EBF8"'
      Last-Modified:
      - Wed, 11 Aug 2021 18:51:05 GMT
      Server:
      - Windows-Azure-Blob/1.0 Microsoft-HTTPAPI/2.0
      X-Ms-Blob-Append-Offset:
      - "0"
      X-Ms-Blob-Committed-Block-Count:
      - "1"
      X-Ms-Content-Crc64:
      - 6dmbGE8Kwf0=
      X-Ms-Encryption-Scope:
      - blobgokeytestscope
      X-Ms-Request-Id:
      - ce1b4421-a01e-0000-3ee1-8e36a1000000
      X-Ms-Request-Server-Encrypted:
      - "true"
      X-Ms-Version:
      - "2020-02-10"
    status: 201 Created
    code: 201
    duration: ""
- request:
    body: 'BBB '
    form: {}
    headers:
      Accept:
      - application/xml
      Authorization:
      - sanitized
      Content-Length:
      - "4"
      Content-Type:
      - application/octet-stream
      User-Agent:
      - azsdk-go-generated/<version> azsdk-go-generated/<version> azcore/v0.16.2 (go1.15;
        Windows_NT)
      X-Ms-Date:
      - Wed, 11 Aug 2021 18:51:06 GMT
      X-Ms-Encryption-Scope:
      - blobgokeytestscope
      X-Ms-Version:
      - "2020-02-10"
    url: https://azureblobstoragecanada.blob.core.windows.net/gocappendblockwithcpkscope/gotestblobappendblockwithcpkscope?comp=appendblock
    method: PUT
  response:
    body: ""
    headers:
      Content-Length:
      - "0"
      Date:
      - Wed, 11 Aug 2021 18:51:05 GMT
      Etag:
      - '"0x8D95CF8F9A67D46"'
      Last-Modified:
      - Wed, 11 Aug 2021 18:51:05 GMT
      Server:
      - Windows-Azure-Blob/1.0 Microsoft-HTTPAPI/2.0
      X-Ms-Blob-Append-Offset:
      - "4"
      X-Ms-Blob-Committed-Block-Count:
      - "2"
      X-Ms-Content-Crc64:
      - 8ccByT85Asc=
      X-Ms-Encryption-Scope:
      - blobgokeytestscope
      X-Ms-Request-Id:
      - ce1b4552-a01e-0000-53e1-8e36a1000000
      X-Ms-Request-Server-Encrypted:
      - "true"
      X-Ms-Version:
      - "2020-02-10"
    status: 201 Created
    code: 201
    duration: ""
- request:
    body: 'CCC '
    form: {}
    headers:
      Accept:
      - application/xml
      Authorization:
      - sanitized
      Content-Length:
      - "4"
      Content-Type:
      - application/octet-stream
      User-Agent:
      - azsdk-go-generated/<version> azsdk-go-generated/<version> azcore/v0.16.2 (go1.15;
        Windows_NT)
      X-Ms-Date:
      - Wed, 11 Aug 2021 18:51:07 GMT
      X-Ms-Encryption-Scope:
      - blobgokeytestscope
      X-Ms-Version:
      - "2020-02-10"
    url: https://azureblobstoragecanada.blob.core.windows.net/gocappendblockwithcpkscope/gotestblobappendblockwithcpkscope?comp=appendblock
    method: PUT
  response:
    body: ""
    headers:
      Content-Length:
      - "0"
      Date:
      - Wed, 11 Aug 2021 18:51:05 GMT
      Etag:
      - '"0x8D95CF8F9CAFD00"'
      Last-Modified:
      - Wed, 11 Aug 2021 18:51:06 GMT
      Server:
      - Windows-Azure-Blob/1.0 Microsoft-HTTPAPI/2.0
      X-Ms-Blob-Append-Offset:
      - "8"
      X-Ms-Blob-Committed-Block-Count:
      - "3"
      X-Ms-Content-Crc64:
      - IEMFTiHKCz0=
      X-Ms-Encryption-Scope:
      - blobgokeytestscope
      X-Ms-Request-Id:
      - ce1b46d4-a01e-0000-13e1-8e36a1000000
      X-Ms-Request-Server-Encrypted:
      - "true"
      X-Ms-Version:
      - "2020-02-10"
    status: 201 Created
    code: 201
    duration: ""
- request:
    body: ""
    form: {}
    headers:
      Accept:
      - application/xml
      Authorization:
      - sanitized
      User-Agent:
      - azsdk-go-generated/<version> azsdk-go-generated/<version> azcore/v0.16.2 (go1.15;
        Windows_NT)
      X-Ms-Date:
      - Wed, 11 Aug 2021 18:51:07 GMT
      X-Ms-Version:
      - "2020-02-10"
    url: https://azureblobstoragecanada.blob.core.windows.net/gocappendblockwithcpkscope/gotestblobappendblockwithcpkscope
    method: GET
  response:
    body: 'AAA BBB CCC '
    headers:
      Accept-Ranges:
      - bytes
      Content-Length:
      - "12"
      Content-Type:
      - application/octet-stream
      Date:
      - Wed, 11 Aug 2021 18:51:06 GMT
      Etag:
      - '"0x8D95CF8F9CAFD00"'
      Last-Modified:
      - Wed, 11 Aug 2021 18:51:06 GMT
      Server:
      - Windows-Azure-Blob/1.0 Microsoft-HTTPAPI/2.0
      X-Ms-Blob-Committed-Block-Count:
      - "3"
      X-Ms-Blob-Type:
      - AppendBlob
      X-Ms-Creation-Time:
      - Wed, 11 Aug 2021 18:51:05 GMT
      X-Ms-Encryption-Scope:
      - blobgokeytestscope
      X-Ms-Is-Current-Version:
      - "true"
      X-Ms-Lease-State:
      - available
      X-Ms-Lease-Status:
      - unlocked
      X-Ms-Request-Id:
      - ce1b4821-a01e-0000-3be1-8e36a1000000
      X-Ms-Server-Encrypted:
      - "true"
      X-Ms-Version:
      - "2020-02-10"
      X-Ms-Version-Id:
      - "2021-08-11T18:51:05.1731856Z"
    status: 200 OK
    code: 200
    duration: ""
- request:
    body: ""
    form: {}
    headers:
      Accept:
      - application/xml
      Authorization:
      - sanitized
      User-Agent:
      - azsdk-go-generated/<version> azsdk-go-generated/<version> azcore/v0.16.2 (go1.15;
        Windows_NT)
      X-Ms-Date:
      - Wed, 11 Aug 2021 18:51:07 GMT
      X-Ms-Version:
      - "2020-02-10"
    url: https://azureblobstoragecanada.blob.core.windows.net/gocappendblockwithcpkscope?restype=container
    method: DELETE
  response:
    body: ""
    headers:
      Content-Length:
      - "0"
      Date:
      - Wed, 11 Aug 2021 18:51:06 GMT
      Server:
      - Windows-Azure-Blob/1.0 Microsoft-HTTPAPI/2.0
      X-Ms-Request-Id:
      - ce1b4a61-a01e-0000-63e1-8e36a1000000
      X-Ms-Version:
      - "2020-02-10"
    status: 202 Accepted
    code: 202
    duration: ""
