---
version: 1
interactions:
- request:
    body: ""
    form: {}
    headers:
      Accept:
      - application/xml
      Authorization:
      - sanitized
      User-Agent:
      - azsdk-go-azblob/v0.1.0 azsdk-go-azcore/v0.19.0 (go1.16.7; Windows_NT)
      X-Ms-Date:
      - Sat, 11 Sep 2021 08:50:30 GMT
      X-Ms-Version:
      - "2019-12-12"
    url: https://azureblobstoragecanada.blob.core.windows.net/testgocblobsettieroncommit?restype=container
    method: PUT
  response:
    body: ""
    headers:
      Content-Length:
      - "0"
      Date:
      - Sat, 11 Sep 2021 08:50:30 GMT
      Etag:
      - '"0x8D9750135B09BF3"'
      Last-Modified:
      - Sat, 11 Sep 2021 08:50:30 GMT
      Server:
      - Windows-Azure-Blob/1.0 Microsoft-HTTPAPI/2.0
      X-Ms-Request-Id:
      - ea53f10c-701e-002b-44ea-a64219000000
      X-Ms-Version:
      - "2019-12-12"
    status: 201 Created
    code: 201
    duration: ""
- request:
    body: GoBlockBlobData
    form: {}
    headers:
      Accept:
      - application/xml
      Authorization:
      - sanitized
      Content-Length:
      - "15"
      Content-Type:
      - application/octet-stream
      User-Agent:
      - azsdk-go-azblob/v0.1.0 azsdk-go-azcore/v0.19.0 (go1.16.7; Windows_NT)
      X-Ms-Date:
      - Sat, 11 Sep 2021 08:50:30 GMT
      X-Ms-Version:
      - "2019-12-12"
    url: https://azureblobstoragecanada.blob.core.windows.net/testgocblobsettieroncommit/coolgotestblobblobsettieroncommit?blockid=ICAgICAw&comp=block
    method: PUT
  response:
    body: ""
    headers:
      Content-Length:
      - "0"
      Date:
      - Sat, 11 Sep 2021 08:50:30 GMT
      Server:
      - Windows-Azure-Blob/1.0 Microsoft-HTTPAPI/2.0
      X-Ms-Content-Crc64:
      - +JGsS7CR5kg=
      X-Ms-Request-Id:
      - ea53f1a2-701e-002b-4fea-a64219000000
      X-Ms-Request-Server-Encrypted:
      - "true"
      X-Ms-Version:
      - "2019-12-12"
    status: 201 Created
    code: 201
    duration: ""
- request:
    body: <BlockList><Latest>ICAgICAw</Latest></BlockList>
    form: {}
    headers:
      Accept:
      - application/xml
      Authorization:
      - sanitized
      Content-Length:
      - "48"
      Content-Type:
      - application/xml
      User-Agent:
      - azsdk-go-azblob/v0.1.0 azsdk-go-azcore/v0.19.0 (go1.16.7; Windows_NT)
      X-Ms-Access-Tier:
      - Cool
      X-Ms-Date:
      - Sat, 11 Sep 2021 08:50:31 GMT
      X-Ms-Version:
      - "2019-12-12"
    url: https://azureblobstoragecanada.blob.core.windows.net/testgocblobsettieroncommit/coolgotestblobblobsettieroncommit?comp=blocklist
    method: PUT
  response:
    body: ""
    headers:
      Content-Length:
      - "0"
      Date:
      - Sat, 11 Sep 2021 08:50:30 GMT
      Etag:
      - '"0x8D9750135FCE936"'
      Last-Modified:
      - Sat, 11 Sep 2021 08:50:31 GMT
      Server:
      - Windows-Azure-Blob/1.0 Microsoft-HTTPAPI/2.0
      X-Ms-Content-Crc64:
      - hA9lUN6IDRk=
      X-Ms-Request-Id:
      - ea53f210-701e-002b-34ea-a64219000000
      X-Ms-Request-Server-Encrypted:
      - "true"
      X-Ms-Version:
      - "2019-12-12"
      X-Ms-Version-Id:
      - "2021-09-11T08:50:31.0820150Z"
    status: 201 Created
    code: 201
    duration: ""
- request:
    body: ""
    form: {}
    headers:
      Accept:
      - application/xml
      Authorization:
      - sanitized
      User-Agent:
      - azsdk-go-azblob/v0.1.0 azsdk-go-azcore/v0.19.0 (go1.16.7; Windows_NT)
      X-Ms-Date:
      - Sat, 11 Sep 2021 08:50:31 GMT
      X-Ms-Version:
      - "2019-12-12"
    url: https://azureblobstoragecanada.blob.core.windows.net/testgocblobsettieroncommit/coolgotestblobblobsettieroncommit?blocklisttype=committed&comp=blocklist
    method: GET
  response:
    body: "\uFEFF\x3C\x3F\x78\x6D\x6C\x20\x76\x65\x72\x73\x69\x6F\x6E\x3D\"\x31\x2E\x30\"\x20\x65\x6E\x63\x6F\x64\x69\x6E\x67\x3D\"\x75\x74\x66\x2D\x38\"\x3F\x3E\x3C\x42\x6C\x6F\x63\x6B\x4C\x69\x73\x74\x3E\x3C\x43\x6F\x6D\x6D\x69\x74\x74\x65\x64\x42\x6C\x6F\x63\x6B\x73\x3E\x3C\x42\x6C\x6F\x63\x6B\x3E\x3C\x4E\x61\x6D\x65\x3E\x49\x43\x41\x67\x49\x43\x41\x77\x3C\x2F\x4E\x61\x6D\x65\x3E\x3C\x53\x69\x7A\x65\x3E\x31\x35\x3C\x2F\x53\x69\x7A\x65\x3E\x3C\x2F\x42\x6C\x6F\x63\x6B\x3E\x3C\x2F\x43\x6F\x6D\x6D\x69\x74\x74\x65\x64\x42\x6C\x6F\x63\x6B\x73\x3E\x3C\x2F\x42\x6C\x6F\x63\x6B\x4C\x69\x73\x74\x3E"
    headers:
      Content-Type:
      - application/xml
      Date:
      - Sat, 11 Sep 2021 08:50:30 GMT
      Etag:
      - '"0x8D9750135FCE936"'
      Last-Modified:
      - Sat, 11 Sep 2021 08:50:31 GMT
      Server:
      - Windows-Azure-Blob/1.0 Microsoft-HTTPAPI/2.0
      X-Ms-Blob-Content-Length:
      - "15"
      X-Ms-Request-Id:
      - ea53f29b-701e-002b-33ea-a64219000000
      X-Ms-Version:
      - "2019-12-12"
    status: 200 OK
    code: 200
    duration: ""
- request:
    body: GoBlockBlobData
    form: {}
    headers:
      Accept:
      - application/xml
      Authorization:
      - sanitized
      Content-Length:
      - "15"
      Content-Type:
      - application/octet-stream
      User-Agent:
      - azsdk-go-azblob/v0.1.0 azsdk-go-azcore/v0.19.0 (go1.16.7; Windows_NT)
      X-Ms-Date:
      - Sat, 11 Sep 2021 08:50:31 GMT
      X-Ms-Version:
      - "2019-12-12"
    url: https://azureblobstoragecanada.blob.core.windows.net/testgocblobsettieroncommit/hotgotestblobblobsettieroncommit?blockid=ICAgICAw&comp=block
    method: PUT
  response:
    body: ""
    headers:
      Content-Length:
      - "0"
      Date:
      - Sat, 11 Sep 2021 08:50:30 GMT
      Server:
      - Windows-Azure-Blob/1.0 Microsoft-HTTPAPI/2.0
      X-Ms-Content-Crc64:
      - +JGsS7CR5kg=
      X-Ms-Request-Id:
      - ea53f30f-701e-002b-1aea-a64219000000
      X-Ms-Request-Server-Encrypted:
      - "true"
      X-Ms-Version:
      - "2019-12-12"
    status: 201 Created
    code: 201
    duration: ""
- request:
    body: <BlockList><Latest>ICAgICAw</Latest></BlockList>
    form: {}
    headers:
      Accept:
      - application/xml
      Authorization:
      - sanitized
      Content-Length:
      - "48"
      Content-Type:
      - application/xml
      User-Agent:
      - azsdk-go-azblob/v0.1.0 azsdk-go-azcore/v0.19.0 (go1.16.7; Windows_NT)
      X-Ms-Access-Tier:
      - Hot
      X-Ms-Date:
      - Sat, 11 Sep 2021 08:50:31 GMT
      X-Ms-Version:
      - "2019-12-12"
    url: https://azureblobstoragecanada.blob.core.windows.net/testgocblobsettieroncommit/hotgotestblobblobsettieroncommit?comp=blocklist
    method: PUT
  response:
    body: ""
    headers:
      Content-Length:
      - "0"
      Date:
      - Sat, 11 Sep 2021 08:50:31 GMT
      Etag:
      - '"0x8D97501366DEB9C"'
      Last-Modified:
      - Sat, 11 Sep 2021 08:50:31 GMT
      Server:
      - Windows-Azure-Blob/1.0 Microsoft-HTTPAPI/2.0
      X-Ms-Content-Crc64:
      - hA9lUN6IDRk=
      X-Ms-Request-Id:
      - ea53f373-701e-002b-75ea-a64219000000
      X-Ms-Request-Server-Encrypted:
      - "true"
      X-Ms-Version:
      - "2019-12-12"
      X-Ms-Version-Id:
      - "2021-09-11T08:50:31.8226332Z"
    status: 201 Created
    code: 201
    duration: ""
- request:
    body: ""
    form: {}
    headers:
      Accept:
      - application/xml
      Authorization:
      - sanitized
      User-Agent:
      - azsdk-go-azblob/v0.1.0 azsdk-go-azcore/v0.19.0 (go1.16.7; Windows_NT)
      X-Ms-Date:
      - Sat, 11 Sep 2021 08:50:32 GMT
      X-Ms-Version:
      - "2019-12-12"
    url: https://azureblobstoragecanada.blob.core.windows.net/testgocblobsettieroncommit/hotgotestblobblobsettieroncommit?blocklisttype=committed&comp=blocklist
    method: GET
  response:
    body: "\uFEFF\x3C\x3F\x78\x6D\x6C\x20\x76\x65\x72\x73\x69\x6F\x6E\x3D\"\x31\x2E\x30\"\x20\x65\x6E\x63\x6F\x64\x69\x6E\x67\x3D\"\x75\x74\x66\x2D\x38\"\x3F\x3E\x3C\x42\x6C\x6F\x63\x6B\x4C\x69\x73\x74\x3E\x3C\x43\x6F\x6D\x6D\x69\x74\x74\x65\x64\x42\x6C\x6F\x63\x6B\x73\x3E\x3C\x42\x6C\x6F\x63\x6B\x3E\x3C\x4E\x61\x6D\x65\x3E\x49\x43\x41\x67\x49\x43\x41\x77\x3C\x2F\x4E\x61\x6D\x65\x3E\x3C\x53\x69\x7A\x65\x3E\x31\x35\x3C\x2F\x53\x69\x7A\x65\x3E\x3C\x2F\x42\x6C\x6F\x63\x6B\x3E\x3C\x2F\x43\x6F\x6D\x6D\x69\x74\x74\x65\x64\x42\x6C\x6F\x63\x6B\x73\x3E\x3C\x2F\x42\x6C\x6F\x63\x6B\x4C\x69\x73\x74\x3E"
    headers:
      Content-Type:
      - application/xml
      Date:
      - Sat, 11 Sep 2021 08:50:31 GMT
      Etag:
      - '"0x8D97501366DEB9C"'
      Last-Modified:
      - Sat, 11 Sep 2021 08:50:31 GMT
      Server:
      - Windows-Azure-Blob/1.0 Microsoft-HTTPAPI/2.0
      X-Ms-Blob-Content-Length:
      - "15"
      X-Ms-Request-Id:
      - ea53f3de-701e-002b-55ea-a64219000000
      X-Ms-Version:
      - "2019-12-12"
    status: 200 OK
    code: 200
    duration: ""
- request:
    body: ""
    form: {}
    headers:
      Accept:
      - application/xml
      Authorization:
      - sanitized
      User-Agent:
      - azsdk-go-azblob/v0.1.0 azsdk-go-azcore/v0.19.0 (go1.16.7; Windows_NT)
      X-Ms-Date:
      - Sat, 11 Sep 2021 08:50:32 GMT
      X-Ms-Version:
      - "2019-12-12"
    url: https://azureblobstoragecanada.blob.core.windows.net/testgocblobsettieroncommit?restype=container
    method: DELETE
  response:
    body: ""
    headers:
      Content-Length:
      - "0"
      Date:
      - Sat, 11 Sep 2021 08:50:31 GMT
      Server:
      - Windows-Azure-Blob/1.0 Microsoft-HTTPAPI/2.0
      X-Ms-Request-Id:
      - ea53f431-701e-002b-17ea-a64219000000
      X-Ms-Version:
      - "2019-12-12"
    status: 202 Accepted
    code: 202
    duration: ""
