---
version: 1
interactions:
- request:
    body: ""
    form: {}
    headers:
      Accept:
      - application/xml
      Authorization:
      - sanitized
      User-Agent:
      - azsdk-go-azblob/v0.4.1 azsdk-go-azcore/v0.23.0 (go1.18.1; Windows_NT)
      X-Ms-Date:
      - Tue, 10 May 2022 08:48:12 GMT
      X-Ms-Version:
      - "2020-10-02"
    url: https://azureblobstoragecanada.blob.core.windows.net/goccreateanddownloadblobspecialcharacterswithvid?restype=container
    method: PUT
  response:
    body: ""
    headers:
      Content-Length:
      - "0"
      Date:
      - Tue, 10 May 2022 08:48:08 GMT
      Etag:
      - '"0x8DA3261CEE2BBCE"'
      Last-Modified:
      - Tue, 10 May 2022 08:48:09 GMT
      Server:
      - Windows-Azure-Blob/1.0 Microsoft-HTTPAPI/2.0
      X-Ms-Request-Id:
      - 40909f2e-f01e-0003-384a-646e1c000000
      X-Ms-Version:
      - "2020-10-02"
    status: 201 Created
    code: 201
    duration: ""
- request:
    body: '-'
    form: {}
    headers:
      Accept:
      - application/xml
      Authorization:
      - sanitized
      Content-Length:
      - "1"
      Content-Type:
      - application/octet-stream
      User-Agent:
      - azsdk-go-azblob/v0.4.1 azsdk-go-azcore/v0.23.0 (go1.18.1; Windows_NT)
      X-Ms-Blob-Type:
      - BlockBlob
      X-Ms-Date:
      - Tue, 10 May 2022 08:48:12 GMT
      X-Ms-Version:
      - "2020-10-02"
    url: https://azureblobstoragecanada.blob.core.windows.net/goccreateanddownloadblobspecialcharacterswithvid/abc-
    method: PUT
  response:
    body: ""
    headers:
      Content-Length:
      - "0"
      Content-Md5:
      - M21evFQ2U05h0W5j3fyjJw==
      Date:
      - Tue, 10 May 2022 08:48:08 GMT
      Etag:
      - '"0x8DA3261CF10DE81"'
      Last-Modified:
      - Tue, 10 May 2022 08:48:09 GMT
      Server:
      - Windows-Azure-Blob/1.0 Microsoft-HTTPAPI/2.0
      X-Ms-Content-Crc64:
      - qZnwPj9XCzQ=
      X-Ms-Request-Id:
      - 4090a04b-f01e-0003-3e4a-646e1c000000
      X-Ms-Request-Server-Encrypted:
      - "true"
      X-Ms-Version:
      - "2020-10-02"
      X-Ms-Version-Id:
      - "2022-05-10T08:48:09.3552257Z"
    status: 201 Created
    code: 201
    duration: ""
- request:
    body: ""
    form: {}
    headers:
      Accept:
      - application/xml
      Authorization:
      - sanitized
      User-Agent:
      - azsdk-go-azblob/v0.4.1 azsdk-go-azcore/v0.23.0 (go1.18.1; Windows_NT)
      X-Ms-Date:
      - Tue, 10 May 2022 08:48:12 GMT
      X-Ms-Version:
      - "2020-10-02"
    url: https://azureblobstoragecanada.blob.core.windows.net/goccreateanddownloadblobspecialcharacterswithvid/abc-?versionid=2022-05-10T08%3A48%3A09.3552257Z
    method: GET
  response:
    body: '-'
    headers:
      Accept-Ranges:
      - bytes
      Content-Length:
      - "1"
      Content-Md5:
      - M21evFQ2U05h0W5j3fyjJw==
      Content-Type:
      - application/octet-stream
      Date:
      - Tue, 10 May 2022 08:48:08 GMT
      Etag:
      - '"0x8DA3261CF10DE81"'
      Last-Modified:
      - Tue, 10 May 2022 08:48:09 GMT
      Server:
      - Windows-Azure-Blob/1.0 Microsoft-HTTPAPI/2.0
      X-Ms-Blob-Type:
      - BlockBlob
      X-Ms-Creation-Time:
      - Tue, 10 May 2022 08:48:09 GMT
      X-Ms-Is-Current-Version:
      - "true"
      X-Ms-Request-Id:
      - 4090a157-f01e-0003-2e4a-646e1c000000
      X-Ms-Server-Encrypted:
      - "true"
      X-Ms-Version:
      - "2020-10-02"
      X-Ms-Version-Id:
      - "2022-05-10T08:48:09.3552257Z"
    status: 200 OK
    code: 200
    duration: ""
- request:
    body: .
    form: {}
    headers:
      Accept:
      - application/xml
      Authorization:
      - sanitized
      Content-Length:
      - "1"
      Content-Type:
      - application/octet-stream
      User-Agent:
      - azsdk-go-azblob/v0.4.1 azsdk-go-azcore/v0.23.0 (go1.18.1; Windows_NT)
      X-Ms-Blob-Type:
      - BlockBlob
      X-Ms-Date:
      - Tue, 10 May 2022 08:48:13 GMT
      X-Ms-Version:
      - "2020-10-02"
    url: https://azureblobstoragecanada.blob.core.windows.net/goccreateanddownloadblobspecialcharacterswithvid/abc.
    method: PUT
  response:
    body: ""
    headers:
      Content-Length:
      - "0"
      Content-Md5:
      - UFjxr4OIYz9gnK23WnXcnQ==
      Date:
      - Tue, 10 May 2022 08:48:09 GMT
      Etag:
      - '"0x8DA3261CF6E5A53"'
      Last-Modified:
      - Tue, 10 May 2022 08:48:09 GMT
      Server:
      - Windows-Azure-Blob/1.0 Microsoft-HTTPAPI/2.0
      X-Ms-Content-Crc64:
      - IgKubmdGuLU=
      X-Ms-Request-Id:
      - 4090a232-f01e-0003-754a-646e1c000000
      X-Ms-Request-Server-Encrypted:
      - "true"
      X-Ms-Version:
      - "2020-10-02"
      X-Ms-Version-Id:
      - "2022-05-10T08:48:09.9678803Z"
    status: 201 Created
    code: 201
    duration: ""
- request:
    body: ""
    form: {}
    headers:
      Accept:
      - application/xml
      Authorization:
      - sanitized
      User-Agent:
      - azsdk-go-azblob/v0.4.1 azsdk-go-azcore/v0.23.0 (go1.18.1; Windows_NT)
      X-Ms-Date:
      - Tue, 10 May 2022 08:48:13 GMT
      X-Ms-Version:
      - "2020-10-02"
    url: https://azureblobstoragecanada.blob.core.windows.net/goccreateanddownloadblobspecialcharacterswithvid/abc.?versionid=2022-05-10T08%3A48%3A09.9678803Z
    method: GET
  response:
    body: .
    headers:
      Accept-Ranges:
      - bytes
      Content-Length:
      - "1"
      Content-Md5:
      - UFjxr4OIYz9gnK23WnXcnQ==
      Content-Type:
      - application/octet-stream
      Date:
      - Tue, 10 May 2022 08:48:09 GMT
      Etag:
      - '"0x8DA3261CF6E5A53"'
      Last-Modified:
      - Tue, 10 May 2022 08:48:09 GMT
      Server:
      - Windows-Azure-Blob/1.0 Microsoft-HTTPAPI/2.0
      X-Ms-Blob-Type:
      - BlockBlob
      X-Ms-Creation-Time:
      - Tue, 10 May 2022 08:48:09 GMT
      X-Ms-Is-Current-Version:
      - "true"
      X-Ms-Request-Id:
      - 4090a328-f01e-0003-504a-646e1c000000
      X-Ms-Server-Encrypted:
      - "true"
      X-Ms-Version:
      - "2020-10-02"
      X-Ms-Version-Id:
      - "2022-05-10T08:48:09.9678803Z"
    status: 200 OK
    code: 200
    duration: ""
- request:
    body: _
    form: {}
    headers:
      Accept:
      - application/xml
      Authorization:
      - sanitized
      Content-Length:
      - "1"
      Content-Type:
      - application/octet-stream
      User-Agent:
      - azsdk-go-azblob/v0.4.1 azsdk-go-azcore/v0.23.0 (go1.18.1; Windows_NT)
      X-Ms-Blob-Type:
      - BlockBlob
      X-Ms-Date:
      - Tue, 10 May 2022 08:48:13 GMT
      X-Ms-Version:
      - "2020-10-02"
    url: https://azureblobstoragecanada.blob.core.windows.net/goccreateanddownloadblobspecialcharacterswithvid/abc_
    method: PUT
  response:
    body: ""
    headers:
      Content-Length:
      - "0"
      Content-Md5:
      - sUp7gFnZwFWVTJJnTOYAMg==
      Date:
      - Tue, 10 May 2022 08:48:09 GMT
      Etag:
      - '"0x8DA3261CFBC9621"'
      Last-Modified:
      - Tue, 10 May 2022 08:48:10 GMT
      Server:
      - Windows-Azure-Blob/1.0 Microsoft-HTTPAPI/2.0
      X-Ms-Content-Crc64:
      - txY3vV5trZQ=
      X-Ms-Request-Id:
      - 4090a45f-f01e-0003-744a-646e1c000000
      X-Ms-Request-Server-Encrypted:
      - "true"
      X-Ms-Version:
      - "2020-10-02"
      X-Ms-Version-Id:
      - "2022-05-10T08:48:10.4805921Z"
    status: 201 Created
    code: 201
    duration: ""
- request:
    body: ""
    form: {}
    headers:
      Accept:
      - application/xml
      Authorization:
      - sanitized
      User-Agent:
      - azsdk-go-azblob/v0.4.1 azsdk-go-azcore/v0.23.0 (go1.18.1; Windows_NT)
      X-Ms-Date:
      - Tue, 10 May 2022 08:48:14 GMT
      X-Ms-Version:
      - "2020-10-02"
    url: https://azureblobstoragecanada.blob.core.windows.net/goccreateanddownloadblobspecialcharacterswithvid/abc_?versionid=2022-05-10T08%3A48%3A10.4805921Z
    method: GET
  response:
    body: _
    headers:
      Accept-Ranges:
      - bytes
      Content-Length:
      - "1"
      Content-Md5:
      - sUp7gFnZwFWVTJJnTOYAMg==
      Content-Type:
      - application/octet-stream
      Date:
      - Tue, 10 May 2022 08:48:09 GMT
      Etag:
      - '"0x8DA3261CFBC9621"'
      Last-Modified:
      - Tue, 10 May 2022 08:48:10 GMT
      Server:
      - Windows-Azure-Blob/1.0 Microsoft-HTTPAPI/2.0
      X-Ms-Blob-Type:
      - BlockBlob
      X-Ms-Creation-Time:
      - Tue, 10 May 2022 08:48:10 GMT
      X-Ms-Is-Current-Version:
      - "true"
      X-Ms-Request-Id:
      - 4090a588-f01e-0003-034a-646e1c000000
      X-Ms-Server-Encrypted:
      - "true"
      X-Ms-Version:
      - "2020-10-02"
      X-Ms-Version-Id:
      - "2022-05-10T08:48:10.4805921Z"
    status: 200 OK
    code: 200
    duration: ""
- request:
    body: /
    form: {}
    headers:
      Accept:
      - application/xml
      Authorization:
      - sanitized
      Content-Length:
      - "1"
      Content-Type:
      - application/octet-stream
      User-Agent:
      - azsdk-go-azblob/v0.4.1 azsdk-go-azcore/v0.23.0 (go1.18.1; Windows_NT)
      X-Ms-Blob-Type:
      - BlockBlob
      X-Ms-Date:
      - Tue, 10 May 2022 08:48:14 GMT
      X-Ms-Version:
      - "2020-10-02"
    url: https://azureblobstoragecanada.blob.core.windows.net/goccreateanddownloadblobspecialcharacterswithvid/abc/
    method: PUT
  response:
    body: ""
    headers:
      Content-Length:
      - "0"
      Content-Md5:
      - ZmbNdvlpVkaee+OddQzH2Q==
      Date:
      - Tue, 10 May 2022 08:48:10 GMT
      Etag:
      - '"0x8DA3261D01A3907"'
      Last-Modified:
      - Tue, 10 May 2022 08:48:11 GMT
      Server:
      - Windows-Azure-Blob/1.0 Microsoft-HTTPAPI/2.0
      X-Ms-Content-Crc64:
      - W4ubXq+21so=
      X-Ms-Request-Id:
      - 4090a6d1-f01e-0003-2e4a-646e1c000000
      X-Ms-Request-Server-Encrypted:
      - "true"
      X-Ms-Version:
      - "2020-10-02"
      X-Ms-Version-Id:
      - "2022-05-10T08:48:11.0942471Z"
    status: 201 Created
    code: 201
    duration: ""
- request:
    body: ""
    form: {}
    headers:
      Accept:
      - application/xml
      Authorization:
      - sanitized
      User-Agent:
      - azsdk-go-azblob/v0.4.1 azsdk-go-azcore/v0.23.0 (go1.18.1; Windows_NT)
      X-Ms-Date:
      - Tue, 10 May 2022 08:48:14 GMT
      X-Ms-Version:
      - "2020-10-02"
    url: https://azureblobstoragecanada.blob.core.windows.net/goccreateanddownloadblobspecialcharacterswithvid/abc/?versionid=2022-05-10T08%3A48%3A11.0942471Z
    method: GET
  response:
    body: /
    headers:
      Accept-Ranges:
      - bytes
      Content-Length:
      - "1"
      Content-Md5:
      - ZmbNdvlpVkaee+OddQzH2Q==
      Content-Type:
      - application/octet-stream
      Date:
      - Tue, 10 May 2022 08:48:10 GMT
      Etag:
      - '"0x8DA3261D01A3907"'
      Last-Modified:
      - Tue, 10 May 2022 08:48:11 GMT
      Server:
      - Windows-Azure-Blob/1.0 Microsoft-HTTPAPI/2.0
      X-Ms-Blob-Type:
      - BlockBlob
      X-Ms-Creation-Time:
      - Tue, 10 May 2022 08:48:11 GMT
      X-Ms-Is-Current-Version:
      - "true"
      X-Ms-Request-Id:
      - 4090a7f1-f01e-0003-334a-646e1c000000
      X-Ms-Server-Encrypted:
      - "true"
      X-Ms-Version:
      - "2020-10-02"
      X-Ms-Version-Id:
      - "2022-05-10T08:48:11.0942471Z"
    status: 200 OK
    code: 200
    duration: ""
- request:
    body: (
    form: {}
    headers:
      Accept:
      - application/xml
      Authorization:
      - sanitized
      Content-Length:
      - "1"
      Content-Type:
      - application/octet-stream
      User-Agent:
      - azsdk-go-azblob/v0.4.1 azsdk-go-azcore/v0.23.0 (go1.18.1; Windows_NT)
      X-Ms-Blob-Type:
      - BlockBlob
      X-Ms-Date:
      - Tue, 10 May 2022 08:48:14 GMT
      X-Ms-Version:
      - "2020-10-02"
    url: https://azureblobstoragecanada.blob.core.windows.net/goccreateanddownloadblobspecialcharacterswithvid/abc%28
    method: PUT
  response:
    body: ""
    headers:
      Content-Length:
      - "0"
      Content-Md5:
      - hMQEc0FMry7Up7EoPki79A==
      Date:
      - Tue, 10 May 2022 08:48:10 GMT
      Etag:
      - '"0x8DA3261D06D0803"'
      Last-Modified:
      - Tue, 10 May 2022 08:48:11 GMT
      Server:
      - Windows-Azure-Blob/1.0 Microsoft-HTTPAPI/2.0
      X-Ms-Content-Crc64:
      - X6aEloRCB4I=
      X-Ms-Request-Id:
      - 4090a8ca-f01e-0003-794a-646e1c000000
      X-Ms-Request-Server-Encrypted:
      - "true"
      X-Ms-Version:
      - "2020-10-02"
      X-Ms-Version-Id:
      - "2022-05-10T08:48:11.6369411Z"
    status: 201 Created
    code: 201
    duration: ""
- request:
    body: ""
    form: {}
    headers:
      Accept:
      - application/xml
      Authorization:
      - sanitized
      User-Agent:
      - azsdk-go-azblob/v0.4.1 azsdk-go-azcore/v0.23.0 (go1.18.1; Windows_NT)
      X-Ms-Date:
      - Tue, 10 May 2022 08:48:15 GMT
      X-Ms-Version:
      - "2020-10-02"
    url: https://azureblobstoragecanada.blob.core.windows.net/goccreateanddownloadblobspecialcharacterswithvid/abc%28?versionid=2022-05-10T08%3A48%3A11.6369411Z
    method: GET
  response:
    body: (
    headers:
      Accept-Ranges:
      - bytes
      Content-Length:
      - "1"
      Content-Md5:
      - hMQEc0FMry7Up7EoPki79A==
      Content-Type:
      - application/octet-stream
      Date:
      - Tue, 10 May 2022 08:48:10 GMT
      Etag:
      - '"0x8DA3261D06D0803"'
      Last-Modified:
      - Tue, 10 May 2022 08:48:11 GMT
      Server:
      - Windows-Azure-Blob/1.0 Microsoft-HTTPAPI/2.0
      X-Ms-Blob-Type:
      - BlockBlob
      X-Ms-Creation-Time:
      - Tue, 10 May 2022 08:48:11 GMT
      X-Ms-Is-Current-Version:
      - "true"
      X-Ms-Request-Id:
      - 4090a9ba-f01e-0003-4f4a-646e1c000000
      X-Ms-Server-Encrypted:
      - "true"
      X-Ms-Version:
      - "2020-10-02"
      X-Ms-Version-Id:
      - "2022-05-10T08:48:11.6369411Z"
    status: 200 OK
    code: 200
    duration: ""
- request:
    body: )
    form: {}
    headers:
      Accept:
      - application/xml
      Authorization:
      - sanitized
      Content-Length:
      - "1"
      Content-Type:
      - application/octet-stream
      User-Agent:
      - azsdk-go-azblob/v0.4.1 azsdk-go-azcore/v0.23.0 (go1.18.1; Windows_NT)
      X-Ms-Blob-Type:
      - BlockBlob
      X-Ms-Date:
      - Tue, 10 May 2022 08:48:15 GMT
      X-Ms-Version:
      - "2020-10-02"
    url: https://azureblobstoragecanada.blob.core.windows.net/goccreateanddownloadblobspecialcharacterswithvid/abc%29
    method: PUT
  response:
    body: ""
    headers:
      Content-Length:
      - "0"
      Content-Md5:
      - k3HXouOuhqAKq0dx450lXQ==
      Date:
      - Tue, 10 May 2022 08:48:11 GMT
      Etag:
      - '"0x8DA3261D0C617AF"'
      Last-Modified:
      - Tue, 10 May 2022 08:48:12 GMT
      Server:
      - Windows-Azure-Blob/1.0 Microsoft-HTTPAPI/2.0
      X-Ms-Content-Crc64:
      - Ji+xpkyyaf0=
      X-Ms-Request-Id:
      - 4090aaca-f01e-0003-444a-646e1c000000
      X-Ms-Request-Server-Encrypted:
      - "true"
      X-Ms-Version:
      - "2020-10-02"
      X-Ms-Version-Id:
      - "2022-05-10T08:48:12.2206127Z"
    status: 201 Created
    code: 201
    duration: ""
- request:
    body: ""
    form: {}
    headers:
      Accept:
      - application/xml
      Authorization:
      - sanitized
      User-Agent:
      - azsdk-go-azblob/v0.4.1 azsdk-go-azcore/v0.23.0 (go1.18.1; Windows_NT)
      X-Ms-Date:
      - Tue, 10 May 2022 08:48:15 GMT
      X-Ms-Version:
      - "2020-10-02"
    url: https://azureblobstoragecanada.blob.core.windows.net/goccreateanddownloadblobspecialcharacterswithvid/abc%29?versionid=2022-05-10T08%3A48%3A12.2206127Z
    method: GET
  response:
    body: )
    headers:
      Accept-Ranges:
      - bytes
      Content-Length:
      - "1"
      Content-Md5:
      - k3HXouOuhqAKq0dx450lXQ==
      Content-Type:
      - application/octet-stream
      Date:
      - Tue, 10 May 2022 08:48:11 GMT
      Etag:
      - '"0x8DA3261D0C617AF"'
      Last-Modified:
      - Tue, 10 May 2022 08:48:12 GMT
      Server:
      - Windows-Azure-Blob/1.0 Microsoft-HTTPAPI/2.0
      X-Ms-Blob-Type:
      - BlockBlob
      X-Ms-Creation-Time:
      - Tue, 10 May 2022 08:48:12 GMT
      X-Ms-Is-Current-Version:
      - "true"
      X-Ms-Request-Id:
      - 4090aba4-f01e-0003-144a-646e1c000000
      X-Ms-Server-Encrypted:
      - "true"
      X-Ms-Version:
      - "2020-10-02"
      X-Ms-Version-Id:
      - "2022-05-10T08:48:12.2206127Z"
    status: 200 OK
    code: 200
    duration: ""
- request:
    body: $
    form: {}
    headers:
      Accept:
      - application/xml
      Authorization:
      - sanitized
      Content-Length:
      - "1"
      Content-Type:
      - application/octet-stream
      User-Agent:
      - azsdk-go-azblob/v0.4.1 azsdk-go-azcore/v0.23.0 (go1.18.1; Windows_NT)
      X-Ms-Blob-Type:
      - BlockBlob
      X-Ms-Date:
      - Tue, 10 May 2022 08:48:16 GMT
      X-Ms-Version:
      - "2020-10-02"
    url: https://azureblobstoragecanada.blob.core.windows.net/goccreateanddownloadblobspecialcharacterswithvid/abc$
    method: PUT
  response:
    body: ""
    headers:
      Content-Length:
      - "0"
      Content-Md5:
      - w+l91ul/tRJWiMl/NnIMvg==
      Date:
      - Tue, 10 May 2022 08:48:11 GMT
      Etag:
      - '"0x8DA3261D1145379"'
      Last-Modified:
      - Tue, 10 May 2022 08:48:12 GMT
      Server:
      - Windows-Azure-Blob/1.0 Microsoft-HTTPAPI/2.0
      X-Ms-Content-Crc64:
      - pe7RZkNLee0=
      X-Ms-Request-Id:
      - 4090ac84-f01e-0003-584a-646e1c000000
      X-Ms-Request-Server-Encrypted:
      - "true"
      X-Ms-Version:
      - "2020-10-02"
      X-Ms-Version-Id:
      - "2022-05-10T08:48:12.7343233Z"
    status: 201 Created
    code: 201
    duration: ""
- request:
    body: ""
    form: {}
    headers:
      Accept:
      - application/xml
      Authorization:
      - sanitized
      User-Agent:
      - azsdk-go-azblob/v0.4.1 azsdk-go-azcore/v0.23.0 (go1.18.1; Windows_NT)
      X-Ms-Date:
      - Tue, 10 May 2022 08:48:16 GMT
      X-Ms-Version:
      - "2020-10-02"
    url: https://azureblobstoragecanada.blob.core.windows.net/goccreateanddownloadblobspecialcharacterswithvid/abc$?versionid=2022-05-10T08%3A48%3A12.7343233Z
    method: GET
  response:
    body: $
    headers:
      Accept-Ranges:
      - bytes
      Content-Length:
      - "1"
      Content-Md5:
      - w+l91ul/tRJWiMl/NnIMvg==
      Content-Type:
      - application/octet-stream
      Date:
      - Tue, 10 May 2022 08:48:12 GMT
      Etag:
      - '"0x8DA3261D1145379"'
      Last-Modified:
      - Tue, 10 May 2022 08:48:12 GMT
      Server:
      - Windows-Azure-Blob/1.0 Microsoft-HTTPAPI/2.0
      X-Ms-Blob-Type:
      - BlockBlob
      X-Ms-Creation-Time:
      - Tue, 10 May 2022 08:48:12 GMT
      X-Ms-Is-Current-Version:
      - "true"
      X-Ms-Request-Id:
      - 4090add5-f01e-0003-114a-646e1c000000
      X-Ms-Server-Encrypted:
      - "true"
      X-Ms-Version:
      - "2020-10-02"
      X-Ms-Version-Id:
      - "2022-05-10T08:48:12.7343233Z"
    status: 200 OK
    code: 200
    duration: ""
- request:
    body: =
    form: {}
    headers:
      Accept:
      - application/xml
      Authorization:
      - sanitized
      Content-Length:
      - "1"
      Content-Type:
      - application/octet-stream
      User-Agent:
      - azsdk-go-azblob/v0.4.1 azsdk-go-azcore/v0.23.0 (go1.18.1; Windows_NT)
      X-Ms-Blob-Type:
      - BlockBlob
      X-Ms-Date:
      - Tue, 10 May 2022 08:48:16 GMT
      X-Ms-Version:
      - "2020-10-02"
    url: https://azureblobstoragecanada.blob.core.windows.net/goccreateanddownloadblobspecialcharacterswithvid/abc=
    method: PUT
  response:
    body: ""
    headers:
      Content-Length:
      - "0"
      Content-Md5:
      - Q+w+Xe5ucGr3dm//6lEnIQ==
      Date:
      - Tue, 10 May 2022 08:48:12 GMT
      Etag:
      - '"0x8DA3261D171CF4B"'
      Last-Modified:
      - Tue, 10 May 2022 08:48:13 GMT
      Server:
      - Windows-Azure-Blob/1.0 Microsoft-HTTPAPI/2.0
      X-Ms-Content-Crc64:
      - KPZOtgSo60w=
      X-Ms-Request-Id:
      - 4090af43-f01e-0003-674a-646e1c000000
      X-Ms-Request-Server-Encrypted:
      - "true"
      X-Ms-Version:
      - "2020-10-02"
      X-Ms-Version-Id:
      - "2022-05-10T08:48:13.3459787Z"
    status: 201 Created
    code: 201
    duration: ""
- request:
    body: ""
    form: {}
    headers:
      Accept:
      - application/xml
      Authorization:
      - sanitized
      User-Agent:
      - azsdk-go-azblob/v0.4.1 azsdk-go-azcore/v0.23.0 (go1.18.1; Windows_NT)
      X-Ms-Date:
      - Tue, 10 May 2022 08:48:16 GMT
      X-Ms-Version:
      - "2020-10-02"
    url: https://azureblobstoragecanada.blob.core.windows.net/goccreateanddownloadblobspecialcharacterswithvid/abc=?versionid=2022-05-10T08%3A48%3A13.3459787Z
    method: GET
  response:
    body: =
    headers:
      Accept-Ranges:
      - bytes
      Content-Length:
      - "1"
      Content-Md5:
      - Q+w+Xe5ucGr3dm//6lEnIQ==
      Content-Type:
      - application/octet-stream
      Date:
      - Tue, 10 May 2022 08:48:12 GMT
      Etag:
      - '"0x8DA3261D171CF4B"'
      Last-Modified:
      - Tue, 10 May 2022 08:48:13 GMT
      Server:
      - Windows-Azure-Blob/1.0 Microsoft-HTTPAPI/2.0
      X-Ms-Blob-Type:
      - BlockBlob
      X-Ms-Creation-Time:
      - Tue, 10 May 2022 08:48:13 GMT
      X-Ms-Is-Current-Version:
      - "true"
      X-Ms-Request-Id:
      - 4090b06f-f01e-0003-7b4a-646e1c000000
      X-Ms-Server-Encrypted:
      - "true"
      X-Ms-Version:
      - "2020-10-02"
      X-Ms-Version-Id:
      - "2022-05-10T08:48:13.3459787Z"
    status: 200 OK
    code: 200
    duration: ""
- request:
    body: ''''
    form: {}
    headers:
      Accept:
      - application/xml
      Authorization:
      - sanitized
      Content-Length:
      - "1"
      Content-Type:
      - application/octet-stream
      User-Agent:
      - azsdk-go-azblob/v0.4.1 azsdk-go-azcore/v0.23.0 (go1.18.1; Windows_NT)
      X-Ms-Blob-Type:
      - BlockBlob
      X-Ms-Date:
      - Tue, 10 May 2022 08:48:17 GMT
      X-Ms-Version:
      - "2020-10-02"
    url: https://azureblobstoragecanada.blob.core.windows.net/goccreateanddownloadblobspecialcharacterswithvid/abc%27
    method: PUT
  response:
    body: ""
    headers:
      Content-Length:
      - "0"
      Content-Md5:
      - NZDLivC7ueeMNDtSuTdzyQ==
      Date:
      - Tue, 10 May 2022 08:48:13 GMT
      Etag:
      - '"0x8DA3261D1D257F1"'
      Last-Modified:
      - Tue, 10 May 2022 08:48:13 GMT
      Server:
      - Windows-Azure-Blob/1.0 Microsoft-HTTPAPI/2.0
      X-Ms-Content-Crc64:
      - LnWPNhtaymw=
      X-Ms-Request-Id:
      - 4090b1f7-f01e-0003-6e4a-646e1c000000
      X-Ms-Request-Server-Encrypted:
      - "true"
      X-Ms-Version:
      - "2020-10-02"
      X-Ms-Version-Id:
      - "2022-05-10T08:48:13.9786225Z"
    status: 201 Created
    code: 201
    duration: ""
- request:
    body: ""
    form: {}
    headers:
      Accept:
      - application/xml
      Authorization:
      - sanitized
      User-Agent:
      - azsdk-go-azblob/v0.4.1 azsdk-go-azcore/v0.23.0 (go1.18.1; Windows_NT)
      X-Ms-Date:
      - Tue, 10 May 2022 08:48:17 GMT
      X-Ms-Version:
      - "2020-10-02"
    url: https://azureblobstoragecanada.blob.core.windows.net/goccreateanddownloadblobspecialcharacterswithvid/abc%27?versionid=2022-05-10T08%3A48%3A13.9786225Z
    method: GET
  response:
    body: ''''
    headers:
      Accept-Ranges:
      - bytes
      Content-Length:
      - "1"
      Content-Md5:
      - NZDLivC7ueeMNDtSuTdzyQ==
      Content-Type:
      - application/octet-stream
      Date:
      - Tue, 10 May 2022 08:48:13 GMT
      Etag:
      - '"0x8DA3261D1D257F1"'
      Last-Modified:
      - Tue, 10 May 2022 08:48:13 GMT
      Server:
      - Windows-Azure-Blob/1.0 Microsoft-HTTPAPI/2.0
      X-Ms-Blob-Type:
      - BlockBlob
      X-Ms-Creation-Time:
      - Tue, 10 May 2022 08:48:13 GMT
      X-Ms-Is-Current-Version:
      - "true"
      X-Ms-Request-Id:
      - 4090b33c-f01e-0003-234a-646e1c000000
      X-Ms-Server-Encrypted:
      - "true"
      X-Ms-Version:
      - "2020-10-02"
      X-Ms-Version-Id:
      - "2022-05-10T08:48:13.9786225Z"
    status: 200 OK
    code: 200
    duration: ""
- request:
    body: ','
    form: {}
    headers:
      Accept:
      - application/xml
      Authorization:
      - sanitized
      Content-Length:
      - "1"
      Content-Type:
      - application/octet-stream
      User-Agent:
      - azsdk-go-azblob/v0.4.1 azsdk-go-azcore/v0.23.0 (go1.18.1; Windows_NT)
      X-Ms-Blob-Type:
      - BlockBlob
      X-Ms-Date:
      - Tue, 10 May 2022 08:48:17 GMT
      X-Ms-Version:
      - "2020-10-02"
    url: https://azureblobstoragecanada.blob.core.windows.net/goccreateanddownloadblobspecialcharacterswithvid/abc,
    method: PUT
  response:
    body: ""
    headers:
      Content-Length:
      - "0"
      Content-Md5:
      - wMtfD88jmrPZwfzTH/8e/A==
      Date:
      - Tue, 10 May 2022 08:48:13 GMT
      Etag:
      - '"0x8DA3261D2315A2E"'
      Last-Modified:
      - Tue, 10 May 2022 08:48:14 GMT
      Server:
      - Windows-Azure-Blob/1.0 Microsoft-HTTPAPI/2.0
      X-Ms-Content-Crc64:
      - 0BDFDvenZUs=
      X-Ms-Request-Id:
      - 4090b48e-f01e-0003-5e4a-646e1c000000
      X-Ms-Request-Server-Encrypted:
      - "true"
      X-Ms-Version:
      - "2020-10-02"
      X-Ms-Version-Id:
      - "2022-05-10T08:48:14.6012718Z"
    status: 201 Created
    code: 201
    duration: ""
- request:
    body: ""
    form: {}
    headers:
      Accept:
      - application/xml
      Authorization:
      - sanitized
      User-Agent:
      - azsdk-go-azblob/v0.4.1 azsdk-go-azcore/v0.23.0 (go1.18.1; Windows_NT)
      X-Ms-Date:
      - Tue, 10 May 2022 08:48:18 GMT
      X-Ms-Version:
      - "2020-10-02"
    url: https://azureblobstoragecanada.blob.core.windows.net/goccreateanddownloadblobspecialcharacterswithvid/abc,?versionid=2022-05-10T08%3A48%3A14.6012718Z
    method: GET
  response:
    body: ','
    headers:
      Accept-Ranges:
      - bytes
      Content-Length:
      - "1"
      Content-Md5:
      - wMtfD88jmrPZwfzTH/8e/A==
      Content-Type:
      - application/octet-stream
      Date:
      - Tue, 10 May 2022 08:48:13 GMT
      Etag:
      - '"0x8DA3261D2315A2E"'
      Last-Modified:
      - Tue, 10 May 2022 08:48:14 GMT
      Server:
      - Windows-Azure-Blob/1.0 Microsoft-HTTPAPI/2.0
      X-Ms-Blob-Type:
      - BlockBlob
      X-Ms-Creation-Time:
      - Tue, 10 May 2022 08:48:14 GMT
      X-Ms-Is-Current-Version:
      - "true"
      X-Ms-Request-Id:
      - 4090b5bd-f01e-0003-724a-646e1c000000
      X-Ms-Server-Encrypted:
      - "true"
      X-Ms-Version:
      - "2020-10-02"
      X-Ms-Version-Id:
      - "2022-05-10T08:48:14.6012718Z"
    status: 200 OK
    code: 200
    duration: ""
- request:
    body: "~"
    form: {}
    headers:
      Accept:
      - application/xml
      Authorization:
      - sanitized
      Content-Length:
      - "1"
      Content-Type:
      - application/octet-stream
      User-Agent:
      - azsdk-go-azblob/v0.4.1 azsdk-go-azcore/v0.23.0 (go1.18.1; Windows_NT)
      X-Ms-Blob-Type:
      - BlockBlob
      X-Ms-Date:
      - Tue, 10 May 2022 08:48:18 GMT
      X-Ms-Version:
      - "2020-10-02"
    url: https://azureblobstoragecanada.blob.core.windows.net/goccreateanddownloadblobspecialcharacterswithvid/abc~
    method: PUT
  response:
    body: ""
    headers:
      Content-Length:
      - "0"
      Content-Md5:
      - THYfFw4BaDb/hEmCArmYJw==
      Date:
      - Tue, 10 May 2022 08:48:14 GMT
      Etag:
      - '"0x8DA3261D29600F0"'
      Last-Modified:
      - Tue, 10 May 2022 08:48:15 GMT
      Server:
      - Windows-Azure-Blob/1.0 Microsoft-HTTPAPI/2.0
      X-Ms-Content-Crc64:
      - zEB+nOFjAho=
      X-Ms-Request-Id:
      - 4090b735-f01e-0003-514a-646e1c000000
      X-Ms-Request-Server-Encrypted:
      - "true"
      X-Ms-Version:
      - "2020-10-02"
      X-Ms-Version-Id:
      - "2022-05-10T08:48:15.2609008Z"
    status: 201 Created
    code: 201
    duration: ""
- request:
    body: ""
    form: {}
    headers:
      Accept:
      - application/xml
      Authorization:
      - sanitized
      User-Agent:
      - azsdk-go-azblob/v0.4.1 azsdk-go-azcore/v0.23.0 (go1.18.1; Windows_NT)
      X-Ms-Date:
      - Tue, 10 May 2022 08:48:18 GMT
      X-Ms-Version:
      - "2020-10-02"
    url: https://azureblobstoragecanada.blob.core.windows.net/goccreateanddownloadblobspecialcharacterswithvid/abc~?versionid=2022-05-10T08%3A48%3A15.2609008Z
    method: GET
  response:
    body: "~"
    headers:
      Accept-Ranges:
      - bytes
      Content-Length:
      - "1"
      Content-Md5:
      - THYfFw4BaDb/hEmCArmYJw==
      Content-Type:
      - application/octet-stream
      Date:
      - Tue, 10 May 2022 08:48:14 GMT
      Etag:
      - '"0x8DA3261D29600F0"'
      Last-Modified:
      - Tue, 10 May 2022 08:48:15 GMT
      Server:
      - Windows-Azure-Blob/1.0 Microsoft-HTTPAPI/2.0
      X-Ms-Blob-Type:
      - BlockBlob
      X-Ms-Creation-Time:
      - Tue, 10 May 2022 08:48:15 GMT
      X-Ms-Is-Current-Version:
      - "true"
      X-Ms-Request-Id:
      - 4090b7d9-f01e-0003-684a-646e1c000000
      X-Ms-Server-Encrypted:
      - "true"
      X-Ms-Version:
      - "2020-10-02"
      X-Ms-Version-Id:
      - "2022-05-10T08:48:15.2609008Z"
    status: 200 OK
    code: 200
    duration: ""
- request:
    body: "0"
    form: {}
    headers:
      Accept:
      - application/xml
      Authorization:
      - sanitized
      Content-Length:
      - "1"
      Content-Type:
      - application/octet-stream
      User-Agent:
      - azsdk-go-azblob/v0.4.1 azsdk-go-azcore/v0.23.0 (go1.18.1; Windows_NT)
      X-Ms-Blob-Type:
      - BlockBlob
      X-Ms-Date:
      - Tue, 10 May 2022 08:48:19 GMT
      X-Ms-Version:
      - "2020-10-02"
    url: https://azureblobstoragecanada.blob.core.windows.net/goccreateanddownloadblobspecialcharacterswithvid/abc0
    method: PUT
  response:
    body: ""
    headers:
      Content-Length:
      - "0"
      Content-Md5:
      - z80ghJXVZe9m59/5+Ydk2g==
      Date:
      - Tue, 10 May 2022 08:48:14 GMT
      Etag:
      - '"0x8DA3261D2E8F6FD"'
      Last-Modified:
      - Tue, 10 May 2022 08:48:15 GMT
      Server:
      - Windows-Azure-Blob/1.0 Microsoft-HTTPAPI/2.0
      X-Ms-Content-Crc64:
      - qzcudgtR+1w=
      X-Ms-Request-Id:
      - 4090b8d9-f01e-0003-4f4a-646e1c000000
      X-Ms-Request-Server-Encrypted:
      - "true"
      X-Ms-Version:
      - "2020-10-02"
      X-Ms-Version-Id:
      - "2022-05-10T08:48:15.8045949Z"
    status: 201 Created
    code: 201
    duration: ""
- request:
    body: ""
    form: {}
    headers:
      Accept:
      - application/xml
      Authorization:
      - sanitized
      User-Agent:
      - azsdk-go-azblob/v0.4.1 azsdk-go-azcore/v0.23.0 (go1.18.1; Windows_NT)
      X-Ms-Date:
      - Tue, 10 May 2022 08:48:19 GMT
      X-Ms-Version:
      - "2020-10-02"
    url: https://azureblobstoragecanada.blob.core.windows.net/goccreateanddownloadblobspecialcharacterswithvid/abc0?versionid=2022-05-10T08%3A48%3A15.8045949Z
    method: GET
  response:
    body: "0"
    headers:
      Accept-Ranges:
      - bytes
      Content-Length:
      - "1"
      Content-Md5:
      - z80ghJXVZe9m59/5+Ydk2g==
      Content-Type:
      - application/octet-stream
      Date:
      - Tue, 10 May 2022 08:48:15 GMT
      Etag:
      - '"0x8DA3261D2E8F6FD"'
      Last-Modified:
      - Tue, 10 May 2022 08:48:15 GMT
      Server:
      - Windows-Azure-Blob/1.0 Microsoft-HTTPAPI/2.0
      X-Ms-Blob-Type:
      - BlockBlob
      X-Ms-Creation-Time:
      - Tue, 10 May 2022 08:48:15 GMT
      X-Ms-Is-Current-Version:
      - "true"
      X-Ms-Request-Id:
      - 4090b99b-f01e-0003-7a4a-646e1c000000
      X-Ms-Server-Encrypted:
      - "true"
      X-Ms-Version:
      - "2020-10-02"
      X-Ms-Version-Id:
      - "2022-05-10T08:48:15.8045949Z"
    status: 200 OK
    code: 200
    duration: ""
- request:
    body: "1"
    form: {}
    headers:
      Accept:
      - application/xml
      Authorization:
      - sanitized
      Content-Length:
      - "1"
      Content-Type:
      - application/octet-stream
      User-Agent:
      - azsdk-go-azblob/v0.4.1 azsdk-go-azcore/v0.23.0 (go1.18.1; Windows_NT)
      X-Ms-Blob-Type:
      - BlockBlob
      X-Ms-Date:
      - Tue, 10 May 2022 08:48:19 GMT
      X-Ms-Version:
      - "2020-10-02"
    url: https://azureblobstoragecanada.blob.core.windows.net/goccreateanddownloadblobspecialcharacterswithvid/abc1
    method: PUT
  response:
    body: ""
    headers:
      Content-Length:
      - "0"
      Content-Md5:
      - xMpCOKC5I4INzFCab3WEmw==
      Date:
      - Tue, 10 May 2022 08:48:15 GMT
      Etag:
      - '"0x8DA3261D33780DD"'
      Last-Modified:
      - Tue, 10 May 2022 08:48:16 GMT
      Server:
      - Windows-Azure-Blob/1.0 Microsoft-HTTPAPI/2.0
      X-Ms-Content-Crc64:
      - 0r4bRsOhlSM=
      X-Ms-Request-Id:
      - 4090ba79-f01e-0003-3d4a-646e1c000000
      X-Ms-Request-Server-Encrypted:
      - "true"
      X-Ms-Version:
      - "2020-10-02"
      X-Ms-Version-Id:
      - "2022-05-10T08:48:16.3193053Z"
    status: 201 Created
    code: 201
    duration: ""
- request:
    body: ""
    form: {}
    headers:
      Accept:
      - application/xml
      Authorization:
      - sanitized
      User-Agent:
      - azsdk-go-azblob/v0.4.1 azsdk-go-azcore/v0.23.0 (go1.18.1; Windows_NT)
      X-Ms-Date:
      - Tue, 10 May 2022 08:48:19 GMT
      X-Ms-Version:
      - "2020-10-02"
    url: https://azureblobstoragecanada.blob.core.windows.net/goccreateanddownloadblobspecialcharacterswithvid/abc1?versionid=2022-05-10T08%3A48%3A16.3193053Z
    method: GET
  response:
    body: "1"
    headers:
      Accept-Ranges:
      - bytes
      Content-Length:
      - "1"
      Content-Md5:
      - xMpCOKC5I4INzFCab3WEmw==
      Content-Type:
      - application/octet-stream
      Date:
      - Tue, 10 May 2022 08:48:15 GMT
      Etag:
      - '"0x8DA3261D33780DD"'
      Last-Modified:
      - Tue, 10 May 2022 08:48:16 GMT
      Server:
      - Windows-Azure-Blob/1.0 Microsoft-HTTPAPI/2.0
      X-Ms-Blob-Type:
      - BlockBlob
      X-Ms-Creation-Time:
      - Tue, 10 May 2022 08:48:16 GMT
      X-Ms-Is-Current-Version:
      - "true"
      X-Ms-Request-Id:
      - 4090bb4e-f01e-0003-7e4a-646e1c000000
      X-Ms-Server-Encrypted:
      - "true"
      X-Ms-Version:
      - "2020-10-02"
      X-Ms-Version-Id:
      - "2022-05-10T08:48:16.3193053Z"
    status: 200 OK
    code: 200
    duration: ""
- request:
    body: "2"
    form: {}
    headers:
      Accept:
      - application/xml
      Authorization:
      - sanitized
      Content-Length:
      - "1"
      Content-Type:
      - application/octet-stream
      User-Agent:
      - azsdk-go-azblob/v0.4.1 azsdk-go-azcore/v0.23.0 (go1.18.1; Windows_NT)
      X-Ms-Blob-Type:
      - BlockBlob
      X-Ms-Date:
      - Tue, 10 May 2022 08:48:20 GMT
      X-Ms-Version:
      - "2020-10-02"
    url: https://azureblobstoragecanada.blob.core.windows.net/goccreateanddownloadblobspecialcharacterswithvid/abc2
    method: PUT
  response:
    body: ""
    headers:
      Content-Length:
      - "0"
      Content-Md5:
      - yB5yjZ1ML2NvBn+JzBSGLA==
      Date:
      - Tue, 10 May 2022 08:48:15 GMT
      Etag:
      - '"0x8DA3261D38A28D6"'
      Last-Modified:
      - Tue, 10 May 2022 08:48:16 GMT
      Server:
      - Windows-Azure-Blob/1.0 Microsoft-HTTPAPI/2.0
      X-Ms-Content-Crc64:
      - WSVFFpuwJqI=
      X-Ms-Request-Id:
      - 4090bbf6-f01e-0003-144a-646e1c000000
      X-Ms-Request-Server-Encrypted:
      - "true"
      X-Ms-Version:
      - "2020-10-02"
      X-Ms-Version-Id:
      - "2022-05-10T08:48:16.8610006Z"
    status: 201 Created
    code: 201
    duration: ""
- request:
    body: ""
    form: {}
    headers:
      Accept:
      - application/xml
      Authorization:
      - sanitized
      User-Agent:
      - azsdk-go-azblob/v0.4.1 azsdk-go-azcore/v0.23.0 (go1.18.1; Windows_NT)
      X-Ms-Date:
      - Tue, 10 May 2022 08:48:20 GMT
      X-Ms-Version:
      - "2020-10-02"
    url: https://azureblobstoragecanada.blob.core.windows.net/goccreateanddownloadblobspecialcharacterswithvid/abc2?versionid=2022-05-10T08%3A48%3A16.8610006Z
    method: GET
  response:
    body: "2"
    headers:
      Accept-Ranges:
      - bytes
      Content-Length:
      - "1"
      Content-Md5:
      - yB5yjZ1ML2NvBn+JzBSGLA==
      Content-Type:
      - application/octet-stream
      Date:
      - Tue, 10 May 2022 08:48:16 GMT
      Etag:
      - '"0x8DA3261D38A28D6"'
      Last-Modified:
      - Tue, 10 May 2022 08:48:16 GMT
      Server:
      - Windows-Azure-Blob/1.0 Microsoft-HTTPAPI/2.0
      X-Ms-Blob-Type:
      - BlockBlob
      X-Ms-Creation-Time:
      - Tue, 10 May 2022 08:48:16 GMT
      X-Ms-Is-Current-Version:
      - "true"
      X-Ms-Request-Id:
      - 4090bce6-f01e-0003-684a-646e1c000000
      X-Ms-Server-Encrypted:
      - "true"
      X-Ms-Version:
      - "2020-10-02"
      X-Ms-Version-Id:
      - "2022-05-10T08:48:16.8610006Z"
    status: 200 OK
    code: 200
    duration: ""
- request:
    body: "3"
    form: {}
    headers:
      Accept:
      - application/xml
      Authorization:
      - sanitized
      Content-Length:
      - "1"
      Content-Type:
      - application/octet-stream
      User-Agent:
      - azsdk-go-azblob/v0.4.1 azsdk-go-azcore/v0.23.0 (go1.18.1; Windows_NT)
      X-Ms-Blob-Type:
      - BlockBlob
      X-Ms-Date:
      - Tue, 10 May 2022 08:48:20 GMT
      X-Ms-Version:
      - "2020-10-02"
    url: https://azureblobstoragecanada.blob.core.windows.net/goccreateanddownloadblobspecialcharacterswithvid/abc3
    method: PUT
  response:
    body: ""
    headers:
      Content-Length:
      - "0"
      Content-Md5:
      - 7MvIfktc4v4oMI/Z8qe68w==
      Date:
      - Tue, 10 May 2022 08:48:16 GMT
      Etag:
      - '"0x8DA3261D3E2EA67"'
      Last-Modified:
      - Tue, 10 May 2022 08:48:17 GMT
      Server:
      - Windows-Azure-Blob/1.0 Microsoft-HTTPAPI/2.0
      X-Ms-Content-Crc64:
      - IKxwJlNASN0=
      X-Ms-Request-Id:
      - 4090be05-f01e-0003-704a-646e1c000000
      X-Ms-Request-Server-Encrypted:
      - "true"
      X-Ms-Version:
      - "2020-10-02"
      X-Ms-Version-Id:
      - "2022-05-10T08:48:17.4426727Z"
    status: 201 Created
    code: 201
    duration: ""
- request:
    body: ""
    form: {}
    headers:
      Accept:
      - application/xml
      Authorization:
      - sanitized
      User-Agent:
      - azsdk-go-azblob/v0.4.1 azsdk-go-azcore/v0.23.0 (go1.18.1; Windows_NT)
      X-Ms-Date:
      - Tue, 10 May 2022 08:48:21 GMT
      X-Ms-Version:
      - "2020-10-02"
    url: https://azureblobstoragecanada.blob.core.windows.net/goccreateanddownloadblobspecialcharacterswithvid/abc3?versionid=2022-05-10T08%3A48%3A17.4426727Z
    method: GET
  response:
    body: "3"
    headers:
      Accept-Ranges:
      - bytes
      Content-Length:
      - "1"
      Content-Md5:
      - 7MvIfktc4v4oMI/Z8qe68w==
      Content-Type:
      - application/octet-stream
      Date:
      - Tue, 10 May 2022 08:48:16 GMT
      Etag:
      - '"0x8DA3261D3E2EA67"'
      Last-Modified:
      - Tue, 10 May 2022 08:48:17 GMT
      Server:
      - Windows-Azure-Blob/1.0 Microsoft-HTTPAPI/2.0
      X-Ms-Blob-Type:
      - BlockBlob
      X-Ms-Creation-Time:
      - Tue, 10 May 2022 08:48:17 GMT
      X-Ms-Is-Current-Version:
      - "true"
      X-Ms-Request-Id:
      - 4090bed4-f01e-0003-264a-646e1c000000
      X-Ms-Server-Encrypted:
      - "true"
      X-Ms-Version:
      - "2020-10-02"
      X-Ms-Version-Id:
      - "2022-05-10T08:48:17.4426727Z"
    status: 200 OK
    code: 200
    duration: ""
- request:
    body: "4"
    form: {}
    headers:
      Accept:
      - application/xml
      Authorization:
      - sanitized
      Content-Length:
      - "1"
      Content-Type:
      - application/octet-stream
      User-Agent:
      - azsdk-go-azblob/v0.4.1 azsdk-go-azcore/v0.23.0 (go1.18.1; Windows_NT)
      X-Ms-Blob-Type:
      - BlockBlob
      X-Ms-Date:
      - Tue, 10 May 2022 08:48:21 GMT
      X-Ms-Version:
      - "2020-10-02"
    url: https://azureblobstoragecanada.blob.core.windows.net/goccreateanddownloadblobspecialcharacterswithvid/abc4
    method: PUT
  response:
    body: ""
    headers:
      Content-Length:
      - "0"
      Content-Md5:
      - qH/2eaLz5x2RgaZ7dUISLA==
      Date:
      - Tue, 10 May 2022 08:48:17 GMT
      Etag:
      - '"0x8DA3261D4328590"'
      Last-Modified:
      - Tue, 10 May 2022 08:48:17 GMT
      Server:
      - Windows-Azure-Blob/1.0 Microsoft-HTTPAPI/2.0
      X-Ms-Content-Crc64:
      - JIFv7ni0mZU=
      X-Ms-Request-Id:
      - 4090bfb0-f01e-0003-704a-646e1c000000
      X-Ms-Request-Server-Encrypted:
      - "true"
      X-Ms-Version:
      - "2020-10-02"
      X-Ms-Version-Id:
      - "2022-05-10T08:48:17.9643792Z"
    status: 201 Created
    code: 201
    duration: ""
- request:
    body: ""
    form: {}
    headers:
      Accept:
      - application/xml
      Authorization:
      - sanitized
      User-Agent:
      - azsdk-go-azblob/v0.4.1 azsdk-go-azcore/v0.23.0 (go1.18.1; Windows_NT)
      X-Ms-Date:
      - Tue, 10 May 2022 08:48:21 GMT
      X-Ms-Version:
      - "2020-10-02"
    url: https://azureblobstoragecanada.blob.core.windows.net/goccreateanddownloadblobspecialcharacterswithvid/abc4?versionid=2022-05-10T08%3A48%3A17.9643792Z
    method: GET
  response:
    body: "4"
    headers:
      Accept-Ranges:
      - bytes
      Content-Length:
      - "1"
      Content-Md5:
      - qH/2eaLz5x2RgaZ7dUISLA==
      Content-Type:
      - application/octet-stream
      Date:
      - Tue, 10 May 2022 08:48:17 GMT
      Etag:
      - '"0x8DA3261D4328590"'
      Last-Modified:
      - Tue, 10 May 2022 08:48:17 GMT
      Server:
      - Windows-Azure-Blob/1.0 Microsoft-HTTPAPI/2.0
      X-Ms-Blob-Type:
      - BlockBlob
      X-Ms-Creation-Time:
      - Tue, 10 May 2022 08:48:17 GMT
      X-Ms-Is-Current-Version:
      - "true"
      X-Ms-Request-Id:
      - 4090c060-f01e-0003-104a-646e1c000000
      X-Ms-Server-Encrypted:
      - "true"
      X-Ms-Version:
      - "2020-10-02"
      X-Ms-Version-Id:
      - "2022-05-10T08:48:17.9643792Z"
    status: 200 OK
    code: 200
    duration: ""
- request:
    body: "5"
    form: {}
    headers:
      Accept:
      - application/xml
      Authorization:
      - sanitized
      Content-Length:
      - "1"
      Content-Type:
      - application/octet-stream
      User-Agent:
      - azsdk-go-azblob/v0.4.1 azsdk-go-azcore/v0.23.0 (go1.18.1; Windows_NT)
      X-Ms-Blob-Type:
      - BlockBlob
      X-Ms-Date:
      - Tue, 10 May 2022 08:48:21 GMT
      X-Ms-Version:
      - "2020-10-02"
    url: https://azureblobstoragecanada.blob.core.windows.net/goccreateanddownloadblobspecialcharacterswithvid/abc5
    method: PUT
  response:
    body: ""
    headers:
      Content-Length:
      - "0"
      Content-Md5:
      - 5No7f7vOI0XXdysGdKMY1Q==
      Date:
      - Tue, 10 May 2022 08:48:17 GMT
      Etag:
      - '"0x8DA3261D47B6AEF"'
      Last-Modified:
      - Tue, 10 May 2022 08:48:18 GMT
      Server:
      - Windows-Azure-Blob/1.0 Microsoft-HTTPAPI/2.0
      X-Ms-Content-Crc64:
      - XQha3rBE9+o=
      X-Ms-Request-Id:
      - 4090c13b-f01e-0003-614a-646e1c000000
      X-Ms-Request-Server-Encrypted:
      - "true"
      X-Ms-Version:
      - "2020-10-02"
      X-Ms-Version-Id:
      - "2022-05-10T08:48:18.4431094Z"
    status: 201 Created
    code: 201
    duration: ""
- request:
    body: ""
    form: {}
    headers:
      Accept:
      - application/xml
      Authorization:
      - sanitized
      User-Agent:
      - azsdk-go-azblob/v0.4.1 azsdk-go-azcore/v0.23.0 (go1.18.1; Windows_NT)
      X-Ms-Date:
      - Tue, 10 May 2022 08:48:21 GMT
      X-Ms-Version:
      - "2020-10-02"
    url: https://azureblobstoragecanada.blob.core.windows.net/goccreateanddownloadblobspecialcharacterswithvid/abc5?versionid=2022-05-10T08%3A48%3A18.4431094Z
    method: GET
  response:
    body: "5"
    headers:
      Accept-Ranges:
      - bytes
      Content-Length:
      - "1"
      Content-Md5:
      - 5No7f7vOI0XXdysGdKMY1Q==
      Content-Type:
      - application/octet-stream
      Date:
      - Tue, 10 May 2022 08:48:17 GMT
      Etag:
      - '"0x8DA3261D47B6AEF"'
      Last-Modified:
      - Tue, 10 May 2022 08:48:18 GMT
      Server:
      - Windows-Azure-Blob/1.0 Microsoft-HTTPAPI/2.0
      X-Ms-Blob-Type:
      - BlockBlob
      X-Ms-Creation-Time:
      - Tue, 10 May 2022 08:48:18 GMT
      X-Ms-Is-Current-Version:
      - "true"
      X-Ms-Request-Id:
      - 4090c21f-f01e-0003-364a-646e1c000000
      X-Ms-Server-Encrypted:
      - "true"
      X-Ms-Version:
      - "2020-10-02"
      X-Ms-Version-Id:
      - "2022-05-10T08:48:18.4431094Z"
    status: 200 OK
    code: 200
    duration: ""
- request:
    body: "6"
    form: {}
    headers:
      Accept:
      - application/xml
      Authorization:
      - sanitized
      Content-Length:
      - "1"
      Content-Type:
      - application/octet-stream
      User-Agent:
      - azsdk-go-azblob/v0.4.1 azsdk-go-azcore/v0.23.0 (go1.18.1; Windows_NT)
      X-Ms-Blob-Type:
      - BlockBlob
      X-Ms-Date:
      - Tue, 10 May 2022 08:48:22 GMT
      X-Ms-Version:
      - "2020-10-02"
    url: https://azureblobstoragecanada.blob.core.windows.net/goccreateanddownloadblobspecialcharacterswithvid/abc6
    method: PUT
  response:
    body: ""
    headers:
      Content-Length:
      - "0"
      Content-Md5:
      - FnkJHFqID69vteYIfrGy3A==
      Date:
      - Tue, 10 May 2022 08:48:18 GMT
      Etag:
      - '"0x8DA3261D4CD4FB6"'
      Last-Modified:
      - Tue, 10 May 2022 08:48:18 GMT
      Server:
      - Windows-Azure-Blob/1.0 Microsoft-HTTPAPI/2.0
      X-Ms-Content-Crc64:
      - 1pMEjuhVRGs=
      X-Ms-Request-Id:
      - 4090c2f3-f01e-0003-7a4a-646e1c000000
      X-Ms-Request-Server-Encrypted:
      - "true"
      X-Ms-Version:
      - "2020-10-02"
      X-Ms-Version-Id:
      - "2022-05-10T08:48:18.9788086Z"
    status: 201 Created
    code: 201
    duration: ""
- request:
    body: ""
    form: {}
    headers:
      Accept:
      - application/xml
      Authorization:
      - sanitized
      User-Agent:
      - azsdk-go-azblob/v0.4.1 azsdk-go-azcore/v0.23.0 (go1.18.1; Windows_NT)
      X-Ms-Date:
      - Tue, 10 May 2022 08:48:22 GMT
      X-Ms-Version:
      - "2020-10-02"
    url: https://azureblobstoragecanada.blob.core.windows.net/goccreateanddownloadblobspecialcharacterswithvid/abc6?versionid=2022-05-10T08%3A48%3A18.9788086Z
    method: GET
  response:
    body: "6"
    headers:
      Accept-Ranges:
      - bytes
      Content-Length:
      - "1"
      Content-Md5:
      - FnkJHFqID69vteYIfrGy3A==
      Content-Type:
      - application/octet-stream
      Date:
      - Tue, 10 May 2022 08:48:18 GMT
      Etag:
      - '"0x8DA3261D4CD4FB6"'
      Last-Modified:
      - Tue, 10 May 2022 08:48:18 GMT
      Server:
      - Windows-Azure-Blob/1.0 Microsoft-HTTPAPI/2.0
      X-Ms-Blob-Type:
      - BlockBlob
      X-Ms-Creation-Time:
      - Tue, 10 May 2022 08:48:18 GMT
      X-Ms-Is-Current-Version:
      - "true"
      X-Ms-Request-Id:
      - 4090c3ed-f01e-0003-544a-646e1c000000
      X-Ms-Server-Encrypted:
      - "true"
      X-Ms-Version:
      - "2020-10-02"
      X-Ms-Version-Id:
      - "2022-05-10T08:48:18.9788086Z"
    status: 200 OK
    code: 200
    duration: ""
- request:
    body: "7"
    form: {}
    headers:
      Accept:
      - application/xml
      Authorization:
      - sanitized
      Content-Length:
      - "1"
      Content-Type:
      - application/octet-stream
      User-Agent:
      - azsdk-go-azblob/v0.4.1 azsdk-go-azcore/v0.23.0 (go1.18.1; Windows_NT)
      X-Ms-Blob-Type:
      - BlockBlob
      X-Ms-Date:
      - Tue, 10 May 2022 08:48:22 GMT
      X-Ms-Version:
      - "2020-10-02"
    url: https://azureblobstoragecanada.blob.core.windows.net/goccreateanddownloadblobspecialcharacterswithvid/abc7
    method: PUT
  response:
    body: ""
    headers:
      Content-Length:
      - "0"
      Content-Md5:
      - jxTkX87qFnpaNt7dS+olQw==
      Date:
      - Tue, 10 May 2022 08:48:18 GMT
      Etag:
      - '"0x8DA3261D520BAD6"'
      Last-Modified:
      - Tue, 10 May 2022 08:48:19 GMT
      Server:
      - Windows-Azure-Blob/1.0 Microsoft-HTTPAPI/2.0
      X-Ms-Content-Crc64:
      - rxoxviClKhQ=
      X-Ms-Request-Id:
      - 4090c4b5-f01e-0003-0b4a-646e1c000000
      X-Ms-Request-Server-Encrypted:
      - "true"
      X-Ms-Version:
      - "2020-10-02"
      X-Ms-Version-Id:
      - "2022-05-10T08:48:19.5254998Z"
    status: 201 Created
    code: 201
    duration: ""
- request:
    body: ""
    form: {}
    headers:
      Accept:
      - application/xml
      Authorization:
      - sanitized
      User-Agent:
      - azsdk-go-azblob/v0.4.1 azsdk-go-azcore/v0.23.0 (go1.18.1; Windows_NT)
      X-Ms-Date:
      - Tue, 10 May 2022 08:48:23 GMT
      X-Ms-Version:
      - "2020-10-02"
    url: https://azureblobstoragecanada.blob.core.windows.net/goccreateanddownloadblobspecialcharacterswithvid/abc7?versionid=2022-05-10T08%3A48%3A19.5254998Z
    method: GET
  response:
    body: "7"
    headers:
      Accept-Ranges:
      - bytes
      Content-Length:
      - "1"
      Content-Md5:
      - jxTkX87qFnpaNt7dS+olQw==
      Content-Type:
      - application/octet-stream
      Date:
      - Tue, 10 May 2022 08:48:18 GMT
      Etag:
      - '"0x8DA3261D520BAD6"'
      Last-Modified:
      - Tue, 10 May 2022 08:48:19 GMT
      Server:
      - Windows-Azure-Blob/1.0 Microsoft-HTTPAPI/2.0
      X-Ms-Blob-Type:
      - BlockBlob
      X-Ms-Creation-Time:
      - Tue, 10 May 2022 08:48:19 GMT
      X-Ms-Is-Current-Version:
      - "true"
      X-Ms-Request-Id:
      - 4090c5b9-f01e-0003-7e4a-646e1c000000
      X-Ms-Server-Encrypted:
      - "true"
      X-Ms-Version:
      - "2020-10-02"
      X-Ms-Version-Id:
      - "2022-05-10T08:48:19.5254998Z"
    status: 200 OK
    code: 200
    duration: ""
- request:
    body: "8"
    form: {}
    headers:
      Accept:
      - application/xml
      Authorization:
      - sanitized
      Content-Length:
      - "1"
      Content-Type:
      - application/octet-stream
      User-Agent:
      - azsdk-go-azblob/v0.4.1 azsdk-go-azcore/v0.23.0 (go1.18.1; Windows_NT)
      X-Ms-Blob-Type:
      - BlockBlob
      X-Ms-Date:
      - Tue, 10 May 2022 08:48:23 GMT
      X-Ms-Version:
      - "2020-10-02"
    url: https://azureblobstoragecanada.blob.core.windows.net/goccreateanddownloadblobspecialcharacterswithvid/abc8
    method: PUT
  response:
    body: ""
    headers:
      Content-Length:
      - "0"
      Content-Md5:
      - yfD4lfuYq5FZ9R/QKX4jbQ==
      Date:
      - Tue, 10 May 2022 08:48:19 GMT
      Etag:
      - '"0x8DA3261D5792E5B"'
      Last-Modified:
      - Tue, 10 May 2022 08:48:20 GMT
      Server:
      - Windows-Azure-Blob/1.0 Microsoft-HTTPAPI/2.0
      X-Ms-Content-Crc64:
      - 3sk6Hr+95/o=
      X-Ms-Request-Id:
      - 4090c6b6-f01e-0003-614a-646e1c000000
      X-Ms-Request-Server-Encrypted:
      - "true"
      X-Ms-Version:
      - "2020-10-02"
      X-Ms-Version-Id:
      - "2022-05-10T08:48:20.1051739Z"
    status: 201 Created
    code: 201
    duration: ""
- request:
    body: ""
    form: {}
    headers:
      Accept:
      - application/xml
      Authorization:
      - sanitized
      User-Agent:
      - azsdk-go-azblob/v0.4.1 azsdk-go-azcore/v0.23.0 (go1.18.1; Windows_NT)
      X-Ms-Date:
      - Tue, 10 May 2022 08:48:23 GMT
      X-Ms-Version:
      - "2020-10-02"
    url: https://azureblobstoragecanada.blob.core.windows.net/goccreateanddownloadblobspecialcharacterswithvid/abc8?versionid=2022-05-10T08%3A48%3A20.1051739Z
    method: GET
  response:
    body: "8"
    headers:
      Accept-Ranges:
      - bytes
      Content-Length:
      - "1"
      Content-Md5:
      - yfD4lfuYq5FZ9R/QKX4jbQ==
      Content-Type:
      - application/octet-stream
      Date:
      - Tue, 10 May 2022 08:48:19 GMT
      Etag:
      - '"0x8DA3261D5792E5B"'
      Last-Modified:
      - Tue, 10 May 2022 08:48:20 GMT
      Server:
      - Windows-Azure-Blob/1.0 Microsoft-HTTPAPI/2.0
      X-Ms-Blob-Type:
      - BlockBlob
      X-Ms-Creation-Time:
      - Tue, 10 May 2022 08:48:20 GMT
      X-Ms-Is-Current-Version:
      - "true"
      X-Ms-Request-Id:
      - 4090c7a9-f01e-0003-3f4a-646e1c000000
      X-Ms-Server-Encrypted:
      - "true"
      X-Ms-Version:
      - "2020-10-02"
      X-Ms-Version-Id:
      - "2022-05-10T08:48:20.1051739Z"
    status: 200 OK
    code: 200
    duration: ""
- request:
    body: "9"
    form: {}
    headers:
      Accept:
      - application/xml
      Authorization:
      - sanitized
      Content-Length:
      - "1"
      Content-Type:
      - application/octet-stream
      User-Agent:
      - azsdk-go-azblob/v0.4.1 azsdk-go-azcore/v0.23.0 (go1.18.1; Windows_NT)
      X-Ms-Blob-Type:
      - BlockBlob
      X-Ms-Date:
      - Tue, 10 May 2022 08:48:24 GMT
      X-Ms-Version:
      - "2020-10-02"
    url: https://azureblobstoragecanada.blob.core.windows.net/goccreateanddownloadblobspecialcharacterswithvid/abc9
    method: PUT
  response:
    body: ""
    headers:
      Content-Length:
      - "0"
      Content-Md5:
      - RcSMzi4tf73qGvxRx8atJg==
      Date:
      - Tue, 10 May 2022 08:48:19 GMT
      Etag:
      - '"0x8DA3261D5D6F84E"'
      Last-Modified:
      - Tue, 10 May 2022 08:48:20 GMT
      Server:
      - Windows-Azure-Blob/1.0 Microsoft-HTTPAPI/2.0
      X-Ms-Content-Crc64:
      - p0APLndNiYU=
      X-Ms-Request-Id:
      - 4090c8a0-f01e-0003-204a-646e1c000000
      X-Ms-Request-Server-Encrypted:
      - "true"
      X-Ms-Version:
      - "2020-10-02"
      X-Ms-Version-Id:
      - "2022-05-10T08:48:20.7198286Z"
    status: 201 Created
    code: 201
    duration: ""
- request:
    body: ""
    form: {}
    headers:
      Accept:
      - application/xml
      Authorization:
      - sanitized
      User-Agent:
      - azsdk-go-azblob/v0.4.1 azsdk-go-azcore/v0.23.0 (go1.18.1; Windows_NT)
      X-Ms-Date:
      - Tue, 10 May 2022 08:48:24 GMT
      X-Ms-Version:
      - "2020-10-02"
    url: https://azureblobstoragecanada.blob.core.windows.net/goccreateanddownloadblobspecialcharacterswithvid/abc9?versionid=2022-05-10T08%3A48%3A20.7198286Z
    method: GET
  response:
    body: "9"
    headers:
      Accept-Ranges:
      - bytes
      Content-Length:
      - "1"
      Content-Md5:
      - RcSMzi4tf73qGvxRx8atJg==
      Content-Type:
      - application/octet-stream
      Date:
      - Tue, 10 May 2022 08:48:20 GMT
      Etag:
      - '"0x8DA3261D5D6F84E"'
      Last-Modified:
      - Tue, 10 May 2022 08:48:20 GMT
      Server:
      - Windows-Azure-Blob/1.0 Microsoft-HTTPAPI/2.0
      X-Ms-Blob-Type:
      - BlockBlob
      X-Ms-Creation-Time:
      - Tue, 10 May 2022 08:48:20 GMT
      X-Ms-Is-Current-Version:
      - "true"
      X-Ms-Request-Id:
      - 4090c94f-f01e-0003-424a-646e1c000000
      X-Ms-Server-Encrypted:
      - "true"
      X-Ms-Version:
      - "2020-10-02"
      X-Ms-Version-Id:
      - "2022-05-10T08:48:20.7198286Z"
    status: 200 OK
    code: 200
    duration: ""
- request:
    body: ""
    form: {}
    headers:
      Accept:
      - application/xml
      Authorization:
      - sanitized
      User-Agent:
      - azsdk-go-azblob/v0.4.1 azsdk-go-azcore/v0.23.0 (go1.18.1; Windows_NT)
      X-Ms-Date:
      - Tue, 10 May 2022 08:48:24 GMT
      X-Ms-Version:
      - "2020-10-02"
    url: https://azureblobstoragecanada.blob.core.windows.net/goccreateanddownloadblobspecialcharacterswithvid?restype=container
    method: DELETE
  response:
    body: ""
    headers:
      Content-Length:
      - "0"
      Date:
      - Tue, 10 May 2022 08:48:20 GMT
      Server:
      - Windows-Azure-Blob/1.0 Microsoft-HTTPAPI/2.0
      X-Ms-Request-Id:
      - 4090ca43-f01e-0003-234a-646e1c000000
      X-Ms-Version:
      - "2020-10-02"
    status: 202 Accepted
    code: 202
    duration: ""
