---
version: 1
interactions:
  - request:
      body: ""
      form: { }
      headers:
        Accept:
          - application/xml
        Authorization:
          - sanitized
        User-Agent:
          - azsdk-go-generated/<version> azsdk-go-generated/<version> azcore/v0.16.2 (go1.15;
            Windows_NT)
        X-Ms-Date:
          - Wed, 11 Aug 2021 18:52:44 GMT
        X-Ms-Version:
          - "2020-02-10"
      url: https://azureblobstoragecanada.blob.core.windows.net/gocblobdownloaddataifmatchtrue?restype=container
      method: PUT
    response:
      body: ""
      headers:
        Content-Length:
          - "0"
        Date:
          - Wed, 11 Aug 2021 18:52:42 GMT
        Etag:
          - '"0x8D95CF93399B025"'
        Last-Modified:
          - Wed, 11 Aug 2021 18:52:43 GMT
        Server:
          - Windows-Azure-Blob/1.0 Microsoft-HTTPAPI/2.0
        X-Ms-Request-Id:
          - ce1c45e1-a01e-0000-39e2-8e36a1000000
        X-Ms-Version:
          - "2020-02-10"
      status: 201 Created
      code: 201
      duration: ""
  - request:
      body: GoBlockBlobData
      form: { }
      headers:
        Accept:
          - application/xml
        Authorization:
          - sanitized
        Content-Length:
          - "15"
        Content-Type:
          - application/octet-stream
        User-Agent:
          - azsdk-go-generated/<version> azsdk-go-generated/<version> azcore/v0.16.2 (go1.15;
            Windows_NT)
        X-Ms-Blob-Type:
          - BlockBlob
        X-Ms-Date:
          - Wed, 11 Aug 2021 18:52:44 GMT
        X-Ms-Version:
          - "2020-02-10"
      url: https://azureblobstoragecanada.blob.core.windows.net/gocblobdownloaddataifmatchtrue/gotestblobblobdownloaddataifmatchtrue
      method: PUT
    response:
      body: ""
      headers:
        Content-Length:
          - "0"
        Content-Md5:
          - ebncwguMQu9sgPmr0GazhA==
        Date:
          - Wed, 11 Aug 2021 18:52:42 GMT
        Etag:
          - '"0x8D95CF933BE9DF7"'
        Last-Modified:
          - Wed, 11 Aug 2021 18:52:43 GMT
        Server:
          - Windows-Azure-Blob/1.0 Microsoft-HTTPAPI/2.0
        X-Ms-Content-Crc64:
          - +JGsS7CR5kg=
        X-Ms-Request-Id:
          - ce1c4642-a01e-0000-7ce2-8e36a1000000
        X-Ms-Request-Server-Encrypted:
          - "true"
        X-Ms-Version:
          - "2020-02-10"
        X-Ms-Version-Id:
          - "2021-08-11T18:52:43.4378231Z"
      status: 201 Created
      code: 201
      duration: ""
  - request:
      body: ""
      form: { }
      headers:
        Accept:
          - application/xml
        Authorization:
          - sanitized
        User-Agent:
          - azsdk-go-generated/<version> azsdk-go-generated/<version> azcore/v0.16.2 (go1.15;
            Windows_NT)
        X-Ms-Date:
          - Wed, 11 Aug 2021 18:52:44 GMT
        X-Ms-Version:
          - "2020-02-10"
      url: https://azureblobstoragecanada.blob.core.windows.net/gocblobdownloaddataifmatchtrue/gotestblobblobdownloaddataifmatchtrue
      method: HEAD
    response:
      body: ""
      headers:
        Accept-Ranges:
          - bytes
        Content-Length:
          - "15"
        Content-Md5:
          - ebncwguMQu9sgPmr0GazhA==
        Content-Type:
          - application/octet-stream
        Date:
          - Wed, 11 Aug 2021 18:52:43 GMT
        Etag:
          - '"0x8D95CF933BE9DF7"'
        Last-Modified:
          - Wed, 11 Aug 2021 18:52:43 GMT
        Server:
          - Windows-Azure-Blob/1.0 Microsoft-HTTPAPI/2.0
        X-Ms-Access-Tier:
          - Hot
        X-Ms-Access-Tier-Inferred:
          - "true"
        X-Ms-Blob-Type:
          - BlockBlob
        X-Ms-Creation-Time:
          - Wed, 11 Aug 2021 18:52:43 GMT
        X-Ms-Is-Current-Version:
          - "true"
        X-Ms-Lease-State:
          - available
        X-Ms-Lease-Status:
          - unlocked
        X-Ms-Request-Id:
          - ce1c469c-a01e-0000-40e2-8e36a1000000
        X-Ms-Server-Encrypted:
          - "true"
        X-Ms-Version:
          - "2020-02-10"
        X-Ms-Version-Id:
          - "2021-08-11T18:52:43.4378231Z"
      status: 200 OK
      code: 200
      duration: ""
  - request:
      body: ""
      form: { }
      headers:
        Accept:
          - application/xml
        Authorization:
          - sanitized
        If-Match:
          - '"0x8D95CF933BE9DF7"'
        User-Agent:
          - azsdk-go-generated/<version> azsdk-go-generated/<version> azcore/v0.16.2 (go1.15;
            Windows_NT)
        X-Ms-Date:
          - Wed, 11 Aug 2021 18:52:44 GMT
        X-Ms-Version:
          - "2020-02-10"
      url: https://azureblobstoragecanada.blob.core.windows.net/gocblobdownloaddataifmatchtrue/gotestblobblobdownloaddataifmatchtrue
      method: GET
    response:
      body: GoBlockBlobData
      headers:
        Accept-Ranges:
          - bytes
        Content-Length:
          - "15"
        Content-Md5:
          - ebncwguMQu9sgPmr0GazhA==
        Content-Type:
          - application/octet-stream
        Date:
          - Wed, 11 Aug 2021 18:52:43 GMT
        Etag:
          - '"0x8D95CF933BE9DF7"'
        Last-Modified:
          - Wed, 11 Aug 2021 18:52:43 GMT
        Server:
          - Windows-Azure-Blob/1.0 Microsoft-HTTPAPI/2.0
        X-Ms-Blob-Type:
          - BlockBlob
        X-Ms-Creation-Time:
          - Wed, 11 Aug 2021 18:52:43 GMT
        X-Ms-Is-Current-Version:
          - "true"
        X-Ms-Lease-State:
          - available
        X-Ms-Lease-Status:
          - unlocked
        X-Ms-Request-Id:
          - ce1c4721-a01e-0000-2be2-8e36a1000000
        X-Ms-Server-Encrypted:
          - "true"
        X-Ms-Version:
          - "2020-02-10"
        X-Ms-Version-Id:
          - "2021-08-11T18:52:43.4378231Z"
      status: 200 OK
      code: 200
      duration: ""
  - request:
      body: ""
      form: { }
      headers:
        Accept:
          - application/xml
        Authorization:
          - sanitized
        User-Agent:
          - azsdk-go-generated/<version> azsdk-go-generated/<version> azcore/v0.16.2 (go1.15;
            Windows_NT)
        X-Ms-Date:
          - Wed, 11 Aug 2021 18:52:45 GMT
        X-Ms-Version:
          - "2020-02-10"
      url: https://azureblobstoragecanada.blob.core.windows.net/gocblobdownloaddataifmatchtrue?restype=container
      method: DELETE
    response:
      body: ""
      headers:
        Content-Length:
          - "0"
        Date:
          - Wed, 11 Aug 2021 18:52:43 GMT
        Server:
          - Windows-Azure-Blob/1.0 Microsoft-HTTPAPI/2.0
        X-Ms-Request-Id:
          - ce1c47b7-a01e-0000-2ae2-8e36a1000000
        X-Ms-Version:
          - "2020-02-10"
      status: 202 Accepted
      code: 202
      duration: ""
