---
version: 1
interactions:
- request:
    body: ""
    form: {}
    headers:
      Accept:
      - application/xml
      Authorization:
      - sanitized
      User-Agent:
      - azsdk-go-azblob/v0.1 azsdk-go-azblob/v0.1 azcore/v0.16.2 (go1.17; Windows_NT)
      X-Ms-Date:
      - Tue, 07 Sep 2021 17:24:56 GMT
      X-Ms-Version:
      - "2019-12-12"
    url: https://azureblobstoragecanada.blob.core.windows.net/gocblobstartcopysourceifmodifiedsincetrue?restype=container
    method: PUT
  response:
    body: ""
    headers:
      Content-Length:
      - "0"
      Date:
      - Tue, 07 Sep 2021 17:24:56 GMT
      Etag:
      - '"0x8D9722469E90A6F"'
      Last-Modified:
      - Tue, 07 Sep 2021 17:24:57 GMT
      Server:
      - Windows-Azure-Blob/1.0 Microsoft-HTTPAPI/2.0
      X-Ms-Request-Id:
      - 49097250-d01e-0040-1e0d-a41f4f000000
      X-Ms-Version:
      - "2019-12-12"
    status: 201 Created
    code: 201
    duration: ""
- request:
    body: GoBlockBlobData
    form: {}
    headers:
      Accept:
      - application/xml
      Authorization:
      - sanitized
      Content-Length:
      - "15"
      Content-Type:
      - application/octet-stream
      User-Agent:
      - azsdk-go-azblob/v0.1 azsdk-go-azblob/v0.1 azcore/v0.16.2 (go1.17; Windows_NT)
      X-Ms-Blob-Type:
      - BlockBlob
      X-Ms-Date:
      - Tue, 07 Sep 2021 17:24:57 GMT
      X-Ms-Version:
      - "2019-12-12"
    url: https://azureblobstoragecanada.blob.core.windows.net/gocblobstartcopysourceifmodifiedsincetrue/gotestblobblobstartcopysourceifmodifiedsincetrue
    method: PUT
  response:
    body: ""
    headers:
      Content-Length:
      - "0"
      Content-Md5:
      - ebncwguMQu9sgPmr0GazhA==
      Date:
      - Tue, 07 Sep 2021 17:24:56 GMT
      Etag:
      - '"0x8D972246A0DED9D"'
      Last-Modified:
      - Tue, 07 Sep 2021 17:24:57 GMT
      Server:
      - Windows-Azure-Blob/1.0 Microsoft-HTTPAPI/2.0
      X-Ms-Content-Crc64:
      - +JGsS7CR5kg=
      X-Ms-Request-Id:
      - 490972c3-d01e-0040-090d-a41f4f000000
      X-Ms-Request-Server-Encrypted:
      - "true"
      X-Ms-Version:
      - "2019-12-12"
      X-Ms-Version-Id:
      - "2021-09-07T17:24:57.3322653Z"
    status: 201 Created
    code: 201
    duration: ""
- request:
    body: ""
    form: {}
    headers:
      Accept:
      - application/xml
      Authorization:
      - sanitized
      User-Agent:
      - azsdk-go-azblob/v0.1 azsdk-go-azblob/v0.1 azcore/v0.16.2 (go1.17; Windows_NT)
      X-Ms-Copy-Source:
      - https://azureblobstoragecanada.blob.core.windows.net/gocblobstartcopysourceifmodifiedsincetrue/gotestblobblobstartcopysourceifmodifiedsincetrue
      X-Ms-Date:
      - Tue, 07 Sep 2021 17:24:57 GMT
      X-Ms-Source-If-Modified-Since:
      - Tue, 07 Sep 2021 17:24:46 GMT
      X-Ms-Version:
      - "2019-12-12"
    url: https://azureblobstoragecanada.blob.core.windows.net/gocblobstartcopysourceifmodifiedsincetrue/dstgotestblobblobstartcopysourceifmodifiedsincetrue
    method: PUT
  response:
    body: ""
    headers:
      Content-Length:
      - "0"
      Date:
      - Tue, 07 Sep 2021 17:24:57 GMT
      Etag:
      - '"0x8D972246A3330CF"'
      Last-Modified:
      - Tue, 07 Sep 2021 17:24:57 GMT
      Server:
      - Windows-Azure-Blob/1.0 Microsoft-HTTPAPI/2.0
      X-Ms-Copy-Id:
      - 2c29787f-34fb-4ba4-9571-832342b78db9
      X-Ms-Copy-Status:
      - success
      X-Ms-Request-Id:
      - 4909733e-d01e-0040-790d-a41f4f000000
      X-Ms-Version:
      - "2019-12-12"
      X-Ms-Version-Id:
      - "2021-09-07T17:24:57.5774695Z"
    status: 202 Accepted
    code: 202
    duration: ""
- request:
    body: ""
    form: {}
    headers:
      Accept:
      - application/xml
      Authorization:
      - sanitized
      User-Agent:
      - azsdk-go-azblob/v0.1 azsdk-go-azblob/v0.1 azcore/v0.16.2 (go1.17; Windows_NT)
      X-Ms-Date:
      - Tue, 07 Sep 2021 17:24:57 GMT
      X-Ms-Version:
      - "2019-12-12"
    url: https://azureblobstoragecanada.blob.core.windows.net/gocblobstartcopysourceifmodifiedsincetrue/dstgotestblobblobstartcopysourceifmodifiedsincetrue
    method: HEAD
  response:
    body: ""
    headers:
      Accept-Ranges:
      - bytes
      Content-Length:
      - "15"
      Content-Md5:
      - ebncwguMQu9sgPmr0GazhA==
      Content-Type:
      - application/octet-stream
      Date:
      - Tue, 07 Sep 2021 17:24:57 GMT
      Etag:
      - '"0x8D972246A3330CF"'
      Last-Modified:
      - Tue, 07 Sep 2021 17:24:57 GMT
      Server:
      - Windows-Azure-Blob/1.0 Microsoft-HTTPAPI/2.0
      X-Ms-Access-Tier:
      - Hot
      X-Ms-Access-Tier-Inferred:
      - "true"
      X-Ms-Blob-Type:
      - BlockBlob
      X-Ms-Copy-Completion-Time:
      - Tue, 07 Sep 2021 17:24:57 GMT
      X-Ms-Copy-Id:
      - 2c29787f-34fb-4ba4-9571-832342b78db9
      X-Ms-Copy-Progress:
      - 15/15
      X-Ms-Copy-Source:
      - https://azureblobstoragecanada.blob.core.windows.net/gocblobstartcopysourceifmodifiedsincetrue/gotestblobblobstartcopysourceifmodifiedsincetrue
      X-Ms-Copy-Status:
      - success
      X-Ms-Creation-Time:
      - Tue, 07 Sep 2021 17:24:57 GMT
      X-Ms-Is-Current-Version:
      - "true"
      X-Ms-Lease-State:
      - available
      X-Ms-Lease-Status:
      - unlocked
      X-Ms-Request-Id:
      - 4909739f-d01e-0040-4b0d-a41f4f000000
      X-Ms-Server-Encrypted:
      - "true"
      X-Ms-Version:
      - "2019-12-12"
      X-Ms-Version-Id:
      - "2021-09-07T17:24:57.5774695Z"
    status: 200 OK
    code: 200
    duration: ""
- request:
    body: ""
    form: {}
    headers:
      Accept:
      - application/xml
      Authorization:
      - sanitized
      User-Agent:
      - azsdk-go-azblob/v0.1 azsdk-go-azblob/v0.1 azcore/v0.16.2 (go1.17; Windows_NT)
      X-Ms-Date:
      - Tue, 07 Sep 2021 17:24:57 GMT
      X-Ms-Version:
      - "2019-12-12"
    url: https://azureblobstoragecanada.blob.core.windows.net/gocblobstartcopysourceifmodifiedsincetrue?restype=container
    method: DELETE
  response:
    body: ""
    headers:
      Content-Length:
      - "0"
      Date:
      - Tue, 07 Sep 2021 17:24:57 GMT
      Server:
      - Windows-Azure-Blob/1.0 Microsoft-HTTPAPI/2.0
      X-Ms-Request-Id:
      - 4909740d-d01e-0040-320d-a41f4f000000
      X-Ms-Version:
      - "2019-12-12"
    status: 202 Accepted
    code: 202
    duration: ""
