---
version: 1
interactions:
- request:
    body: ""
    form: {}
    headers:
      Accept:
      - application/xml
      Authorization:
      - sanitized
      User-Agent:
      - azsdk-go-generated/<version> azsdk-go-generated/<version> azcore/v0.16.2 (go1.15;
        Windows_NT)
      X-Ms-Date:
      - Wed, 11 Aug 2021 10:05:53 GMT
      X-Ms-Version:
      - "2020-02-10"
    url: https://azureblobstoragecanada.blob.core.windows.net/gocblobputblocklisthttpheadersempty?restype=container
    method: PUT
  response:
    body: ""
    headers:
      Content-Length:
      - "0"
      Date:
      - Wed, 11 Aug 2021 10:05:52 GMT
      Etag:
      - '"0x8D95CAF9A7899E2"'
      Last-Modified:
      - Wed, 11 Aug 2021 10:05:53 GMT
      Server:
      - Windows-Azure-Blob/1.0 Microsoft-HTTPAPI/2.0
      X-Ms-Request-Id:
      - 5a0d188b-d01e-000f-2898-8edb57000000
      X-Ms-Version:
      - "2020-02-10"
    status: 201 Created
    code: 201
    duration: ""
- request:
    body: GoBlockBlobData
    form: {}
    headers:
      Accept:
      - application/xml
      Authorization:
      - sanitized
      Content-Length:
      - "15"
      Content-Type:
      - application/octet-stream
      User-Agent:
      - azsdk-go-generated/<version> azsdk-go-generated/<version> azcore/v0.16.2 (go1.15;
        Windows_NT)
      X-Ms-Date:
      - Wed, 11 Aug 2021 10:05:53 GMT
      X-Ms-Version:
      - "2020-02-10"
    url: https://azureblobstoragecanada.blob.core.windows.net/gocblobputblocklisthttpheadersempty/gotestblobblobputblocklisthttpheadersempty?blockid=AAAAAA%3D%3D&comp=block
    method: PUT
  response:
    body: ""
    headers:
      Content-Length:
      - "0"
      Date:
      - Wed, 11 Aug 2021 10:05:53 GMT
      Server:
      - Windows-Azure-Blob/1.0 Microsoft-HTTPAPI/2.0
      X-Ms-Content-Crc64:
      - +JGsS7CR5kg=
      X-Ms-Request-Id:
      - 5a0d1924-d01e-000f-2098-8edb57000000
      X-Ms-Request-Server-Encrypted:
      - "true"
      X-Ms-Version:
      - "2020-02-10"
    status: 201 Created
    code: 201
    duration: ""
- request:
    body: <BlockList><Latest>AAAAAA==</Latest></BlockList>
    form: {}
    headers:
      Accept:
      - application/xml
      Authorization:
      - sanitized
      Content-Length:
      - "48"
      Content-Type:
      - application/xml
      User-Agent:
      - azsdk-go-generated/<version> azsdk-go-generated/<version> azcore/v0.16.2 (go1.15;
        Windows_NT)
      X-Ms-Blob-Content-Disposition:
      - my_disposition
      X-Ms-Date:
      - Wed, 11 Aug 2021 10:05:54 GMT
      X-Ms-Version:
      - "2020-02-10"
    url: https://azureblobstoragecanada.blob.core.windows.net/gocblobputblocklisthttpheadersempty/gotestblobblobputblocklisthttpheadersempty?comp=blocklist
    method: PUT
  response:
    body: ""
    headers:
      Content-Length:
      - "0"
      Date:
      - Wed, 11 Aug 2021 10:05:53 GMT
      Etag:
      - '"0x8D95CAF9AC2B1DD"'
      Last-Modified:
      - Wed, 11 Aug 2021 10:05:53 GMT
      Server:
      - Windows-Azure-Blob/1.0 Microsoft-HTTPAPI/2.0
      X-Ms-Content-Crc64:
      - Jl2XwpS4W0o=
      X-Ms-Request-Id:
      - 5a0d1991-d01e-000f-0298-8edb57000000
      X-Ms-Request-Server-Encrypted:
      - "true"
      X-Ms-Version:
      - "2020-02-10"
      X-Ms-Version-Id:
      - "2021-08-11T10:05:53.5118813Z"
    status: 201 Created
    code: 201
    duration: ""
- request:
    body: <BlockList><Latest>AAAAAA==</Latest></BlockList>
    form: {}
    headers:
      Accept:
      - application/xml
      Authorization:
      - sanitized
      Content-Length:
      - "48"
      Content-Type:
      - application/xml
      User-Agent:
      - azsdk-go-generated/<version> azsdk-go-generated/<version> azcore/v0.16.2 (go1.15;
        Windows_NT)
      X-Ms-Date:
      - Wed, 11 Aug 2021 10:05:54 GMT
      X-Ms-Version:
      - "2020-02-10"
    url: https://azureblobstoragecanada.blob.core.windows.net/gocblobputblocklisthttpheadersempty/gotestblobblobputblocklisthttpheadersempty?comp=blocklist
    method: PUT
  response:
    body: ""
    headers:
      Content-Length:
      - "0"
      Date:
      - Wed, 11 Aug 2021 10:05:53 GMT
      Etag:
      - '"0x8D95CAF9AE7A6D2"'
      Last-Modified:
      - Wed, 11 Aug 2021 10:05:53 GMT
      Server:
      - Windows-Azure-Blob/1.0 Microsoft-HTTPAPI/2.0
      X-Ms-Content-Crc64:
      - Jl2XwpS4W0o=
      X-Ms-Request-Id:
      - 5a0d1a11-d01e-000f-7298-8edb57000000
      X-Ms-Request-Server-Encrypted:
      - "true"
      X-Ms-Version:
      - "2020-02-10"
      X-Ms-Version-Id:
      - "2021-08-11T10:05:53.7550818Z"
    status: 201 Created
    code: 201
    duration: ""
- request:
    body: ""
    form: {}
    headers:
      Accept:
      - application/xml
      Authorization:
      - sanitized
      User-Agent:
      - azsdk-go-generated/<version> azsdk-go-generated/<version> azcore/v0.16.2 (go1.15;
        Windows_NT)
      X-Ms-Date:
      - Wed, 11 Aug 2021 10:05:54 GMT
      X-Ms-Version:
      - "2020-02-10"
    url: https://azureblobstoragecanada.blob.core.windows.net/gocblobputblocklisthttpheadersempty/gotestblobblobputblocklisthttpheadersempty
    method: HEAD
  response:
    body: ""
    headers:
      Accept-Ranges:
      - bytes
      Content-Length:
      - "15"
      Content-Type:
      - application/octet-stream
      Date:
      - Wed, 11 Aug 2021 10:05:53 GMT
      Etag:
      - '"0x8D95CAF9AE7A6D2"'
      Last-Modified:
      - Wed, 11 Aug 2021 10:05:53 GMT
      Server:
      - Windows-Azure-Blob/1.0 Microsoft-HTTPAPI/2.0
      X-Ms-Access-Tier:
      - Hot
      X-Ms-Access-Tier-Inferred:
      - "true"
      X-Ms-Blob-Type:
      - BlockBlob
      X-Ms-Creation-Time:
      - Wed, 11 Aug 2021 10:05:53 GMT
      X-Ms-Is-Current-Version:
      - "true"
      X-Ms-Lease-State:
      - available
      X-Ms-Lease-Status:
      - unlocked
      X-Ms-Request-Id:
      - 5a0d1a99-d01e-000f-6898-8edb57000000
      X-Ms-Server-Encrypted:
      - "true"
      X-Ms-Version:
      - "2020-02-10"
      X-Ms-Version-Id:
      - "2021-08-11T10:05:53.7550818Z"
    status: 200 OK
    code: 200
    duration: ""
- request:
    body: ""
    form: {}
    headers:
      Accept:
      - application/xml
      Authorization:
      - sanitized
      User-Agent:
      - azsdk-go-generated/<version> azsdk-go-generated/<version> azcore/v0.16.2 (go1.15;
        Windows_NT)
      X-Ms-Date:
      - Wed, 11 Aug 2021 10:05:54 GMT
      X-Ms-Version:
      - "2020-02-10"
    url: https://azureblobstoragecanada.blob.core.windows.net/gocblobputblocklisthttpheadersempty?restype=container
    method: DELETE
  response:
    body: ""
    headers:
      Content-Length:
      - "0"
      Date:
      - Wed, 11 Aug 2021 10:05:54 GMT
      Server:
      - Windows-Azure-Blob/1.0 Microsoft-HTTPAPI/2.0
      X-Ms-Request-Id:
      - 5a0d1b11-d01e-000f-5398-8edb57000000
      X-Ms-Version:
      - "2020-02-10"
    status: 202 Accepted
    code: 202
    duration: ""
