---
version: 1
interactions:
- request:
    body: ""
    form: {}
    headers:
      Accept:
      - application/xml
      Authorization:
      - sanitized
      User-Agent:
      - azsdk-go-generated/<version> azsdk-go-generated/<version> azcore/v0.16.2 (go1.15;
        Windows_NT)
      X-Ms-Date:
      - Mon, 21 Jun 2021 11:15:54 GMT
      X-Ms-Version:
      - "2019-12-12"
    url: https://azureblobstoragecanada.blob.core.windows.net/gocblobdownloaddatacontentmd5?restype=container
    method: PUT
  response:
    body: ""
    headers:
      Content-Length:
      - "0"
      Date:
      - Mon, 21 Jun 2021 11:15:53 GMT
      Etag:
      - '"0x8D934A5EFB2CCA3"'
      Last-Modified:
      - Mon, 21 Jun 2021 11:15:54 GMT
      Server:
      - Windows-Azure-Blob/1.0 Microsoft-HTTPAPI/2.0
      X-Ms-Request-Id:
      - 1f76d90a-001e-0006-588e-66c1d9000000
      X-Ms-Version:
      - "2019-12-12"
    status: 201 Created
    code: 201
    duration: ""
- request:
    body: GoBlockBlobData
    form: {}
    headers:
      Accept:
      - application/xml
      Authorization:
      - sanitized
      Content-Length:
      - "15"
      Content-Type:
      - application/octet-stream
      User-Agent:
      - azsdk-go-generated/<version> azsdk-go-generated/<version> azcore/v0.16.2 (go1.15;
        Windows_NT)
      X-Ms-Blob-Type:
      - BlockBlob
      X-Ms-Date:
      - Mon, 21 Jun 2021 11:15:54 GMT
      X-Ms-Version:
      - "2019-12-12"
    url: https://azureblobstoragecanada.blob.core.windows.net/gocblobdownloaddatacontentmd5/gotestblobblobdownloaddatacontentmd5
    method: PUT
  response:
    body: ""
    headers:
      Content-Length:
      - "0"
      Content-Md5:
      - ebncwguMQu9sgPmr0GazhA==
      Date:
      - Mon, 21 Jun 2021 11:15:54 GMT
      Etag:
      - '"0x8D934A5EFD7F1C5"'
      Last-Modified:
      - Mon, 21 Jun 2021 11:15:54 GMT
      Server:
      - Windows-Azure-Blob/1.0 Microsoft-HTTPAPI/2.0
      X-Ms-Content-Crc64:
      - +JGsS7CR5kg=
      X-Ms-Request-Id:
      - 1f76d97e-001e-0006-3e8e-66c1d9000000
      X-Ms-Request-Server-Encrypted:
      - "true"
      X-Ms-Version:
      - "2019-12-12"
      X-Ms-Version-Id:
      - "2021-06-21T11:15:54.7790789Z"
    status: 201 Created
    code: 201
    duration: ""
- request:
    body: ""
    form: {}
    headers:
      Accept:
      - application/xml
      Authorization:
      - sanitized
      User-Agent:
      - azsdk-go-generated/<version> azsdk-go-generated/<version> azcore/v0.16.2 (go1.15;
        Windows_NT)
      X-Ms-Date:
      - Mon, 21 Jun 2021 11:15:55 GMT
      X-Ms-Range:
      - bytes=10-12
      X-Ms-Range-Get-Content-Md5:
      - "true"
      X-Ms-Version:
      - "2019-12-12"
    url: https://azureblobstoragecanada.blob.core.windows.net/gocblobdownloaddatacontentmd5/gotestblobblobdownloaddatacontentmd5
    method: GET
  response:
    body: bDa
    headers:
      Accept-Ranges:
      - bytes
      Content-Length:
      - "3"
      Content-Md5:
      - W4uU3W3MZ+Vr8U1qR8S0YQ==
      Content-Range:
      - bytes 10-12/15
      Content-Type:
      - application/octet-stream
      Date:
      - Mon, 21 Jun 2021 11:15:54 GMT
      Etag:
      - '"0x8D934A5EFD7F1C5"'
      Last-Modified:
      - Mon, 21 Jun 2021 11:15:54 GMT
      Server:
      - Windows-Azure-Blob/1.0 Microsoft-HTTPAPI/2.0
      X-Ms-Blob-Content-Md5:
      - ebncwguMQu9sgPmr0GazhA==
      X-Ms-Blob-Type:
      - BlockBlob
      X-Ms-Creation-Time:
      - Mon, 21 Jun 2021 11:15:54 GMT
      X-Ms-Is-Current-Version:
      - "true"
      X-Ms-Lease-State:
      - available
      X-Ms-Lease-Status:
      - unlocked
      X-Ms-Request-Id:
      - 1f76da11-001e-0006-408e-66c1d9000000
      X-Ms-Server-Encrypted:
      - "true"
      X-Ms-Version:
      - "2019-12-12"
      X-Ms-Version-Id:
      - "2021-06-21T11:15:54.7790789Z"
    status: 206 Partial Content
    code: 206
    duration: ""
- request:
    body: ""
    form: {}
    headers:
      Accept:
      - application/xml
      Authorization:
      - sanitized
      User-Agent:
      - azsdk-go-generated/<version> azsdk-go-generated/<version> azcore/v0.16.2 (go1.15;
        Windows_NT)
      X-Ms-Date:
      - Mon, 21 Jun 2021 11:15:55 GMT
      X-Ms-Version:
      - "2019-12-12"
    url: https://azureblobstoragecanada.blob.core.windows.net/gocblobdownloaddatacontentmd5?restype=container
    method: DELETE
  response:
    body: ""
    headers:
      Content-Length:
      - "0"
      Date:
      - Mon, 21 Jun 2021 11:15:54 GMT
      Server:
      - Windows-Azure-Blob/1.0 Microsoft-HTTPAPI/2.0
      X-Ms-Request-Id:
      - 1f76da9c-001e-0006-3a8e-66c1d9000000
      X-Ms-Version:
      - "2019-12-12"
    status: 202 Accepted
    code: 202
    duration: ""
