---
version: 1
interactions:
- request:
    body: ""
    form: {}
    headers:
      Accept:
      - application/xml
      Authorization:
      - sanitized
      User-Agent:
      - azsdk-go-azblob/v0.5.0 (go1.18.3; Windows_NT)
      X-Ms-Date:
      - Tue, 09 Aug 2022 06:56:48 GMT
      x-ms-version:
      - "2020-10-02"
    url: https://azureblobstoragecanada.blob.core.windows.net/gocgetsetblobmetadatawithcpkscope01?restype=container
    method: PUT
  response:
    body: ""
    headers:
      Content-Length:
      - "0"
      Date:
      - Tue, 09 Aug 2022 06:56:45 GMT
      Etag:
      - '"0x8DA79D453316845"'
      Last-Modified:
      - Tue, 09 Aug 2022 06:56:46 GMT
      Server:
      - Windows-Azure-Blob/1.0 Microsoft-HTTPAPI/2.0
      X-Ms-Request-Id:
      - a544e00b-c01e-0055-3fbd-ab9ff3000000
      X-Ms-Version:
      - "2020-10-02"
    status: 201 Created
    code: 201
    duration: ""
- request:
    body: GoBlockBlobData
    form: {}
    headers:
      Accept:
      - application/xml
      Authorization:
      - sanitized
      Content-Length:
      - "15"
      Content-Type:
      - application/octet-stream
      User-Agent:
      - azsdk-go-azblob/v0.5.0 (go1.18.3; Windows_NT)
      X-Ms-Date:
      - Tue, 09 Aug 2022 06:56:48 GMT
      x-ms-blob-type:
      - BlockBlob
      x-ms-encryption-scope:
      - blobgokeytestscope
      x-ms-version:
      - "2020-10-02"
    url: https://azureblobstoragecanada.blob.core.windows.net/gocgetsetblobmetadatawithcpkscope01/gotestblobgetsetblobmetadatawithcpkscope
    method: PUT
  response:
    body: ""
    headers:
      Content-Length:
      - "0"
      Content-Md5:
      - ebncwguMQu9sgPmr0GazhA==
      Date:
      - Tue, 09 Aug 2022 06:56:46 GMT
      Etag:
      - '"0x8DA79D453580F6C"'
      Last-Modified:
      - Tue, 09 Aug 2022 06:56:46 GMT
      Server:
      - Windows-Azure-Blob/1.0 Microsoft-HTTPAPI/2.0
      X-Ms-Content-Crc64:
      - +JGsS7CR5kg=
      X-Ms-Encryption-Scope:
      - blobgokeytestscope
      X-Ms-Request-Id:
      - a544e181-c01e-0055-25bd-ab9ff3000000
      X-Ms-Request-Server-Encrypted:
      - "true"
      X-Ms-Version:
      - "2020-10-02"
      X-Ms-Version-Id:
      - "2022-08-09T06:56:46.4654188Z"
    status: 201 Created
    code: 201
    duration: ""
- request:
    body: ""
    form: {}
    headers:
      Accept:
      - application/xml
      Authorization:
      - sanitized
      User-Agent:
      - azsdk-go-azblob/v0.5.0 (go1.18.3; Windows_NT)
      X-Ms-Date:
      - Tue, 09 Aug 2022 06:56:48 GMT
      x-ms-meta-Foo:
      - bar
      x-ms-version:
      - "2020-10-02"
    url: https://azureblobstoragecanada.blob.core.windows.net/gocgetsetblobmetadatawithcpkscope01/gotestblobgetsetblobmetadatawithcpkscope?comp=metadata
    method: PUT
  response:
    body: "\uFEFF\x3C\x3F\x78\x6D\x6C\x20\x76\x65\x72\x73\x69\x6F\x6E\x3D\"\x31\x2E\x30\"\x20\x65\x6E\x63\x6F\x64\x69\x6E\x67\x3D\"\x75\x74\x66\x2D\x38\"\x3F\x3E\x3C\x45\x72\x72\x6F\x72\x3E\x3C\x43\x6F\x64\x65\x3E\x42\x6C\x6F\x62\x55\x73\x65\x73\x43\x75\x73\x74\x6F\x6D\x65\x72\x53\x70\x65\x63\x69\x66\x69\x65\x64\x45\x6E\x63\x72\x79\x70\x74\x69\x6F\x6E\x3C\x2F\x43\x6F\x64\x65\x3E\x3C\x4D\x65\x73\x73\x61\x67\x65\x3E\x54\x68\x65\x20\x62\x6C\x6F\x62\x20\x69\x73\x20\x65\x6E\x63\x72\x79\x70\x74\x65\x64\x20\x77\x69\x74\x68\x20\x63\x75\x73\x74\x6F\x6D\x65\x72\x20\x73\x70\x65\x63\x69\x66\x69\x65\x64\x20\x65\x6E\x63\x72\x79\x70\x74\x69\x6F\x6E\x2C\x20\x62\x75\x74\x20\x69\x74\x20\x77\x61\x73\x20\x6E\x6F\x74\x20\x70\x72\x6F\x76\x69\x64\x65\x64\x20\x69\x6E\x20\x74\x68\x65\x20\x72\x65\x71\x75\x65\x73\x74\x2E\n\x52\x65\x71\x75\x65\x73\x74\x49\x64\x3A\x61\x35\x34\x34\x65\x33\x33\x30\x2D\x63\x30\x31\x65\x2D\x30\x30\x35\x35\x2D\x33\x34\x62\x64\x2D\x61\x62\x39\x66\x66\x33\x30\x30\x30\x30\x30\x30\n\x54\x69\x6D\x65\x3A\x32\x30\x32\x32\x2D\x30\x38\x2D\x30\x39\x54\x30\x36\x3A\x35\x36\x3A\x34\x36\x2E\x37\x31\x39\x38\x30\x36\x33\x5A\x3C\x2F\x4D\x65\x73\x73\x61\x67\x65\x3E\x3C\x2F\x45\x72\x72\x6F\x72\x3E"
    headers:
      Content-Length:
      - "301"
      Content-Type:
      - application/xml
      Date:
      - Tue, 09 Aug 2022 06:56:46 GMT
      Server:
      - Windows-Azure-Blob/1.0 Microsoft-HTTPAPI/2.0
      X-Ms-Error-Code:
      - BlobUsesCustomerSpecifiedEncryption
      X-Ms-Request-Id:
      - a544e330-c01e-0055-34bd-ab9ff3000000
      X-Ms-Version:
      - "2020-10-02"
    status: 409 The blob is encrypted with customer specified encryption, but it was
      not provided in the request.
    code: 409
    duration: ""
- request:
    body: ""
    form: {}
    headers:
      Accept:
      - application/xml
      Authorization:
      - sanitized
      User-Agent:
      - azsdk-go-azblob/v0.5.0 (go1.18.3; Windows_NT)
      X-Ms-Date:
      - Tue, 09 Aug 2022 06:56:49 GMT
      x-ms-encryption-scope:
      - blobgokeytestscope
      x-ms-meta-Foo:
      - bar
      x-ms-version:
      - "2020-10-02"
    url: https://azureblobstoragecanada.blob.core.windows.net/gocgetsetblobmetadatawithcpkscope01/gotestblobgetsetblobmetadatawithcpkscope?comp=metadata
    method: PUT
  response:
    body: ""
    headers:
      Content-Length:
      - "0"
      Date:
      - Tue, 09 Aug 2022 06:56:46 GMT
      Etag:
      - '"0x8DA79D453A47697"'
      Last-Modified:
      - Tue, 09 Aug 2022 06:56:46 GMT
      Server:
      - Windows-Azure-Blob/1.0 Microsoft-HTTPAPI/2.0
      X-Ms-Encryption-Scope:
      - blobgokeytestscope
      X-Ms-Request-Id:
      - a544e504-c01e-0055-6abd-ab9ff3000000
      X-Ms-Request-Server-Encrypted:
      - "true"
      X-Ms-Version:
      - "2020-10-02"
      X-Ms-Version-Id:
      - "2022-08-09T06:56:46.9681332Z"
    status: 200 OK
    code: 200
    duration: ""
- request:
    body: ""
    form: {}
    headers:
      Accept:
      - application/xml
      Authorization:
      - sanitized
      User-Agent:
      - azsdk-go-azblob/v0.5.0 (go1.18.3; Windows_NT)
      X-Ms-Date:
      - Tue, 09 Aug 2022 06:56:49 GMT
      x-ms-version:
      - "2020-10-02"
    url: https://azureblobstoragecanada.blob.core.windows.net/gocgetsetblobmetadatawithcpkscope01/gotestblobgetsetblobmetadatawithcpkscope
    method: HEAD
  response:
    body: ""
    headers:
      Accept-Ranges:
      - bytes
      Content-Length:
      - "15"
      Content-Md5:
      - ebncwguMQu9sgPmr0GazhA==
      Content-Type:
      - application/octet-stream
      Date:
      - Tue, 09 Aug 2022 06:56:46 GMT
      Etag:
      - '"0x8DA79D453A47697"'
      Last-Modified:
      - Tue, 09 Aug 2022 06:56:46 GMT
      Server:
      - Windows-Azure-Blob/1.0 Microsoft-HTTPAPI/2.0
      X-Ms-Access-Tier:
      - Hot
      X-Ms-Access-Tier-Inferred:
      - "true"
      X-Ms-Blob-Type:
      - BlockBlob
      X-Ms-Creation-Time:
      - Tue, 09 Aug 2022 06:56:46 GMT
      X-Ms-Encryption-Scope:
      - blobgokeytestscope
      X-Ms-Is-Current-Version:
      - "true"
      X-Ms-Lease-State:
      - available
      X-Ms-Lease-Status:
      - unlocked
      X-Ms-Meta-Foo:
      - bar
      X-Ms-Request-Id:
      - a544e6ec-c01e-0055-23bd-ab9ff3000000
      X-Ms-Server-Encrypted:
      - "true"
      X-Ms-Version:
      - "2020-10-02"
      X-Ms-Version-Id:
      - "2022-08-09T06:56:46.9681332Z"
    status: 200 OK
    code: 200
    duration: ""
- request:
    body: ""
    form: {}
    headers:
      Accept:
      - application/xml
      Authorization:
      - sanitized
      User-Agent:
      - azsdk-go-azblob/v0.5.0 (go1.18.3; Windows_NT)
      X-Ms-Date:
      - Tue, 09 Aug 2022 06:56:49 GMT
      x-ms-encryption-scope:
      - blobgokeytestscope
      x-ms-version:
      - "2020-10-02"
    url: https://azureblobstoragecanada.blob.core.windows.net/gocgetsetblobmetadatawithcpkscope01/gotestblobgetsetblobmetadatawithcpkscope?comp=metadata
    method: PUT
  response:
    body: ""
    headers:
      Content-Length:
      - "0"
      Date:
      - Tue, 09 Aug 2022 06:56:47 GMT
      Etag:
      - '"0x8DA79D453F104F1"'
      Last-Modified:
      - Tue, 09 Aug 2022 06:56:47 GMT
      Server:
      - Windows-Azure-Blob/1.0 Microsoft-HTTPAPI/2.0
      X-Ms-Encryption-Scope:
      - blobgokeytestscope
      X-Ms-Request-Id:
      - a544e8cd-c01e-0055-67bd-ab9ff3000000
      X-Ms-Request-Server-Encrypted:
      - "true"
      X-Ms-Version:
      - "2020-10-02"
      X-Ms-Version-Id:
      - "2022-08-09T06:56:47.4688513Z"
    status: 200 OK
    code: 200
    duration: ""
- request:
    body: ""
    form: {}
    headers:
      Accept:
      - application/xml
      Authorization:
      - sanitized
      User-Agent:
      - azsdk-go-azblob/v0.5.0 (go1.18.3; Windows_NT)
      X-Ms-Date:
      - Tue, 09 Aug 2022 06:56:49 GMT
      x-ms-version:
      - "2020-10-02"
    url: https://azureblobstoragecanada.blob.core.windows.net/gocgetsetblobmetadatawithcpkscope01/gotestblobgetsetblobmetadatawithcpkscope
    method: HEAD
  response:
    body: ""
    headers:
      Accept-Ranges:
      - bytes
      Content-Length:
      - "15"
      Content-Md5:
      - ebncwguMQu9sgPmr0GazhA==
      Content-Type:
      - application/octet-stream
      Date:
      - Tue, 09 Aug 2022 06:56:47 GMT
      Etag:
      - '"0x8DA79D453F104F1"'
      Last-Modified:
      - Tue, 09 Aug 2022 06:56:47 GMT
      Server:
      - Windows-Azure-Blob/1.0 Microsoft-HTTPAPI/2.0
      X-Ms-Access-Tier:
      - Hot
      X-Ms-Access-Tier-Inferred:
      - "true"
      X-Ms-Blob-Type:
      - BlockBlob
      X-Ms-Creation-Time:
      - Tue, 09 Aug 2022 06:56:46 GMT
      X-Ms-Encryption-Scope:
      - blobgokeytestscope
      X-Ms-Is-Current-Version:
      - "true"
      X-Ms-Lease-State:
      - available
      X-Ms-Lease-Status:
      - unlocked
      X-Ms-Request-Id:
      - a544ea76-c01e-0055-75bd-ab9ff3000000
      X-Ms-Server-Encrypted:
      - "true"
      X-Ms-Version:
      - "2020-10-02"
      X-Ms-Version-Id:
      - "2022-08-09T06:56:47.4688513Z"
    status: 200 OK
    code: 200
    duration: ""
- request:
    body: ""
    form: {}
    headers:
      Accept:
      - application/xml
      Authorization:
      - sanitized
      User-Agent:
      - azsdk-go-azblob/v0.5.0 (go1.18.3; Windows_NT)
      X-Ms-Date:
      - Tue, 09 Aug 2022 06:56:50 GMT
      x-ms-version:
      - "2020-10-02"
    url: https://azureblobstoragecanada.blob.core.windows.net/gocgetsetblobmetadatawithcpkscope01?restype=container
    method: DELETE
  response:
    body: ""
    headers:
      Content-Length:
      - "0"
      Date:
      - Tue, 09 Aug 2022 06:56:47 GMT
      Server:
      - Windows-Azure-Blob/1.0 Microsoft-HTTPAPI/2.0
      X-Ms-Request-Id:
      - a544ec89-c01e-0055-67bd-ab9ff3000000
      X-Ms-Version:
      - "2020-10-02"
    status: 202 Accepted
    code: 202
    duration: ""
