---
version: 1
interactions:
- request:
    body: ""
    form: {}
    headers:
      Accept:
      - application/xml
      Authorization:
      - sanitized
      User-Agent:
      - azsdk-go-generated/<version> azsdk-go-generated/<version> azcore/v0.13.4 (go1.15;
        Windows_NT)
      X-Ms-Blob-Public-Access:
      - blob
      X-Ms-Date:
      - Sat, 12 Jun 2021 04:08:14 GMT
      X-Ms-Meta-Foo:
      - bar
      X-Ms-Version:
      - "2019-12-12"
    url: https://azureblobstrgmohitcanada.blob.core.windows.net/goccontainersetmetadataempty?restype=container
    method: PUT
  response:
    body: ""
    headers:
      Content-Length:
      - "0"
      Date:
      - Sat, 12 Jun 2021 04:08:13 GMT
      Etag:
      - '"0x8D92D57B3572DBC"'
      Last-Modified:
      - Sat, 12 Jun 2021 04:08:14 GMT
      Server:
      - Windows-Azure-Blob/1.0 Microsoft-HTTPAPI/2.0
      X-Ms-Request-Id:
      - 85371985-801e-000f-8040-5fe7ee000000
      X-Ms-Version:
      - "2019-12-12"
    status: 201 Created
    code: 201
    duration: ""
- request:
    body: ""
    form: {}
    headers:
      Accept:
      - application/xml
      Authorization:
      - sanitized
      User-Agent:
      - azsdk-go-generated/<version> azsdk-go-generated/<version> azcore/v0.13.4 (go1.15;
        Windows_NT)
      X-Ms-Date:
      - Sat, 12 Jun 2021 04:08:14 GMT
      X-Ms-Version:
      - "2019-12-12"
    url: https://azureblobstrgmohitcanada.blob.core.windows.net/goccontainersetmetadataempty?comp=metadata&restype=container
    method: PUT
  response:
    body: ""
    headers:
      Content-Length:
      - "0"
      Date:
      - Sat, 12 Jun 2021 04:08:13 GMT
      Etag:
      - '"0x8D92D57B38B7A58"'
      Last-Modified:
      - Sat, 12 Jun 2021 04:08:14 GMT
      Server:
      - Windows-Azure-Blob/1.0 Microsoft-HTTPAPI/2.0
      X-Ms-Request-Id:
      - 85371b79-801e-000f-5a40-5fe7ee000000
      X-Ms-Version:
      - "2019-12-12"
    status: 200 OK
    code: 200
    duration: ""
- request:
    body: ""
    form: {}
    headers:
      Accept:
      - application/xml
      Authorization:
      - sanitized
      User-Agent:
      - azsdk-go-generated/<version> azsdk-go-generated/<version> azcore/v0.13.4 (go1.15;
        Windows_NT)
      X-Ms-Date:
      - Sat, 12 Jun 2021 04:08:14 GMT
      X-Ms-Version:
      - "2019-12-12"
    url: https://azureblobstrgmohitcanada.blob.core.windows.net/goccontainersetmetadataempty?restype=container
    method: GET
  response:
    body: ""
    headers:
      Content-Length:
      - "0"
      Date:
      - Sat, 12 Jun 2021 04:08:14 GMT
      Etag:
      - '"0x8D92D57B38B7A58"'
      Last-Modified:
      - Sat, 12 Jun 2021 04:08:14 GMT
      Server:
      - Windows-Azure-Blob/1.0 Microsoft-HTTPAPI/2.0
      X-Ms-Blob-Public-Access:
      - blob
      X-Ms-Default-Encryption-Scope:
      - $account-encryption-key
      X-Ms-Deny-Encryption-Scope-Override:
      - "false"
      X-Ms-Has-Immutability-Policy:
      - "false"
      X-Ms-Has-Legal-Hold:
      - "false"
      X-Ms-Lease-State:
      - available
      X-Ms-Lease-Status:
      - unlocked
      X-Ms-Request-Id:
      - 85371cb2-801e-000f-7d40-5fe7ee000000
      X-Ms-Version:
      - "2019-12-12"
    status: 200 OK
    code: 200
    duration: ""
- request:
    body: ""
    form: {}
    headers:
      Accept:
      - application/xml
      Authorization:
      - sanitized
      User-Agent:
      - azsdk-go-generated/<version> azsdk-go-generated/<version> azcore/v0.13.4 (go1.15;
        Windows_NT)
      X-Ms-Date:
      - Sat, 12 Jun 2021 04:08:15 GMT
      X-Ms-Version:
      - "2019-12-12"
    url: https://azureblobstrgmohitcanada.blob.core.windows.net/goccontainersetmetadataempty?restype=container
    method: DELETE
  response:
    body: ""
    headers:
      Content-Length:
      - "0"
      Date:
      - Sat, 12 Jun 2021 04:08:18 GMT
      Server:
      - Windows-Azure-Blob/1.0 Microsoft-HTTPAPI/2.0
      X-Ms-Request-Id:
      - 85371e89-801e-000f-2a40-5fe7ee000000
      X-Ms-Version:
      - "2019-12-12"
    status: 202 Accepted
    code: 202
    duration: ""
