---
version: 1
interactions:
- request:
    body: ""
    form: {}
    headers:
      Accept:
      - application/xml
      Authorization:
      - sanitized
      User-Agent:
      - azsdk-go-azblob/v0.3.0 azsdk-go-azcore/v0.22.0 (go1.16.14; Windows_NT)
      X-Ms-Date:
      - Thu, 07 Apr 2022 12:24:25 GMT
      X-Ms-Version:
      - "2020-10-02"
    url: https://azureblobstoragecanada.blob.core.windows.net/gocblobstartcopymetadata?restype=container
    method: PUT
  response:
    body: ""
    headers:
      Content-Length:
      - "0"
      Date:
      - Thu, 07 Apr 2022 12:24:26 GMT
      Etag:
      - '"0x8DA18918E565823"'
      Last-Modified:
      - Thu, 07 Apr 2022 12:24:26 GMT
      Server:
      - Windows-Azure-Blob/1.0 Microsoft-HTTPAPI/2.0
      X-Ms-Request-Id:
      - 4fcee3c6-901e-0077-577a-4a5aec000000
      X-Ms-Version:
      - "2020-10-02"
    status: 201 Created
    code: 201
    duration: ""
- request:
    body: GoBlockBlobData
    form: {}
    headers:
      Accept:
      - application/xml
      Authorization:
      - sanitized
      Content-Length:
      - "15"
      Content-Type:
      - application/octet-stream
      User-Agent:
      - azsdk-go-azblob/v0.3.0 azsdk-go-azcore/v0.22.0 (go1.16.14; Windows_NT)
      X-Ms-Blob-Type:
      - BlockBlob
      X-Ms-Date:
      - Thu, 07 Apr 2022 12:24:25 GMT
      X-Ms-Version:
      - "2020-10-02"
    url: https://azureblobstoragecanada.blob.core.windows.net/gocblobstartcopymetadata/gotestblobblobstartcopymetadata
    method: PUT
  response:
    body: ""
    headers:
      Content-Length:
      - "0"
      Content-Md5:
      - ebncwguMQu9sgPmr0GazhA==
      Date:
      - Thu, 07 Apr 2022 12:24:26 GMT
      Etag:
      - '"0x8DA18918E8E394E"'
      Last-Modified:
      - Thu, 07 Apr 2022 12:24:26 GMT
      Server:
      - Windows-Azure-Blob/1.0 Microsoft-HTTPAPI/2.0
      X-Ms-Content-Crc64:
      - +JGsS7CR5kg=
      X-Ms-Request-Id:
      - 4fcee56a-901e-0077-5d7a-4a5aec000000
      X-Ms-Request-Server-Encrypted:
      - "true"
      X-Ms-Version:
      - "2020-10-02"
      X-Ms-Version-Id:
      - "2022-04-07T12:24:26.7366501Z"
    status: 201 Created
    code: 201
    duration: ""
- request:
    body: ""
    form: {}
    headers:
      Accept:
      - application/xml
      Authorization:
      - sanitized
      User-Agent:
      - azsdk-go-azblob/v0.3.0 azsdk-go-azcore/v0.22.0 (go1.16.14; Windows_NT)
      X-Ms-Copy-Source:
      - https://azureblobstoragecanada.blob.core.windows.net/gocblobstartcopymetadata/gotestblobblobstartcopymetadata
      X-Ms-Date:
      - Thu, 07 Apr 2022 12:24:26 GMT
      X-Ms-Meta-Bla:
      - foo
      X-Ms-Version:
      - "2020-10-02"
    url: https://azureblobstoragecanada.blob.core.windows.net/gocblobstartcopymetadata/copygotestblobblobstartcopymetadata
    method: PUT
  response:
    body: ""
    headers:
      Content-Length:
      - "0"
      Date:
      - Thu, 07 Apr 2022 12:24:26 GMT
      Etag:
      - '"0x8DA18918ECD8323"'
      Last-Modified:
      - Thu, 07 Apr 2022 12:24:27 GMT
      Server:
      - Windows-Azure-Blob/1.0 Microsoft-HTTPAPI/2.0
      X-Ms-Copy-Id:
      - f9cc04ba-ded0-49a5-8e08-bd6a1fd1f428
      X-Ms-Copy-Status:
      - success
      X-Ms-Request-Id:
      - 4fcee798-901e-0077-5e7a-4a5aec000000
      X-Ms-Version:
      - "2020-10-02"
      X-Ms-Version-Id:
      - "2022-04-07T12:24:27.1504163Z"
    status: 202 Accepted
    code: 202
    duration: ""
- request:
    body: ""
    form: {}
    headers:
      Accept:
      - application/xml
      Authorization:
      - sanitized
      User-Agent:
      - azsdk-go-azblob/v0.3.0 azsdk-go-azcore/v0.22.0 (go1.16.14; Windows_NT)
      X-Ms-Date:
      - Thu, 07 Apr 2022 12:24:26 GMT
      X-Ms-Version:
      - "2020-10-02"
    url: https://azureblobstoragecanada.blob.core.windows.net/gocblobstartcopymetadata/copygotestblobblobstartcopymetadata
    method: HEAD
  response:
    body: ""
    headers:
      Accept-Ranges:
      - bytes
      Content-Length:
      - "15"
      Content-Md5:
      - ebncwguMQu9sgPmr0GazhA==
      Content-Type:
      - application/octet-stream
      Date:
      - Thu, 07 Apr 2022 12:24:27 GMT
      Etag:
      - '"0x8DA18918ECD8323"'
      Last-Modified:
      - Thu, 07 Apr 2022 12:24:27 GMT
      Server:
      - Windows-Azure-Blob/1.0 Microsoft-HTTPAPI/2.0
      X-Ms-Access-Tier:
      - Hot
      X-Ms-Access-Tier-Inferred:
      - "true"
      X-Ms-Blob-Type:
      - BlockBlob
      X-Ms-Copy-Completion-Time:
      - Thu, 07 Apr 2022 12:24:27 GMT
      X-Ms-Copy-Id:
      - f9cc04ba-ded0-49a5-8e08-bd6a1fd1f428
      X-Ms-Copy-Progress:
      - 15/15
      X-Ms-Copy-Source:
      - https://azureblobstoragecanada.blob.core.windows.net/gocblobstartcopymetadata/gotestblobblobstartcopymetadata
      X-Ms-Copy-Status:
      - success
      X-Ms-Creation-Time:
      - Thu, 07 Apr 2022 12:24:27 GMT
      X-Ms-Is-Current-Version:
      - "true"
      X-Ms-Lease-State:
      - available
      X-Ms-Lease-Status:
      - unlocked
      X-Ms-Meta-Bla:
      - foo
      X-Ms-Request-Id:
      - 4fcee982-901e-0077-267a-4a5aec000000
      X-Ms-Server-Encrypted:
      - "true"
      X-Ms-Version:
      - "2020-10-02"
      X-Ms-Version-Id:
      - "2022-04-07T12:24:27.1504163Z"
    status: 200 OK
    code: 200
    duration: ""
- request:
    body: ""
    form: {}
    headers:
      Accept:
      - application/xml
      Authorization:
      - sanitized
      User-Agent:
      - azsdk-go-azblob/v0.3.0 azsdk-go-azcore/v0.22.0 (go1.16.14; Windows_NT)
      X-Ms-Date:
      - Thu, 07 Apr 2022 12:24:27 GMT
      X-Ms-Version:
      - "2020-10-02"
    url: https://azureblobstoragecanada.blob.core.windows.net/gocblobstartcopymetadata?restype=container
    method: DELETE
  response:
    body: ""
    headers:
      Content-Length:
      - "0"
      Date:
      - Thu, 07 Apr 2022 12:24:27 GMT
      Server:
      - Windows-Azure-Blob/1.0 Microsoft-HTTPAPI/2.0
      X-Ms-Request-Id:
      - 4fceeb50-901e-0077-487a-4a5aec000000
      X-Ms-Version:
      - "2020-10-02"
    status: 202 Accepted
    code: 202
    duration: ""
