---
version: 1
interactions:
- request:
    body: ""
    form: {}
    headers:
      Accept:
      - application/xml
      Authorization:
      - sanitized
      User-Agent:
      - azsdk-go-generated/<version> azsdk-go-generated/<version> azcore/v0.16.2 (go1.15;
        Windows_NT)
      X-Ms-Blob-Public-Access:
      - blob
      X-Ms-Date:
      - Thu, 12 Aug 2021 17:52:45 GMT
      X-Ms-Meta-Foo:
      - bar
      X-Ms-Version:
      - "2019-12-12"
    url: https://azureblobstoragecanada.blob.core.windows.net/goccontainersetmetadataempty?restype=container
    method: PUT
  response:
    body: ""
    headers:
      Content-Length:
      - "0"
      Date:
      - Thu, 12 Aug 2021 17:52:44 GMT
      Etag:
      - '"0x8D95DB9FD3C2136"'
      Last-Modified:
      - Thu, 12 Aug 2021 17:52:44 GMT
      Server:
      - Windows-Azure-Blob/1.0 Microsoft-HTTPAPI/2.0
      X-Ms-Request-Id:
      - 9fc5a19f-601e-0016-05a2-8ff73f000000
      X-Ms-Version:
      - "2019-12-12"
    status: 201 Created
    code: 201
    duration: ""
- request:
    body: ""
    form: {}
    headers:
      Accept:
      - application/xml
      Authorization:
      - sanitized
      User-Agent:
      - azsdk-go-generated/<version> azsdk-go-generated/<version> azcore/v0.16.2 (go1.15;
        Windows_NT)
      X-Ms-Date:
      - Thu, 12 Aug 2021 17:52:46 GMT
      X-Ms-Version:
      - "2019-12-12"
    url: https://azureblobstoragecanada.blob.core.windows.net/goccontainersetmetadataempty?comp=metadata&restype=container
    method: PUT
  response:
    body: ""
    headers:
      Content-Length:
      - "0"
      Date:
      - Thu, 12 Aug 2021 17:52:44 GMT
      Etag:
      - '"0x8D95DB9FD62650A"'
      Last-Modified:
      - Thu, 12 Aug 2021 17:52:45 GMT
      Server:
      - Windows-Azure-Blob/1.0 Microsoft-HTTPAPI/2.0
      X-Ms-Request-Id:
      - 9fc5a236-601e-0016-0ba2-8ff73f000000
      X-Ms-Version:
      - "2019-12-12"
    status: 200 OK
    code: 200
    duration: ""
- request:
    body: ""
    form: {}
    headers:
      Accept:
      - application/xml
      Authorization:
      - sanitized
      User-Agent:
      - azsdk-go-generated/<version> azsdk-go-generated/<version> azcore/v0.16.2 (go1.15;
        Windows_NT)
      X-Ms-Date:
      - Thu, 12 Aug 2021 17:52:46 GMT
      X-Ms-Version:
      - "2019-12-12"
    url: https://azureblobstoragecanada.blob.core.windows.net/goccontainersetmetadataempty?restype=container
    method: GET
  response:
    body: ""
    headers:
      Content-Length:
      - "0"
      Date:
      - Thu, 12 Aug 2021 17:52:45 GMT
      Etag:
      - '"0x8D95DB9FD62650A"'
      Last-Modified:
      - Thu, 12 Aug 2021 17:52:45 GMT
      Server:
      - Windows-Azure-Blob/1.0 Microsoft-HTTPAPI/2.0
      X-Ms-Blob-Public-Access:
      - blob
      X-Ms-Default-Encryption-Scope:
      - $account-encryption-key
      X-Ms-Deny-Encryption-Scope-Override:
      - "false"
      X-Ms-Has-Immutability-Policy:
      - "false"
      X-Ms-Has-Legal-Hold:
      - "false"
      X-Ms-Lease-State:
      - available
      X-Ms-Lease-Status:
      - unlocked
      X-Ms-Request-Id:
      - 9fc5a31c-601e-0016-6ca2-8ff73f000000
      X-Ms-Version:
      - "2019-12-12"
    status: 200 OK
    code: 200
    duration: ""
- request:
    body: ""
    form: {}
    headers:
      Accept:
      - application/xml
      Authorization:
      - sanitized
      User-Agent:
      - azsdk-go-generated/<version> azsdk-go-generated/<version> azcore/v0.16.2 (go1.15;
        Windows_NT)
      X-Ms-Date:
      - Thu, 12 Aug 2021 17:52:46 GMT
      X-Ms-Version:
      - "2019-12-12"
    url: https://azureblobstoragecanada.blob.core.windows.net/goccontainersetmetadataempty?restype=container
    method: DELETE
  response:
    body: ""
    headers:
      Content-Length:
      - "0"
      Date:
      - Thu, 12 Aug 2021 17:52:45 GMT
      Server:
      - Windows-Azure-Blob/1.0 Microsoft-HTTPAPI/2.0
      X-Ms-Request-Id:
      - 9fc5a3ed-601e-0016-2fa2-8ff73f000000
      X-Ms-Version:
      - "2019-12-12"
    status: 202 Accepted
    code: 202
    duration: ""
