---
version: 1
interactions:
- request:
    body: ""
    form: {}
    headers:
      Accept:
      - application/xml
      Authorization:
      - sanitized
      User-Agent:
      - azsdk-go-azblob/v0.1 azsdk-go-azcore/v0.19.0 (go1.17; Windows_NT)
      X-Ms-Date:
      - Fri, 10 Sep 2021 05:17:11 GMT
      X-Ms-Version:
      - "2019-12-12"
    url: https://azureblobstoragecanada.blob.core.windows.net/gocappendblockwithcpkscope?restype=container
    method: PUT
  response:
    body: ""
    headers:
      Content-Length:
      - "0"
      Date:
      - Fri, 10 Sep 2021 05:17:10 GMT
      Etag:
      - '"0x8D9741A3E310A09"'
      Last-Modified:
      - Fri, 10 Sep 2021 05:17:11 GMT
      Server:
      - Windows-Azure-Blob/1.0 Microsoft-HTTPAPI/2.0
      X-Ms-Request-Id:
      - b12aa505-401e-0028-7303-a6411e000000
      X-Ms-Version:
      - "2019-12-12"
    status: 201 Created
    code: 201
    duration: ""
- request:
    body: ""
    form: {}
    headers:
      Accept:
      - application/xml
      Authorization:
      - sanitized
      Content-Length:
      - "0"
      User-Agent:
      - azsdk-go-azblob/v0.1 azsdk-go-azcore/v0.19.0 (go1.17; Windows_NT)
      X-Ms-Blob-Type:
      - AppendBlob
      X-Ms-Date:
      - Fri, 10 Sep 2021 05:17:11 GMT
      X-Ms-Encryption-Scope:
      - blobgokeytestscope
      X-Ms-Version:
      - "2019-12-12"
    url: https://azureblobstoragecanada.blob.core.windows.net/gocappendblockwithcpkscope/gotestblobappendblockwithcpkscope
    method: PUT
  response:
    body: ""
    headers:
      Content-Length:
      - "0"
      Date:
      - Fri, 10 Sep 2021 05:17:11 GMT
      Etag:
      - '"0x8D9741A3E5A101B"'
      Last-Modified:
      - Fri, 10 Sep 2021 05:17:11 GMT
      Server:
      - Windows-Azure-Blob/1.0 Microsoft-HTTPAPI/2.0
      X-Ms-Encryption-Scope:
      - blobgokeytestscope
      X-Ms-Request-Id:
      - b12aa5ab-401e-0028-1003-a6411e000000
      X-Ms-Request-Server-Encrypted:
      - "true"
      X-Ms-Version:
      - "2019-12-12"
      X-Ms-Version-Id:
      - "2021-09-10T05:17:11.3697307Z"
    status: 201 Created
    code: 201
    duration: ""
- request:
    body: 'AAA '
    form: {}
    headers:
      Accept:
      - application/xml
      Authorization:
      - sanitized
      Content-Length:
      - "4"
      Content-Type:
      - application/octet-stream
      User-Agent:
      - azsdk-go-azblob/v0.1 azsdk-go-azcore/v0.19.0 (go1.17; Windows_NT)
      X-Ms-Date:
      - Fri, 10 Sep 2021 05:17:11 GMT
      X-Ms-Encryption-Scope:
      - blobgokeytestscope
      X-Ms-Version:
      - "2019-12-12"
    url: https://azureblobstoragecanada.blob.core.windows.net/gocappendblockwithcpkscope/gotestblobappendblockwithcpkscope?comp=appendblock
    method: PUT
  response:
    body: ""
    headers:
      Content-Length:
      - "0"
      Date:
      - Fri, 10 Sep 2021 05:17:11 GMT
      Etag:
      - '"0x8D9741A3E8212F5"'
      Last-Modified:
      - Fri, 10 Sep 2021 05:17:11 GMT
      Server:
      - Windows-Azure-Blob/1.0 Microsoft-HTTPAPI/2.0
      X-Ms-Blob-Append-Offset:
      - "0"
      X-Ms-Blob-Committed-Block-Count:
      - "1"
      X-Ms-Content-Crc64:
      - 6dmbGE8Kwf0=
      X-Ms-Encryption-Scope:
      - blobgokeytestscope
      X-Ms-Request-Id:
      - b12aa665-401e-0028-4003-a6411e000000
      X-Ms-Request-Server-Encrypted:
      - "true"
      X-Ms-Version:
      - "2019-12-12"
    status: 201 Created
    code: 201
    duration: ""
- request:
    body: 'BBB '
    form: {}
    headers:
      Accept:
      - application/xml
      Authorization:
      - sanitized
      Content-Length:
      - "4"
      Content-Type:
      - application/octet-stream
      User-Agent:
      - azsdk-go-azblob/v0.1 azsdk-go-azcore/v0.19.0 (go1.17; Windows_NT)
      X-Ms-Date:
      - Fri, 10 Sep 2021 05:17:11 GMT
      X-Ms-Encryption-Scope:
      - blobgokeytestscope
      X-Ms-Version:
      - "2019-12-12"
    url: https://azureblobstoragecanada.blob.core.windows.net/gocappendblockwithcpkscope/gotestblobappendblockwithcpkscope?comp=appendblock
    method: PUT
  response:
    body: ""
    headers:
      Content-Length:
      - "0"
      Date:
      - Fri, 10 Sep 2021 05:17:11 GMT
      Etag:
      - '"0x8D9741A3EA7CB66"'
      Last-Modified:
      - Fri, 10 Sep 2021 05:17:11 GMT
      Server:
      - Windows-Azure-Blob/1.0 Microsoft-HTTPAPI/2.0
      X-Ms-Blob-Append-Offset:
      - "4"
      X-Ms-Blob-Committed-Block-Count:
      - "2"
      X-Ms-Content-Crc64:
      - 8ccByT85Asc=
      X-Ms-Encryption-Scope:
      - blobgokeytestscope
      X-Ms-Request-Id:
      - b12aa705-401e-0028-5303-a6411e000000
      X-Ms-Request-Server-Encrypted:
      - "true"
      X-Ms-Version:
      - "2019-12-12"
    status: 201 Created
    code: 201
    duration: ""
- request:
    body: 'CCC '
    form: {}
    headers:
      Accept:
      - application/xml
      Authorization:
      - sanitized
      Content-Length:
      - "4"
      Content-Type:
      - application/octet-stream
      User-Agent:
      - azsdk-go-azblob/v0.1 azsdk-go-azcore/v0.19.0 (go1.17; Windows_NT)
      X-Ms-Date:
      - Fri, 10 Sep 2021 05:17:12 GMT
      X-Ms-Encryption-Scope:
      - blobgokeytestscope
      X-Ms-Version:
      - "2019-12-12"
    url: https://azureblobstoragecanada.blob.core.windows.net/gocappendblockwithcpkscope/gotestblobappendblockwithcpkscope?comp=appendblock
    method: PUT
  response:
    body: ""
    headers:
      Content-Length:
      - "0"
      Date:
      - Fri, 10 Sep 2021 05:17:11 GMT
      Etag:
      - '"0x8D9741A3ECD35A7"'
      Last-Modified:
      - Fri, 10 Sep 2021 05:17:12 GMT
      Server:
      - Windows-Azure-Blob/1.0 Microsoft-HTTPAPI/2.0
      X-Ms-Blob-Append-Offset:
      - "8"
      X-Ms-Blob-Committed-Block-Count:
      - "3"
      X-Ms-Content-Crc64:
      - IEMFTiHKCz0=
      X-Ms-Encryption-Scope:
      - blobgokeytestscope
      X-Ms-Request-Id:
      - b12aa7b1-401e-0028-6d03-a6411e000000
      X-Ms-Request-Server-Encrypted:
      - "true"
      X-Ms-Version:
      - "2019-12-12"
    status: 201 Created
    code: 201
    duration: ""
- request:
    body: ""
    form: {}
    headers:
      Accept:
      - application/xml
      Authorization:
      - sanitized
      User-Agent:
      - azsdk-go-azblob/v0.1 azsdk-go-azcore/v0.19.0 (go1.17; Windows_NT)
      X-Ms-Date:
      - Fri, 10 Sep 2021 05:17:12 GMT
      X-Ms-Version:
      - "2019-12-12"
    url: https://azureblobstoragecanada.blob.core.windows.net/gocappendblockwithcpkscope/gotestblobappendblockwithcpkscope
    method: GET
  response:
    body: 'AAA BBB CCC '
    headers:
      Accept-Ranges:
      - bytes
      Content-Length:
      - "12"
      Content-Type:
      - application/octet-stream
      Date:
      - Fri, 10 Sep 2021 05:17:12 GMT
      Etag:
      - '"0x8D9741A3ECD35A7"'
      Last-Modified:
      - Fri, 10 Sep 2021 05:17:12 GMT
      Server:
      - Windows-Azure-Blob/1.0 Microsoft-HTTPAPI/2.0
      X-Ms-Blob-Committed-Block-Count:
      - "3"
      X-Ms-Blob-Type:
      - AppendBlob
      X-Ms-Creation-Time:
      - Fri, 10 Sep 2021 05:17:11 GMT
      X-Ms-Encryption-Scope:
      - blobgokeytestscope
      X-Ms-Is-Current-Version:
      - "true"
      X-Ms-Lease-State:
      - available
      X-Ms-Lease-Status:
      - unlocked
      X-Ms-Request-Id:
      - b12aa85b-401e-0028-0903-a6411e000000
      X-Ms-Server-Encrypted:
      - "true"
      X-Ms-Version:
      - "2019-12-12"
      X-Ms-Version-Id:
      - "2021-09-10T05:17:11.3697307Z"
    status: 200 OK
    code: 200
    duration: ""
- request:
    body: ""
    form: {}
    headers:
      Accept:
      - application/xml
      Authorization:
      - sanitized
      User-Agent:
      - azsdk-go-azblob/v0.1 azsdk-go-azcore/v0.19.0 (go1.17; Windows_NT)
      X-Ms-Date:
      - Fri, 10 Sep 2021 05:17:12 GMT
      X-Ms-Version:
      - "2019-12-12"
    url: https://azureblobstoragecanada.blob.core.windows.net/gocappendblockwithcpkscope?restype=container
    method: DELETE
  response:
    body: ""
    headers:
      Content-Length:
      - "0"
      Date:
      - Fri, 10 Sep 2021 05:17:12 GMT
      Server:
      - Windows-Azure-Blob/1.0 Microsoft-HTTPAPI/2.0
      X-Ms-Request-Id:
      - b12aa8f2-401e-0028-1903-a6411e000000
      X-Ms-Version:
      - "2019-12-12"
    status: 202 Accepted
    code: 202
    duration: ""
