---
version: 1
interactions:
- request:
    body: ""
    form: {}
    headers:
      Accept:
      - application/xml
      Authorization:
      - sanitized
      User-Agent:
      - azsdk-go-generated/<version> azsdk-go-generated/<version> azcore/v0.16.2 (go1.15;
        Windows_NT)
      X-Ms-Date:
      - Thu, 12 Aug 2021 17:49:17 GMT
      X-Ms-Version:
      - "2019-12-12"
    url: https://azureblobstoragecanada.blob.core.windows.net/gocblobputblocklistmodifyblob?restype=container
    method: PUT
  response:
    body: ""
    headers:
      Content-Length:
      - "0"
      Date:
      - Thu, 12 Aug 2021 17:49:15 GMT
      Etag:
      - '"0x8D95DB980E9901A"'
      Last-Modified:
      - Thu, 12 Aug 2021 17:49:16 GMT
      Server:
      - Windows-Azure-Blob/1.0 Microsoft-HTTPAPI/2.0
      X-Ms-Request-Id:
      - 9fc385c4-601e-0016-4ea2-8ff73f000000
      X-Ms-Version:
      - "2019-12-12"
    status: 201 Created
    code: 201
    duration: ""
- request:
    body: GoBlockBlobData
    form: {}
    headers:
      Accept:
      - application/xml
      Authorization:
      - sanitized
      Content-Length:
      - "15"
      Content-Type:
      - application/octet-stream
      User-Agent:
      - azsdk-go-generated/<version> azsdk-go-generated/<version> azcore/v0.16.2 (go1.15;
        Windows_NT)
      X-Ms-Date:
      - Thu, 12 Aug 2021 17:49:17 GMT
      X-Ms-Version:
      - "2019-12-12"
    url: https://azureblobstoragecanada.blob.core.windows.net/gocblobputblocklistmodifyblob/gotestblobblobputblocklistmodifyblob?blockid=AAAAAA%3D%3D&comp=block
    method: PUT
  response:
    body: ""
    headers:
      Content-Length:
      - "0"
      Date:
      - Thu, 12 Aug 2021 17:49:15 GMT
      Server:
      - Windows-Azure-Blob/1.0 Microsoft-HTTPAPI/2.0
      X-Ms-Content-Crc64:
      - +JGsS7CR5kg=
      X-Ms-Request-Id:
      - 9fc3865c-601e-0016-5aa2-8ff73f000000
      X-Ms-Request-Server-Encrypted:
      - "true"
      X-Ms-Version:
      - "2019-12-12"
    status: 201 Created
    code: 201
    duration: ""
- request:
    body: <BlockList><Latest>AAAAAA==</Latest></BlockList>
    form: {}
    headers:
      Accept:
      - application/xml
      Authorization:
      - sanitized
      Content-Length:
      - "48"
      Content-Type:
      - application/xml
      User-Agent:
      - azsdk-go-generated/<version> azsdk-go-generated/<version> azcore/v0.16.2 (go1.15;
        Windows_NT)
      X-Ms-Date:
      - Thu, 12 Aug 2021 17:49:17 GMT
      X-Ms-Version:
      - "2019-12-12"
    url: https://azureblobstoragecanada.blob.core.windows.net/gocblobputblocklistmodifyblob/gotestblobblobputblocklistmodifyblob?comp=blocklist
    method: PUT
  response:
    body: ""
    headers:
      Content-Length:
      - "0"
      Date:
      - Thu, 12 Aug 2021 17:49:15 GMT
      Etag:
      - '"0x8D95DB9813F1113"'
      Last-Modified:
      - Thu, 12 Aug 2021 17:49:16 GMT
      Server:
      - Windows-Azure-Blob/1.0 Microsoft-HTTPAPI/2.0
      X-Ms-Content-Crc64:
      - Jl2XwpS4W0o=
      X-Ms-Request-Id:
      - 9fc386f1-601e-0016-67a2-8ff73f000000
      X-Ms-Request-Server-Encrypted:
      - "true"
      X-Ms-Version:
      - "2019-12-12"
      X-Ms-Version-Id:
      - "2021-08-12T17:49:16.8362771Z"
    status: 201 Created
    code: 201
    duration: ""
- request:
    body: new data
    form: {}
    headers:
      Accept:
      - application/xml
      Authorization:
      - sanitized
      Content-Length:
      - "8"
      Content-Type:
      - application/octet-stream
      User-Agent:
      - azsdk-go-generated/<version> azsdk-go-generated/<version> azcore/v0.16.2 (go1.15;
        Windows_NT)
      X-Ms-Date:
      - Thu, 12 Aug 2021 17:49:18 GMT
      X-Ms-Version:
      - "2019-12-12"
    url: https://azureblobstoragecanada.blob.core.windows.net/gocblobputblocklistmodifyblob/gotestblobblobputblocklistmodifyblob?blockid=0001&comp=block
    method: PUT
  response:
    body: ""
    headers:
      Content-Length:
      - "0"
      Date:
      - Thu, 12 Aug 2021 17:49:16 GMT
      Server:
      - Windows-Azure-Blob/1.0 Microsoft-HTTPAPI/2.0
      X-Ms-Content-Crc64:
      - VSNMrn6xOlE=
      X-Ms-Request-Id:
      - 9fc387a3-601e-0016-0ea2-8ff73f000000
      X-Ms-Request-Server-Encrypted:
      - "true"
      X-Ms-Version:
      - "2019-12-12"
    status: 201 Created
    code: 201
    duration: ""
- request:
    body: new data
    form: {}
    headers:
      Accept:
      - application/xml
      Authorization:
      - sanitized
      Content-Length:
      - "8"
      Content-Type:
      - application/octet-stream
      User-Agent:
      - azsdk-go-generated/<version> azsdk-go-generated/<version> azcore/v0.16.2 (go1.15;
        Windows_NT)
      X-Ms-Date:
      - Thu, 12 Aug 2021 17:49:18 GMT
      X-Ms-Version:
      - "2019-12-12"
    url: https://azureblobstoragecanada.blob.core.windows.net/gocblobputblocklistmodifyblob/gotestblobblobputblocklistmodifyblob?blockid=0010&comp=block
    method: PUT
  response:
    body: ""
    headers:
      Content-Length:
      - "0"
      Date:
      - Thu, 12 Aug 2021 17:49:16 GMT
      Server:
      - Windows-Azure-Blob/1.0 Microsoft-HTTPAPI/2.0
      X-Ms-Content-Crc64:
      - VSNMrn6xOlE=
      X-Ms-Request-Id:
      - 9fc3882c-601e-0016-06a2-8ff73f000000
      X-Ms-Request-Server-Encrypted:
      - "true"
      X-Ms-Version:
      - "2019-12-12"
    status: 201 Created
    code: 201
    duration: ""
- request:
    body: new data
    form: {}
    headers:
      Accept:
      - application/xml
      Authorization:
      - sanitized
      Content-Length:
      - "8"
      Content-Type:
      - application/octet-stream
      User-Agent:
      - azsdk-go-generated/<version> azsdk-go-generated/<version> azcore/v0.16.2 (go1.15;
        Windows_NT)
      X-Ms-Date:
      - Thu, 12 Aug 2021 17:49:18 GMT
      X-Ms-Version:
      - "2019-12-12"
    url: https://azureblobstoragecanada.blob.core.windows.net/gocblobputblocklistmodifyblob/gotestblobblobputblocklistmodifyblob?blockid=0011&comp=block
    method: PUT
  response:
    body: ""
    headers:
      Content-Length:
      - "0"
      Date:
      - Thu, 12 Aug 2021 17:49:16 GMT
      Server:
      - Windows-Azure-Blob/1.0 Microsoft-HTTPAPI/2.0
      X-Ms-Content-Crc64:
      - VSNMrn6xOlE=
      X-Ms-Request-Id:
      - 9fc388c6-601e-0016-08a2-8ff73f000000
      X-Ms-Request-Server-Encrypted:
      - "true"
      X-Ms-Version:
      - "2019-12-12"
    status: 201 Created
    code: 201
    duration: ""
- request:
    body: new data
    form: {}
    headers:
      Accept:
      - application/xml
      Authorization:
      - sanitized
      Content-Length:
      - "8"
      Content-Type:
      - application/octet-stream
      User-Agent:
      - azsdk-go-generated/<version> azsdk-go-generated/<version> azcore/v0.16.2 (go1.15;
        Windows_NT)
      X-Ms-Date:
      - Thu, 12 Aug 2021 17:49:19 GMT
      X-Ms-Version:
      - "2019-12-12"
    url: https://azureblobstoragecanada.blob.core.windows.net/gocblobputblocklistmodifyblob/gotestblobblobputblocklistmodifyblob?blockid=0100&comp=block
    method: PUT
  response:
    body: ""
    headers:
      Content-Length:
      - "0"
      Date:
      - Thu, 12 Aug 2021 17:49:17 GMT
      Server:
      - Windows-Azure-Blob/1.0 Microsoft-HTTPAPI/2.0
      X-Ms-Content-Crc64:
      - VSNMrn6xOlE=
      X-Ms-Request-Id:
      - 9fc38986-601e-0016-2ba2-8ff73f000000
      X-Ms-Request-Server-Encrypted:
      - "true"
      X-Ms-Version:
      - "2019-12-12"
    status: 201 Created
    code: 201
    duration: ""
- request:
    body: <BlockList><Latest>0001</Latest><Latest>0011</Latest></BlockList>
    form: {}
    headers:
      Accept:
      - application/xml
      Authorization:
      - sanitized
      Content-Length:
      - "65"
      Content-Type:
      - application/xml
      User-Agent:
      - azsdk-go-generated/<version> azsdk-go-generated/<version> azcore/v0.16.2 (go1.15;
        Windows_NT)
      X-Ms-Date:
      - Thu, 12 Aug 2021 17:49:19 GMT
      X-Ms-Version:
      - "2019-12-12"
    url: https://azureblobstoragecanada.blob.core.windows.net/gocblobputblocklistmodifyblob/gotestblobblobputblocklistmodifyblob?comp=blocklist
    method: PUT
  response:
    body: ""
    headers:
      Content-Length:
      - "0"
      Date:
      - Thu, 12 Aug 2021 17:49:17 GMT
      Etag:
      - '"0x8D95DB98219C123"'
      Last-Modified:
      - Thu, 12 Aug 2021 17:49:18 GMT
      Server:
      - Windows-Azure-Blob/1.0 Microsoft-HTTPAPI/2.0
      X-Ms-Content-Crc64:
      - 6HmUdDhyZmY=
      X-Ms-Request-Id:
      - 9fc38a3e-601e-0016-3fa2-8ff73f000000
      X-Ms-Request-Server-Encrypted:
      - "true"
      X-Ms-Version:
      - "2019-12-12"
      X-Ms-Version-Id:
      - "2021-08-12T17:49:18.2714691Z"
    status: 201 Created
    code: 201
    duration: ""
- request:
    body: ""
    form: {}
    headers:
      Accept:
      - application/xml
      Authorization:
      - sanitized
      User-Agent:
      - azsdk-go-generated/<version> azsdk-go-generated/<version> azcore/v0.16.2 (go1.15;
        Windows_NT)
      X-Ms-Date:
      - Thu, 12 Aug 2021 17:49:19 GMT
      X-Ms-Version:
      - "2019-12-12"
    url: https://azureblobstoragecanada.blob.core.windows.net/gocblobputblocklistmodifyblob/gotestblobblobputblocklistmodifyblob?blocklisttype=all&comp=blocklist
    method: GET
  response:
    body: "\uFEFF\x3C\x3F\x78\x6D\x6C\x20\x76\x65\x72\x73\x69\x6F\x6E\x3D\"\x31\x2E\x30\"\x20\x65\x6E\x63\x6F\x64\x69\x6E\x67\x3D\"\x75\x74\x66\x2D\x38\"\x3F\x3E\x3C\x42\x6C\x6F\x63\x6B\x4C\x69\x73\x74\x3E\x3C\x43\x6F\x6D\x6D\x69\x74\x74\x65\x64\x42\x6C\x6F\x63\x6B\x73\x3E\x3C\x42\x6C\x6F\x63\x6B\x3E\x3C\x4E\x61\x6D\x65\x3E\x30\x30\x30\x31\x3C\x2F\x4E\x61\x6D\x65\x3E\x3C\x53\x69\x7A\x65\x3E\x38\x3C\x2F\x53\x69\x7A\x65\x3E\x3C\x2F\x42\x6C\x6F\x63\x6B\x3E\x3C\x42\x6C\x6F\x63\x6B\x3E\x3C\x4E\x61\x6D\x65\x3E\x30\x30\x31\x31\x3C\x2F\x4E\x61\x6D\x65\x3E\x3C\x53\x69\x7A\x65\x3E\x38\x3C\x2F\x53\x69\x7A\x65\x3E\x3C\x2F\x42\x6C\x6F\x63\x6B\x3E\x3C\x2F\x43\x6F\x6D\x6D\x69\x74\x74\x65\x64\x42\x6C\x6F\x63\x6B\x73\x3E\x3C\x55\x6E\x63\x6F\x6D\x6D\x69\x74\x74\x65\x64\x42\x6C\x6F\x63\x6B\x73\x20\x2F\x3E\x3C\x2F\x42\x6C\x6F\x63\x6B\x4C\x69\x73\x74\x3E"
    headers:
      Content-Type:
      - application/xml
      Date:
      - Thu, 12 Aug 2021 17:49:17 GMT
      Etag:
      - '"0x8D95DB98219C123"'
      Last-Modified:
      - Thu, 12 Aug 2021 17:49:18 GMT
      Server:
      - Windows-Azure-Blob/1.0 Microsoft-HTTPAPI/2.0
      X-Ms-Blob-Content-Length:
      - "16"
      X-Ms-Request-Id:
      - 9fc38ad7-601e-0016-48a2-8ff73f000000
      X-Ms-Version:
      - "2019-12-12"
    status: 200 OK
    code: 200
    duration: ""
- request:
    body: ""
    form: {}
    headers:
      Accept:
      - application/xml
      Authorization:
      - sanitized
      User-Agent:
      - azsdk-go-generated/<version> azsdk-go-generated/<version> azcore/v0.16.2 (go1.15;
        Windows_NT)
      X-Ms-Date:
      - Thu, 12 Aug 2021 17:49:19 GMT
      X-Ms-Version:
      - "2019-12-12"
    url: https://azureblobstoragecanada.blob.core.windows.net/gocblobputblocklistmodifyblob?restype=container
    method: DELETE
  response:
    body: ""
    headers:
      Content-Length:
      - "0"
      Date:
      - Thu, 12 Aug 2021 17:49:17 GMT
      Server:
      - Windows-Azure-Blob/1.0 Microsoft-HTTPAPI/2.0
      X-Ms-Request-Id:
      - 9fc38b72-601e-0016-54a2-8ff73f000000
      X-Ms-Version:
      - "2019-12-12"
    status: 202 Accepted
    code: 202
    duration: ""
