---
version: 1
interactions:
- request:
    body: ""
    form: {}
    headers:
      Accept:
      - application/xml
      Authorization:
      - sanitized
      User-Agent:
      - azsdk-go-azblob/v0.1 azsdk-go-azcore/v0.19.0 (go1.17; Windows_NT)
      X-Ms-Date:
      - Fri, 10 Sep 2021 05:22:09 GMT
      X-Ms-Version:
      - "2019-12-12"
    url: https://azureblobstoragecanada.blob.core.windows.net/gocblobstartcopymetadatainvalidfield?restype=container
    method: PUT
  response:
    body: ""
    headers:
      Content-Length:
      - "0"
      Date:
      - Fri, 10 Sep 2021 05:22:09 GMT
      Etag:
      - '"0x8D9741AF044E0EB"'
      Last-Modified:
      - Fri, 10 Sep 2021 05:22:09 GMT
      Server:
      - Windows-Azure-Blob/1.0 Microsoft-HTTPAPI/2.0
      X-Ms-Request-Id:
      - b12d975c-401e-0028-0f03-a6411e000000
      X-Ms-Version:
      - "2019-12-12"
    status: 201 Created
    code: 201
    duration: ""
- request:
    body: GoBlockBlobData
    form: {}
    headers:
      Accept:
      - application/xml
      Authorization:
      - sanitized
      Content-Length:
      - "15"
      Content-Type:
      - application/octet-stream
      User-Agent:
      - azsdk-go-azblob/v0.1 azsdk-go-azcore/v0.19.0 (go1.17; Windows_NT)
      X-Ms-Blob-Type:
      - BlockBlob
      X-Ms-Date:
      - Fri, 10 Sep 2021 05:22:10 GMT
      X-Ms-Version:
      - "2019-12-12"
    url: https://azureblobstoragecanada.blob.core.windows.net/gocblobstartcopymetadatainvalidfield/gotestblobblobstartcopymetadatainvalidfield
    method: PUT
  response:
    body: ""
    headers:
      Content-Length:
      - "0"
      Content-Md5:
      - ebncwguMQu9sgPmr0GazhA==
      Date:
      - Fri, 10 Sep 2021 05:22:09 GMT
      Etag:
      - '"0x8D9741AF06B0EA3"'
      Last-Modified:
      - Fri, 10 Sep 2021 05:22:10 GMT
      Server:
      - Windows-Azure-Blob/1.0 Microsoft-HTTPAPI/2.0
      X-Ms-Content-Crc64:
      - +JGsS7CR5kg=
      X-Ms-Request-Id:
      - b12d97d4-401e-0028-7603-a6411e000000
      X-Ms-Request-Server-Encrypted:
      - "true"
      X-Ms-Version:
      - "2019-12-12"
      X-Ms-Version-Id:
      - "2021-09-10T05:22:10.1155491Z"
    status: 201 Created
    code: 201
    duration: ""
- request:
    body: ""
    form: {}
    headers:
      Accept:
      - application/xml
      Authorization:
      - sanitized
      User-Agent:
      - azsdk-go-azblob/v0.1 azsdk-go-azcore/v0.19.0 (go1.17; Windows_NT)
      X-Ms-Date:
      - Fri, 10 Sep 2021 05:22:10 GMT
      X-Ms-Version:
      - "2019-12-12"
    url: https://azureblobstoragecanada.blob.core.windows.net/gocblobstartcopymetadatainvalidfield?restype=container
    method: DELETE
  response:
    body: ""
    headers:
      Content-Length:
      - "0"
      Date:
      - Fri, 10 Sep 2021 05:22:09 GMT
      Server:
      - Windows-Azure-Blob/1.0 Microsoft-HTTPAPI/2.0
      X-Ms-Request-Id:
      - b12d986b-401e-0028-7e03-a6411e000000
      X-Ms-Version:
      - "2019-12-12"
    status: 202 Accepted
    code: 202
    duration: ""
