---
version: 1
interactions:
  - request:
      body: ""
      form: { }
      headers:
        Accept:
          - application/xml
        Authorization:
          - sanitized
        User-Agent:
          - azsdk-go-generated/<version> azsdk-go-generated/<version> azcore/v0.16.2 (go1.15;
            Windows_NT)
        X-Ms-Date:
          - Wed, 11 Aug 2021 18:53:21 GMT
        X-Ms-Version:
          - "2020-02-10"
      url: https://azureblobstoragecanada.blob.core.windows.net/gocblobgetpropsonmissingblob?restype=container
      method: PUT
    response:
      body: ""
      headers:
        Content-Length:
          - "0"
        Date:
          - Wed, 11 Aug 2021 18:53:20 GMT
        Etag:
          - '"0x8D95CF949F5ED0C"'
        Last-Modified:
          - Wed, 11 Aug 2021 18:53:20 GMT
        Server:
          - Windows-Azure-Blob/1.0 Microsoft-HTTPAPI/2.0
        X-Ms-Request-Id:
          - ce1c9b86-a01e-0000-3ae2-8e36a1000000
        X-Ms-Version:
          - "2020-02-10"
      status: 201 Created
      code: 201
      duration: ""
  - request:
      body: ""
      form: { }
      headers:
        Accept:
          - application/xml
        Authorization:
          - sanitized
        User-Agent:
          - azsdk-go-generated/<version> azsdk-go-generated/<version> azcore/v0.16.2 (go1.15;
            Windows_NT)
        X-Ms-Date:
          - Wed, 11 Aug 2021 18:53:21 GMT
        X-Ms-Version:
          - "2020-02-10"
      url: https://azureblobstoragecanada.blob.core.windows.net/gocblobgetpropsonmissingblob/MISSING
      method: HEAD
    response:
      body: ""
      headers:
        Date:
          - Wed, 11 Aug 2021 18:53:20 GMT
        Server:
          - Windows-Azure-Blob/1.0 Microsoft-HTTPAPI/2.0
        X-Ms-Error-Code:
          - BlobNotFound
        X-Ms-Request-Id:
          - ce1c9c0b-a01e-0000-25e2-8e36a1000000
        X-Ms-Version:
          - "2020-02-10"
      status: 404 The specified blob does not exist.
      code: 404
      duration: ""
  - request:
      body: ""
      form: { }
      headers:
        Accept:
          - application/xml
        Authorization:
          - sanitized
        User-Agent:
          - azsdk-go-generated/<version> azsdk-go-generated/<version> azcore/v0.16.2 (go1.15;
            Windows_NT)
        X-Ms-Date:
          - Wed, 11 Aug 2021 18:53:22 GMT
        X-Ms-Version:
          - "2020-02-10"
      url: https://azureblobstoragecanada.blob.core.windows.net/gocblobgetpropsonmissingblob?restype=container
      method: DELETE
    response:
      body: ""
      headers:
        Content-Length:
          - "0"
        Date:
          - Wed, 11 Aug 2021 18:53:20 GMT
        Server:
          - Windows-Azure-Blob/1.0 Microsoft-HTTPAPI/2.0
        X-Ms-Request-Id:
          - ce1c9cd3-a01e-0000-4fe2-8e36a1000000
        X-Ms-Version:
          - "2020-02-10"
      status: 202 Accepted
      code: 202
      duration: ""
