---
version: 1
interactions:
- request:
    body: ""
    form: {}
    headers:
      Accept:
      - application/xml
      Authorization:
      - sanitized
      User-Agent:
      - azsdk-go-azblob/v0.1 azsdk-go-azblob/v0.1 azcore/v0.16.2 (go1.17; Windows_NT)
      X-Ms-Date:
      - Tue, 07 Sep 2021 17:24:23 GMT
      X-Ms-Version:
      - "2019-12-12"
    url: https://azureblobstoragecanada.blob.core.windows.net/gocblobsnapshotifunmodifiedsincetrue?restype=container
    method: PUT
  response:
    body: ""
    headers:
      Content-Length:
      - "0"
      Date:
      - Tue, 07 Sep 2021 17:24:23 GMT
      Etag:
      - '"0x8D972245601E3E4"'
      Last-Modified:
      - Tue, 07 Sep 2021 17:24:23 GMT
      Server:
      - Windows-Azure-Blob/1.0 Microsoft-HTTPAPI/2.0
      X-Ms-Request-Id:
      - 490935d1-d01e-0040-2f0d-a41f4f000000
      X-Ms-Version:
      - "2019-12-12"
    status: 201 Created
    code: 201
    duration: ""
- request:
    body: GoBlockBlobData
    form: {}
    headers:
      Accept:
      - application/xml
      Authorization:
      - sanitized
      Content-Length:
      - "15"
      Content-Type:
      - application/octet-stream
      User-Agent:
      - azsdk-go-azblob/v0.1 azsdk-go-azblob/v0.1 azcore/v0.16.2 (go1.17; Windows_NT)
      X-Ms-Blob-Type:
      - BlockBlob
      X-Ms-Date:
      - Tue, 07 Sep 2021 17:24:23 GMT
      X-Ms-Version:
      - "2019-12-12"
    url: https://azureblobstoragecanada.blob.core.windows.net/gocblobsnapshotifunmodifiedsincetrue/gotestblobblobsnapshotifunmodifiedsincetrue
    method: PUT
  response:
    body: ""
    headers:
      Content-Length:
      - "0"
      Content-Md5:
      - ebncwguMQu9sgPmr0GazhA==
      Date:
      - Tue, 07 Sep 2021 17:24:23 GMT
      Etag:
      - '"0x8D972245626E28D"'
      Last-Modified:
      - Tue, 07 Sep 2021 17:24:23 GMT
      Server:
      - Windows-Azure-Blob/1.0 Microsoft-HTTPAPI/2.0
      X-Ms-Content-Crc64:
      - +JGsS7CR5kg=
      X-Ms-Request-Id:
      - 49093631-d01e-0040-060d-a41f4f000000
      X-Ms-Request-Server-Encrypted:
      - "true"
      X-Ms-Version:
      - "2019-12-12"
      X-Ms-Version-Id:
      - "2021-09-07T17:24:23.9413901Z"
    status: 201 Created
    code: 201
    duration: ""
- request:
    body: ""
    form: {}
    headers:
      Accept:
      - application/xml
      Authorization:
      - sanitized
      If-Unmodified-Since:
      - Tue, 07 Sep 2021 17:24:33 GMT
      User-Agent:
      - azsdk-go-azblob/v0.1 azsdk-go-azblob/v0.1 azcore/v0.16.2 (go1.17; Windows_NT)
      X-Ms-Date:
      - Tue, 07 Sep 2021 17:24:23 GMT
      X-Ms-Version:
      - "2019-12-12"
    url: https://azureblobstoragecanada.blob.core.windows.net/gocblobsnapshotifunmodifiedsincetrue/gotestblobblobsnapshotifunmodifiedsincetrue?comp=snapshot
    method: PUT
  response:
    body: ""
    headers:
      Content-Length:
      - "0"
      Date:
      - Tue, 07 Sep 2021 17:24:23 GMT
      Etag:
      - '"0x8D972245626E28D"'
      Last-Modified:
      - Tue, 07 Sep 2021 17:24:23 GMT
      Server:
      - Windows-Azure-Blob/1.0 Microsoft-HTTPAPI/2.0
      X-Ms-Request-Id:
      - 490936a8-d01e-0040-740d-a41f4f000000
      X-Ms-Request-Server-Encrypted:
      - "false"
      X-Ms-Snapshot:
      - "2021-09-07T17:24:24.1855918Z"
      X-Ms-Version:
      - "2019-12-12"
      X-Ms-Version-Id:
      - "2021-09-07T17:24:24.1865918Z"
    status: 201 Created
    code: 201
    duration: ""
- request:
    body: ""
    form: {}
    headers:
      Accept:
      - application/xml
      Authorization:
      - sanitized
      User-Agent:
      - azsdk-go-azblob/v0.1 azsdk-go-azblob/v0.1 azcore/v0.16.2 (go1.17; Windows_NT)
      X-Ms-Date:
      - Tue, 07 Sep 2021 17:24:24 GMT
      X-Ms-Version:
      - "2019-12-12"
    url: https://azureblobstoragecanada.blob.core.windows.net/gocblobsnapshotifunmodifiedsincetrue?restype=container
    method: DELETE
  response:
    body: ""
    headers:
      Content-Length:
      - "0"
      Date:
      - Tue, 07 Sep 2021 17:24:23 GMT
      Server:
      - Windows-Azure-Blob/1.0 Microsoft-HTTPAPI/2.0
      X-Ms-Request-Id:
      - 4909371b-d01e-0040-5a0d-a41f4f000000
      X-Ms-Version:
      - "2019-12-12"
    status: 202 Accepted
    code: 202
    duration: ""
