---
version: 1
interactions:
- request:
    body: ""
    form: {}
    headers:
      Accept:
      - application/xml
      Authorization:
      - sanitized
      User-Agent:
      - azsdk-go-generated/<version> azsdk-go-generated/<version> azcore/v0.16.2 (go1.15;
        Windows_NT)
      X-Ms-Date:
      - Wed, 11 Aug 2021 10:08:32 GMT
      X-Ms-Version:
      - "2020-02-10"
    url: https://azureblobstoragecanada.blob.core.windows.net/goccontainerchangelease?restype=container
    method: PUT
  response:
    body: ""
    headers:
      Content-Length:
      - "0"
      Date:
      - Wed, 11 Aug 2021 10:08:31 GMT
      Etag:
      - '"0x8D95CAFF9298C76"'
      Last-Modified:
      - Wed, 11 Aug 2021 10:08:31 GMT
      Server:
      - Windows-Azure-Blob/1.0 Microsoft-HTTPAPI/2.0
      X-Ms-Request-Id:
      - 5a0e5869-d01e-000f-7598-8edb57000000
      X-Ms-Version:
      - "2020-02-10"
    status: 201 Created
    code: 201
    duration: ""
- request:
    body: ""
    form: {}
    headers:
      Accept:
      - application/xml
      Authorization:
      - sanitized
      User-Agent:
      - azsdk-go-generated/<version> azsdk-go-generated/<version> azcore/v0.16.2 (go1.15;
        Windows_NT)
      X-Ms-Date:
      - Wed, 11 Aug 2021 10:08:32 GMT
      X-Ms-Lease-Action:
      - acquire
      X-Ms-Lease-Duration:
      - "15"
      X-Ms-Proposed-Lease-Id:
      - c820a799-76d7-4ee2-6e15-546f19325c2c
      X-Ms-Version:
      - "2020-02-10"
    url: https://azureblobstoragecanada.blob.core.windows.net/goccontainerchangelease?comp=lease&restype=container
    method: PUT
  response:
    body: ""
    headers:
      Content-Length:
      - "0"
      Date:
      - Wed, 11 Aug 2021 10:08:31 GMT
      Etag:
      - '"0x8D95CAFF9298C76"'
      Last-Modified:
      - Wed, 11 Aug 2021 10:08:31 GMT
      Server:
      - Windows-Azure-Blob/1.0 Microsoft-HTTPAPI/2.0
      X-Ms-Lease-Id:
      - c820a799-76d7-4ee2-6e15-546f19325c2c
      X-Ms-Request-Id:
      - 5a0e58bf-d01e-000f-3f98-8edb57000000
      X-Ms-Version:
      - "2020-02-10"
    status: 201 Created
    code: 201
    duration: ""
- request:
    body: ""
    form: {}
    headers:
      Accept:
      - application/xml
      Authorization:
      - sanitized
      User-Agent:
      - azsdk-go-generated/<version> azsdk-go-generated/<version> azcore/v0.16.2 (go1.15;
        Windows_NT)
      X-Ms-Date:
      - Wed, 11 Aug 2021 10:08:33 GMT
      X-Ms-Lease-Action:
      - change
      X-Ms-Lease-Id:
      - c820a799-76d7-4ee2-6e15-546f19325c2c
      X-Ms-Proposed-Lease-Id:
      - 326cc5e1-746e-4af8-4811-a50e6629a8ca
      X-Ms-Version:
      - "2020-02-10"
    url: https://azureblobstoragecanada.blob.core.windows.net/goccontainerchangelease?comp=lease&restype=container
    method: PUT
  response:
    body: ""
    headers:
      Content-Length:
      - "0"
      Date:
      - Wed, 11 Aug 2021 10:08:32 GMT
      Etag:
      - '"0x8D95CAFF9298C76"'
      Last-Modified:
      - Wed, 11 Aug 2021 10:08:31 GMT
      Server:
      - Windows-Azure-Blob/1.0 Microsoft-HTTPAPI/2.0
      X-Ms-Lease-Id:
      - 326cc5e1-746e-4af8-4811-a50e6629a8ca
      X-Ms-Request-Id:
      - 5a0e5900-d01e-000f-7598-8edb57000000
      X-Ms-Version:
      - "2020-02-10"
    status: 200 OK
    code: 200
    duration: ""
- request:
    body: ""
    form: {}
    headers:
      Accept:
      - application/xml
      Authorization:
      - sanitized
      User-Agent:
      - azsdk-go-generated/<version> azsdk-go-generated/<version> azcore/v0.16.2 (go1.15;
        Windows_NT)
      X-Ms-Date:
      - Wed, 11 Aug 2021 10:08:33 GMT
      X-Ms-Lease-Action:
      - renew
      X-Ms-Lease-Id:
      - 326cc5e1-746e-4af8-4811-a50e6629a8ca
      X-Ms-Version:
      - "2020-02-10"
    url: https://azureblobstoragecanada.blob.core.windows.net/goccontainerchangelease?comp=lease&restype=container
    method: PUT
  response:
    body: ""
    headers:
      Content-Length:
      - "0"
      Date:
      - Wed, 11 Aug 2021 10:08:32 GMT
      Etag:
      - '"0x8D95CAFF9298C76"'
      Last-Modified:
      - Wed, 11 Aug 2021 10:08:31 GMT
      Server:
      - Windows-Azure-Blob/1.0 Microsoft-HTTPAPI/2.0
      X-Ms-Lease-Id:
      - 326cc5e1-746e-4af8-4811-a50e6629a8ca
      X-Ms-Request-Id:
      - 5a0e5950-d01e-000f-3c98-8edb57000000
      X-Ms-Version:
      - "2020-02-10"
    status: 200 OK
    code: 200
    duration: ""
- request:
    body: ""
    form: {}
    headers:
      Accept:
      - application/xml
      Authorization:
      - sanitized
      User-Agent:
      - azsdk-go-generated/<version> azsdk-go-generated/<version> azcore/v0.16.2 (go1.15;
        Windows_NT)
      X-Ms-Date:
      - Wed, 11 Aug 2021 10:08:33 GMT
      X-Ms-Lease-Action:
      - release
      X-Ms-Lease-Id:
      - 326cc5e1-746e-4af8-4811-a50e6629a8ca
      X-Ms-Version:
      - "2020-02-10"
    url: https://azureblobstoragecanada.blob.core.windows.net/goccontainerchangelease?comp=lease&restype=container
    method: PUT
  response:
    body: ""
    headers:
      Content-Length:
      - "0"
      Date:
      - Wed, 11 Aug 2021 10:08:32 GMT
      Etag:
      - '"0x8D95CAFF9298C76"'
      Last-Modified:
      - Wed, 11 Aug 2021 10:08:31 GMT
      Server:
      - Windows-Azure-Blob/1.0 Microsoft-HTTPAPI/2.0
      X-Ms-Request-Id:
      - 5a0e59a7-d01e-000f-0a98-8edb57000000
      X-Ms-Version:
      - "2020-02-10"
    status: 200 OK
    code: 200
    duration: ""
- request:
    body: ""
    form: {}
    headers:
      Accept:
      - application/xml
      Authorization:
      - sanitized
      User-Agent:
      - azsdk-go-generated/<version> azsdk-go-generated/<version> azcore/v0.16.2 (go1.15;
        Windows_NT)
      X-Ms-Date:
      - Wed, 11 Aug 2021 10:08:33 GMT
      X-Ms-Version:
      - "2020-02-10"
    url: https://azureblobstoragecanada.blob.core.windows.net/goccontainerchangelease?restype=container
    method: DELETE
  response:
    body: ""
    headers:
      Content-Length:
      - "0"
      Date:
      - Wed, 11 Aug 2021 10:08:32 GMT
      Server:
      - Windows-Azure-Blob/1.0 Microsoft-HTTPAPI/2.0
      X-Ms-Request-Id:
      - 5a0e5a07-d01e-000f-5d98-8edb57000000
      X-Ms-Version:
      - "2020-02-10"
    status: 202 Accepted
    code: 202
    duration: ""
