---
version: 1
interactions:
- request:
    body: ""
    form: {}
    headers:
      Accept:
      - application/xml
      Authorization:
      - sanitized
      User-Agent:
      - azsdk-go-generated/<version> azsdk-go-generated/<version> azcore/v0.16.2 (go1.15;
        Windows_NT)
      X-Ms-Date:
      - Fri, 18 Jun 2021 04:32:23 GMT
      X-Ms-Version:
      - "2019-12-12"
    url: https://azureblobstoragecanada.blob.core.windows.net/gocblobsnapshotifnonematchtrue?restype=container
    method: PUT
  response:
    body: ""
    headers:
      Content-Length:
      - "0"
      Date:
      - Fri, 18 Jun 2021 04:32:21 GMT
      Etag:
      - '"0x8D9321210DC2962"'
      Last-Modified:
      - Fri, 18 Jun 2021 04:32:22 GMT
      Server:
      - Windows-Azure-Blob/1.0 Microsoft-HTTPAPI/2.0
      X-Ms-Request-Id:
      - 494474f9-401e-0028-41fa-63411e000000
      X-Ms-Version:
      - "2019-12-12"
    status: 201 Created
    code: 201
    duration: ""
- request:
    body: GoBlockBlobData
    form: {}
    headers:
      Accept:
      - application/xml
      Authorization:
      - sanitized
      Content-Length:
      - "15"
      Content-Type:
      - application/octet-stream
      User-Agent:
      - azsdk-go-generated/<version> azsdk-go-generated/<version> azcore/v0.16.2 (go1.15;
        Windows_NT)
      X-Ms-Blob-Type:
      - BlockBlob
      X-Ms-Date:
      - Fri, 18 Jun 2021 04:32:23 GMT
      X-Ms-Version:
      - "2019-12-12"
    url: https://azureblobstoragecanada.blob.core.windows.net/gocblobsnapshotifnonematchtrue/gotestblobblobsnapshotifnonematchtrue
    method: PUT
  response:
    body: ""
    headers:
      Content-Length:
      - "0"
      Content-Md5:
      - ebncwguMQu9sgPmr0GazhA==
      Date:
      - Fri, 18 Jun 2021 04:32:22 GMT
      Etag:
      - '"0x8D932121100D998"'
      Last-Modified:
      - Fri, 18 Jun 2021 04:32:22 GMT
      Server:
      - Windows-Azure-Blob/1.0 Microsoft-HTTPAPI/2.0
      X-Ms-Content-Crc64:
      - +JGsS7CR5kg=
      X-Ms-Request-Id:
      - 49447580-401e-0028-30fa-63411e000000
      X-Ms-Request-Server-Encrypted:
      - "true"
      X-Ms-Version:
      - "2019-12-12"
      X-Ms-Version-Id:
      - "2021-06-18T04:32:22.5704344Z"
    status: 201 Created
    code: 201
    duration: ""
- request:
    body: ""
    form: {}
    headers:
      Accept:
      - application/xml
      Authorization:
      - sanitized
      If-None-Match:
      - garbage
      User-Agent:
      - azsdk-go-generated/<version> azsdk-go-generated/<version> azcore/v0.16.2 (go1.15;
        Windows_NT)
      X-Ms-Date:
      - Fri, 18 Jun 2021 04:32:23 GMT
      X-Ms-Version:
      - "2019-12-12"
    url: https://azureblobstoragecanada.blob.core.windows.net/gocblobsnapshotifnonematchtrue/gotestblobblobsnapshotifnonematchtrue?comp=snapshot
    method: PUT
  response:
    body: ""
    headers:
      Content-Length:
      - "0"
      Date:
      - Fri, 18 Jun 2021 04:32:22 GMT
      Etag:
      - '"0x8D932121100D998"'
      Last-Modified:
      - Fri, 18 Jun 2021 04:32:22 GMT
      Server:
      - Windows-Azure-Blob/1.0 Microsoft-HTTPAPI/2.0
      X-Ms-Request-Id:
      - 49447615-401e-0028-33fa-63411e000000
      X-Ms-Request-Server-Encrypted:
      - "false"
      X-Ms-Snapshot:
      - "2021-06-18T04:32:22.9147204Z"
      X-Ms-Version:
      - "2019-12-12"
      X-Ms-Version-Id:
      - "2021-06-18T04:32:22.9157204Z"
    status: 201 Created
    code: 201
    duration: ""
- request:
    body: ""
    form: {}
    headers:
      Accept:
      - application/xml
      Authorization:
      - sanitized
      User-Agent:
      - azsdk-go-generated/<version> azsdk-go-generated/<version> azcore/v0.16.2 (go1.15;
        Windows_NT)
      X-Ms-Date:
      - Fri, 18 Jun 2021 04:32:23 GMT
      X-Ms-Version:
      - "2019-12-12"
    url: https://azureblobstoragecanada.blob.core.windows.net/gocblobsnapshotifnonematchtrue?restype=container
    method: DELETE
  response:
    body: ""
    headers:
      Content-Length:
      - "0"
      Date:
      - Fri, 18 Jun 2021 04:32:22 GMT
      Server:
      - Windows-Azure-Blob/1.0 Microsoft-HTTPAPI/2.0
      X-Ms-Request-Id:
      - 4944769c-401e-0028-25fa-63411e000000
      X-Ms-Version:
      - "2019-12-12"
    status: 202 Accepted
    code: 202
    duration: ""
