---
version: 1
interactions:
- request:
    body: ""
    form: {}
    headers:
      Accept:
      - application/xml
      Authorization:
      - sanitized
      User-Agent:
      - azsdk-go-azblob/v0.4.1 (go1.18; Windows_NT)
      X-Ms-Date:
      - Fri, 13 May 2022 00:21:50 GMT
      X-Ms-Version:
      - "2020-10-02"
    url: https://jhendrixstorage1.blob.core.windows.net/gocblobstartcopysourceifunmodifiedsincetrue?restype=container
    method: PUT
  response:
    body: ""
    headers:
      Content-Length:
      - "0"
      Date:
      - Fri, 13 May 2022 00:21:50 GMT
      Etag:
      - '"0x8DA3476936AF782"'
      Last-Modified:
      - Fri, 13 May 2022 00:21:51 GMT
      Server:
      - Windows-Azure-Blob/1.0 Microsoft-HTTPAPI/2.0
      X-Ms-Request-Id:
      - 83176824-301e-0046-5e5f-663fbd000000
      X-Ms-Version:
      - "2020-10-02"
    status: 201 Created
    code: 201
    duration: ""
- request:
    body: GoBlockBlobData
    form: {}
    headers:
      Accept:
      - application/xml
      Authorization:
      - sanitized
      Content-Length:
      - "15"
      Content-Type:
      - application/octet-stream
      User-Agent:
      - azsdk-go-azblob/v0.4.1 (go1.18; Windows_NT)
      X-Ms-Blob-Type:
      - BlockBlob
      X-Ms-Date:
      - Fri, 13 May 2022 00:21:50 GMT
      X-Ms-Version:
      - "2020-10-02"
    url: https://jhendrixstorage1.blob.core.windows.net/gocblobstartcopysourceifunmodifiedsincetrue/gotestblobblobstartcopysourceifunmodifiedsincetrue
    method: PUT
  response:
    body: ""
    headers:
      Content-Length:
      - "0"
      Content-Md5:
      - ebncwguMQu9sgPmr0GazhA==
      Date:
      - Fri, 13 May 2022 00:21:50 GMT
      Etag:
      - '"0x8DA347693774398"'
      Last-Modified:
      - Fri, 13 May 2022 00:21:51 GMT
      Server:
      - Windows-Azure-Blob/1.0 Microsoft-HTTPAPI/2.0
      X-Ms-Content-Crc64:
      - +JGsS7CR5kg=
      X-Ms-Request-Id:
      - 83176841-301e-0046-7a5f-663fbd000000
      X-Ms-Request-Server-Encrypted:
      - "true"
      X-Ms-Version:
      - "2020-10-02"
    status: 201 Created
    code: 201
    duration: ""
- request:
    body: ""
    form: {}
    headers:
      Accept:
      - application/xml
      Authorization:
      - sanitized
      User-Agent:
      - azsdk-go-azblob/v0.4.1 (go1.18; Windows_NT)
      X-Ms-Copy-Source:
      - https://jhendrixstorage1.blob.core.windows.net/gocblobstartcopysourceifunmodifiedsincetrue/gotestblobblobstartcopysourceifunmodifiedsincetrue
      X-Ms-Date:
      - Fri, 13 May 2022 00:21:51 GMT
      X-Ms-Source-If-Unmodified-Since:
      - Fri, 13 May 2022 00:22:00 GMT
      X-Ms-Version:
      - "2020-10-02"
    url: https://jhendrixstorage1.blob.core.windows.net/gocblobstartcopysourceifunmodifiedsincetrue/dstgotestblobblobstartcopysourceifunmodifiedsincetrue
    method: PUT
  response:
    body: ""
    headers:
      Content-Length:
      - "0"
      Date:
      - Fri, 13 May 2022 00:21:50 GMT
      Etag:
      - '"0x8DA3476937B88A2"'
      Last-Modified:
      - Fri, 13 May 2022 00:21:51 GMT
      Server:
      - Windows-Azure-Blob/1.0 Microsoft-HTTPAPI/2.0
      X-Ms-Copy-Id:
      - 2bfd77ce-9612-45d2-8dd4-8862eac94928
      X-Ms-Copy-Status:
      - success
      X-Ms-Request-Id:
      - 83176887-301e-0046-3b5f-663fbd000000
      X-Ms-Version:
      - "2020-10-02"
    status: 202 Accepted
    code: 202
    duration: ""
- request:
    body: ""
    form: {}
    headers:
      Accept:
      - application/xml
      Authorization:
      - sanitized
      User-Agent:
      - azsdk-go-azblob/v0.4.1 (go1.18; Windows_NT)
      X-Ms-Date:
      - Fri, 13 May 2022 00:21:51 GMT
      X-Ms-Version:
      - "2020-10-02"
    url: https://jhendrixstorage1.blob.core.windows.net/gocblobstartcopysourceifunmodifiedsincetrue/dstgotestblobblobstartcopysourceifunmodifiedsincetrue
    method: HEAD
  response:
    body: ""
    headers:
      Accept-Ranges:
      - bytes
      Content-Length:
      - "15"
      Content-Md5:
      - ebncwguMQu9sgPmr0GazhA==
      Content-Type:
      - application/octet-stream
      Date:
      - Fri, 13 May 2022 00:21:50 GMT
      Etag:
      - '"0x8DA3476937B88A2"'
      Last-Modified:
      - Fri, 13 May 2022 00:21:51 GMT
      Server:
      - Windows-Azure-Blob/1.0 Microsoft-HTTPAPI/2.0
      X-Ms-Access-Tier:
      - Hot
      X-Ms-Access-Tier-Inferred:
      - "true"
      X-Ms-Blob-Type:
      - BlockBlob
      X-Ms-Copy-Completion-Time:
      - Fri, 13 May 2022 00:21:51 GMT
      X-Ms-Copy-Id:
      - 2bfd77ce-9612-45d2-8dd4-8862eac94928
      X-Ms-Copy-Progress:
      - 15/15
      X-Ms-Copy-Source:
      - https://jhendrixstorage1.blob.core.windows.net/gocblobstartcopysourceifunmodifiedsincetrue/gotestblobblobstartcopysourceifunmodifiedsincetrue
      X-Ms-Copy-Status:
      - success
      X-Ms-Creation-Time:
      - Fri, 13 May 2022 00:21:51 GMT
      X-Ms-Lease-State:
      - available
      X-Ms-Lease-Status:
      - unlocked
      X-Ms-Request-Id:
      - 83176894-301e-0046-485f-663fbd000000
      X-Ms-Server-Encrypted:
      - "true"
      X-Ms-Version:
      - "2020-10-02"
    status: 200 OK
    code: 200
    duration: ""
- request:
    body: ""
    form: {}
    headers:
      Accept:
      - application/xml
      Authorization:
      - sanitized
      User-Agent:
      - azsdk-go-azblob/v0.4.1 (go1.18; Windows_NT)
      X-Ms-Date:
      - Fri, 13 May 2022 00:21:51 GMT
      X-Ms-Version:
      - "2020-10-02"
    url: https://jhendrixstorage1.blob.core.windows.net/gocblobstartcopysourceifunmodifiedsincetrue?restype=container
    method: DELETE
  response:
    body: ""
    headers:
      Content-Length:
      - "0"
      Date:
      - Fri, 13 May 2022 00:21:50 GMT
      Server:
      - Windows-Azure-Blob/1.0 Microsoft-HTTPAPI/2.0
      X-Ms-Request-Id:
      - 831768a5-301e-0046-595f-663fbd000000
      X-Ms-Version:
      - "2020-10-02"
    status: 202 Accepted
    code: 202
    duration: ""
