---
version: 1
interactions:
- request:
    body: ""
    form: {}
    headers:
      Accept:
      - application/xml
      Authorization:
      - sanitized
      User-Agent:
      - azsdk-go-azblob/v0.4.1 azsdk-go-azcore/v0.23.0 (go1.18.1; Windows_NT)
      X-Ms-Date:
      - Tue, 10 May 2022 08:42:50 GMT
      X-Ms-Version:
      - "2020-10-02"
    url: https://azureblobstoragecanada.blob.core.windows.net/gocblobdeleteifmodifiedsincetrue?restype=container
    method: PUT
  response:
    body: ""
    headers:
      Content-Length:
      - "0"
      Date:
      - Tue, 10 May 2022 08:42:46 GMT
      Etag:
      - '"0x8DA32610EFDB096"'
      Last-Modified:
      - Tue, 10 May 2022 08:42:47 GMT
      Server:
      - Windows-Azure-Blob/1.0 Microsoft-HTTPAPI/2.0
      X-Ms-Request-Id:
      - 408c43fb-f01e-0003-4849-646e1c000000
      X-Ms-Version:
      - "2020-10-02"
    status: 201 Created
    code: 201
    duration: ""
- request:
    body: GoBlockBlobData
    form: {}
    headers:
      Accept:
      - application/xml
      Authorization:
      - sanitized
      Content-Length:
      - "15"
      Content-Type:
      - application/octet-stream
      User-Agent:
      - azsdk-go-azblob/v0.4.1 azsdk-go-azcore/v0.23.0 (go1.18.1; Windows_NT)
      X-Ms-Blob-Type:
      - BlockBlob
      X-Ms-Date:
      - Tue, 10 May 2022 08:42:50 GMT
      X-Ms-Version:
      - "2020-10-02"
    url: https://azureblobstoragecanada.blob.core.windows.net/gocblobdeleteifmodifiedsincetrue/gotestblobblobdeleteifmodifiedsincetrue
    method: PUT
  response:
    body: ""
    headers:
      Content-Length:
      - "0"
      Content-Md5:
      - ebncwguMQu9sgPmr0GazhA==
      Date:
      - Tue, 10 May 2022 08:42:46 GMT
      Etag:
      - '"0x8DA32610F2B3192"'
      Last-Modified:
      - Tue, 10 May 2022 08:42:47 GMT
      Server:
      - Windows-Azure-Blob/1.0 Microsoft-HTTPAPI/2.0
      X-Ms-Content-Crc64:
      - +JGsS7CR5kg=
      X-Ms-Request-Id:
      - 408c44ac-f01e-0003-6949-646e1c000000
      X-Ms-Request-Server-Encrypted:
      - "true"
      X-Ms-Version:
      - "2020-10-02"
      X-Ms-Version-Id:
      - "2022-05-10T08:42:47.4051986Z"
    status: 201 Created
    code: 201
    duration: ""
- request:
    body: ""
    form: {}
    headers:
      Accept:
      - application/xml
      Authorization:
      - sanitized
      If-Modified-Since:
      - Tue, 10 May 2022 08:42:36 GMT
      User-Agent:
      - azsdk-go-azblob/v0.4.1 azsdk-go-azcore/v0.23.0 (go1.18.1; Windows_NT)
      X-Ms-Date:
      - Tue, 10 May 2022 08:42:51 GMT
      X-Ms-Version:
      - "2020-10-02"
    url: https://azureblobstoragecanada.blob.core.windows.net/gocblobdeleteifmodifiedsincetrue/gotestblobblobdeleteifmodifiedsincetrue
    method: DELETE
  response:
    body: ""
    headers:
      Content-Length:
      - "0"
      Date:
      - Tue, 10 May 2022 08:42:46 GMT
      Server:
      - Windows-Azure-Blob/1.0 Microsoft-HTTPAPI/2.0
      X-Ms-Delete-Type-Permanent:
      - "false"
      X-Ms-Request-Id:
      - 408c459a-f01e-0003-3e49-646e1c000000
      X-Ms-Version:
      - "2020-10-02"
    status: 202 Accepted
    code: 202
    duration: ""
- request:
    body: ""
    form: {}
    headers:
      Accept:
      - application/xml
      Authorization:
      - sanitized
      User-Agent:
      - azsdk-go-azblob/v0.4.1 azsdk-go-azcore/v0.23.0 (go1.18.1; Windows_NT)
      X-Ms-Date:
      - Tue, 10 May 2022 08:42:51 GMT
      X-Ms-Version:
      - "2020-10-02"
    url: https://azureblobstoragecanada.blob.core.windows.net/gocblobdeleteifmodifiedsincetrue/gotestblobblobdeleteifmodifiedsincetrue
    method: HEAD
  response:
    body: ""
    headers:
      Date:
      - Tue, 10 May 2022 08:42:47 GMT
      Server:
      - Windows-Azure-Blob/1.0 Microsoft-HTTPAPI/2.0
      X-Ms-Error-Code:
      - BlobNotFound
      X-Ms-Request-Id:
      - 408c464d-f01e-0003-6349-646e1c000000
      X-Ms-Version:
      - "2020-10-02"
    status: 404 The specified blob does not exist.
    code: 404
    duration: ""
- request:
    body: ""
    form: {}
    headers:
      Accept:
      - application/xml
      Authorization:
      - sanitized
      User-Agent:
      - azsdk-go-azblob/v0.4.1 azsdk-go-azcore/v0.23.0 (go1.18.1; Windows_NT)
      X-Ms-Date:
      - Tue, 10 May 2022 08:42:51 GMT
      X-Ms-Version:
      - "2020-10-02"
    url: https://azureblobstoragecanada.blob.core.windows.net/gocblobdeleteifmodifiedsincetrue?restype=container
    method: DELETE
  response:
    body: ""
    headers:
      Content-Length:
      - "0"
      Date:
      - Tue, 10 May 2022 08:42:47 GMT
      Server:
      - Windows-Azure-Blob/1.0 Microsoft-HTTPAPI/2.0
      X-Ms-Request-Id:
      - 408c4762-f01e-0003-6449-646e1c000000
      X-Ms-Version:
      - "2020-10-02"
    status: 202 Accepted
    code: 202
    duration: ""
