---
version: 1
interactions:
- request:
    body: ""
    form: {}
    headers:
      Accept:
      - application/xml
      Authorization:
      - sanitized
      User-Agent:
      - azsdk-go-azblob/v0.4.1 (go1.18; Windows_NT)
      X-Ms-Date:
      - Fri, 13 May 2022 00:21:29 GMT
      X-Ms-Version:
      - "2020-10-02"
    url: https://jhendrixstorage1.blob.core.windows.net/gocblobputblocklistmodifyblob?restype=container
    method: PUT
  response:
    body: ""
    headers:
      Content-Length:
      - "0"
      Date:
      - Fri, 13 May 2022 00:21:28 GMT
      Etag:
      - '"0x8DA347686B5D128"'
      Last-Modified:
      - Fri, 13 May 2022 00:21:29 GMT
      Server:
      - Windows-Azure-Blob/1.0 Microsoft-HTTPAPI/2.0
      X-Ms-Request-Id:
      - 831739a6-301e-0046-5c5f-663fbd000000
      X-Ms-Version:
      - "2020-10-02"
    status: 201 Created
    code: 201
    duration: ""
- request:
    body: GoBlockBlobData
    form: {}
    headers:
      Accept:
      - application/xml
      Authorization:
      - sanitized
      Content-Length:
      - "15"
      Content-Type:
      - application/octet-stream
      User-Agent:
      - azsdk-go-azblob/v0.4.1 (go1.18; Windows_NT)
      X-Ms-Date:
      - Fri, 13 May 2022 00:21:29 GMT
      X-Ms-Version:
      - "2020-10-02"
    url: https://jhendrixstorage1.blob.core.windows.net/gocblobputblocklistmodifyblob/gotestblobblobputblocklistmodifyblob?blockid=AAAAAA%3D%3D&comp=block
    method: PUT
  response:
    body: ""
    headers:
      Content-Length:
      - "0"
      Date:
      - Fri, 13 May 2022 00:21:29 GMT
      Server:
      - Windows-Azure-Blob/1.0 Microsoft-HTTPAPI/2.0
      X-Ms-Content-Crc64:
      - +JGsS7CR5kg=
      X-Ms-Request-Id:
      - 831739b1-301e-0046-645f-663fbd000000
      X-Ms-Request-Server-Encrypted:
      - "true"
      X-Ms-Version:
      - "2020-10-02"
    status: 201 Created
    code: 201
    duration: ""
- request:
    body: |-
      <?xml version="1.0" encoding="UTF-8"?>
      <BlockList><Latest>AAAAAA==</Latest></BlockList>
    form: {}
    headers:
      Accept:
      - application/xml
      Authorization:
      - sanitized
      Content-Length:
      - "87"
      Content-Type:
      - application/xml
      User-Agent:
      - azsdk-go-azblob/v0.4.1 (go1.18; Windows_NT)
      X-Ms-Date:
      - Fri, 13 May 2022 00:21:29 GMT
      X-Ms-Version:
      - "2020-10-02"
    url: https://jhendrixstorage1.blob.core.windows.net/gocblobputblocklistmodifyblob/gotestblobblobputblocklistmodifyblob?comp=blocklist
    method: PUT
  response:
    body: ""
    headers:
      Content-Length:
      - "0"
      Date:
      - Fri, 13 May 2022 00:21:29 GMT
      Etag:
      - '"0x8DA347686CD0F61"'
      Last-Modified:
      - Fri, 13 May 2022 00:21:29 GMT
      Server:
      - Windows-Azure-Blob/1.0 Microsoft-HTTPAPI/2.0
      X-Ms-Content-Crc64:
      - +4yvd89kHyE=
      X-Ms-Request-Id:
      - 831739d9-301e-0046-065f-663fbd000000
      X-Ms-Request-Server-Encrypted:
      - "true"
      X-Ms-Version:
      - "2020-10-02"
    status: 201 Created
    code: 201
    duration: ""
- request:
    body: new data
    form: {}
    headers:
      Accept:
      - application/xml
      Authorization:
      - sanitized
      Content-Length:
      - "8"
      Content-Type:
      - application/octet-stream
      User-Agent:
      - azsdk-go-azblob/v0.4.1 (go1.18; Windows_NT)
      X-Ms-Date:
      - Fri, 13 May 2022 00:21:29 GMT
      X-Ms-Version:
      - "2020-10-02"
    url: https://jhendrixstorage1.blob.core.windows.net/gocblobputblocklistmodifyblob/gotestblobblobputblocklistmodifyblob?blockid=0001&comp=block
    method: PUT
  response:
    body: ""
    headers:
      Content-Length:
      - "0"
      Date:
      - Fri, 13 May 2022 00:21:29 GMT
      Server:
      - Windows-Azure-Blob/1.0 Microsoft-HTTPAPI/2.0
      X-Ms-Content-Crc64:
      - VSNMrn6xOlE=
      X-Ms-Request-Id:
      - 83173a01-301e-0046-295f-663fbd000000
      X-Ms-Request-Server-Encrypted:
      - "true"
      X-Ms-Version:
      - "2020-10-02"
    status: 201 Created
    code: 201
    duration: ""
- request:
    body: new data
    form: {}
    headers:
      Accept:
      - application/xml
      Authorization:
      - sanitized
      Content-Length:
      - "8"
      Content-Type:
      - application/octet-stream
      User-Agent:
      - azsdk-go-azblob/v0.4.1 (go1.18; Windows_NT)
      X-Ms-Date:
      - Fri, 13 May 2022 00:21:29 GMT
      X-Ms-Version:
      - "2020-10-02"
    url: https://jhendrixstorage1.blob.core.windows.net/gocblobputblocklistmodifyblob/gotestblobblobputblocklistmodifyblob?blockid=0010&comp=block
    method: PUT
  response:
    body: ""
    headers:
      Content-Length:
      - "0"
      Date:
      - Fri, 13 May 2022 00:21:29 GMT
      Server:
      - Windows-Azure-Blob/1.0 Microsoft-HTTPAPI/2.0
      X-Ms-Content-Crc64:
      - VSNMrn6xOlE=
      X-Ms-Request-Id:
      - 83173a2b-301e-0046-505f-663fbd000000
      X-Ms-Request-Server-Encrypted:
      - "true"
      X-Ms-Version:
      - "2020-10-02"
    status: 201 Created
    code: 201
    duration: ""
- request:
    body: new data
    form: {}
    headers:
      Accept:
      - application/xml
      Authorization:
      - sanitized
      Content-Length:
      - "8"
      Content-Type:
      - application/octet-stream
      User-Agent:
      - azsdk-go-azblob/v0.4.1 (go1.18; Windows_NT)
      X-Ms-Date:
      - Fri, 13 May 2022 00:21:29 GMT
      X-Ms-Version:
      - "2020-10-02"
    url: https://jhendrixstorage1.blob.core.windows.net/gocblobputblocklistmodifyblob/gotestblobblobputblocklistmodifyblob?blockid=0011&comp=block
    method: PUT
  response:
    body: ""
    headers:
      Content-Length:
      - "0"
      Date:
      - Fri, 13 May 2022 00:21:29 GMT
      Server:
      - Windows-Azure-Blob/1.0 Microsoft-HTTPAPI/2.0
      X-Ms-Content-Crc64:
      - VSNMrn6xOlE=
      X-Ms-Request-Id:
      - 83173a59-301e-0046-795f-663fbd000000
      X-Ms-Request-Server-Encrypted:
      - "true"
      X-Ms-Version:
      - "2020-10-02"
    status: 201 Created
    code: 201
    duration: ""
- request:
    body: new data
    form: {}
    headers:
      Accept:
      - application/xml
      Authorization:
      - sanitized
      Content-Length:
      - "8"
      Content-Type:
      - application/octet-stream
      User-Agent:
      - azsdk-go-azblob/v0.4.1 (go1.18; Windows_NT)
      X-Ms-Date:
      - Fri, 13 May 2022 00:21:30 GMT
      X-Ms-Version:
      - "2020-10-02"
    url: https://jhendrixstorage1.blob.core.windows.net/gocblobputblocklistmodifyblob/gotestblobblobputblocklistmodifyblob?blockid=0100&comp=block
    method: PUT
  response:
    body: ""
    headers:
      Content-Length:
      - "0"
      Date:
      - Fri, 13 May 2022 00:21:29 GMT
      Server:
      - Windows-Azure-Blob/1.0 Microsoft-HTTPAPI/2.0
      X-Ms-Content-Crc64:
      - VSNMrn6xOlE=
      X-Ms-Request-Id:
      - 83173a96-301e-0046-315f-663fbd000000
      X-Ms-Request-Server-Encrypted:
      - "true"
      X-Ms-Version:
      - "2020-10-02"
    status: 201 Created
    code: 201
    duration: ""
- request:
    body: |-
      <?xml version="1.0" encoding="UTF-8"?>
      <BlockList><Latest>0001</Latest><Latest>0011</Latest></BlockList>
    form: {}
    headers:
      Accept:
      - application/xml
      Authorization:
      - sanitized
      Content-Length:
      - "104"
      Content-Type:
      - application/xml
      User-Agent:
      - azsdk-go-azblob/v0.4.1 (go1.18; Windows_NT)
      X-Ms-Date:
      - Fri, 13 May 2022 00:21:30 GMT
      X-Ms-Version:
      - "2020-10-02"
    url: https://jhendrixstorage1.blob.core.windows.net/gocblobputblocklistmodifyblob/gotestblobblobputblocklistmodifyblob?comp=blocklist
    method: PUT
  response:
    body: ""
    headers:
      Content-Length:
      - "0"
      Date:
      - Fri, 13 May 2022 00:21:29 GMT
      Etag:
      - '"0x8DA34768706660A"'
      Last-Modified:
      - Fri, 13 May 2022 00:21:30 GMT
      Server:
      - Windows-Azure-Blob/1.0 Microsoft-HTTPAPI/2.0
      X-Ms-Content-Crc64:
      - 4g61k1nSHok=
      X-Ms-Request-Id:
      - 83173ac4-301e-0046-575f-663fbd000000
      X-Ms-Request-Server-Encrypted:
      - "true"
      X-Ms-Version:
      - "2020-10-02"
    status: 201 Created
    code: 201
    duration: ""
- request:
    body: ""
    form: {}
    headers:
      Accept:
      - application/xml
      Authorization:
      - sanitized
      User-Agent:
      - azsdk-go-azblob/v0.4.1 (go1.18; Windows_NT)
      X-Ms-Date:
      - Fri, 13 May 2022 00:21:30 GMT
      X-Ms-Version:
      - "2020-10-02"
    url: https://jhendrixstorage1.blob.core.windows.net/gocblobputblocklistmodifyblob/gotestblobblobputblocklistmodifyblob?blocklisttype=all&comp=blocklist
    method: GET
  response:
    body: "\uFEFF\x3C\x3F\x78\x6D\x6C\x20\x76\x65\x72\x73\x69\x6F\x6E\x3D\"\x31\x2E\x30\"\x20\x65\x6E\x63\x6F\x64\x69\x6E\x67\x3D\"\x75\x74\x66\x2D\x38\"\x3F\x3E\x3C\x42\x6C\x6F\x63\x6B\x4C\x69\x73\x74\x3E\x3C\x43\x6F\x6D\x6D\x69\x74\x74\x65\x64\x42\x6C\x6F\x63\x6B\x73\x3E\x3C\x42\x6C\x6F\x63\x6B\x3E\x3C\x4E\x61\x6D\x65\x3E\x30\x30\x30\x31\x3C\x2F\x4E\x61\x6D\x65\x3E\x3C\x53\x69\x7A\x65\x3E\x38\x3C\x2F\x53\x69\x7A\x65\x3E\x3C\x2F\x42\x6C\x6F\x63\x6B\x3E\x3C\x42\x6C\x6F\x63\x6B\x3E\x3C\x4E\x61\x6D\x65\x3E\x30\x30\x31\x31\x3C\x2F\x4E\x61\x6D\x65\x3E\x3C\x53\x69\x7A\x65\x3E\x38\x3C\x2F\x53\x69\x7A\x65\x3E\x3C\x2F\x42\x6C\x6F\x63\x6B\x3E\x3C\x2F\x43\x6F\x6D\x6D\x69\x74\x74\x65\x64\x42\x6C\x6F\x63\x6B\x73\x3E\x3C\x55\x6E\x63\x6F\x6D\x6D\x69\x74\x74\x65\x64\x42\x6C\x6F\x63\x6B\x73\x20\x2F\x3E\x3C\x2F\x42\x6C\x6F\x63\x6B\x4C\x69\x73\x74\x3E"
    headers:
      Content-Type:
      - application/xml
      Date:
      - Fri, 13 May 2022 00:21:29 GMT
      Etag:
      - '"0x8DA34768706660A"'
      Last-Modified:
      - Fri, 13 May 2022 00:21:30 GMT
      Server:
      - Windows-Azure-Blob/1.0 Microsoft-HTTPAPI/2.0
      X-Ms-Blob-Content-Length:
      - "16"
      X-Ms-Request-Id:
      - 83173aee-301e-0046-7c5f-663fbd000000
      X-Ms-Version:
      - "2020-10-02"
    status: 200 OK
    code: 200
    duration: ""
- request:
    body: ""
    form: {}
    headers:
      Accept:
      - application/xml
      Authorization:
      - sanitized
      User-Agent:
      - azsdk-go-azblob/v0.4.1 (go1.18; Windows_NT)
      X-Ms-Date:
      - Fri, 13 May 2022 00:21:30 GMT
      X-Ms-Version:
      - "2020-10-02"
    url: https://jhendrixstorage1.blob.core.windows.net/gocblobputblocklistmodifyblob?restype=container
    method: DELETE
  response:
    body: ""
    headers:
      Content-Length:
      - "0"
      Date:
      - Fri, 13 May 2022 00:21:29 GMT
      Server:
      - Windows-Azure-Blob/1.0 Microsoft-HTTPAPI/2.0
      X-Ms-Request-Id:
      - 83173af2-301e-0046-805f-663fbd000000
      X-Ms-Version:
      - "2020-10-02"
    status: 202 Accepted
    code: 202
    duration: ""
