---
version: 1
interactions:
- request:
    body: ""
    form: {}
    headers:
      Accept:
      - application/xml
      Authorization:
      - sanitized
      User-Agent:
      - azsdk-go-azblob/v0.1 azsdk-go-azblob/v0.1 azcore/v0.16.2 (go1.17; Windows_NT)
      X-Ms-Date:
      - Tue, 07 Sep 2021 17:25:01 GMT
      X-Ms-Version:
      - "2019-12-12"
    url: https://azureblobstoragecanada.blob.core.windows.net/gocblobstartcopysourceifunmodifiedsincetrue?restype=container
    method: PUT
  response:
    body: ""
    headers:
      Content-Length:
      - "0"
      Date:
      - Tue, 07 Sep 2021 17:25:01 GMT
      Etag:
      - '"0x8D972246CD07388"'
      Last-Modified:
      - Tue, 07 Sep 2021 17:25:01 GMT
      Server:
      - Windows-Azure-Blob/1.0 Microsoft-HTTPAPI/2.0
      X-Ms-Request-Id:
      - 49097bdc-d01e-0040-3e0d-a41f4f000000
      X-Ms-Version:
      - "2019-12-12"
    status: 201 Created
    code: 201
    duration: ""
- request:
    body: GoBlockBlobData
    form: {}
    headers:
      Accept:
      - application/xml
      Authorization:
      - sanitized
      Content-Length:
      - "15"
      Content-Type:
      - application/octet-stream
      User-Agent:
      - azsdk-go-azblob/v0.1 azsdk-go-azblob/v0.1 azcore/v0.16.2 (go1.17; Windows_NT)
      X-Ms-Blob-Type:
      - BlockBlob
      X-Ms-Date:
      - Tue, 07 Sep 2021 17:25:01 GMT
      X-Ms-Version:
      - "2019-12-12"
    url: https://azureblobstoragecanada.blob.core.windows.net/gocblobstartcopysourceifunmodifiedsincetrue/gotestblobblobstartcopysourceifunmodifiedsincetrue
    method: PUT
  response:
    body: ""
    headers:
      Content-Length:
      - "0"
      Content-Md5:
      - ebncwguMQu9sgPmr0GazhA==
      Date:
      - Tue, 07 Sep 2021 17:25:01 GMT
      Etag:
      - '"0x8D972246CF558BA"'
      Last-Modified:
      - Tue, 07 Sep 2021 17:25:02 GMT
      Server:
      - Windows-Azure-Blob/1.0 Microsoft-HTTPAPI/2.0
      X-Ms-Content-Crc64:
      - +JGsS7CR5kg=
      X-Ms-Request-Id:
      - 49097c65-d01e-0040-300d-a41f4f000000
      X-Ms-Request-Server-Encrypted:
      - "true"
      X-Ms-Version:
      - "2019-12-12"
      X-Ms-Version-Id:
      - "2021-09-07T17:25:02.2043322Z"
    status: 201 Created
    code: 201
    duration: ""
- request:
    body: ""
    form: {}
    headers:
      Accept:
      - application/xml
      Authorization:
      - sanitized
      User-Agent:
      - azsdk-go-azblob/v0.1 azsdk-go-azblob/v0.1 azcore/v0.16.2 (go1.17; Windows_NT)
      X-Ms-Copy-Source:
      - https://azureblobstoragecanada.blob.core.windows.net/gocblobstartcopysourceifunmodifiedsincetrue/gotestblobblobstartcopysourceifunmodifiedsincetrue
      X-Ms-Date:
      - Tue, 07 Sep 2021 17:25:02 GMT
      X-Ms-Source-If-Unmodified-Since:
      - Tue, 07 Sep 2021 17:25:11 GMT
      X-Ms-Version:
      - "2019-12-12"
    url: https://azureblobstoragecanada.blob.core.windows.net/gocblobstartcopysourceifunmodifiedsincetrue/dstgotestblobblobstartcopysourceifunmodifiedsincetrue
    method: PUT
  response:
    body: ""
    headers:
      Content-Length:
      - "0"
      Date:
      - Tue, 07 Sep 2021 17:25:01 GMT
      Etag:
      - '"0x8D972246D1B1142"'
      Last-Modified:
      - Tue, 07 Sep 2021 17:25:02 GMT
      Server:
      - Windows-Azure-Blob/1.0 Microsoft-HTTPAPI/2.0
      X-Ms-Copy-Id:
      - 49913cf2-4fcc-441a-95db-6e61bee4a1a2
      X-Ms-Copy-Status:
      - success
      X-Ms-Request-Id:
      - 49097cf0-d01e-0040-2f0d-a41f4f000000
      X-Ms-Version:
      - "2019-12-12"
      X-Ms-Version-Id:
      - "2021-09-07T17:25:02.4515394Z"
    status: 202 Accepted
    code: 202
    duration: ""
- request:
    body: ""
    form: {}
    headers:
      Accept:
      - application/xml
      Authorization:
      - sanitized
      User-Agent:
      - azsdk-go-azblob/v0.1 azsdk-go-azblob/v0.1 azcore/v0.16.2 (go1.17; Windows_NT)
      X-Ms-Date:
      - Tue, 07 Sep 2021 17:25:02 GMT
      X-Ms-Version:
      - "2019-12-12"
    url: https://azureblobstoragecanada.blob.core.windows.net/gocblobstartcopysourceifunmodifiedsincetrue/dstgotestblobblobstartcopysourceifunmodifiedsincetrue
    method: HEAD
  response:
    body: ""
    headers:
      Accept-Ranges:
      - bytes
      Content-Length:
      - "15"
      Content-Md5:
      - ebncwguMQu9sgPmr0GazhA==
      Content-Type:
      - application/octet-stream
      Date:
      - Tue, 07 Sep 2021 17:25:02 GMT
      Etag:
      - '"0x8D972246D1B1142"'
      Last-Modified:
      - Tue, 07 Sep 2021 17:25:02 GMT
      Server:
      - Windows-Azure-Blob/1.0 Microsoft-HTTPAPI/2.0
      X-Ms-Access-Tier:
      - Hot
      X-Ms-Access-Tier-Inferred:
      - "true"
      X-Ms-Blob-Type:
      - BlockBlob
      X-Ms-Copy-Completion-Time:
      - Tue, 07 Sep 2021 17:25:02 GMT
      X-Ms-Copy-Id:
      - 49913cf2-4fcc-441a-95db-6e61bee4a1a2
      X-Ms-Copy-Progress:
      - 15/15
      X-Ms-Copy-Source:
      - https://azureblobstoragecanada.blob.core.windows.net/gocblobstartcopysourceifunmodifiedsincetrue/gotestblobblobstartcopysourceifunmodifiedsincetrue
      X-Ms-Copy-Status:
      - success
      X-Ms-Creation-Time:
      - Tue, 07 Sep 2021 17:25:02 GMT
      X-Ms-Is-Current-Version:
      - "true"
      X-Ms-Lease-State:
      - available
      X-Ms-Lease-Status:
      - unlocked
      X-Ms-Request-Id:
      - 49097d7a-d01e-0040-280d-a41f4f000000
      X-Ms-Server-Encrypted:
      - "true"
      X-Ms-Version:
      - "2019-12-12"
      X-Ms-Version-Id:
      - "2021-09-07T17:25:02.4515394Z"
    status: 200 OK
    code: 200
    duration: ""
- request:
    body: ""
    form: {}
    headers:
      Accept:
      - application/xml
      Authorization:
      - sanitized
      User-Agent:
      - azsdk-go-azblob/v0.1 azsdk-go-azblob/v0.1 azcore/v0.16.2 (go1.17; Windows_NT)
      X-Ms-Date:
      - Tue, 07 Sep 2021 17:25:02 GMT
      X-Ms-Version:
      - "2019-12-12"
    url: https://azureblobstoragecanada.blob.core.windows.net/gocblobstartcopysourceifunmodifiedsincetrue?restype=container
    method: DELETE
  response:
    body: ""
    headers:
      Content-Length:
      - "0"
      Date:
      - Tue, 07 Sep 2021 17:25:02 GMT
      Server:
      - Windows-Azure-Blob/1.0 Microsoft-HTTPAPI/2.0
      X-Ms-Request-Id:
      - 49097e18-d01e-0040-400d-a41f4f000000
      X-Ms-Version:
      - "2019-12-12"
    status: 202 Accepted
    code: 202
    duration: ""
