---
version: 1
interactions:
- request:
    body: ""
    form: {}
    headers:
      Accept:
      - application/xml
      Authorization:
      - sanitized
      User-Agent:
      - azsdk-go-azblob/v0.1 azsdk-go-azblob/v0.1 azcore/v0.16.2 (go1.17; Windows_NT)
      X-Ms-Date:
      - Tue, 07 Sep 2021 17:26:15 GMT
      X-Ms-Version:
      - "2019-12-12"
    url: https://azureblobstoragecanada.blob.core.windows.net/gocpagesequencenumbers?restype=container
    method: PUT
  response:
    body: ""
    headers:
      Content-Length:
      - "0"
      Date:
      - Tue, 07 Sep 2021 17:26:15 GMT
      Etag:
      - '"0x8D97224990E022C"'
      Last-Modified:
      - Tue, 07 Sep 2021 17:26:16 GMT
      Server:
      - Windows-Azure-Blob/1.0 Microsoft-HTTPAPI/2.0
      X-Ms-Request-Id:
      - 490a0059-d01e-0040-4d0d-a41f4f000000
      X-Ms-Version:
      - "2019-12-12"
    status: 201 Created
    code: 201
    duration: ""
- request:
    body: ""
    form: {}
    headers:
      Accept:
      - application/xml
      Authorization:
      - sanitized
      Content-Length:
      - "0"
      User-Agent:
      - azsdk-go-azblob/v0.1 azsdk-go-azblob/v0.1 azcore/v0.16.2 (go1.17; Windows_NT)
      X-Ms-Blob-Content-Length:
      - "5120"
      X-Ms-Blob-Type:
      - PageBlob
      X-Ms-Date:
      - Tue, 07 Sep 2021 17:26:16 GMT
      X-Ms-Version:
      - "2019-12-12"
    url: https://azureblobstoragecanada.blob.core.windows.net/gocpagesequencenumbers/gotestblobpagesequencenumbers
    method: PUT
  response:
    body: ""
    headers:
      Content-Length:
      - "0"
      Date:
      - Tue, 07 Sep 2021 17:26:15 GMT
      Etag:
      - '"0x8D9722499332D30"'
      Last-Modified:
      - Tue, 07 Sep 2021 17:26:16 GMT
      Server:
      - Windows-Azure-Blob/1.0 Microsoft-HTTPAPI/2.0
      X-Ms-Request-Id:
      - 490a00c8-d01e-0040-300d-a41f4f000000
      X-Ms-Request-Server-Encrypted:
      - "true"
      X-Ms-Version:
      - "2019-12-12"
      X-Ms-Version-Id:
      - "2021-09-07T17:26:16.4302920Z"
    status: 201 Created
    code: 201
    duration: ""
- request:
    body: ""
    form: {}
    headers:
      Accept:
      - application/xml
      Authorization:
      - sanitized
      User-Agent:
      - azsdk-go-azblob/v0.1 azsdk-go-azblob/v0.1 azcore/v0.16.2 (go1.17; Windows_NT)
      X-Ms-Date:
      - Tue, 07 Sep 2021 17:26:16 GMT
      X-Ms-Sequence-Number-Action:
      - increment
      X-Ms-Version:
      - "2019-12-12"
    url: https://azureblobstoragecanada.blob.core.windows.net/gocpagesequencenumbers/gotestblobpagesequencenumbers?comp=properties
    method: PUT
  response:
    body: ""
    headers:
      Content-Length:
      - "0"
      Date:
      - Tue, 07 Sep 2021 17:26:15 GMT
      Etag:
      - '"0x8D972249958BE97"'
      Last-Modified:
      - Tue, 07 Sep 2021 17:26:16 GMT
      Server:
      - Windows-Azure-Blob/1.0 Microsoft-HTTPAPI/2.0
      X-Ms-Blob-Sequence-Number:
      - "1"
      X-Ms-Request-Id:
      - 490a014f-d01e-0040-260d-a41f4f000000
      X-Ms-Version:
      - "2019-12-12"
    status: 200 OK
    code: 200
    duration: ""
- request:
    body: ""
    form: {}
    headers:
      Accept:
      - application/xml
      Authorization:
      - sanitized
      User-Agent:
      - azsdk-go-azblob/v0.1 azsdk-go-azblob/v0.1 azcore/v0.16.2 (go1.17; Windows_NT)
      X-Ms-Blob-Sequence-Number:
      - "7"
      X-Ms-Date:
      - Tue, 07 Sep 2021 17:26:16 GMT
      X-Ms-Sequence-Number-Action:
      - max
      X-Ms-Version:
      - "2019-12-12"
    url: https://azureblobstoragecanada.blob.core.windows.net/gocpagesequencenumbers/gotestblobpagesequencenumbers?comp=properties
    method: PUT
  response:
    body: ""
    headers:
      Content-Length:
      - "0"
      Date:
      - Tue, 07 Sep 2021 17:26:16 GMT
      Etag:
      - '"0x8D97224997D1744"'
      Last-Modified:
      - Tue, 07 Sep 2021 17:26:16 GMT
      Server:
      - Windows-Azure-Blob/1.0 Microsoft-HTTPAPI/2.0
      X-Ms-Blob-Sequence-Number:
      - "7"
      X-Ms-Request-Id:
      - 490a01de-d01e-0040-2a0d-a41f4f000000
      X-Ms-Version:
      - "2019-12-12"
    status: 200 OK
    code: 200
    duration: ""
- request:
    body: ""
    form: {}
    headers:
      Accept:
      - application/xml
      Authorization:
      - sanitized
      User-Agent:
      - azsdk-go-azblob/v0.1 azsdk-go-azblob/v0.1 azcore/v0.16.2 (go1.17; Windows_NT)
      X-Ms-Blob-Sequence-Number:
      - "11"
      X-Ms-Date:
      - Tue, 07 Sep 2021 17:26:16 GMT
      X-Ms-Sequence-Number-Action:
      - update
      X-Ms-Version:
      - "2019-12-12"
    url: https://azureblobstoragecanada.blob.core.windows.net/gocpagesequencenumbers/gotestblobpagesequencenumbers?comp=properties
    method: PUT
  response:
    body: ""
    headers:
      Content-Length:
      - "0"
      Date:
      - Tue, 07 Sep 2021 17:26:16 GMT
      Etag:
      - '"0x8D9722499A148C8"'
      Last-Modified:
      - Tue, 07 Sep 2021 17:26:17 GMT
      Server:
      - Windows-Azure-Blob/1.0 Microsoft-HTTPAPI/2.0
      X-Ms-Blob-Sequence-Number:
      - "11"
      X-Ms-Request-Id:
      - 490a0252-d01e-0040-0d0d-a41f4f000000
      X-Ms-Version:
      - "2019-12-12"
    status: 200 OK
    code: 200
    duration: ""
- request:
    body: ""
    form: {}
    headers:
      Accept:
      - application/xml
      Authorization:
      - sanitized
      User-Agent:
      - azsdk-go-azblob/v0.1 azsdk-go-azblob/v0.1 azcore/v0.16.2 (go1.17; Windows_NT)
      X-Ms-Date:
      - Tue, 07 Sep 2021 17:26:17 GMT
      X-Ms-Version:
      - "2019-12-12"
    url: https://azureblobstoragecanada.blob.core.windows.net/gocpagesequencenumbers?restype=container
    method: DELETE
  response:
    body: ""
    headers:
      Content-Length:
      - "0"
      Date:
      - Tue, 07 Sep 2021 17:26:16 GMT
      Server:
      - Windows-Azure-Blob/1.0 Microsoft-HTTPAPI/2.0
      X-Ms-Request-Id:
      - 490a02d0-d01e-0040-790d-a41f4f000000
      X-Ms-Version:
      - "2019-12-12"
    status: 202 Accepted
    code: 202
    duration: ""
