---
version: 1
interactions:
  - request:
      body: ""
      form: { }
      headers:
        Accept:
          - application/xml
        Authorization:
          - sanitized
        User-Agent:
          - azsdk-go-generated/<version> azsdk-go-generated/<version> azcore/v0.13.4 (go1.15;
            Windows_NT)
        X-Ms-Date:
          - Sat, 12 Jun 2021 19:15:44 GMT
        X-Ms-Version:
          - "2019-12-12"
      url: https://azureblobstrgmohitcanada.blob.core.windows.net/gocblobstartcopymetadataempty?restype=container
      method: PUT
    response:
      body: ""
      headers:
        Content-Length:
          - "0"
        Date:
          - Sat, 12 Jun 2021 19:15:44 GMT
        Etag:
          - '"0x8D92DD67A3DE251"'
        Last-Modified:
          - Sat, 12 Jun 2021 19:15:44 GMT
        Server:
          - Windows-Azure-Blob/1.0 Microsoft-HTTPAPI/2.0
        X-Ms-Request-Id:
          - 0f8e6c1b-d01e-0012-62bf-5fea52000000
        X-Ms-Version:
          - "2019-12-12"
      status: 201 Created
      code: 201
      duration: ""
  - request:
      body: GoBlockBlobData
      form: { }
      headers:
        Accept:
          - application/xml
        Authorization:
          - sanitized
        Content-Length:
          - "15"
        Content-Type:
          - application/octet-stream
        User-Agent:
          - azsdk-go-generated/<version> azsdk-go-generated/<version> azcore/v0.13.4 (go1.15;
            Windows_NT)
        X-Ms-Blob-Type:
          - BlockBlob
        X-Ms-Date:
          - Sat, 12 Jun 2021 19:15:44 GMT
        X-Ms-Version:
          - "2019-12-12"
      url: https://azureblobstrgmohitcanada.blob.core.windows.net/gocblobstartcopymetadataempty/gotestblobblobstartcopymetadataempty
      method: PUT
    response:
      body: ""
      headers:
        Content-Length:
          - "0"
        Content-Md5:
          - ebncwguMQu9sgPmr0GazhA==
        Date:
          - Sat, 12 Jun 2021 19:15:44 GMT
        Etag:
          - '"0x8D92DD67A635B0D"'
        Last-Modified:
          - Sat, 12 Jun 2021 19:15:44 GMT
        Server:
          - Windows-Azure-Blob/1.0 Microsoft-HTTPAPI/2.0
        X-Ms-Content-Crc64:
          - +JGsS7CR5kg=
        X-Ms-Request-Id:
          - 0f8e6c81-d01e-0012-3cbf-5fea52000000
        X-Ms-Request-Server-Encrypted:
          - "true"
        X-Ms-Version:
          - "2019-12-12"
        X-Ms-Version-Id:
          - "2021-06-12T19:15:44.9218829Z"
      status: 201 Created
      code: 201
      duration: ""
  - request:
      body: data
      form: { }
      headers:
        Accept:
          - application/xml
        Authorization:
          - sanitized
        Content-Length:
          - "4"
        Content-Type:
          - application/octet-stream
        User-Agent:
          - azsdk-go-generated/<version> azsdk-go-generated/<version> azcore/v0.13.4 (go1.15;
            Windows_NT)
        X-Ms-Blob-Type:
          - BlockBlob
        X-Ms-Date:
          - Sat, 12 Jun 2021 19:15:44 GMT
        X-Ms-Version:
          - "2019-12-12"
      url: https://azureblobstrgmohitcanada.blob.core.windows.net/gocblobstartcopymetadataempty/copygotestblobblobstartcopymetadataempty
      method: PUT
    response:
      body: ""
      headers:
        Content-Length:
          - "0"
        Content-Md5:
          - jXd/OF09/siBXSD3SWAm3A==
        Date:
          - Sat, 12 Jun 2021 19:15:44 GMT
        Etag:
          - '"0x8D92DD67A884EE3"'
        Last-Modified:
          - Sat, 12 Jun 2021 19:15:45 GMT
        Server:
          - Windows-Azure-Blob/1.0 Microsoft-HTTPAPI/2.0
        X-Ms-Content-Crc64:
          - gCf8jkNhru0=
        X-Ms-Request-Id:
          - 0f8e6ce0-d01e-0012-12bf-5fea52000000
        X-Ms-Request-Server-Encrypted:
          - "true"
        X-Ms-Version:
          - "2019-12-12"
        X-Ms-Version-Id:
          - "2021-06-12T19:15:45.1640547Z"
      status: 201 Created
      code: 201
      duration: ""
  - request:
      body: ""
      form: { }
      headers:
        Accept:
          - application/xml
        Authorization:
          - sanitized
        User-Agent:
          - azsdk-go-generated/<version> azsdk-go-generated/<version> azcore/v0.13.4 (go1.15;
            Windows_NT)
        X-Ms-Copy-Source:
          - https://azureblobstrgmohitcanada.blob.core.windows.net/gocblobstartcopymetadataempty/gotestblobblobstartcopymetadataempty
        X-Ms-Date:
          - Sat, 12 Jun 2021 19:15:45 GMT
        X-Ms-Version:
          - "2019-12-12"
      url: https://azureblobstrgmohitcanada.blob.core.windows.net/gocblobstartcopymetadataempty/copygotestblobblobstartcopymetadataempty
      method: PUT
    response:
      body: ""
      headers:
        Content-Length:
          - "0"
        Date:
          - Sat, 12 Jun 2021 19:15:45 GMT
        Etag:
          - '"0x8D92DD67AADDF3F"'
        Last-Modified:
          - Sat, 12 Jun 2021 19:15:45 GMT
        Server:
          - Windows-Azure-Blob/1.0 Microsoft-HTTPAPI/2.0
        X-Ms-Copy-Id:
          - 799490ba-5e0e-414a-b238-e8d0ccd612e4
        X-Ms-Copy-Status:
          - success
        X-Ms-Request-Id:
          - 0f8e6d44-d01e-0012-6cbf-5fea52000000
        X-Ms-Version:
          - "2019-12-12"
        X-Ms-Version-Id:
          - "2021-06-12T19:15:45.4112335Z"
      status: 202 Accepted
      code: 202
      duration: ""
  - request:
      body: ""
      form: { }
      headers:
        Accept:
          - application/xml
        Authorization:
          - sanitized
        User-Agent:
          - azsdk-go-generated/<version> azsdk-go-generated/<version> azcore/v0.13.4 (go1.15;
            Windows_NT)
        X-Ms-Date:
          - Sat, 12 Jun 2021 19:15:45 GMT
        X-Ms-Version:
          - "2019-12-12"
      url: https://azureblobstrgmohitcanada.blob.core.windows.net/gocblobstartcopymetadataempty/copygotestblobblobstartcopymetadataempty
      method: HEAD
    response:
      body: ""
      headers:
        Accept-Ranges:
          - bytes
        Content-Length:
          - "15"
        Content-Md5:
          - ebncwguMQu9sgPmr0GazhA==
        Content-Type:
          - application/octet-stream
        Date:
          - Sat, 12 Jun 2021 19:15:45 GMT
        Etag:
          - '"0x8D92DD67AADDF3F"'
        Last-Modified:
          - Sat, 12 Jun 2021 19:15:45 GMT
        Server:
          - Windows-Azure-Blob/1.0 Microsoft-HTTPAPI/2.0
        X-Ms-Access-Tier:
          - Hot
        X-Ms-Access-Tier-Inferred:
          - "true"
        X-Ms-Blob-Type:
          - BlockBlob
        X-Ms-Copy-Completion-Time:
          - Sat, 12 Jun 2021 19:15:45 GMT
        X-Ms-Copy-Id:
          - 799490ba-5e0e-414a-b238-e8d0ccd612e4
        X-Ms-Copy-Progress:
          - 15/15
        X-Ms-Copy-Source:
          - https://azureblobstrgmohitcanada.blob.core.windows.net/gocblobstartcopymetadataempty/gotestblobblobstartcopymetadataempty
        X-Ms-Copy-Status:
          - success
        X-Ms-Creation-Time:
          - Sat, 12 Jun 2021 19:15:45 GMT
        X-Ms-Is-Current-Version:
          - "true"
        X-Ms-Lease-State:
          - available
        X-Ms-Lease-Status:
          - unlocked
        X-Ms-Request-Id:
          - 0f8e6d91-d01e-0012-2fbf-5fea52000000
        X-Ms-Server-Encrypted:
          - "true"
        X-Ms-Version:
          - "2019-12-12"
        X-Ms-Version-Id:
          - "2021-06-12T19:15:45.4112335Z"
      status: 200 OK
      code: 200
      duration: ""
  - request:
      body: ""
      form: { }
      headers:
        Accept:
          - application/xml
        Authorization:
          - sanitized
        User-Agent:
          - azsdk-go-generated/<version> azsdk-go-generated/<version> azcore/v0.13.4 (go1.15;
            Windows_NT)
        X-Ms-Date:
          - Sat, 12 Jun 2021 19:15:45 GMT
        X-Ms-Version:
          - "2019-12-12"
      url: https://azureblobstrgmohitcanada.blob.core.windows.net/gocblobstartcopymetadataempty?restype=container
      method: DELETE
    response:
      body: ""
      headers:
        Content-Length:
          - "0"
        Date:
          - Sat, 12 Jun 2021 19:15:49 GMT
        Server:
          - Windows-Azure-Blob/1.0 Microsoft-HTTPAPI/2.0
        X-Ms-Request-Id:
          - 0f8e6dd3-d01e-0012-6bbf-5fea52000000
        X-Ms-Version:
          - "2019-12-12"
      status: 202 Accepted
      code: 202
      duration: ""
