---
version: 1
interactions:
- request:
    body: ""
    form: {}
    headers:
      Accept:
      - application/xml
      Authorization:
      - sanitized
      User-Agent:
      - azsdk-go-azblob/v0.3.0 azsdk-go-azcore/v0.21.1 (go1.17.7; Windows_NT)
      X-Ms-Date:
      - Thu, 10 Mar 2022 14:50:35 GMT
      X-Ms-Version:
      - "2019-12-12"
    url: https://azureblobstoragecanada.blob.core.windows.net/gocblobgetpagerangesifmodifiedsincefalse?restype=container
    method: PUT
  response:
    body: ""
    headers:
      Content-Length:
      - "0"
      Date:
      - Thu, 10 Mar 2022 14:50:30 GMT
      Etag:
      - '"0x8DA02A552A7F890"'
      Last-Modified:
      - Thu, 10 Mar 2022 14:50:30 GMT
      Server:
      - Windows-Azure-Blob/1.0 Microsoft-HTTPAPI/2.0
      X-Ms-Request-Id:
      - d6edcb71-201e-0062-128e-344d5f000000
      X-Ms-Version:
      - "2019-12-12"
    status: 201 Created
    code: 201
    duration: ""
- request:
    body: ""
    form: {}
    headers:
      Accept:
      - application/xml
      Authorization:
      - sanitized
      Content-Length:
      - "0"
      User-Agent:
      - azsdk-go-azblob/v0.3.0 azsdk-go-azcore/v0.21.1 (go1.17.7; Windows_NT)
      X-Ms-Blob-Content-Length:
      - "5120"
      X-Ms-Blob-Type:
      - PageBlob
      X-Ms-Date:
      - Thu, 10 Mar 2022 14:50:35 GMT
      X-Ms-Version:
      - "2019-12-12"
    url: https://azureblobstoragecanada.blob.core.windows.net/gocblobgetpagerangesifmodifiedsincefalse/gotestblobblobgetpagerangesifmodifiedsincefalse
    method: PUT
  response:
    body: ""
    headers:
      Content-Length:
      - "0"
      Date:
      - Thu, 10 Mar 2022 14:50:30 GMT
      Etag:
      - '"0x8DA02A552D6250E"'
      Last-Modified:
      - Thu, 10 Mar 2022 14:50:30 GMT
      Server:
      - Windows-Azure-Blob/1.0 Microsoft-HTTPAPI/2.0
      X-Ms-Request-Id:
      - d6edce1e-201e-0062-258e-344d5f000000
      X-Ms-Request-Server-Encrypted:
      - "true"
      X-Ms-Version:
      - "2019-12-12"
      X-Ms-Version-Id:
      - "2022-03-10T14:50:30.8971790Z"
    status: 201 Created
    code: 201
    duration: ""
- request:
    body: 2SDgZj6RkKYzJpu04sweQek4uWHO8ndPnYlZ0tnFS61hjnFZ5IkvIGGY44eKABov2SDgZj6RkKYzJpu04sweQek4uWHO8ndPnYlZ0tnFS61hjnFZ5IkvIGGY44eKABov2SDgZj6RkKYzJpu04sweQek4uWHO8ndPnYlZ0tnFS61hjnFZ5IkvIGGY44eKABov2SDgZj6RkKYzJpu04sweQek4uWHO8ndPnYlZ0tnFS61hjnFZ5IkvIGGY44eKABov2SDgZj6RkKYzJpu04sweQek4uWHO8ndPnYlZ0tnFS61hjnFZ5IkvIGGY44eKABov2SDgZj6RkKYzJpu04sweQek4uWHO8ndPnYlZ0tnFS61hjnFZ5IkvIGGY44eKABov2SDgZj6RkKYzJpu04sweQek4uWHO8ndPnYlZ0tnFS61hjnFZ5IkvIGGY44eKABov2SDgZj6RkKYzJpu04sweQek4uWHO8ndPnYlZ0tnFS61hjnFZ5IkvIGGY44eKABov
    form: {}
    headers:
      Accept:
      - application/xml
      Authorization:
      - sanitized
      Content-Length:
      - "512"
      Content-Type:
      - application/octet-stream
      User-Agent:
      - azsdk-go-azblob/v0.3.0 azsdk-go-azcore/v0.21.1 (go1.17.7; Windows_NT)
      X-Ms-Date:
      - Thu, 10 Mar 2022 14:50:35 GMT
      X-Ms-Page-Write:
      - update
      X-Ms-Range:
      - bytes=0-511
      X-Ms-Version:
      - "2019-12-12"
    url: https://azureblobstoragecanada.blob.core.windows.net/gocblobgetpagerangesifmodifiedsincefalse/gotestblobblobgetpagerangesifmodifiedsincefalse?comp=page
    method: PUT
  response:
    body: ""
    headers:
      Content-Length:
      - "0"
      Date:
      - Thu, 10 Mar 2022 14:50:30 GMT
      Etag:
      - '"0x8DA02A553056B6F"'
      Last-Modified:
      - Thu, 10 Mar 2022 14:50:31 GMT
      Server:
      - Windows-Azure-Blob/1.0 Microsoft-HTTPAPI/2.0
      X-Ms-Blob-Sequence-Number:
      - "0"
      X-Ms-Content-Crc64:
      - qaHtT3LwL1s=
      X-Ms-Request-Id:
      - d6edd180-201e-0062-408e-344d5f000000
      X-Ms-Request-Server-Encrypted:
      - "true"
      X-Ms-Version:
      - "2019-12-12"
    status: 201 Created
    code: 201
    duration: ""
- request:
    body: ""
    form: {}
    headers:
      Accept:
      - application/xml
      Authorization:
      - sanitized
      User-Agent:
      - azsdk-go-azblob/v0.3.0 azsdk-go-azcore/v0.21.1 (go1.17.7; Windows_NT)
      X-Ms-Date:
      - Thu, 10 Mar 2022 14:50:36 GMT
      X-Ms-Version:
      - "2019-12-12"
    url: https://azureblobstoragecanada.blob.core.windows.net/gocblobgetpagerangesifmodifiedsincefalse/gotestblobblobgetpagerangesifmodifiedsincefalse
    method: HEAD
  response:
    body: ""
    headers:
      Accept-Ranges:
      - bytes
      Content-Length:
      - "5120"
      Content-Type:
      - application/octet-stream
      Date:
      - Thu, 10 Mar 2022 14:50:30 GMT
      Etag:
      - '"0x8DA02A553056B6F"'
      Last-Modified:
      - Thu, 10 Mar 2022 14:50:31 GMT
      Server:
      - Windows-Azure-Blob/1.0 Microsoft-HTTPAPI/2.0
      X-Ms-Blob-Sequence-Number:
      - "0"
      X-Ms-Blob-Type:
      - PageBlob
      X-Ms-Creation-Time:
      - Thu, 10 Mar 2022 14:50:30 GMT
      X-Ms-Is-Current-Version:
      - "true"
      X-Ms-Lease-State:
      - available
      X-Ms-Lease-Status:
      - unlocked
      X-Ms-Request-Id:
      - d6edd41b-201e-0062-508e-344d5f000000
      X-Ms-Server-Encrypted:
      - "true"
      X-Ms-Version:
      - "2019-12-12"
      X-Ms-Version-Id:
      - "2022-03-10T14:50:30.8971790Z"
    status: 200 OK
    code: 200
    duration: ""
- request:
    body: ""
    form: {}
    headers:
      Accept:
      - application/xml
      Authorization:
      - sanitized
      If-Modified-Since:
      - Thu, 10 Mar 2022 14:50:40 GMT
      User-Agent:
      - azsdk-go-azblob/v0.3.0 azsdk-go-azcore/v0.21.1 (go1.17.7; Windows_NT)
      X-Ms-Date:
      - Thu, 10 Mar 2022 14:50:36 GMT
      X-Ms-Version:
      - "2019-12-12"
    url: https://azureblobstoragecanada.blob.core.windows.net/gocblobgetpagerangesifmodifiedsincefalse/gotestblobblobgetpagerangesifmodifiedsincefalse?comp=pagelist
    method: GET
  response:
    body: ""
    headers:
      Content-Length:
      - "0"
      Content-Type:
      - application/xml
      Date:
      - Thu, 10 Mar 2022 14:50:31 GMT
      Server:
      - Windows-Azure-Blob/1.0 Microsoft-HTTPAPI/2.0
      X-Ms-Error-Code:
      - ConditionNotMet
      X-Ms-Request-Id:
      - d6edd74b-201e-0062-2f8e-344d5f000000
      X-Ms-Version:
      - "2019-12-12"
    status: 304 The condition specified using HTTP conditional header(s) is not met.
    code: 304
    duration: ""
- request:
    body: ""
    form: {}
    headers:
      Accept:
      - application/xml
      Authorization:
      - sanitized
      User-Agent:
      - azsdk-go-azblob/v0.3.0 azsdk-go-azcore/v0.21.1 (go1.17.7; Windows_NT)
      X-Ms-Date:
      - Thu, 10 Mar 2022 14:50:36 GMT
      X-Ms-Version:
      - "2019-12-12"
    url: https://azureblobstoragecanada.blob.core.windows.net/gocblobgetpagerangesifmodifiedsincefalse?restype=container
    method: DELETE
  response:
    body: ""
    headers:
      Content-Length:
      - "0"
      Date:
      - Thu, 10 Mar 2022 14:50:31 GMT
      Server:
      - Windows-Azure-Blob/1.0 Microsoft-HTTPAPI/2.0
      X-Ms-Request-Id:
      - d6edda27-201e-0062-498e-344d5f000000
      X-Ms-Version:
      - "2019-12-12"
    status: 202 Accepted
    code: 202
    duration: ""
