---
version: 1
interactions:
- request:
    body: ""
    form: {}
    headers:
      Accept:
      - application/xml
      Authorization:
      - sanitized
      User-Agent:
      - azsdk-go-azblob/v0.3.0 azsdk-go-azcore/v0.21.0 (go1.16.7; Windows_NT)
      X-Ms-Date:
      - Mon, 07 Feb 2022 06:22:16 GMT
      X-Ms-Version:
      - "2019-12-12"
    url: https://azureblobstoragecanada.blob.core.windows.net/goccreateanddownloadblobspecialcharacterswithvid?restype=container
    method: PUT
  response:
    body: ""
    headers:
      Content-Length:
      - "0"
      Date:
      - Mon, 07 Feb 2022 06:22:15 GMT
      Etag:
      - '"0x8D9EA022FAE3D2E"'
      Last-Modified:
      - Mon, 07 Feb 2022 06:22:16 GMT
      Server:
      - Windows-Azure-Blob/1.0 Microsoft-HTTPAPI/2.0
      X-Ms-Request-Id:
      - 8d853a96-b01e-004f-30eb-1bfe2c000000
      X-Ms-Version:
      - "2019-12-12"
    status: 201 Created
    code: 201
    duration: ""
- request:
    body: '-'
    form: {}
    headers:
      Accept:
      - application/xml
      Authorization:
      - sanitized
      Content-Length:
      - "1"
      Content-Type:
      - application/octet-stream
      User-Agent:
      - azsdk-go-azblob/v0.3.0 azsdk-go-azcore/v0.21.0 (go1.16.7; Windows_NT)
      X-Ms-Blob-Type:
      - BlockBlob
      X-Ms-Date:
      - Mon, 07 Feb 2022 06:22:16 GMT
      X-Ms-Version:
      - "2019-12-12"
    url: https://azureblobstoragecanada.blob.core.windows.net/goccreateanddownloadblobspecialcharacterswithvid/abc-
    method: PUT
  response:
    body: ""
    headers:
      Content-Length:
      - "0"
      Content-Md5:
      - M21evFQ2U05h0W5j3fyjJw==
      Date:
      - Mon, 07 Feb 2022 06:22:15 GMT
      Etag:
      - '"0x8D9EA022FD46BB2"'
      Last-Modified:
      - Mon, 07 Feb 2022 06:22:16 GMT
      Server:
      - Windows-Azure-Blob/1.0 Microsoft-HTTPAPI/2.0
      X-Ms-Content-Crc64:
      - qZnwPj9XCzQ=
      X-Ms-Request-Id:
      - 8d853b53-b01e-004f-56eb-1bfe2c000000
      X-Ms-Request-Server-Encrypted:
      - "true"
      X-Ms-Version:
      - "2019-12-12"
      X-Ms-Version-Id:
      - "2022-02-07T06:22:16.2920370Z"
    status: 201 Created
    code: 201
    duration: ""
- request:
    body: ""
    form: {}
    headers:
      Accept:
      - application/xml
      Authorization:
      - sanitized
      User-Agent:
      - azsdk-go-azblob/v0.3.0 azsdk-go-azcore/v0.21.0 (go1.16.7; Windows_NT)
      X-Ms-Date:
      - Mon, 07 Feb 2022 06:22:16 GMT
      X-Ms-Version:
      - "2019-12-12"
    url: https://azureblobstoragecanada.blob.core.windows.net/goccreateanddownloadblobspecialcharacterswithvid/abc-
    method: GET
  response:
    body: '-'
    headers:
      Accept-Ranges:
      - bytes
      Content-Length:
      - "1"
      Content-Md5:
      - M21evFQ2U05h0W5j3fyjJw==
      Content-Type:
      - application/octet-stream
      Date:
      - Mon, 07 Feb 2022 06:22:16 GMT
      Etag:
      - '"0x8D9EA022FD46BB2"'
      Last-Modified:
      - Mon, 07 Feb 2022 06:22:16 GMT
      Server:
      - Windows-Azure-Blob/1.0 Microsoft-HTTPAPI/2.0
      X-Ms-Blob-Type:
      - BlockBlob
      X-Ms-Creation-Time:
      - Mon, 07 Feb 2022 06:22:16 GMT
      X-Ms-Is-Current-Version:
      - "true"
      X-Ms-Lease-State:
      - available
      X-Ms-Lease-Status:
      - unlocked
      X-Ms-Request-Id:
      - 8d853bdc-b01e-004f-51eb-1bfe2c000000
      X-Ms-Server-Encrypted:
      - "true"
      X-Ms-Version:
      - "2019-12-12"
      X-Ms-Version-Id:
      - "2022-02-07T06:22:16.2920370Z"
    status: 200 OK
    code: 200
    duration: ""
- request:
    body: .
    form: {}
    headers:
      Accept:
      - application/xml
      Authorization:
      - sanitized
      Content-Length:
      - "1"
      Content-Type:
      - application/octet-stream
      User-Agent:
      - azsdk-go-azblob/v0.3.0 azsdk-go-azcore/v0.21.0 (go1.16.7; Windows_NT)
      X-Ms-Blob-Type:
      - BlockBlob
      X-Ms-Date:
      - Mon, 07 Feb 2022 06:22:17 GMT
      X-Ms-Version:
      - "2019-12-12"
    url: https://azureblobstoragecanada.blob.core.windows.net/goccreateanddownloadblobspecialcharacterswithvid/abc.
    method: PUT
  response:
    body: ""
    headers:
      Content-Length:
      - "0"
      Content-Md5:
      - UFjxr4OIYz9gnK23WnXcnQ==
      Date:
      - Mon, 07 Feb 2022 06:22:16 GMT
      Etag:
      - '"0x8D9EA02301E1422"'
      Last-Modified:
      - Mon, 07 Feb 2022 06:22:16 GMT
      Server:
      - Windows-Azure-Blob/1.0 Microsoft-HTTPAPI/2.0
      X-Ms-Content-Crc64:
      - IgKubmdGuLU=
      X-Ms-Request-Id:
      - 8d853c85-b01e-004f-6deb-1bfe2c000000
      X-Ms-Request-Server-Encrypted:
      - "true"
      X-Ms-Version:
      - "2019-12-12"
      X-Ms-Version-Id:
      - "2022-02-07T06:22:16.7747618Z"
    status: 201 Created
    code: 201
    duration: ""
- request:
    body: ""
    form: {}
    headers:
      Accept:
      - application/xml
      Authorization:
      - sanitized
      User-Agent:
      - azsdk-go-azblob/v0.3.0 azsdk-go-azcore/v0.21.0 (go1.16.7; Windows_NT)
      X-Ms-Date:
      - Mon, 07 Feb 2022 06:22:17 GMT
      X-Ms-Version:
      - "2019-12-12"
    url: https://azureblobstoragecanada.blob.core.windows.net/goccreateanddownloadblobspecialcharacterswithvid/abc.
    method: GET
  response:
    body: .
    headers:
      Accept-Ranges:
      - bytes
      Content-Length:
      - "1"
      Content-Md5:
      - UFjxr4OIYz9gnK23WnXcnQ==
      Content-Type:
      - application/octet-stream
      Date:
      - Mon, 07 Feb 2022 06:22:16 GMT
      Etag:
      - '"0x8D9EA02301E1422"'
      Last-Modified:
      - Mon, 07 Feb 2022 06:22:16 GMT
      Server:
      - Windows-Azure-Blob/1.0 Microsoft-HTTPAPI/2.0
      X-Ms-Blob-Type:
      - BlockBlob
      X-Ms-Creation-Time:
      - Mon, 07 Feb 2022 06:22:16 GMT
      X-Ms-Is-Current-Version:
      - "true"
      X-Ms-Lease-State:
      - available
      X-Ms-Lease-Status:
      - unlocked
      X-Ms-Request-Id:
      - 8d853d72-b01e-004f-46eb-1bfe2c000000
      X-Ms-Server-Encrypted:
      - "true"
      X-Ms-Version:
      - "2019-12-12"
      X-Ms-Version-Id:
      - "2022-02-07T06:22:16.7747618Z"
    status: 200 OK
    code: 200
    duration: ""
- request:
    body: _
    form: {}
    headers:
      Accept:
      - application/xml
      Authorization:
      - sanitized
      Content-Length:
      - "1"
      Content-Type:
      - application/octet-stream
      User-Agent:
      - azsdk-go-azblob/v0.3.0 azsdk-go-azcore/v0.21.0 (go1.16.7; Windows_NT)
      X-Ms-Blob-Type:
      - BlockBlob
      X-Ms-Date:
      - Mon, 07 Feb 2022 06:22:17 GMT
      X-Ms-Version:
      - "2019-12-12"
    url: https://azureblobstoragecanada.blob.core.windows.net/goccreateanddownloadblobspecialcharacterswithvid/abc_
    method: PUT
  response:
    body: ""
    headers:
      Content-Length:
      - "0"
      Content-Md5:
      - sUp7gFnZwFWVTJJnTOYAMg==
      Date:
      - Mon, 07 Feb 2022 06:22:16 GMT
      Etag:
      - '"0x8D9EA0230694302"'
      Last-Modified:
      - Mon, 07 Feb 2022 06:22:17 GMT
      Server:
      - Windows-Azure-Blob/1.0 Microsoft-HTTPAPI/2.0
      X-Ms-Content-Crc64:
      - txY3vV5trZQ=
      X-Ms-Request-Id:
      - 8d853e77-b01e-004f-3ceb-1bfe2c000000
      X-Ms-Request-Server-Encrypted:
      - "true"
      X-Ms-Version:
      - "2019-12-12"
      X-Ms-Version-Id:
      - "2022-02-07T06:22:17.2674818Z"
    status: 201 Created
    code: 201
    duration: ""
- request:
    body: ""
    form: {}
    headers:
      Accept:
      - application/xml
      Authorization:
      - sanitized
      User-Agent:
      - azsdk-go-azblob/v0.3.0 azsdk-go-azcore/v0.21.0 (go1.16.7; Windows_NT)
      X-Ms-Date:
      - Mon, 07 Feb 2022 06:22:17 GMT
      X-Ms-Version:
      - "2019-12-12"
    url: https://azureblobstoragecanada.blob.core.windows.net/goccreateanddownloadblobspecialcharacterswithvid/abc_
    method: GET
  response:
    body: _
    headers:
      Accept-Ranges:
      - bytes
      Content-Length:
      - "1"
      Content-Md5:
      - sUp7gFnZwFWVTJJnTOYAMg==
      Content-Type:
      - application/octet-stream
      Date:
      - Mon, 07 Feb 2022 06:22:17 GMT
      Etag:
      - '"0x8D9EA0230694302"'
      Last-Modified:
      - Mon, 07 Feb 2022 06:22:17 GMT
      Server:
      - Windows-Azure-Blob/1.0 Microsoft-HTTPAPI/2.0
      X-Ms-Blob-Type:
      - BlockBlob
      X-Ms-Creation-Time:
      - Mon, 07 Feb 2022 06:22:17 GMT
      X-Ms-Is-Current-Version:
      - "true"
      X-Ms-Lease-State:
      - available
      X-Ms-Lease-Status:
      - unlocked
      X-Ms-Request-Id:
      - 8d853f84-b01e-004f-36eb-1bfe2c000000
      X-Ms-Server-Encrypted:
      - "true"
      X-Ms-Version:
      - "2019-12-12"
      X-Ms-Version-Id:
      - "2022-02-07T06:22:17.2674818Z"
    status: 200 OK
    code: 200
    duration: ""
- request:
    body: /
    form: {}
    headers:
      Accept:
      - application/xml
      Authorization:
      - sanitized
      Content-Length:
      - "1"
      Content-Type:
      - application/octet-stream
      User-Agent:
      - azsdk-go-azblob/v0.3.0 azsdk-go-azcore/v0.21.0 (go1.16.7; Windows_NT)
      X-Ms-Blob-Type:
      - BlockBlob
      X-Ms-Date:
      - Mon, 07 Feb 2022 06:22:18 GMT
      X-Ms-Version:
      - "2019-12-12"
    url: https://azureblobstoragecanada.blob.core.windows.net/goccreateanddownloadblobspecialcharacterswithvid/abc/
    method: PUT
  response:
    body: ""
    headers:
      Content-Length:
      - "0"
      Content-Md5:
      - ZmbNdvlpVkaee+OddQzH2Q==
      Date:
      - Mon, 07 Feb 2022 06:22:17 GMT
      Etag:
      - '"0x8D9EA0230B3AEAE"'
      Last-Modified:
      - Mon, 07 Feb 2022 06:22:17 GMT
      Server:
      - Windows-Azure-Blob/1.0 Microsoft-HTTPAPI/2.0
      X-Ms-Content-Crc64:
      - W4ubXq+21so=
      X-Ms-Request-Id:
      - 8d854037-b01e-004f-57eb-1bfe2c000000
      X-Ms-Request-Server-Encrypted:
      - "true"
      X-Ms-Version:
      - "2019-12-12"
      X-Ms-Version-Id:
      - "2022-02-07T06:22:17.7552046Z"
    status: 201 Created
    code: 201
    duration: ""
- request:
    body: ""
    form: {}
    headers:
      Accept:
      - application/xml
      Authorization:
      - sanitized
      User-Agent:
      - azsdk-go-azblob/v0.3.0 azsdk-go-azcore/v0.21.0 (go1.16.7; Windows_NT)
      X-Ms-Date:
      - Mon, 07 Feb 2022 06:22:18 GMT
      X-Ms-Version:
      - "2019-12-12"
    url: https://azureblobstoragecanada.blob.core.windows.net/goccreateanddownloadblobspecialcharacterswithvid/abc/
    method: GET
  response:
    body: /
    headers:
      Accept-Ranges:
      - bytes
      Content-Length:
      - "1"
      Content-Md5:
      - ZmbNdvlpVkaee+OddQzH2Q==
      Content-Type:
      - application/octet-stream
      Date:
      - Mon, 07 Feb 2022 06:22:17 GMT
      Etag:
      - '"0x8D9EA0230B3AEAE"'
      Last-Modified:
      - Mon, 07 Feb 2022 06:22:17 GMT
      Server:
      - Windows-Azure-Blob/1.0 Microsoft-HTTPAPI/2.0
      X-Ms-Blob-Type:
      - BlockBlob
      X-Ms-Creation-Time:
      - Mon, 07 Feb 2022 06:22:17 GMT
      X-Ms-Is-Current-Version:
      - "true"
      X-Ms-Lease-State:
      - available
      X-Ms-Lease-Status:
      - unlocked
      X-Ms-Request-Id:
      - 8d854103-b01e-004f-0eeb-1bfe2c000000
      X-Ms-Server-Encrypted:
      - "true"
      X-Ms-Version:
      - "2019-12-12"
      X-Ms-Version-Id:
      - "2022-02-07T06:22:17.7552046Z"
    status: 200 OK
    code: 200
    duration: ""
- request:
    body: (
    form: {}
    headers:
      Accept:
      - application/xml
      Authorization:
      - sanitized
      Content-Length:
      - "1"
      Content-Type:
      - application/octet-stream
      User-Agent:
      - azsdk-go-azblob/v0.3.0 azsdk-go-azcore/v0.21.0 (go1.16.7; Windows_NT)
      X-Ms-Blob-Type:
      - BlockBlob
      X-Ms-Date:
      - Mon, 07 Feb 2022 06:22:18 GMT
      X-Ms-Version:
      - "2019-12-12"
    url: https://azureblobstoragecanada.blob.core.windows.net/goccreateanddownloadblobspecialcharacterswithvid/abc%28
    method: PUT
  response:
    body: ""
    headers:
      Content-Length:
      - "0"
      Content-Md5:
      - hMQEc0FMry7Up7EoPki79A==
      Date:
      - Mon, 07 Feb 2022 06:22:17 GMT
      Etag:
      - '"0x8D9EA0230FFC7B3"'
      Last-Modified:
      - Mon, 07 Feb 2022 06:22:18 GMT
      Server:
      - Windows-Azure-Blob/1.0 Microsoft-HTTPAPI/2.0
      X-Ms-Content-Crc64:
      - X6aEloRCB4I=
      X-Ms-Request-Id:
      - 8d8541ef-b01e-004f-6beb-1bfe2c000000
      X-Ms-Request-Server-Encrypted:
      - "true"
      X-Ms-Version:
      - "2019-12-12"
      X-Ms-Version-Id:
      - "2022-02-07T06:22:18.2539187Z"
    status: 201 Created
    code: 201
    duration: ""
- request:
    body: ""
    form: {}
    headers:
      Accept:
      - application/xml
      Authorization:
      - sanitized
      User-Agent:
      - azsdk-go-azblob/v0.3.0 azsdk-go-azcore/v0.21.0 (go1.16.7; Windows_NT)
      X-Ms-Date:
      - Mon, 07 Feb 2022 06:22:18 GMT
      X-Ms-Version:
      - "2019-12-12"
    url: https://azureblobstoragecanada.blob.core.windows.net/goccreateanddownloadblobspecialcharacterswithvid/abc%28
    method: GET
  response:
    body: (
    headers:
      Accept-Ranges:
      - bytes
      Content-Length:
      - "1"
      Content-Md5:
      - hMQEc0FMry7Up7EoPki79A==
      Content-Type:
      - application/octet-stream
      Date:
      - Mon, 07 Feb 2022 06:22:18 GMT
      Etag:
      - '"0x8D9EA0230FFC7B3"'
      Last-Modified:
      - Mon, 07 Feb 2022 06:22:18 GMT
      Server:
      - Windows-Azure-Blob/1.0 Microsoft-HTTPAPI/2.0
      X-Ms-Blob-Type:
      - BlockBlob
      X-Ms-Creation-Time:
      - Mon, 07 Feb 2022 06:22:18 GMT
      X-Ms-Is-Current-Version:
      - "true"
      X-Ms-Lease-State:
      - available
      X-Ms-Lease-Status:
      - unlocked
      X-Ms-Request-Id:
      - 8d8542b2-b01e-004f-24eb-1bfe2c000000
      X-Ms-Server-Encrypted:
      - "true"
      X-Ms-Version:
      - "2019-12-12"
      X-Ms-Version-Id:
      - "2022-02-07T06:22:18.2539187Z"
    status: 200 OK
    code: 200
    duration: ""
- request:
    body: )
    form: {}
    headers:
      Accept:
      - application/xml
      Authorization:
      - sanitized
      Content-Length:
      - "1"
      Content-Type:
      - application/octet-stream
      User-Agent:
      - azsdk-go-azblob/v0.3.0 azsdk-go-azcore/v0.21.0 (go1.16.7; Windows_NT)
      X-Ms-Blob-Type:
      - BlockBlob
      X-Ms-Date:
      - Mon, 07 Feb 2022 06:22:19 GMT
      X-Ms-Version:
      - "2019-12-12"
    url: https://azureblobstoragecanada.blob.core.windows.net/goccreateanddownloadblobspecialcharacterswithvid/abc%29
    method: PUT
  response:
    body: ""
    headers:
      Content-Length:
      - "0"
      Content-Md5:
      - k3HXouOuhqAKq0dx450lXQ==
      Date:
      - Mon, 07 Feb 2022 06:22:18 GMT
      Etag:
      - '"0x8D9EA0231549214"'
      Last-Modified:
      - Mon, 07 Feb 2022 06:22:18 GMT
      Server:
      - Windows-Azure-Blob/1.0 Microsoft-HTTPAPI/2.0
      X-Ms-Content-Crc64:
      - Ji+xpkyyaf0=
      X-Ms-Request-Id:
      - 8d85438a-b01e-004f-67eb-1bfe2c000000
      X-Ms-Request-Server-Encrypted:
      - "true"
      X-Ms-Version:
      - "2019-12-12"
      X-Ms-Version-Id:
      - "2022-02-07T06:22:18.8096020Z"
    status: 201 Created
    code: 201
    duration: ""
- request:
    body: ""
    form: {}
    headers:
      Accept:
      - application/xml
      Authorization:
      - sanitized
      User-Agent:
      - azsdk-go-azblob/v0.3.0 azsdk-go-azcore/v0.21.0 (go1.16.7; Windows_NT)
      X-Ms-Date:
      - Mon, 07 Feb 2022 06:22:19 GMT
      X-Ms-Version:
      - "2019-12-12"
    url: https://azureblobstoragecanada.blob.core.windows.net/goccreateanddownloadblobspecialcharacterswithvid/abc%29
    method: GET
  response:
    body: )
    headers:
      Accept-Ranges:
      - bytes
      Content-Length:
      - "1"
      Content-Md5:
      - k3HXouOuhqAKq0dx450lXQ==
      Content-Type:
      - application/octet-stream
      Date:
      - Mon, 07 Feb 2022 06:22:18 GMT
      Etag:
      - '"0x8D9EA0231549214"'
      Last-Modified:
      - Mon, 07 Feb 2022 06:22:18 GMT
      Server:
      - Windows-Azure-Blob/1.0 Microsoft-HTTPAPI/2.0
      X-Ms-Blob-Type:
      - BlockBlob
      X-Ms-Creation-Time:
      - Mon, 07 Feb 2022 06:22:18 GMT
      X-Ms-Is-Current-Version:
      - "true"
      X-Ms-Lease-State:
      - available
      X-Ms-Lease-Status:
      - unlocked
      X-Ms-Request-Id:
      - 8d854441-b01e-004f-15eb-1bfe2c000000
      X-Ms-Server-Encrypted:
      - "true"
      X-Ms-Version:
      - "2019-12-12"
      X-Ms-Version-Id:
      - "2022-02-07T06:22:18.8096020Z"
    status: 200 OK
    code: 200
    duration: ""
- request:
    body: $
    form: {}
    headers:
      Accept:
      - application/xml
      Authorization:
      - sanitized
      Content-Length:
      - "1"
      Content-Type:
      - application/octet-stream
      User-Agent:
      - azsdk-go-azblob/v0.3.0 azsdk-go-azcore/v0.21.0 (go1.16.7; Windows_NT)
      X-Ms-Blob-Type:
      - BlockBlob
      X-Ms-Date:
      - Mon, 07 Feb 2022 06:22:19 GMT
      X-Ms-Version:
      - "2019-12-12"
    url: https://azureblobstoragecanada.blob.core.windows.net/goccreateanddownloadblobspecialcharacterswithvid/abc$
    method: PUT
  response:
    body: ""
    headers:
      Content-Length:
      - "0"
      Content-Md5:
      - w+l91ul/tRJWiMl/NnIMvg==
      Date:
      - Mon, 07 Feb 2022 06:22:18 GMT
      Etag:
      - '"0x8D9EA02319E6195"'
      Last-Modified:
      - Mon, 07 Feb 2022 06:22:19 GMT
      Server:
      - Windows-Azure-Blob/1.0 Microsoft-HTTPAPI/2.0
      X-Ms-Content-Crc64:
      - pe7RZkNLee0=
      X-Ms-Request-Id:
      - 8d854517-b01e-004f-4feb-1bfe2c000000
      X-Ms-Request-Server-Encrypted:
      - "true"
      X-Ms-Version:
      - "2019-12-12"
      X-Ms-Version-Id:
      - "2022-02-07T06:22:19.2933269Z"
    status: 201 Created
    code: 201
    duration: ""
- request:
    body: ""
    form: {}
    headers:
      Accept:
      - application/xml
      Authorization:
      - sanitized
      User-Agent:
      - azsdk-go-azblob/v0.3.0 azsdk-go-azcore/v0.21.0 (go1.16.7; Windows_NT)
      X-Ms-Date:
      - Mon, 07 Feb 2022 06:22:19 GMT
      X-Ms-Version:
      - "2019-12-12"
    url: https://azureblobstoragecanada.blob.core.windows.net/goccreateanddownloadblobspecialcharacterswithvid/abc$
    method: GET
  response:
    body: $
    headers:
      Accept-Ranges:
      - bytes
      Content-Length:
      - "1"
      Content-Md5:
      - w+l91ul/tRJWiMl/NnIMvg==
      Content-Type:
      - application/octet-stream
      Date:
      - Mon, 07 Feb 2022 06:22:19 GMT
      Etag:
      - '"0x8D9EA02319E6195"'
      Last-Modified:
      - Mon, 07 Feb 2022 06:22:19 GMT
      Server:
      - Windows-Azure-Blob/1.0 Microsoft-HTTPAPI/2.0
      X-Ms-Blob-Type:
      - BlockBlob
      X-Ms-Creation-Time:
      - Mon, 07 Feb 2022 06:22:19 GMT
      X-Ms-Is-Current-Version:
      - "true"
      X-Ms-Lease-State:
      - available
      X-Ms-Lease-Status:
      - unlocked
      X-Ms-Request-Id:
      - 8d8545c1-b01e-004f-64eb-1bfe2c000000
      X-Ms-Server-Encrypted:
      - "true"
      X-Ms-Version:
      - "2019-12-12"
      X-Ms-Version-Id:
      - "2022-02-07T06:22:19.2933269Z"
    status: 200 OK
    code: 200
    duration: ""
- request:
    body: =
    form: {}
    headers:
      Accept:
      - application/xml
      Authorization:
      - sanitized
      Content-Length:
      - "1"
      Content-Type:
      - application/octet-stream
      User-Agent:
      - azsdk-go-azblob/v0.3.0 azsdk-go-azcore/v0.21.0 (go1.16.7; Windows_NT)
      X-Ms-Blob-Type:
      - BlockBlob
      X-Ms-Date:
      - Mon, 07 Feb 2022 06:22:20 GMT
      X-Ms-Version:
      - "2019-12-12"
    url: https://azureblobstoragecanada.blob.core.windows.net/goccreateanddownloadblobspecialcharacterswithvid/abc=
    method: PUT
  response:
    body: ""
    headers:
      Content-Length:
      - "0"
      Content-Md5:
      - Q+w+Xe5ucGr3dm//6lEnIQ==
      Date:
      - Mon, 07 Feb 2022 06:22:19 GMT
      Etag:
      - '"0x8D9EA0231E809FD"'
      Last-Modified:
      - Mon, 07 Feb 2022 06:22:19 GMT
      Server:
      - Windows-Azure-Blob/1.0 Microsoft-HTTPAPI/2.0
      X-Ms-Content-Crc64:
      - KPZOtgSo60w=
      X-Ms-Request-Id:
      - 8d854686-b01e-004f-14eb-1bfe2c000000
      X-Ms-Request-Server-Encrypted:
      - "true"
      X-Ms-Version:
      - "2019-12-12"
      X-Ms-Version-Id:
      - "2022-02-07T06:22:19.7760509Z"
    status: 201 Created
    code: 201
    duration: ""
- request:
    body: ""
    form: {}
    headers:
      Accept:
      - application/xml
      Authorization:
      - sanitized
      User-Agent:
      - azsdk-go-azblob/v0.3.0 azsdk-go-azcore/v0.21.0 (go1.16.7; Windows_NT)
      X-Ms-Date:
      - Mon, 07 Feb 2022 06:22:20 GMT
      X-Ms-Version:
      - "2019-12-12"
    url: https://azureblobstoragecanada.blob.core.windows.net/goccreateanddownloadblobspecialcharacterswithvid/abc=
    method: GET
  response:
    body: =
    headers:
      Accept-Ranges:
      - bytes
      Content-Length:
      - "1"
      Content-Md5:
      - Q+w+Xe5ucGr3dm//6lEnIQ==
      Content-Type:
      - application/octet-stream
      Date:
      - Mon, 07 Feb 2022 06:22:19 GMT
      Etag:
      - '"0x8D9EA0231E809FD"'
      Last-Modified:
      - Mon, 07 Feb 2022 06:22:19 GMT
      Server:
      - Windows-Azure-Blob/1.0 Microsoft-HTTPAPI/2.0
      X-Ms-Blob-Type:
      - BlockBlob
      X-Ms-Creation-Time:
      - Mon, 07 Feb 2022 06:22:19 GMT
      X-Ms-Is-Current-Version:
      - "true"
      X-Ms-Lease-State:
      - available
      X-Ms-Lease-Status:
      - unlocked
      X-Ms-Request-Id:
      - 8d854714-b01e-004f-0ceb-1bfe2c000000
      X-Ms-Server-Encrypted:
      - "true"
      X-Ms-Version:
      - "2019-12-12"
      X-Ms-Version-Id:
      - "2022-02-07T06:22:19.7760509Z"
    status: 200 OK
    code: 200
    duration: ""
- request:
    body: ''''
    form: {}
    headers:
      Accept:
      - application/xml
      Authorization:
      - sanitized
      Content-Length:
      - "1"
      Content-Type:
      - application/octet-stream
      User-Agent:
      - azsdk-go-azblob/v0.3.0 azsdk-go-azcore/v0.21.0 (go1.16.7; Windows_NT)
      X-Ms-Blob-Type:
      - BlockBlob
      X-Ms-Date:
      - Mon, 07 Feb 2022 06:22:20 GMT
      X-Ms-Version:
      - "2019-12-12"
    url: https://azureblobstoragecanada.blob.core.windows.net/goccreateanddownloadblobspecialcharacterswithvid/abc%27
    method: PUT
  response:
    body: ""
    headers:
      Content-Length:
      - "0"
      Content-Md5:
      - NZDLivC7ueeMNDtSuTdzyQ==
      Date:
      - Mon, 07 Feb 2022 06:22:19 GMT
      Etag:
      - '"0x8D9EA0232322795"'
      Last-Modified:
      - Mon, 07 Feb 2022 06:22:20 GMT
      Server:
      - Windows-Azure-Blob/1.0 Microsoft-HTTPAPI/2.0
      X-Ms-Content-Crc64:
      - LnWPNhtaymw=
      X-Ms-Request-Id:
      - 8d8547e4-b01e-004f-4beb-1bfe2c000000
      X-Ms-Request-Server-Encrypted:
      - "true"
      X-Ms-Version:
      - "2019-12-12"
      X-Ms-Version-Id:
      - "2022-02-07T06:22:20.2617749Z"
    status: 201 Created
    code: 201
    duration: ""
- request:
    body: ""
    form: {}
    headers:
      Accept:
      - application/xml
      Authorization:
      - sanitized
      User-Agent:
      - azsdk-go-azblob/v0.3.0 azsdk-go-azcore/v0.21.0 (go1.16.7; Windows_NT)
      X-Ms-Date:
      - Mon, 07 Feb 2022 06:22:20 GMT
      X-Ms-Version:
      - "2019-12-12"
    url: https://azureblobstoragecanada.blob.core.windows.net/goccreateanddownloadblobspecialcharacterswithvid/abc%27
    method: GET
  response:
    body: ''''
    headers:
      Accept-Ranges:
      - bytes
      Content-Length:
      - "1"
      Content-Md5:
      - NZDLivC7ueeMNDtSuTdzyQ==
      Content-Type:
      - application/octet-stream
      Date:
      - Mon, 07 Feb 2022 06:22:20 GMT
      Etag:
      - '"0x8D9EA0232322795"'
      Last-Modified:
      - Mon, 07 Feb 2022 06:22:20 GMT
      Server:
      - Windows-Azure-Blob/1.0 Microsoft-HTTPAPI/2.0
      X-Ms-Blob-Type:
      - BlockBlob
      X-Ms-Creation-Time:
      - Mon, 07 Feb 2022 06:22:20 GMT
      X-Ms-Is-Current-Version:
      - "true"
      X-Ms-Lease-State:
      - available
      X-Ms-Lease-Status:
      - unlocked
      X-Ms-Request-Id:
      - 8d8548d2-b01e-004f-25eb-1bfe2c000000
      X-Ms-Server-Encrypted:
      - "true"
      X-Ms-Version:
      - "2019-12-12"
      X-Ms-Version-Id:
      - "2022-02-07T06:22:20.2617749Z"
    status: 200 OK
    code: 200
    duration: ""
- request:
    body: ','
    form: {}
    headers:
      Accept:
      - application/xml
      Authorization:
      - sanitized
      Content-Length:
      - "1"
      Content-Type:
      - application/octet-stream
      User-Agent:
      - azsdk-go-azblob/v0.3.0 azsdk-go-azcore/v0.21.0 (go1.16.7; Windows_NT)
      X-Ms-Blob-Type:
      - BlockBlob
      X-Ms-Date:
      - Mon, 07 Feb 2022 06:22:21 GMT
      X-Ms-Version:
      - "2019-12-12"
    url: https://azureblobstoragecanada.blob.core.windows.net/goccreateanddownloadblobspecialcharacterswithvid/abc,
    method: PUT
  response:
    body: ""
    headers:
      Content-Length:
      - "0"
      Content-Md5:
      - wMtfD88jmrPZwfzTH/8e/A==
      Date:
      - Mon, 07 Feb 2022 06:22:20 GMT
      Etag:
      - '"0x8D9EA02327C451D"'
      Last-Modified:
      - Mon, 07 Feb 2022 06:22:20 GMT
      Server:
      - Windows-Azure-Blob/1.0 Microsoft-HTTPAPI/2.0
      X-Ms-Content-Crc64:
      - 0BDFDvenZUs=
      X-Ms-Request-Id:
      - 8d8549bb-b01e-004f-7beb-1bfe2c000000
      X-Ms-Request-Server-Encrypted:
      - "true"
      X-Ms-Version:
      - "2019-12-12"
      X-Ms-Version-Id:
      - "2022-02-07T06:22:20.7474973Z"
    status: 201 Created
    code: 201
    duration: ""
- request:
    body: ""
    form: {}
    headers:
      Accept:
      - application/xml
      Authorization:
      - sanitized
      User-Agent:
      - azsdk-go-azblob/v0.3.0 azsdk-go-azcore/v0.21.0 (go1.16.7; Windows_NT)
      X-Ms-Date:
      - Mon, 07 Feb 2022 06:22:21 GMT
      X-Ms-Version:
      - "2019-12-12"
    url: https://azureblobstoragecanada.blob.core.windows.net/goccreateanddownloadblobspecialcharacterswithvid/abc,
    method: GET
  response:
    body: ','
    headers:
      Accept-Ranges:
      - bytes
      Content-Length:
      - "1"
      Content-Md5:
      - wMtfD88jmrPZwfzTH/8e/A==
      Content-Type:
      - application/octet-stream
      Date:
      - Mon, 07 Feb 2022 06:22:20 GMT
      Etag:
      - '"0x8D9EA02327C451D"'
      Last-Modified:
      - Mon, 07 Feb 2022 06:22:20 GMT
      Server:
      - Windows-Azure-Blob/1.0 Microsoft-HTTPAPI/2.0
      X-Ms-Blob-Type:
      - BlockBlob
      X-Ms-Creation-Time:
      - Mon, 07 Feb 2022 06:22:20 GMT
      X-Ms-Is-Current-Version:
      - "true"
      X-Ms-Lease-State:
      - available
      X-Ms-Lease-Status:
      - unlocked
      X-Ms-Request-Id:
      - 8d854a63-b01e-004f-04eb-1bfe2c000000
      X-Ms-Server-Encrypted:
      - "true"
      X-Ms-Version:
      - "2019-12-12"
      X-Ms-Version-Id:
      - "2022-02-07T06:22:20.7474973Z"
    status: 200 OK
    code: 200
    duration: ""
- request:
    body: "~"
    form: {}
    headers:
      Accept:
      - application/xml
      Authorization:
      - sanitized
      Content-Length:
      - "1"
      Content-Type:
      - application/octet-stream
      User-Agent:
      - azsdk-go-azblob/v0.3.0 azsdk-go-azcore/v0.21.0 (go1.16.7; Windows_NT)
      X-Ms-Blob-Type:
      - BlockBlob
      X-Ms-Date:
      - Mon, 07 Feb 2022 06:22:21 GMT
      X-Ms-Version:
      - "2019-12-12"
    url: https://azureblobstoragecanada.blob.core.windows.net/goccreateanddownloadblobspecialcharacterswithvid/abc~
    method: PUT
  response:
    body: ""
    headers:
      Content-Length:
      - "0"
      Content-Md5:
      - THYfFw4BaDb/hEmCArmYJw==
      Date:
      - Mon, 07 Feb 2022 06:22:20 GMT
      Etag:
      - '"0x8D9EA0232C59F77"'
      Last-Modified:
      - Mon, 07 Feb 2022 06:22:21 GMT
      Server:
      - Windows-Azure-Blob/1.0 Microsoft-HTTPAPI/2.0
      X-Ms-Content-Crc64:
      - zEB+nOFjAho=
      X-Ms-Request-Id:
      - 8d854b0e-b01e-004f-1deb-1bfe2c000000
      X-Ms-Request-Server-Encrypted:
      - "true"
      X-Ms-Version:
      - "2019-12-12"
      X-Ms-Version-Id:
      - "2022-02-07T06:22:21.2282231Z"
    status: 201 Created
    code: 201
    duration: ""
- request:
    body: ""
    form: {}
    headers:
      Accept:
      - application/xml
      Authorization:
      - sanitized
      User-Agent:
      - azsdk-go-azblob/v0.3.0 azsdk-go-azcore/v0.21.0 (go1.16.7; Windows_NT)
      X-Ms-Date:
      - Mon, 07 Feb 2022 06:22:21 GMT
      X-Ms-Version:
      - "2019-12-12"
    url: https://azureblobstoragecanada.blob.core.windows.net/goccreateanddownloadblobspecialcharacterswithvid/abc~
    method: GET
  response:
    body: "~"
    headers:
      Accept-Ranges:
      - bytes
      Content-Length:
      - "1"
      Content-Md5:
      - THYfFw4BaDb/hEmCArmYJw==
      Content-Type:
      - application/octet-stream
      Date:
      - Mon, 07 Feb 2022 06:22:21 GMT
      Etag:
      - '"0x8D9EA0232C59F77"'
      Last-Modified:
      - Mon, 07 Feb 2022 06:22:21 GMT
      Server:
      - Windows-Azure-Blob/1.0 Microsoft-HTTPAPI/2.0
      X-Ms-Blob-Type:
      - BlockBlob
      X-Ms-Creation-Time:
      - Mon, 07 Feb 2022 06:22:21 GMT
      X-Ms-Is-Current-Version:
      - "true"
      X-Ms-Lease-State:
      - available
      X-Ms-Lease-Status:
      - unlocked
      X-Ms-Request-Id:
      - 8d854bef-b01e-004f-72eb-1bfe2c000000
      X-Ms-Server-Encrypted:
      - "true"
      X-Ms-Version:
      - "2019-12-12"
      X-Ms-Version-Id:
      - "2022-02-07T06:22:21.2282231Z"
    status: 200 OK
    code: 200
    duration: ""
- request:
    body: "0"
    form: {}
    headers:
      Accept:
      - application/xml
      Authorization:
      - sanitized
      Content-Length:
      - "1"
      Content-Type:
      - application/octet-stream
      User-Agent:
      - azsdk-go-azblob/v0.3.0 azsdk-go-azcore/v0.21.0 (go1.16.7; Windows_NT)
      X-Ms-Blob-Type:
      - BlockBlob
      X-Ms-Date:
      - Mon, 07 Feb 2022 06:22:21 GMT
      X-Ms-Version:
      - "2019-12-12"
    url: https://azureblobstoragecanada.blob.core.windows.net/goccreateanddownloadblobspecialcharacterswithvid/abc0
    method: PUT
  response:
    body: ""
    headers:
      Content-Length:
      - "0"
      Content-Md5:
      - z80ghJXVZe9m59/5+Ydk2g==
      Date:
      - Mon, 07 Feb 2022 06:22:21 GMT
      Etag:
      - '"0x8D9EA02330F6EFD"'
      Last-Modified:
      - Mon, 07 Feb 2022 06:22:21 GMT
      Server:
      - Windows-Azure-Blob/1.0 Microsoft-HTTPAPI/2.0
      X-Ms-Content-Crc64:
      - qzcudgtR+1w=
      X-Ms-Request-Id:
      - 8d854c9f-b01e-004f-0beb-1bfe2c000000
      X-Ms-Request-Server-Encrypted:
      - "true"
      X-Ms-Version:
      - "2019-12-12"
      X-Ms-Version-Id:
      - "2022-02-07T06:22:21.7129475Z"
    status: 201 Created
    code: 201
    duration: ""
- request:
    body: ""
    form: {}
    headers:
      Accept:
      - application/xml
      Authorization:
      - sanitized
      User-Agent:
      - azsdk-go-azblob/v0.3.0 azsdk-go-azcore/v0.21.0 (go1.16.7; Windows_NT)
      X-Ms-Date:
      - Mon, 07 Feb 2022 06:22:22 GMT
      X-Ms-Version:
      - "2019-12-12"
    url: https://azureblobstoragecanada.blob.core.windows.net/goccreateanddownloadblobspecialcharacterswithvid/abc0
    method: GET
  response:
    body: "0"
    headers:
      Accept-Ranges:
      - bytes
      Content-Length:
      - "1"
      Content-Md5:
      - z80ghJXVZe9m59/5+Ydk2g==
      Content-Type:
      - application/octet-stream
      Date:
      - Mon, 07 Feb 2022 06:22:21 GMT
      Etag:
      - '"0x8D9EA02330F6EFD"'
      Last-Modified:
      - Mon, 07 Feb 2022 06:22:21 GMT
      Server:
      - Windows-Azure-Blob/1.0 Microsoft-HTTPAPI/2.0
      X-Ms-Blob-Type:
      - BlockBlob
      X-Ms-Creation-Time:
      - Mon, 07 Feb 2022 06:22:21 GMT
      X-Ms-Is-Current-Version:
      - "true"
      X-Ms-Lease-State:
      - available
      X-Ms-Lease-Status:
      - unlocked
      X-Ms-Request-Id:
      - 8d854d70-b01e-004f-4ceb-1bfe2c000000
      X-Ms-Server-Encrypted:
      - "true"
      X-Ms-Version:
      - "2019-12-12"
      X-Ms-Version-Id:
      - "2022-02-07T06:22:21.7129475Z"
    status: 200 OK
    code: 200
    duration: ""
- request:
    body: "1"
    form: {}
    headers:
      Accept:
      - application/xml
      Authorization:
      - sanitized
      Content-Length:
      - "1"
      Content-Type:
      - application/octet-stream
      User-Agent:
      - azsdk-go-azblob/v0.3.0 azsdk-go-azcore/v0.21.0 (go1.16.7; Windows_NT)
      X-Ms-Blob-Type:
      - BlockBlob
      X-Ms-Date:
      - Mon, 07 Feb 2022 06:22:22 GMT
      X-Ms-Version:
      - "2019-12-12"
    url: https://azureblobstoragecanada.blob.core.windows.net/goccreateanddownloadblobspecialcharacterswithvid/abc1
    method: PUT
  response:
    body: ""
    headers:
      Content-Length:
      - "0"
      Content-Md5:
      - xMpCOKC5I4INzFCab3WEmw==
      Date:
      - Mon, 07 Feb 2022 06:22:21 GMT
      Etag:
      - '"0x8D9EA023359DA93"'
      Last-Modified:
      - Mon, 07 Feb 2022 06:22:22 GMT
      Server:
      - Windows-Azure-Blob/1.0 Microsoft-HTTPAPI/2.0
      X-Ms-Content-Crc64:
      - 0r4bRsOhlSM=
      X-Ms-Request-Id:
      - 8d854e35-b01e-004f-79eb-1bfe2c000000
      X-Ms-Request-Server-Encrypted:
      - "true"
      X-Ms-Version:
      - "2019-12-12"
      X-Ms-Version-Id:
      - "2022-02-07T06:22:22.1996691Z"
    status: 201 Created
    code: 201
    duration: ""
- request:
    body: ""
    form: {}
    headers:
      Accept:
      - application/xml
      Authorization:
      - sanitized
      User-Agent:
      - azsdk-go-azblob/v0.3.0 azsdk-go-azcore/v0.21.0 (go1.16.7; Windows_NT)
      X-Ms-Date:
      - Mon, 07 Feb 2022 06:22:22 GMT
      X-Ms-Version:
      - "2019-12-12"
    url: https://azureblobstoragecanada.blob.core.windows.net/goccreateanddownloadblobspecialcharacterswithvid/abc1
    method: GET
  response:
    body: "1"
    headers:
      Accept-Ranges:
      - bytes
      Content-Length:
      - "1"
      Content-Md5:
      - xMpCOKC5I4INzFCab3WEmw==
      Content-Type:
      - application/octet-stream
      Date:
      - Mon, 07 Feb 2022 06:22:22 GMT
      Etag:
      - '"0x8D9EA023359DA93"'
      Last-Modified:
      - Mon, 07 Feb 2022 06:22:22 GMT
      Server:
      - Windows-Azure-Blob/1.0 Microsoft-HTTPAPI/2.0
      X-Ms-Blob-Type:
      - BlockBlob
      X-Ms-Creation-Time:
      - Mon, 07 Feb 2022 06:22:22 GMT
      X-Ms-Is-Current-Version:
      - "true"
      X-Ms-Lease-State:
      - available
      X-Ms-Lease-Status:
      - unlocked
      X-Ms-Request-Id:
      - 8d854ede-b01e-004f-0feb-1bfe2c000000
      X-Ms-Server-Encrypted:
      - "true"
      X-Ms-Version:
      - "2019-12-12"
      X-Ms-Version-Id:
      - "2022-02-07T06:22:22.1996691Z"
    status: 200 OK
    code: 200
    duration: ""
- request:
    body: "2"
    form: {}
    headers:
      Accept:
      - application/xml
      Authorization:
      - sanitized
      Content-Length:
      - "1"
      Content-Type:
      - application/octet-stream
      User-Agent:
      - azsdk-go-azblob/v0.3.0 azsdk-go-azcore/v0.21.0 (go1.16.7; Windows_NT)
      X-Ms-Blob-Type:
      - BlockBlob
      X-Ms-Date:
      - Mon, 07 Feb 2022 06:22:22 GMT
      X-Ms-Version:
      - "2019-12-12"
    url: https://azureblobstoragecanada.blob.core.windows.net/goccreateanddownloadblobspecialcharacterswithvid/abc2
    method: PUT
  response:
    body: ""
    headers:
      Content-Length:
      - "0"
      Content-Md5:
      - yB5yjZ1ML2NvBn+JzBSGLA==
      Date:
      - Mon, 07 Feb 2022 06:22:22 GMT
      Etag:
      - '"0x8D9EA0233A334EB"'
      Last-Modified:
      - Mon, 07 Feb 2022 06:22:22 GMT
      Server:
      - Windows-Azure-Blob/1.0 Microsoft-HTTPAPI/2.0
      X-Ms-Content-Crc64:
      - WSVFFpuwJqI=
      X-Ms-Request-Id:
      - 8d854f89-b01e-004f-33eb-1bfe2c000000
      X-Ms-Request-Server-Encrypted:
      - "true"
      X-Ms-Version:
      - "2019-12-12"
      X-Ms-Version-Id:
      - "2022-02-07T06:22:22.6803947Z"
    status: 201 Created
    code: 201
    duration: ""
- request:
    body: ""
    form: {}
    headers:
      Accept:
      - application/xml
      Authorization:
      - sanitized
      User-Agent:
      - azsdk-go-azblob/v0.3.0 azsdk-go-azcore/v0.21.0 (go1.16.7; Windows_NT)
      X-Ms-Date:
      - Mon, 07 Feb 2022 06:22:23 GMT
      X-Ms-Version:
      - "2019-12-12"
    url: https://azureblobstoragecanada.blob.core.windows.net/goccreateanddownloadblobspecialcharacterswithvid/abc2
    method: GET
  response:
    body: "2"
    headers:
      Accept-Ranges:
      - bytes
      Content-Length:
      - "1"
      Content-Md5:
      - yB5yjZ1ML2NvBn+JzBSGLA==
      Content-Type:
      - application/octet-stream
      Date:
      - Mon, 07 Feb 2022 06:22:22 GMT
      Etag:
      - '"0x8D9EA0233A334EB"'
      Last-Modified:
      - Mon, 07 Feb 2022 06:22:22 GMT
      Server:
      - Windows-Azure-Blob/1.0 Microsoft-HTTPAPI/2.0
      X-Ms-Blob-Type:
      - BlockBlob
      X-Ms-Creation-Time:
      - Mon, 07 Feb 2022 06:22:22 GMT
      X-Ms-Is-Current-Version:
      - "true"
      X-Ms-Lease-State:
      - available
      X-Ms-Lease-Status:
      - unlocked
      X-Ms-Request-Id:
      - 8d855025-b01e-004f-3feb-1bfe2c000000
      X-Ms-Server-Encrypted:
      - "true"
      X-Ms-Version:
      - "2019-12-12"
      X-Ms-Version-Id:
      - "2022-02-07T06:22:22.6803947Z"
    status: 200 OK
    code: 200
    duration: ""
- request:
    body: "3"
    form: {}
    headers:
      Accept:
      - application/xml
      Authorization:
      - sanitized
      Content-Length:
      - "1"
      Content-Type:
      - application/octet-stream
      User-Agent:
      - azsdk-go-azblob/v0.3.0 azsdk-go-azcore/v0.21.0 (go1.16.7; Windows_NT)
      X-Ms-Blob-Type:
      - BlockBlob
      X-Ms-Date:
      - Mon, 07 Feb 2022 06:22:23 GMT
      X-Ms-Version:
      - "2019-12-12"
    url: https://azureblobstoragecanada.blob.core.windows.net/goccreateanddownloadblobspecialcharacterswithvid/abc3
    method: PUT
  response:
    body: ""
    headers:
      Content-Length:
      - "0"
      Content-Md5:
      - 7MvIfktc4v4oMI/Z8qe68w==
      Date:
      - Mon, 07 Feb 2022 06:22:22 GMT
      Etag:
      - '"0x8D9EA0233EDC79A"'
      Last-Modified:
      - Mon, 07 Feb 2022 06:22:23 GMT
      Server:
      - Windows-Azure-Blob/1.0 Microsoft-HTTPAPI/2.0
      X-Ms-Content-Crc64:
      - IKxwJlNASN0=
      X-Ms-Request-Id:
      - 8d8550b9-b01e-004f-3aeb-1bfe2c000000
      X-Ms-Request-Server-Encrypted:
      - "true"
      X-Ms-Version:
      - "2019-12-12"
      X-Ms-Version-Id:
      - "2022-02-07T06:22:23.1691162Z"
    status: 201 Created
    code: 201
    duration: ""
- request:
    body: ""
    form: {}
    headers:
      Accept:
      - application/xml
      Authorization:
      - sanitized
      User-Agent:
      - azsdk-go-azblob/v0.3.0 azsdk-go-azcore/v0.21.0 (go1.16.7; Windows_NT)
      X-Ms-Date:
      - Mon, 07 Feb 2022 06:22:23 GMT
      X-Ms-Version:
      - "2019-12-12"
    url: https://azureblobstoragecanada.blob.core.windows.net/goccreateanddownloadblobspecialcharacterswithvid/abc3
    method: GET
  response:
    body: "3"
    headers:
      Accept-Ranges:
      - bytes
      Content-Length:
      - "1"
      Content-Md5:
      - 7MvIfktc4v4oMI/Z8qe68w==
      Content-Type:
      - application/octet-stream
      Date:
      - Mon, 07 Feb 2022 06:22:23 GMT
      Etag:
      - '"0x8D9EA0233EDC79A"'
      Last-Modified:
      - Mon, 07 Feb 2022 06:22:23 GMT
      Server:
      - Windows-Azure-Blob/1.0 Microsoft-HTTPAPI/2.0
      X-Ms-Blob-Type:
      - BlockBlob
      X-Ms-Creation-Time:
      - Mon, 07 Feb 2022 06:22:23 GMT
      X-Ms-Is-Current-Version:
      - "true"
      X-Ms-Lease-State:
      - available
      X-Ms-Lease-Status:
      - unlocked
      X-Ms-Request-Id:
      - 8d855191-b01e-004f-79eb-1bfe2c000000
      X-Ms-Server-Encrypted:
      - "true"
      X-Ms-Version:
      - "2019-12-12"
      X-Ms-Version-Id:
      - "2022-02-07T06:22:23.1691162Z"
    status: 200 OK
    code: 200
    duration: ""
- request:
    body: "4"
    form: {}
    headers:
      Accept:
      - application/xml
      Authorization:
      - sanitized
      Content-Length:
      - "1"
      Content-Type:
      - application/octet-stream
      User-Agent:
      - azsdk-go-azblob/v0.3.0 azsdk-go-azcore/v0.21.0 (go1.16.7; Windows_NT)
      X-Ms-Blob-Type:
      - BlockBlob
      X-Ms-Date:
      - Mon, 07 Feb 2022 06:22:23 GMT
      X-Ms-Version:
      - "2019-12-12"
    url: https://azureblobstoragecanada.blob.core.windows.net/goccreateanddownloadblobspecialcharacterswithvid/abc4
    method: PUT
  response:
    body: ""
    headers:
      Content-Length:
      - "0"
      Content-Md5:
      - qH/2eaLz5x2RgaZ7dUISLA==
      Date:
      - Mon, 07 Feb 2022 06:22:23 GMT
      Etag:
      - '"0x8D9EA0234391D7B"'
      Last-Modified:
      - Mon, 07 Feb 2022 06:22:23 GMT
      Server:
      - Windows-Azure-Blob/1.0 Microsoft-HTTPAPI/2.0
      X-Ms-Content-Crc64:
      - JIFv7ni0mZU=
      X-Ms-Request-Id:
      - 8d855247-b01e-004f-14eb-1bfe2c000000
      X-Ms-Request-Server-Encrypted:
      - "true"
      X-Ms-Version:
      - "2019-12-12"
      X-Ms-Version-Id:
      - "2022-02-07T06:22:23.6628347Z"
    status: 201 Created
    code: 201
    duration: ""
- request:
    body: ""
    form: {}
    headers:
      Accept:
      - application/xml
      Authorization:
      - sanitized
      User-Agent:
      - azsdk-go-azblob/v0.3.0 azsdk-go-azcore/v0.21.0 (go1.16.7; Windows_NT)
      X-Ms-Date:
      - Mon, 07 Feb 2022 06:22:24 GMT
      X-Ms-Version:
      - "2019-12-12"
    url: https://azureblobstoragecanada.blob.core.windows.net/goccreateanddownloadblobspecialcharacterswithvid/abc4
    method: GET
  response:
    body: "4"
    headers:
      Accept-Ranges:
      - bytes
      Content-Length:
      - "1"
      Content-Md5:
      - qH/2eaLz5x2RgaZ7dUISLA==
      Content-Type:
      - application/octet-stream
      Date:
      - Mon, 07 Feb 2022 06:22:23 GMT
      Etag:
      - '"0x8D9EA0234391D7B"'
      Last-Modified:
      - Mon, 07 Feb 2022 06:22:23 GMT
      Server:
      - Windows-Azure-Blob/1.0 Microsoft-HTTPAPI/2.0
      X-Ms-Blob-Type:
      - BlockBlob
      X-Ms-Creation-Time:
      - Mon, 07 Feb 2022 06:22:23 GMT
      X-Ms-Is-Current-Version:
      - "true"
      X-Ms-Lease-State:
      - available
      X-Ms-Lease-Status:
      - unlocked
      X-Ms-Request-Id:
      - 8d855307-b01e-004f-41eb-1bfe2c000000
      X-Ms-Server-Encrypted:
      - "true"
      X-Ms-Version:
      - "2019-12-12"
      X-Ms-Version-Id:
      - "2022-02-07T06:22:23.6628347Z"
    status: 200 OK
    code: 200
    duration: ""
- request:
    body: "5"
    form: {}
    headers:
      Accept:
      - application/xml
      Authorization:
      - sanitized
      Content-Length:
      - "1"
      Content-Type:
      - application/octet-stream
      User-Agent:
      - azsdk-go-azblob/v0.3.0 azsdk-go-azcore/v0.21.0 (go1.16.7; Windows_NT)
      X-Ms-Blob-Type:
      - BlockBlob
      X-Ms-Date:
      - Mon, 07 Feb 2022 06:22:24 GMT
      X-Ms-Version:
      - "2019-12-12"
    url: https://azureblobstoragecanada.blob.core.windows.net/goccreateanddownloadblobspecialcharacterswithvid/abc5
    method: PUT
  response:
    body: ""
    headers:
      Content-Length:
      - "0"
      Content-Md5:
      - 5No7f7vOI0XXdysGdKMY1Q==
      Date:
      - Mon, 07 Feb 2022 06:22:23 GMT
      Etag:
      - '"0x8D9EA0234849A65"'
      Last-Modified:
      - Mon, 07 Feb 2022 06:22:24 GMT
      Server:
      - Windows-Azure-Blob/1.0 Microsoft-HTTPAPI/2.0
      X-Ms-Content-Crc64:
      - XQha3rBE9+o=
      X-Ms-Request-Id:
      - 8d85540c-b01e-004f-2deb-1bfe2c000000
      X-Ms-Request-Server-Encrypted:
      - "true"
      X-Ms-Version:
      - "2019-12-12"
      X-Ms-Version-Id:
      - "2022-02-07T06:22:24.1575525Z"
    status: 201 Created
    code: 201
    duration: ""
- request:
    body: ""
    form: {}
    headers:
      Accept:
      - application/xml
      Authorization:
      - sanitized
      User-Agent:
      - azsdk-go-azblob/v0.3.0 azsdk-go-azcore/v0.21.0 (go1.16.7; Windows_NT)
      X-Ms-Date:
      - Mon, 07 Feb 2022 06:22:24 GMT
      X-Ms-Version:
      - "2019-12-12"
    url: https://azureblobstoragecanada.blob.core.windows.net/goccreateanddownloadblobspecialcharacterswithvid/abc5
    method: GET
  response:
    body: "5"
    headers:
      Accept-Ranges:
      - bytes
      Content-Length:
      - "1"
      Content-Md5:
      - 5No7f7vOI0XXdysGdKMY1Q==
      Content-Type:
      - application/octet-stream
      Date:
      - Mon, 07 Feb 2022 06:22:24 GMT
      Etag:
      - '"0x8D9EA0234849A65"'
      Last-Modified:
      - Mon, 07 Feb 2022 06:22:24 GMT
      Server:
      - Windows-Azure-Blob/1.0 Microsoft-HTTPAPI/2.0
      X-Ms-Blob-Type:
      - BlockBlob
      X-Ms-Creation-Time:
      - Mon, 07 Feb 2022 06:22:24 GMT
      X-Ms-Is-Current-Version:
      - "true"
      X-Ms-Lease-State:
      - available
      X-Ms-Lease-Status:
      - unlocked
      X-Ms-Request-Id:
      - 8d8554af-b01e-004f-3aeb-1bfe2c000000
      X-Ms-Server-Encrypted:
      - "true"
      X-Ms-Version:
      - "2019-12-12"
      X-Ms-Version-Id:
      - "2022-02-07T06:22:24.1575525Z"
    status: 200 OK
    code: 200
    duration: ""
- request:
    body: "6"
    form: {}
    headers:
      Accept:
      - application/xml
      Authorization:
      - sanitized
      Content-Length:
      - "1"
      Content-Type:
      - application/octet-stream
      User-Agent:
      - azsdk-go-azblob/v0.3.0 azsdk-go-azcore/v0.21.0 (go1.16.7; Windows_NT)
      X-Ms-Blob-Type:
      - BlockBlob
      X-Ms-Date:
      - Mon, 07 Feb 2022 06:22:24 GMT
      X-Ms-Version:
      - "2019-12-12"
    url: https://azureblobstoragecanada.blob.core.windows.net/goccreateanddownloadblobspecialcharacterswithvid/abc6
    method: PUT
  response:
    body: ""
    headers:
      Content-Length:
      - "0"
      Content-Md5:
      - FnkJHFqID69vteYIfrGy3A==
      Date:
      - Mon, 07 Feb 2022 06:22:24 GMT
      Etag:
      - '"0x8D9EA0234CF5426"'
      Last-Modified:
      - Mon, 07 Feb 2022 06:22:24 GMT
      Server:
      - Windows-Azure-Blob/1.0 Microsoft-HTTPAPI/2.0
      X-Ms-Content-Crc64:
      - 1pMEjuhVRGs=
      X-Ms-Request-Id:
      - 8d8555ac-b01e-004f-17eb-1bfe2c000000
      X-Ms-Request-Server-Encrypted:
      - "true"
      X-Ms-Version:
      - "2019-12-12"
      X-Ms-Version-Id:
      - "2022-02-07T06:22:24.6472742Z"
    status: 201 Created
    code: 201
    duration: ""
- request:
    body: ""
    form: {}
    headers:
      Accept:
      - application/xml
      Authorization:
      - sanitized
      User-Agent:
      - azsdk-go-azblob/v0.3.0 azsdk-go-azcore/v0.21.0 (go1.16.7; Windows_NT)
      X-Ms-Date:
      - Mon, 07 Feb 2022 06:22:25 GMT
      X-Ms-Version:
      - "2019-12-12"
    url: https://azureblobstoragecanada.blob.core.windows.net/goccreateanddownloadblobspecialcharacterswithvid/abc6
    method: GET
  response:
    body: "6"
    headers:
      Accept-Ranges:
      - bytes
      Content-Length:
      - "1"
      Content-Md5:
      - FnkJHFqID69vteYIfrGy3A==
      Content-Type:
      - application/octet-stream
      Date:
      - Mon, 07 Feb 2022 06:22:24 GMT
      Etag:
      - '"0x8D9EA0234CF5426"'
      Last-Modified:
      - Mon, 07 Feb 2022 06:22:24 GMT
      Server:
      - Windows-Azure-Blob/1.0 Microsoft-HTTPAPI/2.0
      X-Ms-Blob-Type:
      - BlockBlob
      X-Ms-Creation-Time:
      - Mon, 07 Feb 2022 06:22:24 GMT
      X-Ms-Is-Current-Version:
      - "true"
      X-Ms-Lease-State:
      - available
      X-Ms-Lease-Status:
      - unlocked
      X-Ms-Request-Id:
      - 8d855683-b01e-004f-5deb-1bfe2c000000
      X-Ms-Server-Encrypted:
      - "true"
      X-Ms-Version:
      - "2019-12-12"
      X-Ms-Version-Id:
      - "2022-02-07T06:22:24.6472742Z"
    status: 200 OK
    code: 200
    duration: ""
- request:
    body: "7"
    form: {}
    headers:
      Accept:
      - application/xml
      Authorization:
      - sanitized
      Content-Length:
      - "1"
      Content-Type:
      - application/octet-stream
      User-Agent:
      - azsdk-go-azblob/v0.3.0 azsdk-go-azcore/v0.21.0 (go1.16.7; Windows_NT)
      X-Ms-Blob-Type:
      - BlockBlob
      X-Ms-Date:
      - Mon, 07 Feb 2022 06:22:25 GMT
      X-Ms-Version:
      - "2019-12-12"
    url: https://azureblobstoragecanada.blob.core.windows.net/goccreateanddownloadblobspecialcharacterswithvid/abc7
    method: PUT
  response:
    body: ""
    headers:
      Content-Length:
      - "0"
      Content-Md5:
      - jxTkX87qFnpaNt7dS+olQw==
      Date:
      - Mon, 07 Feb 2022 06:22:25 GMT
      Etag:
      - '"0x8D9EA02353F43A7"'
      Last-Modified:
      - Mon, 07 Feb 2022 06:22:25 GMT
      Server:
      - Windows-Azure-Blob/1.0 Microsoft-HTTPAPI/2.0
      X-Ms-Content-Crc64:
      - rxoxviClKhQ=
      X-Ms-Request-Id:
      - 8d855707-b01e-004f-59eb-1bfe2c000000
      X-Ms-Request-Server-Encrypted:
      - "true"
      X-Ms-Version:
      - "2019-12-12"
      X-Ms-Version-Id:
      - "2022-02-07T06:22:25.3808551Z"
    status: 201 Created
    code: 201
    duration: ""
- request:
    body: ""
    form: {}
    headers:
      Accept:
      - application/xml
      Authorization:
      - sanitized
      User-Agent:
      - azsdk-go-azblob/v0.3.0 azsdk-go-azcore/v0.21.0 (go1.16.7; Windows_NT)
      X-Ms-Date:
      - Mon, 07 Feb 2022 06:22:25 GMT
      X-Ms-Version:
      - "2019-12-12"
    url: https://azureblobstoragecanada.blob.core.windows.net/goccreateanddownloadblobspecialcharacterswithvid/abc7
    method: GET
  response:
    body: "7"
    headers:
      Accept-Ranges:
      - bytes
      Content-Length:
      - "1"
      Content-Md5:
      - jxTkX87qFnpaNt7dS+olQw==
      Content-Type:
      - application/octet-stream
      Date:
      - Mon, 07 Feb 2022 06:22:25 GMT
      Etag:
      - '"0x8D9EA02353F43A7"'
      Last-Modified:
      - Mon, 07 Feb 2022 06:22:25 GMT
      Server:
      - Windows-Azure-Blob/1.0 Microsoft-HTTPAPI/2.0
      X-Ms-Blob-Type:
      - BlockBlob
      X-Ms-Creation-Time:
      - Mon, 07 Feb 2022 06:22:25 GMT
      X-Ms-Is-Current-Version:
      - "true"
      X-Ms-Lease-State:
      - available
      X-Ms-Lease-Status:
      - unlocked
      X-Ms-Request-Id:
      - 8d85588d-b01e-004f-0feb-1bfe2c000000
      X-Ms-Server-Encrypted:
      - "true"
      X-Ms-Version:
      - "2019-12-12"
      X-Ms-Version-Id:
      - "2022-02-07T06:22:25.3808551Z"
    status: 200 OK
    code: 200
    duration: ""
- request:
    body: "8"
    form: {}
    headers:
      Accept:
      - application/xml
      Authorization:
      - sanitized
      Content-Length:
      - "1"
      Content-Type:
      - application/octet-stream
      User-Agent:
      - azsdk-go-azblob/v0.3.0 azsdk-go-azcore/v0.21.0 (go1.16.7; Windows_NT)
      X-Ms-Blob-Type:
      - BlockBlob
      X-Ms-Date:
      - Mon, 07 Feb 2022 06:22:26 GMT
      X-Ms-Version:
      - "2019-12-12"
    url: https://azureblobstoragecanada.blob.core.windows.net/goccreateanddownloadblobspecialcharacterswithvid/abc8
    method: PUT
  response:
    body: ""
    headers:
      Content-Length:
      - "0"
      Content-Md5:
      - yfD4lfuYq5FZ9R/QKX4jbQ==
      Date:
      - Mon, 07 Feb 2022 06:22:25 GMT
      Etag:
      - '"0x8D9EA0235889E05"'
      Last-Modified:
      - Mon, 07 Feb 2022 06:22:25 GMT
      Server:
      - Windows-Azure-Blob/1.0 Microsoft-HTTPAPI/2.0
      X-Ms-Content-Crc64:
      - 3sk6Hr+95/o=
      X-Ms-Request-Id:
      - 8d855958-b01e-004f-45eb-1bfe2c000000
      X-Ms-Request-Server-Encrypted:
      - "true"
      X-Ms-Version:
      - "2019-12-12"
      X-Ms-Version-Id:
      - "2022-02-07T06:22:25.8615813Z"
    status: 201 Created
    code: 201
    duration: ""
- request:
    body: ""
    form: {}
    headers:
      Accept:
      - application/xml
      Authorization:
      - sanitized
      User-Agent:
      - azsdk-go-azblob/v0.3.0 azsdk-go-azcore/v0.21.0 (go1.16.7; Windows_NT)
      X-Ms-Date:
      - Mon, 07 Feb 2022 06:22:26 GMT
      X-Ms-Version:
      - "2019-12-12"
    url: https://azureblobstoragecanada.blob.core.windows.net/goccreateanddownloadblobspecialcharacterswithvid/abc8
    method: GET
  response:
    body: "8"
    headers:
      Accept-Ranges:
      - bytes
      Content-Length:
      - "1"
      Content-Md5:
      - yfD4lfuYq5FZ9R/QKX4jbQ==
      Content-Type:
      - application/octet-stream
      Date:
      - Mon, 07 Feb 2022 06:22:25 GMT
      Etag:
      - '"0x8D9EA0235889E05"'
      Last-Modified:
      - Mon, 07 Feb 2022 06:22:25 GMT
      Server:
      - Windows-Azure-Blob/1.0 Microsoft-HTTPAPI/2.0
      X-Ms-Blob-Type:
      - BlockBlob
      X-Ms-Creation-Time:
      - Mon, 07 Feb 2022 06:22:25 GMT
      X-Ms-Is-Current-Version:
      - "true"
      X-Ms-Lease-State:
      - available
      X-Ms-Lease-Status:
      - unlocked
      X-Ms-Request-Id:
      - 8d855a47-b01e-004f-17eb-1bfe2c000000
      X-Ms-Server-Encrypted:
      - "true"
      X-Ms-Version:
      - "2019-12-12"
      X-Ms-Version-Id:
      - "2022-02-07T06:22:25.8615813Z"
    status: 200 OK
    code: 200
    duration: ""
- request:
    body: "9"
    form: {}
    headers:
      Accept:
      - application/xml
      Authorization:
      - sanitized
      Content-Length:
      - "1"
      Content-Type:
      - application/octet-stream
      User-Agent:
      - azsdk-go-azblob/v0.3.0 azsdk-go-azcore/v0.21.0 (go1.16.7; Windows_NT)
      X-Ms-Blob-Type:
      - BlockBlob
      X-Ms-Date:
      - Mon, 07 Feb 2022 06:22:26 GMT
      X-Ms-Version:
      - "2019-12-12"
    url: https://azureblobstoragecanada.blob.core.windows.net/goccreateanddownloadblobspecialcharacterswithvid/abc9
    method: PUT
  response:
    body: ""
    headers:
      Content-Length:
      - "0"
      Content-Md5:
      - RcSMzi4tf73qGvxRx8atJg==
      Date:
      - Mon, 07 Feb 2022 06:22:26 GMT
      Etag:
      - '"0x8D9EA0235D24676"'
      Last-Modified:
      - Mon, 07 Feb 2022 06:22:26 GMT
      Server:
      - Windows-Azure-Blob/1.0 Microsoft-HTTPAPI/2.0
      X-Ms-Content-Crc64:
      - p0APLndNiYU=
      X-Ms-Request-Id:
      - 8d855b5c-b01e-004f-13eb-1bfe2c000000
      X-Ms-Request-Server-Encrypted:
      - "true"
      X-Ms-Version:
      - "2019-12-12"
      X-Ms-Version-Id:
      - "2022-02-07T06:22:26.3443062Z"
    status: 201 Created
    code: 201
    duration: ""
- request:
    body: ""
    form: {}
    headers:
      Accept:
      - application/xml
      Authorization:
      - sanitized
      User-Agent:
      - azsdk-go-azblob/v0.3.0 azsdk-go-azcore/v0.21.0 (go1.16.7; Windows_NT)
      X-Ms-Date:
      - Mon, 07 Feb 2022 06:22:26 GMT
      X-Ms-Version:
      - "2019-12-12"
    url: https://azureblobstoragecanada.blob.core.windows.net/goccreateanddownloadblobspecialcharacterswithvid/abc9
    method: GET
  response:
    body: "9"
    headers:
      Accept-Ranges:
      - bytes
      Content-Length:
      - "1"
      Content-Md5:
      - RcSMzi4tf73qGvxRx8atJg==
      Content-Type:
      - application/octet-stream
      Date:
      - Mon, 07 Feb 2022 06:22:26 GMT
      Etag:
      - '"0x8D9EA0235D24676"'
      Last-Modified:
      - Mon, 07 Feb 2022 06:22:26 GMT
      Server:
      - Windows-Azure-Blob/1.0 Microsoft-HTTPAPI/2.0
      X-Ms-Blob-Type:
      - BlockBlob
      X-Ms-Creation-Time:
      - Mon, 07 Feb 2022 06:22:26 GMT
      X-Ms-Is-Current-Version:
      - "true"
      X-Ms-Lease-State:
      - available
      X-Ms-Lease-Status:
      - unlocked
      X-Ms-Request-Id:
      - 8d855c55-b01e-004f-78eb-1bfe2c000000
      X-Ms-Server-Encrypted:
      - "true"
      X-Ms-Version:
      - "2019-12-12"
      X-Ms-Version-Id:
      - "2022-02-07T06:22:26.3443062Z"
    status: 200 OK
    code: 200
    duration: ""
- request:
    body: ""
    form: {}
    headers:
      Accept:
      - application/xml
      Authorization:
      - sanitized
      User-Agent:
      - azsdk-go-azblob/v0.3.0 azsdk-go-azcore/v0.21.0 (go1.16.7; Windows_NT)
      X-Ms-Date:
      - Mon, 07 Feb 2022 06:22:27 GMT
      X-Ms-Version:
      - "2019-12-12"
    url: https://azureblobstoragecanada.blob.core.windows.net/goccreateanddownloadblobspecialcharacterswithvid?restype=container
    method: DELETE
  response:
    body: ""
    headers:
      Content-Length:
      - "0"
      Date:
      - Mon, 07 Feb 2022 06:22:26 GMT
      Server:
      - Windows-Azure-Blob/1.0 Microsoft-HTTPAPI/2.0
      X-Ms-Request-Id:
      - 8d855d4d-b01e-004f-59eb-1bfe2c000000
      X-Ms-Version:
      - "2019-12-12"
    status: 202 Accepted
    code: 202
    duration: ""
