---
version: 1
interactions:
- request:
    body: |
      {"TableName":"table25storagetablesuitetestget"}
    form: {}
    headers:
      Accept:
      - application/json;odata=nometadata
      Accept-Charset:
      - UTF-8
      Authorization:
      - SharedKey golangrocksonazure:dtcC3wSMuK4W9SYTiGjiH2R7zkevmJsRIdu8aCBqg40=
      Content-Length:
      - "48"
      Content-Type:
      - application/json
      Prefer:
      - return-no-content
      User-Agent:
      - Go/go1.12.4 (amd64-windows) azure-storage-go/latest api-version/2018-03-28
        table
      x-ms-date:
      - Tue, 28 May 2019 22:36:11 GMT
      x-ms-version:
      - "2018-03-28"
    url: https://golangrocksonazure.table.core.windows.net/Tables?timeout=30
    method: POST
  response:
    body: ""
    headers:
      Cache-Control:
      - no-cache
      Content-Length:
      - "0"
      Dataserviceid:
      - https://golangrocksonazure.table.core.windows.net/Tables('table25storagetablesuitetestget')
      Date:
      - Tue, 28 May 2019 22:36:11 GMT
      Location:
      - https://golangrocksonazure.table.core.windows.net/Tables('table25storagetablesuitetestget')
      Preference-Applied:
      - return-no-content
      Server:
      - Windows-Azure-Table/1.0 Microsoft-HTTPAPI/2.0
      X-Content-Type-Options:
      - nosniff
      X-Ms-Request-Id:
      - ac811059-6002-0062-61a5-153a2a000000
      X-Ms-Version:
      - "2018-03-28"
    status: 204 No Content
    code: 204
    duration: ""
- request:
    body: ""
    form: {}
    headers:
      Accept:
      - application/json;odata=fullmetadata
      Authorization:
      - SharedKey golangrocksonazure:YmXcwj8BXrzt0HjXyNxauHZ2xQmvMu5/0Ut9U1ihPTg=
      User-Agent:
      - Go/go1.12.4 (amd64-windows) azure-storage-go/latest api-version/2018-03-28
        table
      x-ms-date:
      - Tue, 28 May 2019 22:36:11 GMT
      x-ms-version:
      - "2018-03-28"
    url: https://golangrocksonazure.table.core.windows.net/Tables%28%27table25storagetablesuitetestget%27%29?timeout=30
    method: GET
  response:
    body: '{"odata.metadata":"https://golangrocksonazure.table.core.windows.net/$metadata#Tables/@Element","odata.type":"golangrocksonazure.Tables","odata.id":"https://golangrocksonazure.table.core.windows.net/Tables(''table25storagetablesuitetestget'')","odata.editLink":"Tables(''table25storagetablesuitetestget'')","TableName":"table25storagetablesuitetestget"}'
    headers:
      Cache-Control:
      - no-cache
      Content-Type:
      - application/json;odata=fullmetadata;streaming=true;charset=utf-8
      Date:
      - Tue, 28 May 2019 22:36:11 GMT
      Server:
      - Windows-Azure-Table/1.0 Microsoft-HTTPAPI/2.0
      X-Content-Type-Options:
      - nosniff
      X-Ms-Request-Id:
      - ac81105b-6002-0062-62a5-153a2a000000
      X-Ms-Version:
      - "2018-03-28"
    status: 200 OK
    code: 200
    duration: ""
- request:
    body: ""
    form: {}
    headers:
      Accept:
      - application/json;odata=nometadata
      Authorization:
      - SharedKey golangrocksonazure:j0iyLL4FpBOuATM0LLXi2lgM5i5ykqXGTPWe+04OZAc=
      Prefer:
      - return-no-content
      User-Agent:
      - Go/go1.12.4 (amd64-windows) azure-storage-go/latest api-version/2018-03-28
        table
      x-ms-date:
      - Tue, 28 May 2019 22:36:11 GMT
      x-ms-version:
      - "2018-03-28"
    url: https://golangrocksonazure.table.core.windows.net/Tables%28%27table25storagetablesuitetestget%27%29?timeout=30
    method: DELETE
  response:
    body: ""
    headers:
      Cache-Control:
      - no-cache
      Content-Length:
      - "0"
      Date:
      - Tue, 28 May 2019 22:36:11 GMT
      Server:
      - Windows-Azure-Table/1.0 Microsoft-HTTPAPI/2.0
      X-Content-Type-Options:
      - nosniff
      X-Ms-Request-Id:
      - ac81105c-6002-0062-63a5-153a2a000000
      X-Ms-Version:
      - "2018-03-28"
    status: 204 No Content
    code: 204
    duration: ""
