---
version: 1
interactions:
- request:
    body: |
      {"TableName":"table29storageentitysuitetestins"}
    form: {}
    headers:
      Accept:
      - application/json;odata=nometadata
      Accept-Charset:
      - UTF-8
      Authorization:
      - SharedKey golangrocksonazure:lVGBIpnUqhQNb8Z5hCPgDKvzy69wV+VK2+SNg5y29UE=
      Content-Length:
      - "49"
      Content-Type:
      - application/json
      Prefer:
      - return-no-content
      User-Agent:
      - Go/go1.15.1 (amd64-windows) azure-storage-go/v52.6.0 api-version/2018-03-28
        table
      x-ms-date:
      - Tue, 13 Apr 2021 15:57:41 GMT
      x-ms-version:
      - "2018-03-28"
    url: https://golangrocksonazure.table.core.windows.net/Tables?timeout=30
    method: POST
  response:
    body: ""
    headers:
      Cache-Control:
      - no-cache
      Content-Length:
      - "0"
      Dataserviceid:
      - https://golangrocksonazure.table.core.windows.net/Tables('table29storageentitysuitetestins')
      Date:
      - Tue, 13 Apr 2021 15:57:40 GMT
      Location:
      - https://golangrocksonazure.table.core.windows.net/Tables('table29storageentitysuitetestins')
      Preference-Applied:
      - return-no-content
      Server:
      - Windows-Azure-Table/1.0 Microsoft-HTTPAPI/2.0
      X-Content-Type-Options:
      - nosniff
      X-Ms-Request-Id:
      - 2152009b-6002-0019-737d-301f56000000
      X-Ms-Version:
      - "2018-03-28"
    status: 204 No Content
    code: 204
    duration: ""
- request:
    body: '{"AmountDue":"200.23","AmountDue@odata.type":"Edm.Double","CustomerCode":"c9da6455-213d-42c9-9a79-3e9149a57833","CustomerCode@odata.type":"Edm.Guid","CustomerSince":"1992-12-20T21:55:00Z","CustomerSince@odata.type":"Edm.DateTime","IsActive":true,"NumberOfOrders":"255","NumberOfOrders@odata.type":"Edm.Int64","PartitionKey":"mypartitionkey","RowKey":"myrowkey"}'
    form: {}
    headers:
      Accept:
      - application/json;odata=nometadata
      Accept-Charset:
      - UTF-8
      Authorization:
      - SharedKey golangrocksonazure:43UC0M1FGg76BzLoTbwdn5ijeTz36QvhVCql4WH63Eo=
      Content-Length:
      - "361"
      Content-Type:
      - application/json
      Prefer:
      - return-no-content
      User-Agent:
      - Go/go1.15.1 (amd64-windows) azure-storage-go/v52.6.0 api-version/2018-03-28
        table
      x-ms-date:
      - Tue, 13 Apr 2021 15:57:41 GMT
      x-ms-version:
      - "2018-03-28"
    url: https://golangrocksonazure.table.core.windows.net/table29storageentitysuitetestins
    method: POST
  response:
    body: ""
    headers:
      Cache-Control:
      - no-cache
      Content-Length:
      - "0"
      Dataserviceid:
      - https://golangrocksonazure.table.core.windows.net/table29storageentitysuitetestins(PartitionKey='mypartitionkey',RowKey='myrowkey')
      Date:
      - Tue, 13 Apr 2021 15:57:40 GMT
      Etag:
      - W/"datetime'2021-04-13T15%3A57%3A41.6529101Z'"
      Location:
      - https://golangrocksonazure.table.core.windows.net/table29storageentitysuitetestins(PartitionKey='mypartitionkey',RowKey='myrowkey')
      Preference-Applied:
      - return-no-content
      Server:
      - Windows-Azure-Table/1.0 Microsoft-HTTPAPI/2.0
      X-Content-Type-Options:
      - nosniff
      X-Ms-Request-Id:
      - 215200a8-6002-0019-7f7d-301f56000000
      X-Ms-Version:
      - "2018-03-28"
    status: 204 No Content
    code: 204
    duration: ""
- request:
    body: '{"AmountDue":"200.23","AmountDue@odata.type":"Edm.Double","CustomerCode":"c9da6455-213d-42c9-9a79-3e9149a57833","CustomerCode@odata.type":"Edm.Guid","CustomerSince":"1992-12-20T21:55:00Z","CustomerSince@odata.type":"Edm.DateTime","IsActive":true,"NumberOfOrders":"255","NumberOfOrders@odata.type":"Edm.Int64","PartitionKey":"mypartitionkey2","RowKey":"myrowkey2"}'
    form: {}
    headers:
      Accept:
      - application/json;odata=fullmetadata
      Accept-Charset:
      - UTF-8
      Authorization:
      - SharedKey golangrocksonazure:43UC0M1FGg76BzLoTbwdn5ijeTz36QvhVCql4WH63Eo=
      Content-Length:
      - "363"
      Content-Type:
      - application/json
      Prefer:
      - return-content
      User-Agent:
      - Go/go1.15.1 (amd64-windows) azure-storage-go/v52.6.0 api-version/2018-03-28
        table
      x-ms-date:
      - Tue, 13 Apr 2021 15:57:41 GMT
      x-ms-version:
      - "2018-03-28"
    url: https://golangrocksonazure.table.core.windows.net/table29storageentitysuitetestins
    method: POST
  response:
    body: '{"odata.metadata":"https://golangrocksonazure.table.core.windows.net/$metadata#table29storageentitysuitetestins/@Element","odata.type":"golangrocksonazure.table29storageentitysuitetestins","odata.id":"https://golangrocksonazure.table.core.windows.net/table29storageentitysuitetestins(PartitionKey=''mypartitionkey2'',RowKey=''myrowkey2'')","odata.etag":"W/\"datetime''2021-04-13T15%3A57%3A41.7369708Z''\"","odata.editLink":"table29storageentitysuitetestins(PartitionKey=''mypartitionkey2'',RowKey=''myrowkey2'')","PartitionKey":"mypartitionkey2","RowKey":"myrowkey2","Timestamp@odata.type":"Edm.DateTime","Timestamp":"2021-04-13T15:57:41.7369708Z","AmountDue":200.23,"CustomerCode@odata.type":"Edm.Guid","CustomerCode":"c9da6455-213d-42c9-9a79-3e9149a57833","CustomerSince@odata.type":"Edm.DateTime","CustomerSince":"1992-12-20T21:55:00Z","IsActive":true,"NumberOfOrders@odata.type":"Edm.Int64","NumberOfOrders":"255"}'
    headers:
      Cache-Control:
      - no-cache
      Content-Type:
      - application/json;odata=fullmetadata;streaming=true;charset=utf-8
      Date:
      - Tue, 13 Apr 2021 15:57:40 GMT
      Etag:
      - W/"datetime'2021-04-13T15%3A57%3A41.7369708Z'"
      Location:
      - https://golangrocksonazure.table.core.windows.net/table29storageentitysuitetestins(PartitionKey='mypartitionkey2',RowKey='myrowkey2')
      Preference-Applied:
      - return-content
      Server:
      - Windows-Azure-Table/1.0 Microsoft-HTTPAPI/2.0
      X-Content-Type-Options:
      - nosniff
      X-Ms-Request-Id:
      - 215200b2-6002-0019-097d-301f56000000
      X-Ms-Version:
      - "2018-03-28"
    status: 201 Created
    code: 201
    duration: ""
- request:
    body: ""
    form: {}
    headers:
      Accept:
      - application/json;odata=nometadata
      Authorization:
      - SharedKey golangrocksonazure:sByRp4KXyHiNB4HxTCCnwKbjBQG22JlvUG7hKB1/zLI=
      Prefer:
      - return-no-content
      User-Agent:
      - Go/go1.15.1 (amd64-windows) azure-storage-go/v52.6.0 api-version/2018-03-28
        table
      x-ms-date:
      - Tue, 13 Apr 2021 15:57:42 GMT
      x-ms-version:
      - "2018-03-28"
    url: https://golangrocksonazure.table.core.windows.net/Tables%28%27table29storageentitysuitetestins%27%29?timeout=30
    method: DELETE
  response:
    body: ""
    headers:
      Cache-Control:
      - no-cache
      Content-Length:
      - "0"
      Date:
      - Tue, 13 Apr 2021 15:57:40 GMT
      Server:
      - Windows-Azure-Table/1.0 Microsoft-HTTPAPI/2.0
      X-Content-Type-Options:
      - nosniff
      X-Ms-Request-Id:
      - 215200c4-6002-0019-177d-301f56000000
      X-Ms-Version:
      - "2018-03-28"
    status: 204 No Content
    code: 204
    duration: ""
