---
version: 1
interactions:
- request:
    body: |
      {"TableName":"table29storageentitysuitetestupd"}
    form: {}
    headers:
      Accept:
      - application/json;odata=nometadata
      Accept-Charset:
      - UTF-8
      Authorization:
      - SharedKey golangrocksonazure:Oh0YpunWtzbcxt4V3JMBnrQ+lfS3XvwDoMqK3npRZSA=
      Content-Length:
      - "49"
      Content-Type:
      - application/json
      Prefer:
      - return-no-content
      User-Agent:
      - Go/go1.12.4 (amd64-windows) azure-storage-go/latest api-version/2018-03-28
        table
      x-ms-date:
      - Tue, 28 May 2019 22:36:04 GMT
      x-ms-version:
      - "2018-03-28"
    url: https://golangrocksonazure.table.core.windows.net/Tables?timeout=30
    method: POST
  response:
    body: ""
    headers:
      Cache-Control:
      - no-cache
      Content-Length:
      - "0"
      Dataserviceid:
      - https://golangrocksonazure.table.core.windows.net/Tables('table29storageentitysuitetestupd')
      Date:
      - Tue, 28 May 2019 22:36:04 GMT
      Location:
      - https://golangrocksonazure.table.core.windows.net/Tables('table29storageentitysuitetestupd')
      Preference-Applied:
      - return-no-content
      Server:
      - Windows-Azure-Table/1.0 Microsoft-HTTPAPI/2.0
      X-Content-Type-Options:
      - nosniff
      X-Ms-Request-Id:
      - ac810b74-6002-0062-6da5-153a2a000000
      X-Ms-Version:
      - "2018-03-28"
    status: 204 No Content
    code: 204
    duration: ""
- request:
    body: '{"AmountDue":"200.23","AmountDue@odata.type":"Edm.Double","CustomerCode":"c9da6455-213d-42c9-9a79-3e9149a57833","CustomerCode@odata.type":"Edm.Guid","CustomerSince":"1992-12-20T21:55:00Z","CustomerSince@odata.type":"Edm.DateTime","IsActive":true,"NumberOfOrders":"255","NumberOfOrders@odata.type":"Edm.Int64","PartitionKey":"mypartitionkey","RowKey":"myrowkey"}'
    form: {}
    headers:
      Accept:
      - application/json;odata=fullmetadata
      Accept-Charset:
      - UTF-8
      Authorization:
      - SharedKey golangrocksonazure:hF+C8bqPVfI6Hoh55z+XPinQCVamX9iBfAsjr0INQnc=
      Content-Length:
      - "361"
      Content-Type:
      - application/json
      Prefer:
      - return-content
      User-Agent:
      - Go/go1.12.4 (amd64-windows) azure-storage-go/latest api-version/2018-03-28
        table
      x-ms-date:
      - Tue, 28 May 2019 22:36:04 GMT
      x-ms-version:
      - "2018-03-28"
    url: https://golangrocksonazure.table.core.windows.net/table29storageentitysuitetestupd
    method: POST
  response:
    body: '{"odata.metadata":"https://golangrocksonazure.table.core.windows.net/$metadata#table29storageentitysuitetestupd/@Element","odata.type":"golangrocksonazure.table29storageentitysuitetestupd","odata.id":"https://golangrocksonazure.table.core.windows.net/table29storageentitysuitetestupd(PartitionKey=''mypartitionkey'',RowKey=''myrowkey'')","odata.etag":"W/\"datetime''2019-05-28T22%3A36%3A04.2825077Z''\"","odata.editLink":"table29storageentitysuitetestupd(PartitionKey=''mypartitionkey'',RowKey=''myrowkey'')","PartitionKey":"mypartitionkey","RowKey":"myrowkey","Timestamp@odata.type":"Edm.DateTime","Timestamp":"2019-05-28T22:36:04.2825077Z","AmountDue":200.23,"CustomerCode@odata.type":"Edm.Guid","CustomerCode":"c9da6455-213d-42c9-9a79-3e9149a57833","CustomerSince@odata.type":"Edm.DateTime","CustomerSince":"1992-12-20T21:55:00Z","IsActive":true,"NumberOfOrders@odata.type":"Edm.Int64","NumberOfOrders":"255"}'
    headers:
      Cache-Control:
      - no-cache
      Content-Type:
      - application/json;odata=fullmetadata;streaming=true;charset=utf-8
      Date:
      - Tue, 28 May 2019 22:36:04 GMT
      Etag:
      - W/"datetime'2019-05-28T22%3A36%3A04.2825077Z'"
      Location:
      - https://golangrocksonazure.table.core.windows.net/table29storageentitysuitetestupd(PartitionKey='mypartitionkey',RowKey='myrowkey')
      Preference-Applied:
      - return-content
      Server:
      - Windows-Azure-Table/1.0 Microsoft-HTTPAPI/2.0
      X-Content-Type-Options:
      - nosniff
      X-Ms-Request-Id:
      - ac810b77-6002-0062-6fa5-153a2a000000
      X-Ms-Version:
      - "2018-03-28"
    status: 201 Created
    code: 201
    duration: ""
- request:
    body: '{"FamilyName":"Skywalker","HasEpicTheme":true,"Name":"Anakin","PartitionKey":"mypartitionkey","RowKey":"myrowkey"}'
    form: {}
    headers:
      Accept:
      - application/json;odata=nometadata
      Accept-Charset:
      - UTF-8
      Authorization:
      - SharedKey golangrocksonazure:bbWdRISf9XuJynsKhEVkuRnML3M8065eU9aT0ChvOVQ=
      Content-Length:
      - "114"
      Content-Type:
      - application/json
      If-Match:
      - W/"datetime'2019-05-28T22%3A36%3A04.2825077Z'"
      Prefer:
      - return-no-content
      User-Agent:
      - Go/go1.12.4 (amd64-windows) azure-storage-go/latest api-version/2018-03-28
        table
      x-ms-date:
      - Tue, 28 May 2019 22:36:04 GMT
      x-ms-version:
      - "2018-03-28"
    url: https://golangrocksonazure.table.core.windows.net/table29storageentitysuitetestupd%28PartitionKey=%27mypartitionkey%27,RowKey=%27myrowkey%27%29
    method: PUT
  response:
    body: ""
    headers:
      Cache-Control:
      - no-cache
      Content-Length:
      - "0"
      Date:
      - Tue, 28 May 2019 22:36:04 GMT
      Etag:
      - W/"datetime'2019-05-28T22%3A36%3A04.2978859Z'"
      Preference-Applied:
      - return-no-content
      Server:
      - Windows-Azure-Table/1.0 Microsoft-HTTPAPI/2.0
      X-Content-Type-Options:
      - nosniff
      X-Ms-Request-Id:
      - ac810b79-6002-0062-71a5-153a2a000000
      X-Ms-Version:
      - "2018-03-28"
    status: 204 No Content
    code: 204
    duration: ""
- request:
    body: '{"FamilyName":"Skywalker","HasEpicTheme":true,"Name":"Anakin","PartitionKey":"mypartitionkey","RowKey":"myrowkey"}'
    form: {}
    headers:
      Accept:
      - application/json;odata=nometadata
      Accept-Charset:
      - UTF-8
      Authorization:
      - SharedKey golangrocksonazure:bbWdRISf9XuJynsKhEVkuRnML3M8065eU9aT0ChvOVQ=
      Content-Length:
      - "114"
      Content-Type:
      - application/json
      If-Match:
      - W/"datetime''2017-04-01T01%3A07%3A23.8881885Z''"
      Prefer:
      - return-no-content
      User-Agent:
      - Go/go1.12.4 (amd64-windows) azure-storage-go/latest api-version/2018-03-28
        table
      x-ms-date:
      - Tue, 28 May 2019 22:36:04 GMT
      x-ms-version:
      - "2018-03-28"
    url: https://golangrocksonazure.table.core.windows.net/table29storageentitysuitetestupd%28PartitionKey=%27mypartitionkey%27,RowKey=%27myrowkey%27%29
    method: PUT
  response:
    body: '{"odata.error":{"code":"ConditionNotMet","message":{"lang":"en-US","value":"The
      condition specified using HTTP conditional header(s) is not met.\nRequestId:ac810b7b-6002-0062-73a5-153a2a000000\nTime:2019-05-28T22:36:04.3075253Z"}}}'
    headers:
      Content-Type:
      - application/json;odata=nometadata;streaming=true;charset=utf-8
      Date:
      - Tue, 28 May 2019 22:36:04 GMT
      Server:
      - Windows-Azure-Table/1.0 Microsoft-HTTPAPI/2.0
      X-Content-Type-Options:
      - nosniff
      X-Ms-Request-Id:
      - ac810b7b-6002-0062-73a5-153a2a000000
      X-Ms-Version:
      - "2018-03-28"
    status: 412 Precondition Failed
    code: 412
    duration: ""
- request:
    body: '{"FamilyName":"Organa","HasAwesomeDress":true,"Name":"Leia","PartitionKey":"mypartitionkey","RowKey":"myrowkey"}'
    form: {}
    headers:
      Accept:
      - application/json;odata=nometadata
      Accept-Charset:
      - UTF-8
      Authorization:
      - SharedKey golangrocksonazure:bbWdRISf9XuJynsKhEVkuRnML3M8065eU9aT0ChvOVQ=
      Content-Length:
      - "112"
      Content-Type:
      - application/json
      If-Match:
      - '*'
      Prefer:
      - return-no-content
      User-Agent:
      - Go/go1.12.4 (amd64-windows) azure-storage-go/latest api-version/2018-03-28
        table
      x-ms-date:
      - Tue, 28 May 2019 22:36:04 GMT
      x-ms-version:
      - "2018-03-28"
    url: https://golangrocksonazure.table.core.windows.net/table29storageentitysuitetestupd%28PartitionKey=%27mypartitionkey%27,RowKey=%27myrowkey%27%29
    method: PUT
  response:
    body: ""
    headers:
      Cache-Control:
      - no-cache
      Content-Length:
      - "0"
      Date:
      - Tue, 28 May 2019 22:36:04 GMT
      Etag:
      - W/"datetime'2019-05-28T22%3A36%3A04.3168993Z'"
      Preference-Applied:
      - return-no-content
      Server:
      - Windows-Azure-Table/1.0 Microsoft-HTTPAPI/2.0
      X-Content-Type-Options:
      - nosniff
      X-Ms-Request-Id:
      - ac810b7c-6002-0062-74a5-153a2a000000
      X-Ms-Version:
      - "2018-03-28"
    status: 204 No Content
    code: 204
    duration: ""
- request:
    body: ""
    form: {}
    headers:
      Accept:
      - application/json;odata=nometadata
      Authorization:
      - SharedKey golangrocksonazure:YLpQAtweZ+KaVzMU6NjkGNiCDO7Mb5HwYPQfSojisJk=
      Prefer:
      - return-no-content
      User-Agent:
      - Go/go1.12.4 (amd64-windows) azure-storage-go/latest api-version/2018-03-28
        table
      x-ms-date:
      - Tue, 28 May 2019 22:36:04 GMT
      x-ms-version:
      - "2018-03-28"
    url: https://golangrocksonazure.table.core.windows.net/Tables%28%27table29storageentitysuitetestupd%27%29?timeout=30
    method: DELETE
  response:
    body: ""
    headers:
      Cache-Control:
      - no-cache
      Content-Length:
      - "0"
      Date:
      - Tue, 28 May 2019 22:36:04 GMT
      Server:
      - Windows-Azure-Table/1.0 Microsoft-HTTPAPI/2.0
      X-Content-Type-Options:
      - nosniff
      X-Ms-Request-Id:
      - ac810b7e-6002-0062-76a5-153a2a000000
      X-Ms-Version:
      - "2018-03-28"
    status: 204 No Content
    code: 204
    duration: ""
