{
  "Entries": [
    {
      "RequestUri": "https://management.azure.com/subscriptions/00000000-0000-0000-0000-000000000000/resourcegroups/go-sdk-test-rg?api-version=2021-04-01",
      "RequestMethod": "PUT",
      "RequestHeaders": {
        "Accept": "application/json",
        "Accept-Encoding": "gzip",
        "Authorization": "Sanitized",
        "Content-Length": "21",
        "Content-Type": "application/json",
        "User-Agent": "azsdk-go-armresources/v1.0.0 (go1.19; Windows_NT)"
      },
      "RequestBody": {
        "location": "eastus"
      },
      "StatusCode": 201,
      "ResponseHeaders": {
        "Cache-Control": "no-cache",
        "Content-Length": "225",
        "Content-Type": "application/json; charset=utf-8",
        "Date": "Wed, 12 Oct 2022 06:54:11 GMT",
        "Expires": "-1",
        "Pragma": "no-cache",
        "Strict-Transport-Security": "max-age=31536000; includeSubDomains",
        "X-Content-Type-Options": "nosniff",
        "x-ms-correlation-request-id": "00000000-0000-0000-0000-000000000000",
        "x-ms-ratelimit-remaining-subscription-writes": "1178",
        "x-ms-request-id": "00000000-0000-0000-0000-000000000000",
        "x-ms-routing-request-id": "SOUTHEASTASIA:20221012T065411Z:00000000-0000-0000-0000-000000000000"
      },
      "ResponseBody": {
        "id": "/subscriptions/00000000-0000-0000-0000-000000000000/resourceGroups/go-sdk-test-rg",
        "name": "go-sdk-test-rg",
        "type": "Microsoft.Resources/resourceGroups",
        "location": "eastus",
        "properties": {
          "provisioningState": "Succeeded"
        }
      }
    },
    {
      "RequestUri": "https://management.azure.com/subscriptions/00000000-0000-0000-0000-000000000000/resourceGroups/go-sdk-test-rg/providers/microsoft.insights/privateLinkScopes/linkscopenaEpxQjq?api-version=2019-10-17-preview",
      "RequestMethod": "PUT",
      "RequestHeaders": {
        "Accept": "application/json",
        "Accept-Encoding": "gzip",
        "Authorization": "Sanitized",
        "Content-Length": "21",
        "Content-Type": "application/json",
        "User-Agent": "azsdk-go-armmonitor/v0.7.0 (go1.19; Windows_NT)"
      },
      "RequestBody": {
        "location": "Global"
      },
      "StatusCode": 201,
      "ResponseHeaders": {
        "Access-Control-Expose-Headers": "Request-Context",
        "Cache-Control": "no-cache",
        "Content-Length": "801",
        "Content-Type": "application/json; charset=utf-8",
        "Date": "Wed, 12 Oct 2022 06:54:14 GMT",
        "Expires": "-1",
        "Pragma": "no-cache",
        "Request-Context": "appId=cid-v1:00000000-0000-0000-0000-000000000000",
        "Server": "Microsoft-IIS/10.0",
        "Strict-Transport-Security": "max-age=31536000; includeSubDomains",
        "X-Content-Type-Options": "nosniff",
        "x-ms-correlation-request-id": "00000000-0000-0000-0000-000000000000",
        "x-ms-ratelimit-remaining-subscription-writes": "1177",
        "x-ms-request-id": "00000000-0000-0000-0000-000000000000",
        "x-ms-routing-request-id": "SOUTHEASTASIA:20221012T065414Z:00000000-0000-0000-0000-000000000000",
        "X-Powered-By": "ASP.NET"
      },
      "ResponseBody": {
        "id": "/subscriptions/00000000-0000-0000-0000-000000000000/resourceGroups/go-sdk-test-rg/providers/microsoft.insights/privatelinkscopes/linkscopenaEpxQjq",
        "name": "linkscopenaEpxQjq",
        "type": "microsoft.insights/privatelinkscopes",
        "location": "global",
        "tags": {},
        "kind": null,
        "etag": "\u002200000000-0000-0000-0000-000000000000\u0022",
        "systemData": {
          "createdBy": "00000000-0000-0000-0000-000000000000",
          "createdByType": "Application",
          "createdAt": "2022-10-12T06:54:13.29216Z",
          "lastModifiedBy": "00000000-0000-0000-0000-000000000000",
          "lastModifiedByType": "Application",
          "lastModifiedAt": "2022-10-12T06:54:13.29216Z"
        },
        "properties": {
          "scopeId": "00000000-0000-0000-0000-000000000000",
          "provisioningState": "Succeeded"
        }
      }
    },
    {
      "RequestUri": "https://management.azure.com/subscriptions/00000000-0000-0000-0000-000000000000/providers/microsoft.insights/privateLinkScopes?api-version=2019-10-17-preview",
      "RequestMethod": "GET",
      "RequestHeaders": {
        "Accept": "application/json",
        "Accept-Encoding": "gzip",
        "Authorization": "Sanitized",
        "User-Agent": "azsdk-go-armmonitor/v0.7.0 (go1.19; Windows_NT)"
      },
      "RequestBody": null,
      "StatusCode": 200,
      "ResponseHeaders": {
        "Access-Control-Expose-Headers": "Request-Context",
        "Cache-Control": "no-cache",
        "Content-Encoding": "gzip",
        "Content-Type": "application/json; charset=utf-8",
        "Date": "Wed, 12 Oct 2022 06:54:14 GMT",
        "Expires": "-1",
        "Pragma": "no-cache",
        "Request-Context": "appId=cid-v1:00000000-0000-0000-0000-000000000000",
        "Server": "Microsoft-IIS/10.0",
        "Strict-Transport-Security": "max-age=31536000; includeSubDomains",
        "Transfer-Encoding": "chunked",
        "Vary": "Accept-Encoding",
        "X-Content-Type-Options": "nosniff",
        "x-ms-correlation-request-id": "00000000-0000-0000-0000-000000000000",
        "x-ms-ratelimit-remaining-subscription-reads": "11922",
        "x-ms-request-id": "00000000-0000-0000-0000-000000000000",
        "x-ms-routing-request-id": "SOUTHEASTASIA:20221012T065415Z:00000000-0000-0000-0000-000000000000",
        "X-Powered-By": "ASP.NET"
      },
      "ResponseBody": {
        "value": [
          {
            "id": "/subscriptions/00000000-0000-0000-0000-000000000000/resourceGroups/go-sdk-test-rg/providers/microsoft.insights/privatelinkscopes/linkscopenaEpxQjq",
            "name": "linkscopenaEpxQjq",
            "type": "microsoft.insights/privatelinkscopes",
            "location": "global",
            "tags": {},
            "kind": null,
            "etag": "\u002200000000-0000-0000-0000-000000000000\u0022",
            "systemData": {
              "createdBy": "00000000-0000-0000-0000-000000000000",
              "createdByType": "Application",
              "createdAt": "2022-10-12T06:54:13.29216Z",
              "lastModifiedBy": "00000000-0000-0000-0000-000000000000",
              "lastModifiedByType": "Application",
              "lastModifiedAt": "2022-10-12T06:54:13.29216Z"
            },
            "properties": {
              "scopeId": "00000000-0000-0000-0000-000000000000",
              "provisioningState": "Succeeded"
            }
          }
        ],
        "nextLink": null
      }
    },
    {
      "RequestUri": "https://management.azure.com/subscriptions/00000000-0000-0000-0000-000000000000/resourceGroups/go-sdk-test-rg/providers/microsoft.insights/privateLinkScopes?api-version=2019-10-17-preview",
      "RequestMethod": "GET",
      "RequestHeaders": {
        "Accept": "application/json",
        "Accept-Encoding": "gzip",
        "Authorization": "Sanitized",
        "User-Agent": "azsdk-go-armmonitor/v0.7.0 (go1.19; Windows_NT)"
      },
      "RequestBody": null,
      "StatusCode": 200,
      "ResponseHeaders": {
        "Access-Control-Expose-Headers": "Request-Context",
        "Cache-Control": "no-cache",
        "Content-Encoding": "gzip",
        "Content-Type": "application/json; charset=utf-8",
        "Date": "Wed, 12 Oct 2022 06:54:14 GMT",
        "Expires": "-1",
        "Pragma": "no-cache",
        "Request-Context": "appId=cid-v1:00000000-0000-0000-0000-000000000000",
        "Server": "Microsoft-IIS/10.0",
        "Strict-Transport-Security": "max-age=31536000; includeSubDomains",
        "Transfer-Encoding": "chunked",
        "Vary": "Accept-Encoding",
        "X-Content-Type-Options": "nosniff",
        "x-ms-correlation-request-id": "00000000-0000-0000-0000-000000000000",
        "x-ms-ratelimit-remaining-subscription-reads": "11921",
        "x-ms-request-id": "00000000-0000-0000-0000-000000000000",
        "x-ms-routing-request-id": "SOUTHEASTASIA:20221012T065415Z:00000000-0000-0000-0000-000000000000",
        "X-Powered-By": "ASP.NET"
      },
      "ResponseBody": {
        "value": [
          {
            "id": "/subscriptions/00000000-0000-0000-0000-000000000000/resourceGroups/go-sdk-test-rg/providers/microsoft.insights/privatelinkscopes/linkscopenaEpxQjq",
            "name": "linkscopenaEpxQjq",
            "type": "microsoft.insights/privatelinkscopes",
            "location": "global",
            "tags": {},
            "kind": null,
            "etag": "\u002200000000-0000-0000-0000-000000000000\u0022",
            "systemData": {
              "createdBy": "00000000-0000-0000-0000-000000000000",
              "createdByType": "Application",
              "createdAt": "2022-10-12T06:54:13.29216Z",
              "lastModifiedBy": "00000000-0000-0000-0000-000000000000",
              "lastModifiedByType": "Application",
              "lastModifiedAt": "2022-10-12T06:54:13.29216Z"
            },
            "properties": {
              "scopeId": "00000000-0000-0000-0000-000000000000",
              "provisioningState": "Succeeded"
            }
          }
        ],
        "nextLink": null
      }
    },
    {
      "RequestUri": "https://management.azure.com/subscriptions/00000000-0000-0000-0000-000000000000/resourceGroups/go-sdk-test-rg/providers/microsoft.insights/privateLinkScopes/linkscopenaEpxQjq?api-version=2019-10-17-preview",
      "RequestMethod": "GET",
      "RequestHeaders": {
        "Accept": "application/json",
        "Accept-Encoding": "gzip",
        "Authorization": "Sanitized",
        "User-Agent": "azsdk-go-armmonitor/v0.7.0 (go1.19; Windows_NT)"
      },
      "RequestBody": null,
      "StatusCode": 200,
      "ResponseHeaders": {
        "Access-Control-Expose-Headers": "Request-Context",
        "Cache-Control": "no-cache",
        "Content-Encoding": "gzip",
        "Content-Type": "application/json; charset=utf-8",
        "Date": "Wed, 12 Oct 2022 06:54:15 GMT",
        "Expires": "-1",
        "Pragma": "no-cache",
        "Request-Context": "appId=cid-v1:00000000-0000-0000-0000-000000000000",
        "Server": "Microsoft-IIS/10.0",
        "Strict-Transport-Security": "max-age=31536000; includeSubDomains",
        "Transfer-Encoding": "chunked",
        "Vary": "Accept-Encoding",
        "X-Content-Type-Options": "nosniff",
        "x-ms-correlation-request-id": "00000000-0000-0000-0000-000000000000",
        "x-ms-ratelimit-remaining-subscription-reads": "11920",
        "x-ms-request-id": "00000000-0000-0000-0000-000000000000",
        "x-ms-routing-request-id": "SOUTHEASTASIA:20221012T065415Z:00000000-0000-0000-0000-000000000000",
        "X-Powered-By": "ASP.NET"
      },
      "ResponseBody": {
        "id": "/subscriptions/00000000-0000-0000-0000-000000000000/resourceGroups/go-sdk-test-rg/providers/microsoft.insights/privatelinkscopes/linkscopenaEpxQjq",
        "name": "linkscopenaEpxQjq",
        "type": "microsoft.insights/privatelinkscopes",
        "location": "global",
        "tags": {},
        "kind": null,
        "etag": "\u002200000000-0000-0000-0000-000000000000\u0022",
        "systemData": {
          "createdBy": "00000000-0000-0000-0000-000000000000",
          "createdByType": "Application",
          "createdAt": "2022-10-12T06:54:13.29216Z",
          "lastModifiedBy": "00000000-0000-0000-0000-000000000000",
          "lastModifiedByType": "Application",
          "lastModifiedAt": "2022-10-12T06:54:13.29216Z"
        },
        "properties": {
          "scopeId": "00000000-0000-0000-0000-000000000000",
          "provisioningState": "Succeeded"
        }
      }
    },
    {
      "RequestUri": "https://management.azure.com/subscriptions/00000000-0000-0000-0000-000000000000/resourceGroups/go-sdk-test-rg/providers/microsoft.insights/privateLinkScopes/linkscopenaEpxQjq?api-version=2019-10-17-preview",
      "RequestMethod": "PATCH",
      "RequestHeaders": {
        "Accept": "application/json",
        "Accept-Encoding": "gzip",
        "Authorization": "Sanitized",
        "Content-Length": "42",
        "Content-Type": "application/json",
        "User-Agent": "azsdk-go-armmonitor/v0.7.0 (go1.19; Windows_NT)"
      },
      "RequestBody": {
        "tags": {
          "Tag1": "Value1",
          "Tag2": "Value2"
        }
      },
      "StatusCode": 200,
      "ResponseHeaders": {
        "Access-Control-Expose-Headers": "Request-Context",
        "Cache-Control": "no-cache",
        "Content-Encoding": "gzip",
        "Content-Type": "application/json; charset=utf-8",
        "Date": "Wed, 12 Oct 2022 06:54:17 GMT",
        "Expires": "-1",
        "Pragma": "no-cache",
        "Request-Context": "appId=cid-v1:00000000-0000-0000-0000-000000000000",
        "Server": "Microsoft-IIS/10.0",
        "Strict-Transport-Security": "max-age=31536000; includeSubDomains",
        "Transfer-Encoding": "chunked",
        "Vary": "Accept-Encoding",
        "X-Content-Type-Options": "nosniff",
        "x-ms-correlation-request-id": "00000000-0000-0000-0000-000000000000",
        "x-ms-ratelimit-remaining-subscription-writes": "1176",
        "x-ms-request-id": "00000000-0000-0000-0000-000000000000",
        "x-ms-routing-request-id": "SOUTHEASTASIA:20221012T065417Z:00000000-0000-0000-0000-000000000000",
        "X-Powered-By": "ASP.NET"
      },
      "ResponseBody": {
        "id": "/subscriptions/00000000-0000-0000-0000-000000000000/resourceGroups/go-sdk-test-rg/providers/microsoft.insights/privatelinkscopes/linkscopenaEpxQjq",
        "name": "linkscopenaEpxQjq",
        "type": "microsoft.insights/privatelinkscopes",
        "location": "global",
        "tags": {
          "Tag1": "Value1",
          "Tag2": "Value2"
        },
        "kind": null,
        "etag": "\u002200000000-0000-0000-0000-000000000000\u0022",
        "systemData": {
          "createdBy": "00000000-0000-0000-0000-000000000000",
          "createdByType": "Application",
          "createdAt": "2022-10-12T06:54:13.29216Z",
          "lastModifiedBy": "00000000-0000-0000-0000-000000000000",
          "lastModifiedByType": "Application",
          "lastModifiedAt": "2022-10-12T06:54:16.1046629Z"
        },
        "properties": {
          "scopeId": "00000000-0000-0000-0000-000000000000",
          "provisioningState": "Succeeded"
        }
      }
    },
    {
      "RequestUri": "https://management.azure.com/subscriptions/00000000-0000-0000-0000-000000000000/resourceGroups/go-sdk-test-rg/providers/microsoft.insights/privateLinkScopes/linkscopenaEpxQjq?api-version=2019-10-17-preview",
      "RequestMethod": "DELETE",
      "RequestHeaders": {
        "Accept-Encoding": "gzip",
        "Authorization": "Sanitized",
        "User-Agent": "azsdk-go-armmonitor/v0.7.0 (go1.19; Windows_NT)"
      },
      "RequestBody": null,
      "StatusCode": 202,
      "ResponseHeaders": {
        "Access-Control-Expose-Headers": "Request-Context",
        "Azure-AsyncOperation": "https://management.azure.com/subscriptions/00000000-0000-0000-0000-000000000000/providers/microsoft.insights/privatelinkscopeoperationstatuses/00000000-0000-0000-0000-000000000000?api-version=2019-10-17-preview",
        "Cache-Control": "no-cache",
        "Content-Length": "0",
        "Date": "Wed, 12 Oct 2022 06:54:20 GMT",
        "Expires": "-1",
        "Location": "https://management.azure.com/subscriptions/00000000-0000-0000-0000-000000000000/resourcegroups/go-sdk-test-rg/providers/microsoft.insights/privatelinkscopes/linkscopenaepxqjq/operationresults/00000000-0000-0000-0000-000000000000?api-version=2019-10-17-preview",
        "Pragma": "no-cache",
        "Request-Context": "appId=cid-v1:00000000-0000-0000-0000-000000000000",
        "Retry-After": "20",
        "Server": "Microsoft-IIS/10.0",
        "Strict-Transport-Security": "max-age=31536000; includeSubDomains",
        "X-Content-Type-Options": "nosniff",
        "x-ms-correlation-request-id": "00000000-0000-0000-0000-000000000000",
        "x-ms-ratelimit-remaining-subscription-deletes": "14984",
        "x-ms-request-id": "00000000-0000-0000-0000-000000000000",
        "x-ms-routing-request-id": "SOUTHEASTASIA:20221012T065421Z:00000000-0000-0000-0000-000000000000",
        "X-Powered-By": "ASP.NET"
      },
      "ResponseBody": null
    },
    {
      "RequestUri": "https://management.azure.com/subscriptions/00000000-0000-0000-0000-000000000000/providers/microsoft.insights/privatelinkscopeoperationstatuses/00000000-0000-0000-0000-000000000000?api-version=2019-10-17-preview",
      "RequestMethod": "GET",
      "RequestHeaders": {
        "Accept-Encoding": "gzip",
        "Authorization": "Sanitized",
        "User-Agent": "azsdk-go-armmonitor/v0.7.0 (go1.19; Windows_NT)"
      },
      "RequestBody": null,
      "StatusCode": 200,
      "ResponseHeaders": {
        "Access-Control-Expose-Headers": "Request-Context",
        "Cache-Control": "no-cache",
        "Content-Encoding": "gzip",
        "Content-Type": "application/json; charset=utf-8",
        "Date": "Wed, 12 Oct 2022 06:54:40 GMT",
        "Expires": "-1",
        "Pragma": "no-cache",
        "Request-Context": "appId=cid-v1:00000000-0000-0000-0000-000000000000",
        "Server": "Microsoft-IIS/10.0",
        "Strict-Transport-Security": "max-age=31536000; includeSubDomains",
        "Transfer-Encoding": "chunked",
        "Vary": "Accept-Encoding",
        "X-Content-Type-Options": "nosniff",
        "x-ms-correlation-request-id": "00000000-0000-0000-0000-000000000000",
        "x-ms-ratelimit-remaining-subscription-resource-requests": "499",
        "x-ms-request-id": "00000000-0000-0000-0000-000000000000",
        "x-ms-routing-request-id": "SOUTHEASTASIA:20221012T065441Z:00000000-0000-0000-0000-000000000000",
        "X-Powered-By": "ASP.NET"
      },
      "ResponseBody": {
        "id": "/subscriptions/00000000-0000-0000-0000-000000000000/providers/microsoft.insights/privatelinkscopeoperationstatuses/00000000-0000-0000-0000-000000000000",
        "name": "00000000-0000-0000-0000-000000000000",
        "status": "Succeeded",
        "startTime": "2022-10-12T06:54:18.5374341Z",
        "endTime": "2022-10-12T06:54:21.4211211Z",
        "properties": {
          "scopeId": "00000000-0000-0000-0000-000000000000"
        }
      }
    },
    {
      "RequestUri": "https://management.azure.com/subscriptions/00000000-0000-0000-0000-000000000000/resourcegroups/go-sdk-test-rg?api-version=2021-04-01",
      "RequestMethod": "DELETE",
      "RequestHeaders": {
        "Accept": "application/json",
        "Accept-Encoding": "gzip",
        "Authorization": "Sanitized",
        "User-Agent": "azsdk-go-armresources/v1.0.0 (go1.19; Windows_NT)"
      },
      "RequestBody": null,
      "StatusCode": 202,
      "ResponseHeaders": {
        "Cache-Control": "no-cache",
        "Content-Length": "0",
        "Date": "Wed, 12 Oct 2022 06:54:41 GMT",
        "Expires": "-1",
        "Location": "https://management.azure.com/subscriptions/00000000-0000-0000-0000-000000000000/operationresults/eyJqb2JJZCI6IlJFU09VUkNFR1JPVVBERUxFVElPTkpPQi1HTzoyRFNESzoyRFRFU1Q6MkQ3NTgtRUFTVFVTIiwiam9iTG9jYXRpb24iOiJlYXN0dXMifQ?api-version=2021-04-01",
        "Pragma": "no-cache",
        "Retry-After": "15",
        "Strict-Transport-Security": "max-age=31536000; includeSubDomains",
        "X-Content-Type-Options": "nosniff",
        "x-ms-correlation-request-id": "00000000-0000-0000-0000-000000000000",
        "x-ms-ratelimit-remaining-subscription-deletes": "14983",
        "x-ms-request-id": "00000000-0000-0000-0000-000000000000",
        "x-ms-routing-request-id": "SOUTHEASTASIA:20221012T065442Z:00000000-0000-0000-0000-000000000000"
      },
      "ResponseBody": null
    }
  ],
  "Variables": {
    "recordingRandomSeed": "1665556303"
  }
}
