{
  "Entries": [
    {
      "RequestUri": "https://management.azure.com/subscriptions/00000000-0000-0000-0000-000000000000/resourcegroups/go-sdk-test-rg?api-version=2021-04-01",
      "RequestMethod": "PUT",
      "RequestHeaders": {
        "Accept": "application/json",
        "Accept-Encoding": "gzip",
        "Authorization": "Sanitized",
        "Content-Length": "21",
        "Content-Type": "application/json",
        "User-Agent": "azsdk-go-armresources/v1.0.0 (go1.19; Windows_NT)"
      },
      "RequestBody": {
        "location": "eastus"
      },
      "StatusCode": 201,
      "ResponseHeaders": {
        "Cache-Control": "no-cache",
        "Content-Length": "225",
        "Content-Type": "application/json; charset=utf-8",
        "Date": "Wed, 12 Oct 2022 06:54:43 GMT",
        "Expires": "-1",
        "Pragma": "no-cache",
        "Strict-Transport-Security": "max-age=31536000; includeSubDomains",
        "X-Content-Type-Options": "nosniff",
        "x-ms-correlation-request-id": "00000000-0000-0000-0000-000000000000",
        "x-ms-ratelimit-remaining-subscription-writes": "1175",
        "x-ms-request-id": "00000000-0000-0000-0000-000000000000",
        "x-ms-routing-request-id": "SOUTHEASTASIA:20221012T065444Z:00000000-0000-0000-0000-000000000000"
      },
      "ResponseBody": {
        "id": "/subscriptions/00000000-0000-0000-0000-000000000000/resourceGroups/go-sdk-test-rg",
        "name": "go-sdk-test-rg",
        "type": "Microsoft.Resources/resourceGroups",
        "location": "eastus",
        "properties": {
          "provisioningState": "Succeeded"
        }
      }
    },
    {
      "RequestUri": "https://management.azure.com/subscriptions/00000000-0000-0000-0000-000000000000/resourcegroups/go-sdk-test-rg/providers/Microsoft.Resources/deployments/WorkSpace_Create?api-version=2021-04-01",
      "RequestMethod": "PUT",
      "RequestHeaders": {
        "Accept": "application/json",
        "Accept-Encoding": "gzip",
        "Authorization": "Sanitized",
        "Content-Length": "657",
        "Content-Type": "application/json",
        "User-Agent": "azsdk-go-armresources/v1.0.0 (go1.19; Windows_NT)"
      },
      "RequestBody": {
        "properties": {
          "mode": "Incremental",
          "parameters": {
            "location": {
              "value": "eastus"
            }
          },
          "template": {
            "$schema": "https://schema.management.azure.com/schemas/2019-04-01/deploymentTemplate.json#",
            "contentVersion": "1.0.0.0",
            "outputs": {
              "workspaceId": {
                "type": "string",
                "value": "[resourceId(\u0027Microsoft.OperationalInsights/workspaces\u0027,\u0027workspacena\u0027)]"
              }
            },
            "parameters": {
              "location": {
                "defaultValue": "$(location)",
                "type": "string"
              }
            },
            "resources": [
              {
                "apiVersion": "2021-12-01-preview",
                "location": "[parameters(\u0027location\u0027)]",
                "name": "workspacena",
                "properties": {
                  "retentionInDays": 30,
                  "sku": {
                    "name": "PerNode"
                  }
                },
                "tags": {
                  "tag1": "value1"
                },
                "type": "Microsoft.OperationalInsights/workspaces"
              }
            ]
          }
        }
      },
      "StatusCode": 201,
      "ResponseHeaders": {
        "Azure-AsyncOperation": "https://management.azure.com/subscriptions/00000000-0000-0000-0000-000000000000/resourcegroups/go-sdk-test-rg/providers/Microsoft.Resources/deployments/WorkSpace_Create/operationStatuses/08585360491994687978?api-version=2021-04-01",
        "Cache-Control": "no-cache",
        "Content-Length": "654",
        "Content-Type": "application/json; charset=utf-8",
        "Date": "Wed, 12 Oct 2022 06:54:46 GMT",
        "Expires": "-1",
        "Pragma": "no-cache",
        "Strict-Transport-Security": "max-age=31536000; includeSubDomains",
        "X-Content-Type-Options": "nosniff",
        "x-ms-correlation-request-id": "00000000-0000-0000-0000-000000000000",
        "x-ms-ratelimit-remaining-subscription-writes": "1174",
        "x-ms-request-id": "00000000-0000-0000-0000-000000000000",
        "x-ms-routing-request-id": "SOUTHEASTASIA:20221012T065447Z:00000000-0000-0000-0000-000000000000"
      },
      "ResponseBody": {
        "id": "/subscriptions/00000000-0000-0000-0000-000000000000/resourceGroups/go-sdk-test-rg/providers/Microsoft.Resources/deployments/WorkSpace_Create",
        "name": "WorkSpace_Create",
        "type": "Microsoft.Resources/deployments",
        "properties": {
          "templateHash": "4923452057577046661",
          "parameters": {
            "location": {
              "type": "String",
              "value": "eastus"
            }
          },
          "mode": "Incremental",
          "provisioningState": "Accepted",
          "timestamp": "2022-10-12T06:54:46.5999775Z",
          "duration": "PT0.0006454S",
          "correlationId": "00000000-0000-0000-0000-000000000000",
          "providers": [
            {
              "namespace": "Microsoft.OperationalInsights",
              "resourceTypes": [
                {
                  "resourceType": "workspaces",
                  "locations": [
                    "eastus"
                  ]
                }
              ]
            }
          ],
          "dependencies": []
        }
      }
    },
    {
      "RequestUri": "https://management.azure.com/subscriptions/00000000-0000-0000-0000-000000000000/resourcegroups/go-sdk-test-rg/providers/Microsoft.Resources/deployments/WorkSpace_Create/operationStatuses/08585360491994687978?api-version=2021-04-01",
      "RequestMethod": "GET",
      "RequestHeaders": {
        "Accept-Encoding": "gzip",
        "Authorization": "Sanitized",
        "User-Agent": "azsdk-go-armresources/v1.0.0 (go1.19; Windows_NT)"
      },
      "RequestBody": null,
      "StatusCode": 200,
      "ResponseHeaders": {
        "Cache-Control": "no-cache",
        "Content-Encoding": "gzip",
        "Content-Length": "20",
        "Content-Type": "application/json; charset=utf-8",
        "Date": "Wed, 12 Oct 2022 06:54:47 GMT",
        "Expires": "-1",
        "Pragma": "no-cache",
        "Strict-Transport-Security": "max-age=31536000; includeSubDomains",
        "Vary": "Accept-Encoding",
        "X-Content-Type-Options": "nosniff",
        "x-ms-correlation-request-id": "00000000-0000-0000-0000-000000000000",
        "x-ms-ratelimit-remaining-subscription-reads": "11919",
        "x-ms-request-id": "00000000-0000-0000-0000-000000000000",
        "x-ms-routing-request-id": "SOUTHEASTASIA:20221012T065448Z:00000000-0000-0000-0000-000000000000"
      },
      "ResponseBody": {
        "status": "Running"
      }
    },
    {
      "RequestUri": "https://management.azure.com/subscriptions/00000000-0000-0000-0000-000000000000/resourcegroups/go-sdk-test-rg/providers/Microsoft.Resources/deployments/WorkSpace_Create/operationStatuses/08585360491994687978?api-version=2021-04-01",
      "RequestMethod": "GET",
      "RequestHeaders": {
        "Accept-Encoding": "gzip",
        "Authorization": "Sanitized",
        "User-Agent": "azsdk-go-armresources/v1.0.0 (go1.19; Windows_NT)"
      },
      "RequestBody": null,
      "StatusCode": 200,
      "ResponseHeaders": {
        "Cache-Control": "no-cache",
        "Content-Encoding": "gzip",
        "Content-Length": "22",
        "Content-Type": "application/json; charset=utf-8",
        "Date": "Wed, 12 Oct 2022 06:55:18 GMT",
        "Expires": "-1",
        "Pragma": "no-cache",
        "Strict-Transport-Security": "max-age=31536000; includeSubDomains",
        "Vary": "Accept-Encoding",
        "X-Content-Type-Options": "nosniff",
        "x-ms-correlation-request-id": "00000000-0000-0000-0000-000000000000",
        "x-ms-ratelimit-remaining-subscription-reads": "11918",
        "x-ms-request-id": "00000000-0000-0000-0000-000000000000",
        "x-ms-routing-request-id": "SOUTHEASTASIA:20221012T065518Z:00000000-0000-0000-0000-000000000000"
      },
      "ResponseBody": {
        "status": "Succeeded"
      }
    },
    {
      "RequestUri": "https://management.azure.com/subscriptions/00000000-0000-0000-0000-000000000000/resourcegroups/go-sdk-test-rg/providers/Microsoft.Resources/deployments/WorkSpace_Create?api-version=2021-04-01",
      "RequestMethod": "GET",
      "RequestHeaders": {
        "Accept-Encoding": "gzip",
        "Authorization": "Sanitized",
        "User-Agent": "azsdk-go-armresources/v1.0.0 (go1.19; Windows_NT)"
      },
      "RequestBody": null,
      "StatusCode": 200,
      "ResponseHeaders": {
        "Cache-Control": "no-cache",
        "Content-Encoding": "gzip",
        "Content-Length": "1029",
        "Content-Type": "application/json; charset=utf-8",
        "Date": "Wed, 12 Oct 2022 06:55:18 GMT",
        "Expires": "-1",
        "Pragma": "no-cache",
        "Strict-Transport-Security": "max-age=31536000; includeSubDomains",
        "Vary": "Accept-Encoding",
        "X-Content-Type-Options": "nosniff",
        "x-ms-correlation-request-id": "00000000-0000-0000-0000-000000000000",
        "x-ms-ratelimit-remaining-subscription-reads": "11917",
        "x-ms-request-id": "00000000-0000-0000-0000-000000000000",
        "x-ms-routing-request-id": "SOUTHEASTASIA:20221012T065519Z:00000000-0000-0000-0000-000000000000"
      },
      "ResponseBody": {
        "id": "/subscriptions/00000000-0000-0000-0000-000000000000/resourceGroups/go-sdk-test-rg/providers/Microsoft.Resources/deployments/WorkSpace_Create",
        "name": "WorkSpace_Create",
        "type": "Microsoft.Resources/deployments",
        "properties": {
          "templateHash": "4923452057577046661",
          "parameters": {
            "location": {
              "type": "String",
              "value": "eastus"
            }
          },
          "mode": "Incremental",
          "provisioningState": "Succeeded",
          "timestamp": "2022-10-12T06:55:13.9053712Z",
          "duration": "PT27.3060391S",
          "correlationId": "00000000-0000-0000-0000-000000000000",
          "providers": [
            {
              "namespace": "Microsoft.OperationalInsights",
              "resourceTypes": [
                {
                  "resourceType": "workspaces",
                  "locations": [
                    "eastus"
                  ]
                }
              ]
            }
          ],
          "dependencies": [],
          "outputs": {
            "workspaceId": {
              "type": "String",
              "value": "/subscriptions/00000000-0000-0000-0000-000000000000/resourceGroups/go-sdk-test-rg/providers/Microsoft.OperationalInsights/workspaces/workspacena"
            }
          },
          "outputResources": [
            {
              "id": "/subscriptions/00000000-0000-0000-0000-000000000000/resourceGroups/go-sdk-test-rg/providers/Microsoft.OperationalInsights/workspaces/workspacena"
            }
          ]
        }
      }
    },
    {
      "RequestUri": "https://management.azure.com/subscriptions/00000000-0000-0000-0000-000000000000/resourcegroups/go-sdk-test-rg/providers/Microsoft.Insights/scheduledQueryRules/schedulequeryrulenaEpxQjq?api-version=2018-04-16",
      "RequestMethod": "PUT",
      "RequestHeaders": {
        "Accept": "application/json",
        "Accept-Encoding": "gzip",
        "Authorization": "Sanitized",
        "Content-Length": "815",
        "Content-Type": "application/json",
        "User-Agent": "azsdk-go-armmonitor/v0.7.0 (go1.19; Windows_NT)"
      },
      "RequestBody": {
        "location": "eastus",
        "properties": {
          "action": {
            "odata.type": "Microsoft.WindowsAzure.Management.Monitoring.Alerts.Models.Microsoft.AppInsights.Nexus.DataContracts.Resources.ScheduledQueryRules.AlertingAction",
            "severity": "1",
            "trigger": {
              "threshold": 3,
              "thresholdOperator": "GreaterThan",
              "metricTrigger": {
                "metricColumn": "Computer",
                "metricTriggerType": "Consecutive",
                "threshold": 5,
                "thresholdOperator": "GreaterThan"
              }
            }
          },
          "description": "log search rule description",
          "enabled": "true",
          "schedule": {
            "frequencyInMinutes": 15,
            "timeWindowInMinutes": 15
          },
          "source": {
            "dataSourceId": "/subscriptions/00000000-0000-0000-0000-000000000000/resourceGroups/go-sdk-test-rg/providers/Microsoft.OperationalInsights/workspaces/workspacena",
            "query": "Heartbeat | summarize AggregatedValue = count() by bin(TimeGenerated, 5m)",
            "queryType": "ResultCount"
          }
        }
      },
      "StatusCode": 201,
      "ResponseHeaders": {
        "Cache-Control": "no-cache",
        "Content-Length": "1227",
        "Content-Type": "application/json; charset=utf-8",
        "Date": "Wed, 12 Oct 2022 06:55:32 GMT",
        "Expires": "-1",
        "Pragma": "no-cache",
        "Server": "Kestrel",
        "Strict-Transport-Security": "max-age=31536000; includeSubDomains",
        "X-Content-Type-Options": "nosniff",
        "x-ms-correlation-request-id": "00000000-0000-0000-0000-000000000000",
        "x-ms-ratelimit-remaining-subscription-writes": "1173",
        "x-ms-request-id": "00000000-0000-0000-0000-000000000000",
        "x-ms-routing-request-id": "SOUTHEASTASIA:20221012T065532Z:00000000-0000-0000-0000-000000000000",
        "X-Rate-Limit-Limit": "1m",
        "X-Rate-Limit-Remaining": "14",
        "X-Rate-Limit-Reset": "2022-10-12T06:56:20.5202669Z"
      },
      "ResponseBody": {
        "id": "/subscriptions/00000000-0000-0000-0000-000000000000/resourceGroups/go-sdk-test-rg/providers/microsoft.insights/scheduledqueryrules/schedulequeryrulenaEpxQjq",
        "name": "schedulequeryrulenaEpxQjq",
        "type": "microsoft.insights/scheduledqueryrules",
        "location": "eastus",
        "etag": "\u002200000000-0000-0000-0000-000000000000\u0022",
        "properties": {
          "description": "log search rule description",
          "displayName": "schedulequeryrulenaEpxQjq",
          "enabled": "true",
          "lastUpdatedTime": "2022-10-12T06:55:31Z",
          "provisioningState": "Succeeded",
          "source": {
            "query": "Heartbeat | summarize AggregatedValue = count() by bin(TimeGenerated, 5m)",
            "dataSourceId": "/subscriptions/00000000-0000-0000-0000-000000000000/resourceGroups/go-sdk-test-rg/providers/Microsoft.OperationalInsights/workspaces/workspacena",
            "queryType": "ResultCount"
          },
          "schedule": {
            "frequencyInMinutes": 15,
            "timeWindowInMinutes": 15
          },
          "action": {
            "severity": "1",
            "trigger": {
              "thresholdOperator": "GreaterThan",
              "threshold": 3,
              "metricTrigger": {
                "thresholdOperator": "GreaterThan",
                "threshold": 5,
                "metricTriggerType": "Consecutive",
                "metricColumn": "Computer"
              }
            },
            "odata.type": "Microsoft.WindowsAzure.Management.Monitoring.Alerts.Models.Microsoft.AppInsights.Nexus.DataContracts.Resources.ScheduledQueryRules.AlertingAction"
          }
        }
      }
    },
    {
      "RequestUri": "https://management.azure.com/subscriptions/00000000-0000-0000-0000-000000000000/providers/Microsoft.Insights/scheduledQueryRules?api-version=2018-04-16",
      "RequestMethod": "GET",
      "RequestHeaders": {
        "Accept": "application/json",
        "Accept-Encoding": "gzip",
        "Authorization": "Sanitized",
        "User-Agent": "azsdk-go-armmonitor/v0.7.0 (go1.19; Windows_NT)"
      },
      "RequestBody": null,
      "StatusCode": 200,
      "ResponseHeaders": {
        "Cache-Control": "no-cache",
        "Content-Encoding": "gzip",
        "Content-Type": "application/json; charset=utf-8",
        "Date": "Wed, 12 Oct 2022 06:55:32 GMT",
        "Expires": "-1",
        "Pragma": "no-cache",
        "Server": "Kestrel",
        "Strict-Transport-Security": "max-age=31536000; includeSubDomains",
        "Transfer-Encoding": "chunked",
        "Vary": "Accept-Encoding",
        "X-Content-Type-Options": "nosniff",
        "x-ms-correlation-request-id": "00000000-0000-0000-0000-000000000000",
        "x-ms-ratelimit-remaining-subscription-reads": "11916",
        "x-ms-request-id": "00000000-0000-0000-0000-000000000000",
        "x-ms-routing-request-id": "SOUTHEASTASIA:20221012T065533Z:00000000-0000-0000-0000-000000000000"
      },
      "ResponseBody": {
        "value": [
          {
            "id": "/subscriptions/00000000-0000-0000-0000-000000000000/resourceGroups/go-sdk-test-rg/providers/microsoft.insights/scheduledqueryrules/schedulequeryrulenaEpxQjq",
            "name": "schedulequeryrulenaEpxQjq",
            "type": "microsoft.insights/scheduledqueryrules",
            "location": "eastus",
            "etag": "\u002200000000-0000-0000-0000-000000000000\u0022",
            "properties": {
              "description": "log search rule description",
              "displayName": "schedulequeryrulenaEpxQjq",
              "enabled": "true",
              "lastUpdatedTime": "2022-10-12T06:55:31Z",
              "provisioningState": "Succeeded",
              "source": {
                "query": "Heartbeat | summarize AggregatedValue = count() by bin(TimeGenerated, 5m)",
                "dataSourceId": "/subscriptions/00000000-0000-0000-0000-000000000000/resourceGroups/go-sdk-test-rg/providers/Microsoft.OperationalInsights/workspaces/workspacena",
                "queryType": "ResultCount"
              },
              "schedule": {
                "frequencyInMinutes": 15,
                "timeWindowInMinutes": 15
              },
              "action": {
                "severity": "1",
                "trigger": {
                  "thresholdOperator": "GreaterThan",
                  "threshold": 3,
                  "metricTrigger": {
                    "thresholdOperator": "GreaterThan",
                    "threshold": 5,
                    "metricTriggerType": "Consecutive",
                    "metricColumn": "Computer"
                  }
                },
                "odata.type": "Microsoft.WindowsAzure.Management.Monitoring.Alerts.Models.Microsoft.AppInsights.Nexus.DataContracts.Resources.ScheduledQueryRules.AlertingAction"
              }
            }
          }
        ]
      }
    },
    {
      "RequestUri": "https://management.azure.com/subscriptions/00000000-0000-0000-0000-000000000000/resourcegroups/go-sdk-test-rg/providers/Microsoft.Insights/scheduledQueryRules?api-version=2018-04-16",
      "RequestMethod": "GET",
      "RequestHeaders": {
        "Accept": "application/json",
        "Accept-Encoding": "gzip",
        "Authorization": "Sanitized",
        "User-Agent": "azsdk-go-armmonitor/v0.7.0 (go1.19; Windows_NT)"
      },
      "RequestBody": null,
      "StatusCode": 200,
      "ResponseHeaders": {
        "Cache-Control": "no-cache",
        "Content-Encoding": "gzip",
        "Content-Type": "application/json; charset=utf-8",
        "Date": "Wed, 12 Oct 2022 06:55:33 GMT",
        "Expires": "-1",
        "Pragma": "no-cache",
        "Server": "Kestrel",
        "Strict-Transport-Security": "max-age=31536000; includeSubDomains",
        "Transfer-Encoding": "chunked",
        "Vary": "Accept-Encoding",
        "X-Content-Type-Options": "nosniff",
        "x-ms-correlation-request-id": "00000000-0000-0000-0000-000000000000",
        "x-ms-ratelimit-remaining-subscription-reads": "11915",
        "x-ms-request-id": "00000000-0000-0000-0000-000000000000",
        "x-ms-routing-request-id": "SOUTHEASTASIA:20221012T065533Z:00000000-0000-0000-0000-000000000000",
        "X-Rate-Limit-Limit": "1m",
        "X-Rate-Limit-Remaining": "49",
        "X-Rate-Limit-Reset": "2022-10-12T06:56:33.4933032Z"
      },
      "ResponseBody": {
        "value": [
          {
            "id": "/subscriptions/00000000-0000-0000-0000-000000000000/resourceGroups/go-sdk-test-rg/providers/microsoft.insights/scheduledqueryrules/schedulequeryrulenaEpxQjq",
            "name": "schedulequeryrulenaEpxQjq",
            "type": "microsoft.insights/scheduledqueryrules",
            "location": "eastus",
            "etag": "\u002200000000-0000-0000-0000-000000000000\u0022",
            "properties": {
              "description": "log search rule description",
              "displayName": "schedulequeryrulenaEpxQjq",
              "enabled": "true",
              "lastUpdatedTime": "2022-10-12T06:55:31Z",
              "provisioningState": "Succeeded",
              "source": {
                "query": "Heartbeat | summarize AggregatedValue = count() by bin(TimeGenerated, 5m)",
                "dataSourceId": "/subscriptions/00000000-0000-0000-0000-000000000000/resourceGroups/go-sdk-test-rg/providers/Microsoft.OperationalInsights/workspaces/workspacena",
                "queryType": "ResultCount"
              },
              "schedule": {
                "frequencyInMinutes": 15,
                "timeWindowInMinutes": 15
              },
              "action": {
                "severity": "1",
                "trigger": {
                  "thresholdOperator": "GreaterThan",
                  "threshold": 3,
                  "metricTrigger": {
                    "thresholdOperator": "GreaterThan",
                    "threshold": 5,
                    "metricTriggerType": "Consecutive",
                    "metricColumn": "Computer"
                  }
                },
                "odata.type": "Microsoft.WindowsAzure.Management.Monitoring.Alerts.Models.Microsoft.AppInsights.Nexus.DataContracts.Resources.ScheduledQueryRules.AlertingAction"
              }
            }
          }
        ]
      }
    },
    {
      "RequestUri": "https://management.azure.com/subscriptions/00000000-0000-0000-0000-000000000000/resourcegroups/go-sdk-test-rg/providers/Microsoft.Insights/scheduledQueryRules/schedulequeryrulenaEpxQjq?api-version=2018-04-16",
      "RequestMethod": "GET",
      "RequestHeaders": {
        "Accept": "application/json",
        "Accept-Encoding": "gzip",
        "Authorization": "Sanitized",
        "User-Agent": "azsdk-go-armmonitor/v0.7.0 (go1.19; Windows_NT)"
      },
      "RequestBody": null,
      "StatusCode": 200,
      "ResponseHeaders": {
        "Cache-Control": "no-cache",
        "Content-Encoding": "gzip",
        "Content-Type": "application/json; charset=utf-8",
        "Date": "Wed, 12 Oct 2022 06:55:34 GMT",
        "Expires": "-1",
        "Pragma": "no-cache",
        "Server": "Kestrel",
        "Strict-Transport-Security": "max-age=31536000; includeSubDomains",
        "Transfer-Encoding": "chunked",
        "Vary": "Accept-Encoding",
        "X-Content-Type-Options": "nosniff",
        "x-ms-correlation-request-id": "00000000-0000-0000-0000-000000000000",
        "x-ms-ratelimit-remaining-subscription-reads": "11914",
        "x-ms-request-id": "00000000-0000-0000-0000-000000000000",
        "x-ms-routing-request-id": "SOUTHEASTASIA:20221012T065534Z:00000000-0000-0000-0000-000000000000",
        "X-Rate-Limit-Limit": "1m",
        "X-Rate-Limit-Remaining": "48",
        "X-Rate-Limit-Reset": "2022-10-12T06:56:33.4933032Z"
      },
      "ResponseBody": {
        "id": "/subscriptions/00000000-0000-0000-0000-000000000000/resourceGroups/go-sdk-test-rg/providers/microsoft.insights/scheduledqueryrules/schedulequeryrulenaEpxQjq",
        "name": "schedulequeryrulenaEpxQjq",
        "type": "microsoft.insights/scheduledqueryrules",
        "location": "eastus",
        "etag": "\u002200000000-0000-0000-0000-000000000000\u0022",
        "properties": {
          "description": "log search rule description",
          "displayName": "schedulequeryrulenaEpxQjq",
          "enabled": "true",
          "lastUpdatedTime": "2022-10-12T06:55:31Z",
          "provisioningState": "Succeeded",
          "source": {
            "query": "Heartbeat | summarize AggregatedValue = count() by bin(TimeGenerated, 5m)",
            "dataSourceId": "/subscriptions/00000000-0000-0000-0000-000000000000/resourceGroups/go-sdk-test-rg/providers/Microsoft.OperationalInsights/workspaces/workspacena",
            "queryType": "ResultCount"
          },
          "schedule": {
            "frequencyInMinutes": 15,
            "timeWindowInMinutes": 15
          },
          "action": {
            "severity": "1",
            "trigger": {
              "thresholdOperator": "GreaterThan",
              "threshold": 3,
              "metricTrigger": {
                "thresholdOperator": "GreaterThan",
                "threshold": 5,
                "metricTriggerType": "Consecutive",
                "metricColumn": "Computer"
              }
            },
            "odata.type": "Microsoft.WindowsAzure.Management.Monitoring.Alerts.Models.Microsoft.AppInsights.Nexus.DataContracts.Resources.ScheduledQueryRules.AlertingAction"
          }
        }
      }
    },
    {
      "RequestUri": "https://management.azure.com/subscriptions/00000000-0000-0000-0000-000000000000/resourcegroups/go-sdk-test-rg/providers/Microsoft.Insights/scheduledQueryRules/schedulequeryrulenaEpxQjq?api-version=2018-04-16",
      "RequestMethod": "PATCH",
      "RequestHeaders": {
        "Accept": "application/json",
        "Accept-Encoding": "gzip",
        "Authorization": "Sanitized",
        "Content-Length": "33",
        "Content-Type": "application/json",
        "User-Agent": "azsdk-go-armmonitor/v0.7.0 (go1.19; Windows_NT)"
      },
      "RequestBody": {
        "properties": {
          "enabled": "true"
        }
      },
      "StatusCode": 200,
      "ResponseHeaders": {
        "Cache-Control": "no-cache",
        "Content-Encoding": "gzip",
        "Content-Type": "application/json; charset=utf-8",
        "Date": "Wed, 12 Oct 2022 06:55:42 GMT",
        "Expires": "-1",
        "Pragma": "no-cache",
        "Server": "Kestrel",
        "Strict-Transport-Security": "max-age=31536000; includeSubDomains",
        "Transfer-Encoding": "chunked",
        "Vary": "Accept-Encoding",
        "X-Content-Type-Options": "nosniff",
        "x-ms-correlation-request-id": "00000000-0000-0000-0000-000000000000",
        "x-ms-ratelimit-remaining-subscription-writes": "1172",
        "x-ms-request-id": "00000000-0000-0000-0000-000000000000",
        "x-ms-routing-request-id": "SOUTHEASTASIA:20221012T065543Z:00000000-0000-0000-0000-000000000000"
      },
      "ResponseBody": {
        "id": "/subscriptions/00000000-0000-0000-0000-000000000000/resourceGroups/go-sdk-test-rg/providers/microsoft.insights/scheduledqueryrules/schedulequeryrulenaEpxQjq",
        "name": "schedulequeryrulenaEpxQjq",
        "type": "microsoft.insights/scheduledqueryrules",
        "location": "eastus",
        "etag": "\u002200000000-0000-0000-0000-000000000000\u0022",
        "properties": {
          "description": "log search rule description",
          "displayName": "schedulequeryrulenaEpxQjq",
          "enabled": "true",
          "lastUpdatedTime": "2022-10-12T06:55:43Z",
          "provisioningState": "Succeeded",
          "source": {
            "query": "Heartbeat | summarize AggregatedValue = count() by bin(TimeGenerated, 5m)",
            "dataSourceId": "/subscriptions/00000000-0000-0000-0000-000000000000/resourceGroups/go-sdk-test-rg/providers/Microsoft.OperationalInsights/workspaces/workspacena",
            "queryType": "ResultCount"
          },
          "schedule": {
            "frequencyInMinutes": 15,
            "timeWindowInMinutes": 15
          },
          "action": {
            "severity": "1",
            "trigger": {
              "thresholdOperator": "GreaterThan",
              "threshold": 3,
              "metricTrigger": {
                "thresholdOperator": "GreaterThan",
                "threshold": 5,
                "metricTriggerType": "Consecutive",
                "metricColumn": "Computer"
              }
            },
            "odata.type": "Microsoft.WindowsAzure.Management.Monitoring.Alerts.Models.Microsoft.AppInsights.Nexus.DataContracts.Resources.ScheduledQueryRules.AlertingAction"
          }
        }
      }
    },
    {
      "RequestUri": "https://management.azure.com/subscriptions/00000000-0000-0000-0000-000000000000/resourcegroups/go-sdk-test-rg/providers/Microsoft.Insights/scheduledQueryRules/schedulequeryrulenaEpxQjq?api-version=2018-04-16",
      "RequestMethod": "DELETE",
      "RequestHeaders": {
        "Accept": "application/json",
        "Accept-Encoding": "gzip",
        "Authorization": "Sanitized",
        "User-Agent": "azsdk-go-armmonitor/v0.7.0 (go1.19; Windows_NT)"
      },
      "RequestBody": null,
      "StatusCode": 200,
      "ResponseHeaders": {
        "Cache-Control": "no-cache",
        "Content-Length": "0",
        "Date": "Wed, 12 Oct 2022 06:55:50 GMT",
        "Expires": "-1",
        "Pragma": "no-cache",
        "Server": "Kestrel",
        "Strict-Transport-Security": "max-age=31536000; includeSubDomains",
        "X-Content-Type-Options": "nosniff",
        "x-ms-correlation-request-id": "00000000-0000-0000-0000-000000000000",
        "x-ms-ratelimit-remaining-subscription-deletes": "14982",
        "x-ms-request-id": "00000000-0000-0000-0000-000000000000",
        "x-ms-routing-request-id": "SOUTHEASTASIA:20221012T065550Z:00000000-0000-0000-0000-000000000000"
      },
      "ResponseBody": null
    },
    {
      "RequestUri": "https://management.azure.com/subscriptions/00000000-0000-0000-0000-000000000000/resourcegroups/go-sdk-test-rg?api-version=2021-04-01",
      "RequestMethod": "DELETE",
      "RequestHeaders": {
        "Accept": "application/json",
        "Accept-Encoding": "gzip",
        "Authorization": "Sanitized",
        "User-Agent": "azsdk-go-armresources/v1.0.0 (go1.19; Windows_NT)"
      },
      "RequestBody": null,
      "StatusCode": 202,
      "ResponseHeaders": {
        "Cache-Control": "no-cache",
        "Content-Length": "0",
        "Date": "Wed, 12 Oct 2022 06:55:52 GMT",
        "Expires": "-1",
        "Location": "https://management.azure.com/subscriptions/00000000-0000-0000-0000-000000000000/operationresults/eyJqb2JJZCI6IlJFU09VUkNFR1JPVVBERUxFVElPTkpPQi1HTzoyRFNESzoyRFRFU1Q6MkQ0MjMtRUFTVFVTIiwiam9iTG9jYXRpb24iOiJlYXN0dXMifQ?api-version=2021-04-01",
        "Pragma": "no-cache",
        "Retry-After": "15",
        "Strict-Transport-Security": "max-age=31536000; includeSubDomains",
        "X-Content-Type-Options": "nosniff",
        "x-ms-correlation-request-id": "00000000-0000-0000-0000-000000000000",
        "x-ms-ratelimit-remaining-subscription-deletes": "14981",
        "x-ms-request-id": "00000000-0000-0000-0000-000000000000",
        "x-ms-routing-request-id": "SOUTHEASTASIA:20221012T065553Z:00000000-0000-0000-0000-000000000000"
      },
      "ResponseBody": null
    }
  ],
  "Variables": {
    "recordingRandomSeed": "1665556303"
  }
}
