{
  "Entries": [
    {
      "RequestUri": "https://fakekvurl.managedhsm.azure.net/keys/key4173570635/create?api-version=7.3",
      "RequestMethod": "POST",
      "RequestHeaders": {
        ":authority": "localhost:5001",
        ":method": "POST",
        ":path": "/keys/key4173570635/create?api-version=7.3",
        ":scheme": "https",
        "Accept": "application/json",
        "Accept-Encoding": "gzip",
        "Content-Length": "0",
        "Content-Type": "application/json",
        "User-Agent": "azsdk-go-internal/v0.1.0 azsdk-go-azcore/v0.20.0 (go1.17; Windows_NT)"
      },
      "RequestBody": null,
      "StatusCode": 401,
      "ResponseHeaders": {
        "Cache-Control": "no-cache",
        "Content-Length": "0",
        "Content-Security-Policy": "default-src \u0027self\u0027",
        "Content-Type": "application/json; charset=utf-8",
        "Strict-Transport-Security": "max-age=31536000; includeSubDomains",
        "WWW-Authenticate": "Bearer authorization=\u0022https://login.microsoftonline.com/00000000-0000-0000-0000-000000000000\u0022, resource=\u0022https://managedhsm.azure.net\u0022",
        "X-Content-Type-Options": "nosniff",
        "X-Frame-Options": "SAMEORIGIN",
        "x-ms-request-id": "8671d6c2-383e-11ec-aa61-000d3a5f7959",
        "x-ms-server-latency": "1"
      },
      "ResponseBody": null
    },
    {
      "RequestUri": "https://fakekvurl.managedhsm.azure.net/keys/key4173570635/create?api-version=7.3",
      "RequestMethod": "POST",
      "RequestHeaders": {
        ":authority": "localhost:5001",
        ":method": "POST",
        ":path": "/keys/key4173570635/create?api-version=7.3",
        ":scheme": "https",
        "Accept": "application/json",
        "Accept-Encoding": "gzip",
        "Authorization": "Sanitized",
        "Content-Length": "13",
        "Content-Type": "application/json",
        "User-Agent": "azsdk-go-internal/v0.1.0 azsdk-go-azcore/v0.20.0 (go1.17; Windows_NT)"
      },
      "RequestBody": {
        "kty": "RSA"
      },
      "StatusCode": 200,
      "ResponseHeaders": {
        "Cache-Control": "no-cache",
        "Content-Length": "716",
        "Content-Security-Policy": "default-src \u0027self\u0027",
        "Content-Type": "application/json; charset=utf-8",
        "Strict-Transport-Security": "max-age=31536000; includeSubDomains",
        "X-Content-Type-Options": "nosniff",
        "X-Frame-Options": "SAMEORIGIN",
        "x-ms-keyvault-network-info": "conn_type=Ipv4;addr=72.49.29.93;act_addr_fam=Ipv4;",
        "x-ms-keyvault-region": "southcentralus",
        "x-ms-request-id": "8691c9b4-383e-11ec-aa61-000d3a5f7959",
        "x-ms-server-latency": "268"
      },
      "ResponseBody": {
        "attributes": {
          "created": 1635460173,
          "enabled": true,
          "exportable": false,
          "recoverableDays": 7,
          "recoveryLevel": "CustomizedRecoverable\u002BPurgeable",
          "updated": 1635460173
        },
        "key": {
          "e": "AQAB",
          "key_ops": [
            "wrapKey",
            "decrypt",
            "encrypt",
            "unwrapKey",
            "sign",
            "verify"
          ],
          "kid": "https://fakekvurl.managedhsm.azure.net/keys/key4173570635/86e69282c6e306373b8aa6e53abe6296",
          "kty": "RSA-HSM",
          "n": "rf0fKvZylwjRyA9C_fQQYJe7YcDJ2Emyhciig3LCqZQTsWpLsqwV1KnSsQCFterp0-WpwYXxit-rKe8gRqgrqUH1c7tmrLRV3YxvXKgXvRgGQbo-L7WEM9lOBCZlOLzRRZMcs74n1LwsRVgzlXow6Q9wg9_pmzNNjkIwo-Rz_2rfRSaA8gm3kM3VvnvsCsG3ESn-dx5RzgEhBbF8icrFLD8Xs2R0SDzMx4ESIBeqSSXYwTo4cB1XBQuwUR84AhA1EQcdXVefMj9YVIkOBUC3n7g9G8dR1mLlv93dUCga0xGD5UNvPYrgT-9AMRlRBvLIdKDIjxAEvLBdWF7pe0picQ"
        }
      }
    },
    {
      "RequestUri": "https://fakekvurl.managedhsm.azure.net/keys/key4173570635/rotationpolicy?api-version=7.3",
      "RequestMethod": "GET",
      "RequestHeaders": {
        ":authority": "localhost:5001",
        ":method": "GET",
        ":path": "/keys/key4173570635/rotationpolicy?api-version=7.3",
        ":scheme": "https",
        "Accept": "application/json",
        "Accept-Encoding": "gzip",
        "Authorization": "Sanitized",
        "User-Agent": "azsdk-go-internal/v0.1.0 azsdk-go-azcore/v0.20.0 (go1.17; Windows_NT)"
      },
      "RequestBody": null,
      "StatusCode": 404,
      "ResponseHeaders": {
        "Cache-Control": "no-cache",
        "Content-Length": "185",
        "Content-Security-Policy": "default-src \u0027self\u0027",
        "Content-Type": "application/json; charset=utf-8",
        "Strict-Transport-Security": "max-age=31536000; includeSubDomains",
        "X-Content-Type-Options": "nosniff",
        "X-Frame-Options": "SAMEORIGIN",
        "x-ms-build-version": "1.0.20210929-1-5b78c022-develop",
        "x-ms-request-id": "86e404ae-383e-11ec-aa61-000d3a5f7959",
        "x-ms-server-latency": "84"
      },
      "ResponseBody": {
        "error": {
          "code": "KeyNotFound",
          "message": "Key not found: https://fakekvurl.managedhsm.azure.net/keys/key4173570635/rotationpolicy (Activity ID: 86e404ae-383e-11ec-aa61-000d3a5f7959)"
        }
      }
    },
    {
      "RequestUri": "https://fakekvurl.managedhsm.azure.net/keys/key4173570635?api-version=7.3",
      "RequestMethod": "DELETE",
      "RequestHeaders": {
        ":authority": "localhost:5001",
        ":method": "DELETE",
        ":path": "/keys/key4173570635?api-version=7.3",
        ":scheme": "https",
        "Accept": "application/json",
        "Accept-Encoding": "gzip",
        "Authorization": "Sanitized",
        "User-Agent": "azsdk-go-internal/v0.1.0 azsdk-go-azcore/v0.20.0 (go1.17; Windows_NT)"
      },
      "RequestBody": null,
      "StatusCode": 200,
      "ResponseHeaders": {
        "Cache-Control": "no-cache",
        "Content-Length": "854",
        "Content-Security-Policy": "default-src \u0027self\u0027",
        "Content-Type": "application/json; charset=utf-8",
        "Strict-Transport-Security": "max-age=31536000; includeSubDomains",
        "X-Content-Type-Options": "nosniff",
        "X-Frame-Options": "SAMEORIGIN",
        "x-ms-keyvault-network-info": "conn_type=Ipv4;addr=72.49.29.93;act_addr_fam=Ipv4;",
        "x-ms-keyvault-region": "southcentralus",
        "x-ms-request-id": "8725b386-383e-11ec-aa61-000d3a5f7959",
        "x-ms-server-latency": "84"
      },
      "ResponseBody": {
        "attributes": {
          "created": 1635460173,
          "enabled": true,
          "exportable": false,
          "recoverableDays": 7,
          "recoveryLevel": "CustomizedRecoverable\u002BPurgeable",
          "updated": 1635460173
        },
        "deletedDate": 1635460174,
        "key": {
          "e": "AQAB",
          "key_ops": [
            "wrapKey",
            "encrypt",
            "decrypt",
            "unwrapKey",
            "sign",
            "verify"
          ],
          "kid": "https://fakekvurl.managedhsm.azure.net/keys/key4173570635/86e69282c6e306373b8aa6e53abe6296",
          "kty": "RSA-HSM",
          "n": "rf0fKvZylwjRyA9C_fQQYJe7YcDJ2Emyhciig3LCqZQTsWpLsqwV1KnSsQCFterp0-WpwYXxit-rKe8gRqgrqUH1c7tmrLRV3YxvXKgXvRgGQbo-L7WEM9lOBCZlOLzRRZMcs74n1LwsRVgzlXow6Q9wg9_pmzNNjkIwo-Rz_2rfRSaA8gm3kM3VvnvsCsG3ESn-dx5RzgEhBbF8icrFLD8Xs2R0SDzMx4ESIBeqSSXYwTo4cB1XBQuwUR84AhA1EQcdXVefMj9YVIkOBUC3n7g9G8dR1mLlv93dUCga0xGD5UNvPYrgT-9AMRlRBvLIdKDIjxAEvLBdWF7pe0picQ"
        },
        "recoveryId": "https://fakekvurl.managedhsm.azure.net/deletedkeys/key4173570635",
        "scheduledPurgeDate": 1636064974
      }
    },
    {
      "RequestUri": "https://fakekvurl.managedhsm.azure.net/deletedkeys/key4173570635?api-version=7.3",
      "RequestMethod": "GET",
      "RequestHeaders": {
        ":authority": "localhost:5001",
        ":method": "GET",
        ":path": "/deletedkeys/key4173570635?api-version=7.3",
        ":scheme": "https",
        "Accept": "application/json",
        "Accept-Encoding": "gzip",
        "Authorization": "Sanitized",
        "User-Agent": "azsdk-go-internal/v0.1.0 azsdk-go-azcore/v0.20.0 (go1.17; Windows_NT)"
      },
      "RequestBody": null,
      "StatusCode": 200,
      "ResponseHeaders": {
        "Cache-Control": "no-cache",
        "Content-Length": "854",
        "Content-Security-Policy": "default-src \u0027self\u0027",
        "Content-Type": "application/json; charset=utf-8",
        "Strict-Transport-Security": "max-age=31536000; includeSubDomains",
        "X-Content-Type-Options": "nosniff",
        "X-Frame-Options": "SAMEORIGIN",
        "x-ms-build-version": "1.0.20210929-1-5b78c022-develop",
        "x-ms-keyvault-network-info": "conn_type=Ipv4;addr=72.49.29.93;act_addr_fam=Ipv4;",
        "x-ms-keyvault-region": "southcentralus",
        "x-ms-request-id": "8759f6dc-383e-11ec-aa61-000d3a5f7959",
        "x-ms-server-latency": "30"
      },
      "ResponseBody": {
        "attributes": {
          "created": 1635460173,
          "enabled": true,
          "exportable": false,
          "recoverableDays": 7,
          "recoveryLevel": "CustomizedRecoverable\u002BPurgeable",
          "updated": 1635460173
        },
        "deletedDate": 1635460174,
        "key": {
          "e": "AQAB",
          "key_ops": [
            "verify",
            "sign",
            "unwrapKey",
            "encrypt",
            "decrypt",
            "wrapKey"
          ],
          "kid": "https://fakekvurl.managedhsm.azure.net/keys/key4173570635/86e69282c6e306373b8aa6e53abe6296",
          "kty": "RSA-HSM",
          "n": "rf0fKvZylwjRyA9C_fQQYJe7YcDJ2Emyhciig3LCqZQTsWpLsqwV1KnSsQCFterp0-WpwYXxit-rKe8gRqgrqUH1c7tmrLRV3YxvXKgXvRgGQbo-L7WEM9lOBCZlOLzRRZMcs74n1LwsRVgzlXow6Q9wg9_pmzNNjkIwo-Rz_2rfRSaA8gm3kM3VvnvsCsG3ESn-dx5RzgEhBbF8icrFLD8Xs2R0SDzMx4ESIBeqSSXYwTo4cB1XBQuwUR84AhA1EQcdXVefMj9YVIkOBUC3n7g9G8dR1mLlv93dUCga0xGD5UNvPYrgT-9AMRlRBvLIdKDIjxAEvLBdWF7pe0picQ"
        },
        "recoveryId": "https://fakekvurl.managedhsm.azure.net/deletedkeys/key4173570635",
        "scheduledPurgeDate": 1636064974
      }
    },
    {
      "RequestUri": "https://fakekvurl.managedhsm.azure.net/deletedkeys/key4173570635?api-version=7.3",
      "RequestMethod": "GET",
      "RequestHeaders": {
        ":authority": "localhost:5001",
        ":method": "GET",
        ":path": "/deletedkeys/key4173570635?api-version=7.3",
        ":scheme": "https",
        "Accept": "application/json",
        "Accept-Encoding": "gzip",
        "Authorization": "Sanitized",
        "User-Agent": "azsdk-go-internal/v0.1.0 azsdk-go-azcore/v0.20.0 (go1.17; Windows_NT)"
      },
      "RequestBody": null,
      "StatusCode": 200,
      "ResponseHeaders": {
        "Cache-Control": "no-cache",
        "Content-Length": "854",
        "Content-Security-Policy": "default-src \u0027self\u0027",
        "Content-Type": "application/json; charset=utf-8",
        "Strict-Transport-Security": "max-age=31536000; includeSubDomains",
        "X-Content-Type-Options": "nosniff",
        "X-Frame-Options": "SAMEORIGIN",
        "x-ms-build-version": "1.0.20210929-1-5b78c022-develop",
        "x-ms-keyvault-network-info": "conn_type=Ipv4;addr=72.49.29.93;act_addr_fam=Ipv4;",
        "x-ms-keyvault-region": "southcentralus",
        "x-ms-request-id": "87871004-383e-11ec-aa61-000d3a5f7959",
        "x-ms-server-latency": "35"
      },
      "ResponseBody": {
        "attributes": {
          "created": 1635460173,
          "enabled": true,
          "exportable": false,
          "recoverableDays": 7,
          "recoveryLevel": "CustomizedRecoverable\u002BPurgeable",
          "updated": 1635460173
        },
        "deletedDate": 1635460174,
        "key": {
          "e": "AQAB",
          "key_ops": [
            "verify",
            "sign",
            "unwrapKey",
            "encrypt",
            "decrypt",
            "wrapKey"
          ],
          "kid": "https://fakekvurl.managedhsm.azure.net/keys/key4173570635/86e69282c6e306373b8aa6e53abe6296",
          "kty": "RSA-HSM",
          "n": "rf0fKvZylwjRyA9C_fQQYJe7YcDJ2Emyhciig3LCqZQTsWpLsqwV1KnSsQCFterp0-WpwYXxit-rKe8gRqgrqUH1c7tmrLRV3YxvXKgXvRgGQbo-L7WEM9lOBCZlOLzRRZMcs74n1LwsRVgzlXow6Q9wg9_pmzNNjkIwo-Rz_2rfRSaA8gm3kM3VvnvsCsG3ESn-dx5RzgEhBbF8icrFLD8Xs2R0SDzMx4ESIBeqSSXYwTo4cB1XBQuwUR84AhA1EQcdXVefMj9YVIkOBUC3n7g9G8dR1mLlv93dUCga0xGD5UNvPYrgT-9AMRlRBvLIdKDIjxAEvLBdWF7pe0picQ"
        },
        "recoveryId": "https://fakekvurl.managedhsm.azure.net/deletedkeys/key4173570635",
        "scheduledPurgeDate": 1636064974
      }
    },
    {
      "RequestUri": "https://fakekvurl.managedhsm.azure.net/deletedkeys/key4173570635?api-version=7.3",
      "RequestMethod": "DELETE",
      "RequestHeaders": {
        ":authority": "localhost:5001",
        ":method": "DELETE",
        ":path": "/deletedkeys/key4173570635?api-version=7.3",
        ":scheme": "https",
        "Accept": "application/json",
        "Accept-Encoding": "gzip",
        "Authorization": "Sanitized",
        "User-Agent": "azsdk-go-internal/v0.1.0 azsdk-go-azcore/v0.20.0 (go1.17; Windows_NT)"
      },
      "RequestBody": null,
      "StatusCode": 204,
      "ResponseHeaders": {
        "Cache-Control": "no-cache",
        "Content-Length": "0",
        "Content-Security-Policy": "default-src \u0027self\u0027",
        "Content-Type": "application/json; charset=utf-8",
        "Strict-Transport-Security": "max-age=31536000; includeSubDomains",
        "X-Content-Type-Options": "nosniff",
        "X-Frame-Options": "SAMEORIGIN",
        "x-ms-keyvault-network-info": "conn_type=Ipv4;addr=72.49.29.93;act_addr_fam=Ipv4;",
        "x-ms-keyvault-region": "southcentralus",
        "x-ms-request-id": "87b892e6-383e-11ec-aa61-000d3a5f7959",
        "x-ms-server-latency": "101"
      },
      "ResponseBody": null
    }
  ],
  "Variables": {}
}
