{
  "Entries": [
    {
      "RequestUri": "https://fakekvurl.vault.azure.net/keys/key1507363465/create?api-version=7.3-preview",
      "RequestMethod": "POST",
      "RequestHeaders": {
        ":authority": "localhost:5001",
        ":method": "POST",
        ":path": "/keys/key1507363465/create?api-version=7.3-preview",
        ":scheme": "https",
        "Accept": "application/json",
        "Accept-Encoding": "gzip",
        "Content-Length": "0",
        "Content-Type": "application/json",
        "User-Agent": "azsdk-go-internal/v0.1.1 azsdk-go-azcore/v0.20.0 (go1.17; Windows_NT)"
      },
      "RequestBody": null,
      "StatusCode": 401,
      "ResponseHeaders": {
        "Cache-Control": "no-cache",
        "Content-Length": "97",
        "Content-Type": "application/json; charset=utf-8",
        "Date": "Wed, 17 Nov 2021 21:42:57 GMT",
        "Expires": "-1",
        "Pragma": "no-cache",
        "Strict-Transport-Security": "max-age=31536000;includeSubDomains",
        "WWW-Authenticate": "Bearer authorization=\u0022https://login.windows.net/00000000-0000-0000-0000-000000000000\u0022, resource=\u0022https://vault.azure.net\u0022",
        "X-Content-Type-Options": "nosniff",
        "x-ms-keyvault-network-info": "conn_type=Ipv4;addr=72.49.29.93;act_addr_fam=InterNetwork;",
        "x-ms-keyvault-region": "westus2",
        "x-ms-keyvault-service-version": "1.9.150.1",
        "x-ms-request-id": "c6883833-faaf-4c9f-898d-2e16b6ea7832",
        "X-Powered-By": "ASP.NET"
      },
      "ResponseBody": {
        "error": {
          "code": "Unauthorized",
          "message": "AKV10000: Request is missing a Bearer or PoP token."
        }
      }
    },
    {
      "RequestUri": "https://fakekvurl.vault.azure.net/keys/key1507363465/create?api-version=7.3-preview",
      "RequestMethod": "POST",
      "RequestHeaders": {
        ":authority": "localhost:5001",
        ":method": "POST",
        ":path": "/keys/key1507363465/create?api-version=7.3-preview",
        ":scheme": "https",
        "Accept": "application/json",
        "Accept-Encoding": "gzip",
        "Authorization": "Sanitized",
        "Content-Length": "13",
        "Content-Type": "application/json",
        "User-Agent": "azsdk-go-internal/v0.1.1 azsdk-go-azcore/v0.20.0 (go1.17; Windows_NT)"
      },
      "RequestBody": {
        "kty": "RSA"
      },
      "StatusCode": 200,
      "ResponseHeaders": {
        "Cache-Control": "no-cache",
        "Content-Length": "687",
        "Content-Type": "application/json; charset=utf-8",
        "Date": "Wed, 17 Nov 2021 21:42:57 GMT",
        "Expires": "-1",
        "Pragma": "no-cache",
        "Strict-Transport-Security": "max-age=31536000;includeSubDomains",
        "X-Content-Type-Options": "nosniff",
        "x-ms-keyvault-network-info": "conn_type=Ipv4;addr=72.49.29.93;act_addr_fam=InterNetwork;",
        "x-ms-keyvault-region": "westus2",
        "x-ms-keyvault-service-version": "1.9.150.1",
        "x-ms-request-id": "7fd649e4-d5e9-42dd-b5c4-4d2f00d65f0d",
        "X-Powered-By": "ASP.NET"
      },
      "ResponseBody": {
        "key": {
          "kid": "https://fakekvurl.vault.azure.net/keys/key1507363465/695bb1337a224460bd55742ae3289748",
          "kty": "RSA",
          "key_ops": [
            "encrypt",
            "decrypt",
            "sign",
            "verify",
            "wrapKey",
            "unwrapKey"
          ],
          "n": "pfpZR4EC3_1PeYI4OTlc2rlr6JMRh4vhOBQbPYj5QnqZAixjC-_bfVyY5bp0Wb92Z3CIVc9sM1jqBq2AZz4eLzxB7VB9gxuOSEMiTvfRYJLz-D-CkyAicX9GxqtzzLrYJNvxmUJ8L2EK-dD9OlDvHMAH7405S05BR20-LjX55egLuLNIGwftsaNA0W-l-eHsYRM8aOd9ODwqTAIgyFPWqAsUv623AdnpC9erKIVugsjTfem5YC3rS6RRhDtXQysBEB7y4lViu__tLRi-4ky4bpXA0gWjcb7FZeXWgwmPEyuzVenKOtXr43A1VdouPzgRgeUurt0T9R8u2Wo593drsQ",
          "e": "AQAB"
        },
        "attributes": {
          "enabled": true,
          "created": 1637185377,
          "updated": 1637185377,
          "recoveryLevel": "CustomizedRecoverable\u002BPurgeable",
          "recoverableDays": 7
        }
      }
    },
    {
      "RequestUri": "https://fakekvurl.vault.azure.net/keys/key1507363465/rotationpolicy?api-version=7.3-preview",
      "RequestMethod": "GET",
      "RequestHeaders": {
        ":authority": "localhost:5001",
        ":method": "GET",
        ":path": "/keys/key1507363465/rotationpolicy?api-version=7.3-preview",
        ":scheme": "https",
        "Accept": "application/json",
        "Accept-Encoding": "gzip",
        "Authorization": "Sanitized",
        "User-Agent": "azsdk-go-internal/v0.1.1 azsdk-go-azcore/v0.20.0 (go1.17; Windows_NT)"
      },
      "RequestBody": null,
      "StatusCode": 200,
      "ResponseHeaders": {
        "Cache-Control": "no-cache",
        "Content-Length": "106",
        "Content-Type": "application/json; charset=utf-8",
        "Date": "Wed, 17 Nov 2021 21:42:57 GMT",
        "Expires": "-1",
        "Pragma": "no-cache",
        "Strict-Transport-Security": "max-age=31536000;includeSubDomains",
        "X-Content-Type-Options": "nosniff",
        "x-ms-keyvault-network-info": "conn_type=Ipv4;addr=72.49.29.93;act_addr_fam=InterNetwork;",
        "x-ms-keyvault-region": "westus2",
        "x-ms-keyvault-service-version": "1.9.150.1",
        "x-ms-request-id": "79f392ea-e934-4d7b-91f1-c136a42b2d3b",
        "X-Powered-By": "ASP.NET"
      },
      "ResponseBody": {
        "lifetimeActions": [
          {
            "trigger": {
              "timeBeforeExpiry": "P30D"
            },
            "action": {
              "type": "Notify"
            }
          }
        ],
        "attributes": null
      }
    },
    {
      "RequestUri": "https://fakekvurl.vault.azure.net/keys/key1507363465?api-version=7.3-preview",
      "RequestMethod": "DELETE",
      "RequestHeaders": {
        ":authority": "localhost:5001",
        ":method": "DELETE",
        ":path": "/keys/key1507363465?api-version=7.3-preview",
        ":scheme": "https",
        "Accept": "application/json",
        "Accept-Encoding": "gzip",
        "Authorization": "Sanitized",
        "User-Agent": "azsdk-go-internal/v0.1.1 azsdk-go-azcore/v0.20.0 (go1.17; Windows_NT)"
      },
      "RequestBody": null,
      "StatusCode": 200,
      "ResponseHeaders": {
        "Cache-Control": "no-cache",
        "Content-Length": "819",
        "Content-Type": "application/json; charset=utf-8",
        "Date": "Wed, 17 Nov 2021 21:42:57 GMT",
        "Expires": "-1",
        "Pragma": "no-cache",
        "Strict-Transport-Security": "max-age=31536000;includeSubDomains",
        "X-Content-Type-Options": "nosniff",
        "x-ms-keyvault-network-info": "conn_type=Ipv4;addr=72.49.29.93;act_addr_fam=InterNetwork;",
        "x-ms-keyvault-region": "westus2",
        "x-ms-keyvault-service-version": "1.9.150.1",
        "x-ms-request-id": "2552c1ab-3018-4da7-863e-dd6ed5fd9a1b",
        "X-Powered-By": "ASP.NET"
      },
      "ResponseBody": {
        "recoveryId": "https://fakekvurl.vault.azure.net/deletedkeys/key1507363465",
        "deletedDate": 1637185378,
        "scheduledPurgeDate": 1637790178,
        "key": {
          "kid": "https://fakekvurl.vault.azure.net/keys/key1507363465/695bb1337a224460bd55742ae3289748",
          "kty": "RSA",
          "key_ops": [
            "encrypt",
            "decrypt",
            "sign",
            "verify",
            "wrapKey",
            "unwrapKey"
          ],
          "n": "pfpZR4EC3_1PeYI4OTlc2rlr6JMRh4vhOBQbPYj5QnqZAixjC-_bfVyY5bp0Wb92Z3CIVc9sM1jqBq2AZz4eLzxB7VB9gxuOSEMiTvfRYJLz-D-CkyAicX9GxqtzzLrYJNvxmUJ8L2EK-dD9OlDvHMAH7405S05BR20-LjX55egLuLNIGwftsaNA0W-l-eHsYRM8aOd9ODwqTAIgyFPWqAsUv623AdnpC9erKIVugsjTfem5YC3rS6RRhDtXQysBEB7y4lViu__tLRi-4ky4bpXA0gWjcb7FZeXWgwmPEyuzVenKOtXr43A1VdouPzgRgeUurt0T9R8u2Wo593drsQ",
          "e": "AQAB"
        },
        "attributes": {
          "enabled": true,
          "created": 1637185377,
          "updated": 1637185377,
          "recoveryLevel": "CustomizedRecoverable\u002BPurgeable",
          "recoverableDays": 7
        }
      }
    },
    {
      "RequestUri": "https://fakekvurl.vault.azure.net/deletedkeys/key1507363465?api-version=7.3-preview",
      "RequestMethod": "GET",
      "RequestHeaders": {
        ":authority": "localhost:5001",
        ":method": "GET",
        ":path": "/deletedkeys/key1507363465?api-version=7.3-preview",
        ":scheme": "https",
        "Accept": "application/json",
        "Accept-Encoding": "gzip",
        "Authorization": "Sanitized",
        "User-Agent": "azsdk-go-internal/v0.1.1 azsdk-go-azcore/v0.20.0 (go1.17; Windows_NT)"
      },
      "RequestBody": null,
      "StatusCode": 404,
      "ResponseHeaders": {
        "Cache-Control": "no-cache",
        "Content-Length": "81",
        "Content-Type": "application/json; charset=utf-8",
        "Date": "Wed, 17 Nov 2021 21:42:58 GMT",
        "Expires": "-1",
        "Pragma": "no-cache",
        "Strict-Transport-Security": "max-age=31536000;includeSubDomains",
        "X-Content-Type-Options": "nosniff",
        "x-ms-keyvault-network-info": "conn_type=Ipv4;addr=72.49.29.93;act_addr_fam=InterNetwork;",
        "x-ms-keyvault-region": "westus2",
        "x-ms-keyvault-service-version": "1.9.150.1",
        "x-ms-request-id": "31ae99a1-1805-4f4c-bbad-89ca38684a90",
        "X-Powered-By": "ASP.NET"
      },
      "ResponseBody": {
        "error": {
          "code": "KeyNotFound",
          "message": "Deleted Key not found: key1507363465"
        }
      }
    },
    {
      "RequestUri": "https://fakekvurl.vault.azure.net/deletedkeys/key1507363465?api-version=7.3-preview",
      "RequestMethod": "GET",
      "RequestHeaders": {
        ":authority": "localhost:5001",
        ":method": "GET",
        ":path": "/deletedkeys/key1507363465?api-version=7.3-preview",
        ":scheme": "https",
        "Accept": "application/json",
        "Accept-Encoding": "gzip",
        "Authorization": "Sanitized",
        "User-Agent": "azsdk-go-internal/v0.1.1 azsdk-go-azcore/v0.20.0 (go1.17; Windows_NT)"
      },
      "RequestBody": null,
      "StatusCode": 404,
      "ResponseHeaders": {
        "Cache-Control": "no-cache",
        "Content-Length": "81",
        "Content-Type": "application/json; charset=utf-8",
        "Date": "Wed, 17 Nov 2021 21:42:58 GMT",
        "Expires": "-1",
        "Pragma": "no-cache",
        "Strict-Transport-Security": "max-age=31536000;includeSubDomains",
        "X-Content-Type-Options": "nosniff",
        "x-ms-keyvault-network-info": "conn_type=Ipv4;addr=72.49.29.93;act_addr_fam=InterNetwork;",
        "x-ms-keyvault-region": "westus2",
        "x-ms-keyvault-service-version": "1.9.150.1",
        "x-ms-request-id": "7a15895a-ade5-443e-8a36-031f9090cf63",
        "X-Powered-By": "ASP.NET"
      },
      "ResponseBody": {
        "error": {
          "code": "KeyNotFound",
          "message": "Deleted Key not found: key1507363465"
        }
      }
    },
    {
      "RequestUri": "https://fakekvurl.vault.azure.net/deletedkeys/key1507363465?api-version=7.3-preview",
      "RequestMethod": "GET",
      "RequestHeaders": {
        ":authority": "localhost:5001",
        ":method": "GET",
        ":path": "/deletedkeys/key1507363465?api-version=7.3-preview",
        ":scheme": "https",
        "Accept": "application/json",
        "Accept-Encoding": "gzip",
        "Authorization": "Sanitized",
        "User-Agent": "azsdk-go-internal/v0.1.1 azsdk-go-azcore/v0.20.0 (go1.17; Windows_NT)"
      },
      "RequestBody": null,
      "StatusCode": 404,
      "ResponseHeaders": {
        "Cache-Control": "no-cache",
        "Content-Length": "81",
        "Content-Type": "application/json; charset=utf-8",
        "Date": "Wed, 17 Nov 2021 21:42:58 GMT",
        "Expires": "-1",
        "Pragma": "no-cache",
        "Strict-Transport-Security": "max-age=31536000;includeSubDomains",
        "X-Content-Type-Options": "nosniff",
        "x-ms-keyvault-network-info": "conn_type=Ipv4;addr=72.49.29.93;act_addr_fam=InterNetwork;",
        "x-ms-keyvault-region": "westus2",
        "x-ms-keyvault-service-version": "1.9.150.1",
        "x-ms-request-id": "ff66b1f6-20f5-4257-8d21-46b9a813dce6",
        "X-Powered-By": "ASP.NET"
      },
      "ResponseBody": {
        "error": {
          "code": "KeyNotFound",
          "message": "Deleted Key not found: key1507363465"
        }
      }
    },
    {
      "RequestUri": "https://fakekvurl.vault.azure.net/deletedkeys/key1507363465?api-version=7.3-preview",
      "RequestMethod": "GET",
      "RequestHeaders": {
        ":authority": "localhost:5001",
        ":method": "GET",
        ":path": "/deletedkeys/key1507363465?api-version=7.3-preview",
        ":scheme": "https",
        "Accept": "application/json",
        "Accept-Encoding": "gzip",
        "Authorization": "Sanitized",
        "User-Agent": "azsdk-go-internal/v0.1.1 azsdk-go-azcore/v0.20.0 (go1.17; Windows_NT)"
      },
      "RequestBody": null,
      "StatusCode": 404,
      "ResponseHeaders": {
        "Cache-Control": "no-cache",
        "Content-Length": "81",
        "Content-Type": "application/json; charset=utf-8",
        "Date": "Wed, 17 Nov 2021 21:42:58 GMT",
        "Expires": "-1",
        "Pragma": "no-cache",
        "Strict-Transport-Security": "max-age=31536000;includeSubDomains",
        "X-Content-Type-Options": "nosniff",
        "x-ms-keyvault-network-info": "conn_type=Ipv4;addr=72.49.29.93;act_addr_fam=InterNetwork;",
        "x-ms-keyvault-region": "westus2",
        "x-ms-keyvault-service-version": "1.9.150.1",
        "x-ms-request-id": "5ec7d6a8-7071-4b5b-ad3a-23238339af48",
        "X-Powered-By": "ASP.NET"
      },
      "ResponseBody": {
        "error": {
          "code": "KeyNotFound",
          "message": "Deleted Key not found: key1507363465"
        }
      }
    },
    {
      "RequestUri": "https://fakekvurl.vault.azure.net/deletedkeys/key1507363465?api-version=7.3-preview",
      "RequestMethod": "GET",
      "RequestHeaders": {
        ":authority": "localhost:5001",
        ":method": "GET",
        ":path": "/deletedkeys/key1507363465?api-version=7.3-preview",
        ":scheme": "https",
        "Accept": "application/json",
        "Accept-Encoding": "gzip",
        "Authorization": "Sanitized",
        "User-Agent": "azsdk-go-internal/v0.1.1 azsdk-go-azcore/v0.20.0 (go1.17; Windows_NT)"
      },
      "RequestBody": null,
      "StatusCode": 404,
      "ResponseHeaders": {
        "Cache-Control": "no-cache",
        "Content-Length": "81",
        "Content-Type": "application/json; charset=utf-8",
        "Date": "Wed, 17 Nov 2021 21:42:59 GMT",
        "Expires": "-1",
        "Pragma": "no-cache",
        "Strict-Transport-Security": "max-age=31536000;includeSubDomains",
        "X-Content-Type-Options": "nosniff",
        "x-ms-keyvault-network-info": "conn_type=Ipv4;addr=72.49.29.93;act_addr_fam=InterNetwork;",
        "x-ms-keyvault-region": "westus2",
        "x-ms-keyvault-service-version": "1.9.150.1",
        "x-ms-request-id": "a054f165-7ab2-4230-9542-d87b6e37d010",
        "X-Powered-By": "ASP.NET"
      },
      "ResponseBody": {
        "error": {
          "code": "KeyNotFound",
          "message": "Deleted Key not found: key1507363465"
        }
      }
    },
    {
      "RequestUri": "https://fakekvurl.vault.azure.net/deletedkeys/key1507363465?api-version=7.3-preview",
      "RequestMethod": "GET",
      "RequestHeaders": {
        ":authority": "localhost:5001",
        ":method": "GET",
        ":path": "/deletedkeys/key1507363465?api-version=7.3-preview",
        ":scheme": "https",
        "Accept": "application/json",
        "Accept-Encoding": "gzip",
        "Authorization": "Sanitized",
        "User-Agent": "azsdk-go-internal/v0.1.1 azsdk-go-azcore/v0.20.0 (go1.17; Windows_NT)"
      },
      "RequestBody": null,
      "StatusCode": 404,
      "ResponseHeaders": {
        "Cache-Control": "no-cache",
        "Content-Length": "81",
        "Content-Type": "application/json; charset=utf-8",
        "Date": "Wed, 17 Nov 2021 21:42:59 GMT",
        "Expires": "-1",
        "Pragma": "no-cache",
        "Strict-Transport-Security": "max-age=31536000;includeSubDomains",
        "X-Content-Type-Options": "nosniff",
        "x-ms-keyvault-network-info": "conn_type=Ipv4;addr=72.49.29.93;act_addr_fam=InterNetwork;",
        "x-ms-keyvault-region": "westus2",
        "x-ms-keyvault-service-version": "1.9.150.1",
        "x-ms-request-id": "5de988f3-2f7f-4000-a3bf-250a3cbf177f",
        "X-Powered-By": "ASP.NET"
      },
      "ResponseBody": {
        "error": {
          "code": "KeyNotFound",
          "message": "Deleted Key not found: key1507363465"
        }
      }
    },
    {
      "RequestUri": "https://fakekvurl.vault.azure.net/deletedkeys/key1507363465?api-version=7.3-preview",
      "RequestMethod": "GET",
      "RequestHeaders": {
        ":authority": "localhost:5001",
        ":method": "GET",
        ":path": "/deletedkeys/key1507363465?api-version=7.3-preview",
        ":scheme": "https",
        "Accept": "application/json",
        "Accept-Encoding": "gzip",
        "Authorization": "Sanitized",
        "User-Agent": "azsdk-go-internal/v0.1.1 azsdk-go-azcore/v0.20.0 (go1.17; Windows_NT)"
      },
      "RequestBody": null,
      "StatusCode": 404,
      "ResponseHeaders": {
        "Cache-Control": "no-cache",
        "Content-Length": "81",
        "Content-Type": "application/json; charset=utf-8",
        "Date": "Wed, 17 Nov 2021 21:42:59 GMT",
        "Expires": "-1",
        "Pragma": "no-cache",
        "Strict-Transport-Security": "max-age=31536000;includeSubDomains",
        "X-Content-Type-Options": "nosniff",
        "x-ms-keyvault-network-info": "conn_type=Ipv4;addr=72.49.29.93;act_addr_fam=InterNetwork;",
        "x-ms-keyvault-region": "westus2",
        "x-ms-keyvault-service-version": "1.9.150.1",
        "x-ms-request-id": "71f2e70f-55c5-4edf-8e6c-4493c3f5c611",
        "X-Powered-By": "ASP.NET"
      },
      "ResponseBody": {
        "error": {
          "code": "KeyNotFound",
          "message": "Deleted Key not found: key1507363465"
        }
      }
    },
    {
      "RequestUri": "https://fakekvurl.vault.azure.net/deletedkeys/key1507363465?api-version=7.3-preview",
      "RequestMethod": "GET",
      "RequestHeaders": {
        ":authority": "localhost:5001",
        ":method": "GET",
        ":path": "/deletedkeys/key1507363465?api-version=7.3-preview",
        ":scheme": "https",
        "Accept": "application/json",
        "Accept-Encoding": "gzip",
        "Authorization": "Sanitized",
        "User-Agent": "azsdk-go-internal/v0.1.1 azsdk-go-azcore/v0.20.0 (go1.17; Windows_NT)"
      },
      "RequestBody": null,
      "StatusCode": 404,
      "ResponseHeaders": {
        "Cache-Control": "no-cache",
        "Content-Length": "81",
        "Content-Type": "application/json; charset=utf-8",
        "Date": "Wed, 17 Nov 2021 21:43:00 GMT",
        "Expires": "-1",
        "Pragma": "no-cache",
        "Strict-Transport-Security": "max-age=31536000;includeSubDomains",
        "X-Content-Type-Options": "nosniff",
        "x-ms-keyvault-network-info": "conn_type=Ipv4;addr=72.49.29.93;act_addr_fam=InterNetwork;",
        "x-ms-keyvault-region": "westus2",
        "x-ms-keyvault-service-version": "1.9.150.1",
        "x-ms-request-id": "4abb460d-2256-4cd1-acf3-f1d76b65293b",
        "X-Powered-By": "ASP.NET"
      },
      "ResponseBody": {
        "error": {
          "code": "KeyNotFound",
          "message": "Deleted Key not found: key1507363465"
        }
      }
    },
    {
      "RequestUri": "https://fakekvurl.vault.azure.net/deletedkeys/key1507363465?api-version=7.3-preview",
      "RequestMethod": "GET",
      "RequestHeaders": {
        ":authority": "localhost:5001",
        ":method": "GET",
        ":path": "/deletedkeys/key1507363465?api-version=7.3-preview",
        ":scheme": "https",
        "Accept": "application/json",
        "Accept-Encoding": "gzip",
        "Authorization": "Sanitized",
        "User-Agent": "azsdk-go-internal/v0.1.1 azsdk-go-azcore/v0.20.0 (go1.17; Windows_NT)"
      },
      "RequestBody": null,
      "StatusCode": 404,
      "ResponseHeaders": {
        "Cache-Control": "no-cache",
        "Content-Length": "81",
        "Content-Type": "application/json; charset=utf-8",
        "Date": "Wed, 17 Nov 2021 21:43:00 GMT",
        "Expires": "-1",
        "Pragma": "no-cache",
        "Strict-Transport-Security": "max-age=31536000;includeSubDomains",
        "X-Content-Type-Options": "nosniff",
        "x-ms-keyvault-network-info": "conn_type=Ipv4;addr=72.49.29.93;act_addr_fam=InterNetwork;",
        "x-ms-keyvault-region": "westus2",
        "x-ms-keyvault-service-version": "1.9.150.1",
        "x-ms-request-id": "2d62ea0a-85fe-4c01-a352-d8add6dc5d34",
        "X-Powered-By": "ASP.NET"
      },
      "ResponseBody": {
        "error": {
          "code": "KeyNotFound",
          "message": "Deleted Key not found: key1507363465"
        }
      }
    },
    {
      "RequestUri": "https://fakekvurl.vault.azure.net/deletedkeys/key1507363465?api-version=7.3-preview",
      "RequestMethod": "GET",
      "RequestHeaders": {
        ":authority": "localhost:5001",
        ":method": "GET",
        ":path": "/deletedkeys/key1507363465?api-version=7.3-preview",
        ":scheme": "https",
        "Accept": "application/json",
        "Accept-Encoding": "gzip",
        "Authorization": "Sanitized",
        "User-Agent": "azsdk-go-internal/v0.1.1 azsdk-go-azcore/v0.20.0 (go1.17; Windows_NT)"
      },
      "RequestBody": null,
      "StatusCode": 404,
      "ResponseHeaders": {
        "Cache-Control": "no-cache",
        "Content-Length": "81",
        "Content-Type": "application/json; charset=utf-8",
        "Date": "Wed, 17 Nov 2021 21:43:00 GMT",
        "Expires": "-1",
        "Pragma": "no-cache",
        "Strict-Transport-Security": "max-age=31536000;includeSubDomains",
        "X-Content-Type-Options": "nosniff",
        "x-ms-keyvault-network-info": "conn_type=Ipv4;addr=72.49.29.93;act_addr_fam=InterNetwork;",
        "x-ms-keyvault-region": "westus2",
        "x-ms-keyvault-service-version": "1.9.150.1",
        "x-ms-request-id": "ecf27044-4f04-4db3-b398-e9862a459186",
        "X-Powered-By": "ASP.NET"
      },
      "ResponseBody": {
        "error": {
          "code": "KeyNotFound",
          "message": "Deleted Key not found: key1507363465"
        }
      }
    },
    {
      "RequestUri": "https://fakekvurl.vault.azure.net/deletedkeys/key1507363465?api-version=7.3-preview",
      "RequestMethod": "GET",
      "RequestHeaders": {
        ":authority": "localhost:5001",
        ":method": "GET",
        ":path": "/deletedkeys/key1507363465?api-version=7.3-preview",
        ":scheme": "https",
        "Accept": "application/json",
        "Accept-Encoding": "gzip",
        "Authorization": "Sanitized",
        "User-Agent": "azsdk-go-internal/v0.1.1 azsdk-go-azcore/v0.20.0 (go1.17; Windows_NT)"
      },
      "RequestBody": null,
      "StatusCode": 404,
      "ResponseHeaders": {
        "Cache-Control": "no-cache",
        "Content-Length": "81",
        "Content-Type": "application/json; charset=utf-8",
        "Date": "Wed, 17 Nov 2021 21:43:01 GMT",
        "Expires": "-1",
        "Pragma": "no-cache",
        "Strict-Transport-Security": "max-age=31536000;includeSubDomains",
        "X-Content-Type-Options": "nosniff",
        "x-ms-keyvault-network-info": "conn_type=Ipv4;addr=72.49.29.93;act_addr_fam=InterNetwork;",
        "x-ms-keyvault-region": "westus2",
        "x-ms-keyvault-service-version": "1.9.150.1",
        "x-ms-request-id": "01a5bb9a-fc82-4015-8c98-38661718325b",
        "X-Powered-By": "ASP.NET"
      },
      "ResponseBody": {
        "error": {
          "code": "KeyNotFound",
          "message": "Deleted Key not found: key1507363465"
        }
      }
    },
    {
      "RequestUri": "https://fakekvurl.vault.azure.net/deletedkeys/key1507363465?api-version=7.3-preview",
      "RequestMethod": "GET",
      "RequestHeaders": {
        ":authority": "localhost:5001",
        ":method": "GET",
        ":path": "/deletedkeys/key1507363465?api-version=7.3-preview",
        ":scheme": "https",
        "Accept": "application/json",
        "Accept-Encoding": "gzip",
        "Authorization": "Sanitized",
        "User-Agent": "azsdk-go-internal/v0.1.1 azsdk-go-azcore/v0.20.0 (go1.17; Windows_NT)"
      },
      "RequestBody": null,
      "StatusCode": 404,
      "ResponseHeaders": {
        "Cache-Control": "no-cache",
        "Content-Length": "81",
        "Content-Type": "application/json; charset=utf-8",
        "Date": "Wed, 17 Nov 2021 21:43:01 GMT",
        "Expires": "-1",
        "Pragma": "no-cache",
        "Strict-Transport-Security": "max-age=31536000;includeSubDomains",
        "X-Content-Type-Options": "nosniff",
        "x-ms-keyvault-network-info": "conn_type=Ipv4;addr=72.49.29.93;act_addr_fam=InterNetwork;",
        "x-ms-keyvault-region": "westus2",
        "x-ms-keyvault-service-version": "1.9.150.1",
        "x-ms-request-id": "f824a50e-46a9-453a-8d79-dce405e5a31c",
        "X-Powered-By": "ASP.NET"
      },
      "ResponseBody": {
        "error": {
          "code": "KeyNotFound",
          "message": "Deleted Key not found: key1507363465"
        }
      }
    },
    {
      "RequestUri": "https://fakekvurl.vault.azure.net/deletedkeys/key1507363465?api-version=7.3-preview",
      "RequestMethod": "GET",
      "RequestHeaders": {
        ":authority": "localhost:5001",
        ":method": "GET",
        ":path": "/deletedkeys/key1507363465?api-version=7.3-preview",
        ":scheme": "https",
        "Accept": "application/json",
        "Accept-Encoding": "gzip",
        "Authorization": "Sanitized",
        "User-Agent": "azsdk-go-internal/v0.1.1 azsdk-go-azcore/v0.20.0 (go1.17; Windows_NT)"
      },
      "RequestBody": null,
      "StatusCode": 200,
      "ResponseHeaders": {
        "Cache-Control": "no-cache",
        "Content-Length": "819",
        "Content-Type": "application/json; charset=utf-8",
        "Date": "Wed, 17 Nov 2021 21:43:01 GMT",
        "Expires": "-1",
        "Pragma": "no-cache",
        "Strict-Transport-Security": "max-age=31536000;includeSubDomains",
        "X-Content-Type-Options": "nosniff",
        "x-ms-keyvault-network-info": "conn_type=Ipv4;addr=72.49.29.93;act_addr_fam=InterNetwork;",
        "x-ms-keyvault-region": "westus2",
        "x-ms-keyvault-service-version": "1.9.150.1",
        "x-ms-request-id": "727a52a9-824e-4fb5-86e2-24e8b872dde6",
        "X-Powered-By": "ASP.NET"
      },
      "ResponseBody": {
        "recoveryId": "https://fakekvurl.vault.azure.net/deletedkeys/key1507363465",
        "deletedDate": 1637185378,
        "scheduledPurgeDate": 1637790178,
        "key": {
          "kid": "https://fakekvurl.vault.azure.net/keys/key1507363465/695bb1337a224460bd55742ae3289748",
          "kty": "RSA",
          "key_ops": [
            "encrypt",
            "decrypt",
            "sign",
            "verify",
            "wrapKey",
            "unwrapKey"
          ],
          "n": "pfpZR4EC3_1PeYI4OTlc2rlr6JMRh4vhOBQbPYj5QnqZAixjC-_bfVyY5bp0Wb92Z3CIVc9sM1jqBq2AZz4eLzxB7VB9gxuOSEMiTvfRYJLz-D-CkyAicX9GxqtzzLrYJNvxmUJ8L2EK-dD9OlDvHMAH7405S05BR20-LjX55egLuLNIGwftsaNA0W-l-eHsYRM8aOd9ODwqTAIgyFPWqAsUv623AdnpC9erKIVugsjTfem5YC3rS6RRhDtXQysBEB7y4lViu__tLRi-4ky4bpXA0gWjcb7FZeXWgwmPEyuzVenKOtXr43A1VdouPzgRgeUurt0T9R8u2Wo593drsQ",
          "e": "AQAB"
        },
        "attributes": {
          "enabled": true,
          "created": 1637185377,
          "updated": 1637185377,
          "recoveryLevel": "CustomizedRecoverable\u002BPurgeable",
          "recoverableDays": 7
        }
      }
    },
    {
      "RequestUri": "https://fakekvurl.vault.azure.net/deletedkeys/key1507363465?api-version=7.3-preview",
      "RequestMethod": "DELETE",
      "RequestHeaders": {
        ":authority": "localhost:5001",
        ":method": "DELETE",
        ":path": "/deletedkeys/key1507363465?api-version=7.3-preview",
        ":scheme": "https",
        "Accept": "application/json",
        "Accept-Encoding": "gzip",
        "Authorization": "Sanitized",
        "User-Agent": "azsdk-go-internal/v0.1.1 azsdk-go-azcore/v0.20.0 (go1.17; Windows_NT)"
      },
      "RequestBody": null,
      "StatusCode": 204,
      "ResponseHeaders": {
        "Cache-Control": "no-cache",
        "Date": "Wed, 17 Nov 2021 21:43:02 GMT",
        "Expires": "-1",
        "Pragma": "no-cache",
        "Strict-Transport-Security": "max-age=31536000;includeSubDomains",
        "X-Content-Type-Options": "nosniff",
        "x-ms-keyvault-network-info": "conn_type=Ipv4;addr=72.49.29.93;act_addr_fam=InterNetwork;",
        "x-ms-keyvault-region": "westus2",
        "x-ms-keyvault-service-version": "1.9.150.1",
        "x-ms-request-id": "258e3bfd-7e20-45af-b48e-3abc1bd595e9",
        "X-Powered-By": "ASP.NET"
      },
      "ResponseBody": null
    }
  ],
  "Variables": {}
}
