---
version: 1
rwmutex: {}
interactions:
- request:
    body: ""
    form: {}
    headers:
      Authorization:
      - SharedKey golangrocksonazure:v6b9cZvdLNSrpjMUV4j19agcVTyjK5pWBQrGjY3YDdk=
      User-Agent:
      - Go/go1.8 (amd64-windows) azure-storage-go/0.1.0 api-version/2016-05-31 blob
      X-Ms-Date:
      - Wed, 05 Apr 2017 22:33:30 GMT
      X-Ms-Version:
      - 2016-05-31
    url: https://golangrocksonazure.blob.core.windows.net/cnt-31pageblobsuitetestputpagesc?restype=container
    method: PUT
  response:
    body: ""
    headers:
      Date:
      - Wed, 05 Apr 2017 22:33:30 GMT
      Etag:
      - '"0x8D47C73C94ED2CD"'
      Last-Modified:
      - Wed, 05 Apr 2017 22:33:30 GMT
      Server:
      - Windows-Azure-Blob/1.0 Microsoft-HTTPAPI/2.0
      X-Ms-Request-Id:
      - 5eac553b-0001-00d8-5f5c-aea568000000
      X-Ms-Version:
      - 2016-05-31
    status: 201 Created
    code: 201
- request:
    body: ""
    form: {}
    headers:
      Authorization:
      - SharedKey golangrocksonazure:G68RWsutirZihc1DgXPvSFNgbZ1t1WP4nj0Nv9s6vWE=
      User-Agent:
      - Go/go1.8 (amd64-windows) azure-storage-go/0.1.0 api-version/2016-05-31 blob
      X-Ms-Blob-Content-Length:
      - "10485760"
      X-Ms-Blob-Sequence-Number:
      - "0"
      X-Ms-Blob-Type:
      - PageBlob
      X-Ms-Date:
      - Wed, 05 Apr 2017 22:33:30 GMT
      X-Ms-Version:
      - 2016-05-31
    url: https://golangrocksonazure.blob.core.windows.net/cnt-31pageblobsuitetestputpagesc/blob/31pageblobsuitetestputpagesclear
    method: PUT
  response:
    body: ""
    headers:
      Date:
      - Wed, 05 Apr 2017 22:33:30 GMT
      Etag:
      - '"0x8D47C73C941A745"'
      Last-Modified:
      - Wed, 05 Apr 2017 22:33:30 GMT
      Server:
      - Windows-Azure-Blob/1.0 Microsoft-HTTPAPI/2.0
      X-Ms-Request-Id:
      - 5eac554d-0001-00d8-6e5c-aea568000000
      X-Ms-Request-Server-Encrypted:
      - "false"
      X-Ms-Version:
      - 2016-05-31
    status: 201 Created
    code: 201
- request:
    body: Lorem ipsum dolor sit amet, consectetur adipiscing elit. Integer feugiat
      eleifend scelerisque. Phasellus tempor turpis eget magna pretium, et finibus
      massa convallis. Donec eget lacinia nibh. Ut ut cursus odio. Quisque id justo
      interdum, maximus ex a, dapibus leo. Nullam mattis arcu nec justo vehicula pretium.
      Curabitur fermentum quam ac dolor venenatis, vitae scelerisque ex posuere. Donec
      ut ante porttitor, ultricies ante ac, pulvinar metus. Nunc suscipit elit gravida
      dolor facilisis sollicitudin. Fusce ac ultrices libero. Donec erat lectus, hendrerit
      volutpat nisl quis, porta accumsan nibh. Pellentesque hendrerit nisi id mi porttitor
      maximus. Phasellus vitae venenatis velit. Quisque id felis nec lacus iaculis
      porttitor. Maecenas egestas tortor et nulla dapibus varius. In hac habitasse
      platea dictumst.Lorem ipsum dolor sit amet, consectetur adipiscing elit. Integer
      feugiat eleifend scelerisque. Phasellus tempor turpis eget magna pretium, et
      finibus massa convallis. Donec eget lacinia nibh. Ut ut cursus odio. Quisque
      id justo interdum, maximus ex a, dapibus leo. Nullam mattis arcu nec justo vehicula
      pretium. Curabitur fermentum quam ac dolor venenatis, vitae scelerisque ex posuere.
      Donec ut ante porttitor, ultricies ante ac, pulvinar metus. Nunc suscipit elit
      gravida dolor facilisis sollicitudin. Fusce ac ultrices libero. Donec erat lectus,
      hendrerit volutpat nisl quis, porta accumsan nibh. Pellentesque hendrerit nisi
      id mi porttitor maximus. Phasellus vitae venenatis velit. Quisque id felis nec
      lacus iaculis porttitor. Maecenas egestas tortor et nulla dapibus varius. In
      hac habitasse platea dictumst.Lorem ipsum dolor sit amet, consectetur adipiscing
      elit. Integer feugiat eleifend scelerisque. Phasellus tempor turpis eget magna
      pretium, et finibus massa convallis. Donec eget lacinia nibh. Ut ut cursus odio.
      Quisque id justo interdum, maximus ex a, dapibus leo. Nullam mattis arcu nec
      justo vehicula pretium. Curabitur fermentum quam ac dolor venenatis, vitae scelerisque
      ex posuere. Donec ut ante porttitor, ultricie
    form: {}
    headers:
      Authorization:
      - SharedKey golangrocksonazure:5c/iAbGP+JdP6QAX48Eb0We9xR1KHqHUAfl3k7hbJjg=
      Content-Length:
      - "2048"
      User-Agent:
      - Go/go1.8 (amd64-windows) azure-storage-go/0.1.0 api-version/2016-05-31 blob
      X-Ms-Blob-Type:
      - PageBlob
      X-Ms-Date:
      - Wed, 05 Apr 2017 22:33:30 GMT
      X-Ms-Page-Write:
      - update
      X-Ms-Range:
      - bytes=0-2047
      X-Ms-Version:
      - 2016-05-31
    url: https://golangrocksonazure.blob.core.windows.net/cnt-31pageblobsuitetestputpagesc/blob/31pageblobsuitetestputpagesclear?comp=page
    method: PUT
  response:
    body: ""
    headers:
      Content-Md5:
      - 38PbAkkDLDPUjo6bIBbUzQ==
      Date:
      - Wed, 05 Apr 2017 22:33:30 GMT
      Etag:
      - '"0x8D47C73C94949C5"'
      Last-Modified:
      - Wed, 05 Apr 2017 22:33:30 GMT
      Server:
      - Windows-Azure-Blob/1.0 Microsoft-HTTPAPI/2.0
      X-Ms-Blob-Sequence-Number:
      - "0"
      X-Ms-Request-Id:
      - 5eac5565-0001-00d8-015c-aea568000000
      X-Ms-Request-Server-Encrypted:
      - "false"
      X-Ms-Version:
      - 2016-05-31
    status: 201 Created
    code: 201
- request:
    body: ""
    form: {}
    headers:
      Authorization:
      - SharedKey golangrocksonazure:57ni7xzY26eHlL8dkEzk5VltsLMqlnedJsYFu3uR4tM=
      Content-Length:
      - "0"
      User-Agent:
      - Go/go1.8 (amd64-windows) azure-storage-go/0.1.0 api-version/2016-05-31 blob
      X-Ms-Blob-Type:
      - PageBlob
      X-Ms-Date:
      - Wed, 05 Apr 2017 22:33:30 GMT
      X-Ms-Page-Write:
      - clear
      X-Ms-Range:
      - bytes=512-1023
      X-Ms-Version:
      - 2016-05-31
    url: https://golangrocksonazure.blob.core.windows.net/cnt-31pageblobsuitetestputpagesc/blob/31pageblobsuitetestputpagesclear?comp=page
    method: PUT
  response:
    body: ""
    headers:
      Date:
      - Wed, 05 Apr 2017 22:33:30 GMT
      Etag:
      - '"0x8D47C73C95076FC"'
      Last-Modified:
      - Wed, 05 Apr 2017 22:33:30 GMT
      Server:
      - Windows-Azure-Blob/1.0 Microsoft-HTTPAPI/2.0
      X-Ms-Blob-Sequence-Number:
      - "0"
      X-Ms-Request-Id:
      - 5eac5580-0001-00d8-185c-aea568000000
      X-Ms-Version:
      - 2016-05-31
    status: 201 Created
    code: 201
- request:
    body: ""
    form: {}
    headers:
      Authorization:
      - SharedKey golangrocksonazure:1icsn/ePcExLI6B40JdtbQ0U5XUL0jlt0C3+QpEpAcM=
      Range:
      - bytes=0-2047
      User-Agent:
      - Go/go1.8 (amd64-windows) azure-storage-go/0.1.0 api-version/2016-05-31 blob
      X-Ms-Date:
      - Wed, 05 Apr 2017 22:33:30 GMT
      X-Ms-Range-Get-Content-Md5:
      - "false"
      X-Ms-Version:
      - 2016-05-31
    url: https://golangrocksonazure.blob.core.windows.net/cnt-31pageblobsuitetestputpagesc/blob/31pageblobsuitetestputpagesclear
    method: GET
  response:
    body: "Lorem ipsum dolor sit amet, consectetur adipiscing elit. Integer feugiat
      eleifend scelerisque. Phasellus tempor turpis eget magna pretium, et finibus
      massa convallis. Donec eget lacinia nibh. Ut ut cursus odio. Quisque id justo
      interdum, maximus ex a, dapibus leo. Nullam mattis arcu nec justo vehicula pretium.
      Curabitur fermentum quam ac dolor venenatis, vitae scelerisque ex posuere. Donec
      ut ante porttitor, ultricies ante ac, pulvinar metus. Nunc suscipit elit gravida
      dolor facilisis sollicitudin. Fusce ac\0\0\0\0\0\0\0\0\0\0\0\0\0\0\0\0\0\0\0\0\0\0\0\0\0\0\0\0\0\0\0\0\0\0\0\0\0\0\0\0\0\0\0\0\0\0\0\0\0\0\0\0\0\0\0\0\0\0\0\0\0\0\0\0\0\0\0\0\0\0\0\0\0\0\0\0\0\0\0\0\0\0\0\0\0\0\0\0\0\0\0\0\0\0\0\0\0\0\0\0\0\0\0\0\0\0\0\0\0\0\0\0\0\0\0\0\0\0\0\0\0\0\0\0\0\0\0\0\0\0\0\0\0\0\0\0\0\0\0\0\0\0\0\0\0\0\0\0\0\0\0\0\0\0\0\0\0\0\0\0\0\0\0\0\0\0\0\0\0\0\0\0\0\0\0\0\0\0\0\0\0\0\0\0\0\0\0\0\0\0\0\0\0\0\0\0\0\0\0\0\0\0\0\0\0\0\0\0\0\0\0\0\0\0\0\0\0\0\0\0\0\0\0\0\0\0\0\0\0\0\0\0\0\0\0\0\0\0\0\0\0\0\0\0\0\0\0\0\0\0\0\0\0\0\0\0\0\0\0\0\0\0\0\0\0\0\0\0\0\0\0\0\0\0\0\0\0\0\0\0\0\0\0\0\0\0\0\0\0\0\0\0\0\0\0\0\0\0\0\0\0\0\0\0\0\0\0\0\0\0\0\0\0\0\0\0\0\0\0\0\0\0\0\0\0\0\0\0\0\0\0\0\0\0\0\0\0\0\0\0\0\0\0\0\0\0\0\0\0\0\0\0\0\0\0\0\0\0\0\0\0\0\0\0\0\0\0\0\0\0\0\0\0\0\0\0\0\0\0\0\0\0\0\0\0\0\0\0\0\0\0\0\0\0\0\0\0\0\0\0\0\0\0\0\0\0\0\0\0\0\0\0\0\0\0\0\0\0\0\0\0\0\0\0\0\0\0\0\0\0\0\0\0\0\0\0\0\0\0\0\0\0\0\0\0\0\0\0\0\0\0\0\0\0\0\0\0\0\0\0\0\0\0\0\0\0\0\0\0\0\0\0\0\0\0\0\0\0\0\0\0\0\0\0\0\0\0\0\0\0\0\0\0\0\0\0\0\0\0\0\0\0\0\0\0\0\0\0\0\0\0\0
      Quisque id justo interdum, maximus ex a, dapibus leo. Nullam mattis arcu nec
      justo vehicula pretium. Curabitur fermentum quam ac dolor venenatis, vitae scelerisque
      ex posuere. Donec ut ante porttitor, ultricies ante ac, pulvinar metus. Nunc
      suscipit elit gravida dolor facilisis sollicitudin. Fusce ac ultrices libero.
      Donec erat lectus, hendrerit volutpat nisl quis, porta accumsan nibh. Pellentesque
      hendrerit nisi id mi porttitor maximus. Phasellus vitae venenatis velit. Quisque
      id felis nec lacus iaculis porttitor. Maecenas egestas tortor et nulla dapibus
      varius. In hac habitasse platea dictumst.Lorem ipsum dolor sit amet, consectetur
      adipiscing elit. Integer feugiat eleifend scelerisque. Phasellus tempor turpis
      eget magna pretium, et finibus massa convallis. Donec eget lacinia nibh. Ut
      ut cursus odio. Quisque id justo interdum, maximus ex a, dapibus leo. Nullam
      mattis arcu nec justo vehicula pretium. Curabitur fermentum quam ac dolor venenatis,
      vitae scelerisque ex posuere. Donec ut ante porttitor, ultricie"
    headers:
      Accept-Ranges:
      - bytes
      Content-Length:
      - "2048"
      Content-Range:
      - bytes 0-2047/10485760
      Content-Type:
      - application/octet-stream
      Date:
      - Wed, 05 Apr 2017 22:33:30 GMT
      Etag:
      - '"0x8D47C73C95076FC"'
      Last-Modified:
      - Wed, 05 Apr 2017 22:33:30 GMT
      Server:
      - Windows-Azure-Blob/1.0 Microsoft-HTTPAPI/2.0
      X-Ms-Blob-Sequence-Number:
      - "0"
      X-Ms-Blob-Type:
      - PageBlob
      X-Ms-Lease-State:
      - available
      X-Ms-Lease-Status:
      - unlocked
      X-Ms-Request-Id:
      - 5eac5595-0001-00d8-295c-aea568000000
      X-Ms-Server-Encrypted:
      - "false"
      X-Ms-Version:
      - 2016-05-31
    status: 206 Partial Content
    code: 206
- request:
    body: ""
    form: {}
    headers:
      Authorization:
      - SharedKey golangrocksonazure:LMquHRjneFpwn2HH4pTupLVO8uKXVVfg6azk31Ayghg=
      User-Agent:
      - Go/go1.8 (amd64-windows) azure-storage-go/0.1.0 api-version/2016-05-31 blob
      X-Ms-Date:
      - Wed, 05 Apr 2017 22:33:31 GMT
      X-Ms-Version:
      - 2016-05-31
    url: https://golangrocksonazure.blob.core.windows.net/cnt-31pageblobsuitetestputpagesc?restype=container
    method: DELETE
  response:
    body: ""
    headers:
      Date:
      - Wed, 05 Apr 2017 22:33:30 GMT
      Server:
      - Windows-Azure-Blob/1.0 Microsoft-HTTPAPI/2.0
      X-Ms-Request-Id:
      - 5eac55a4-0001-00d8-365c-aea568000000
      X-Ms-Version:
      - 2016-05-31
    status: 202 Accepted
    code: 202
