{
  "Entries": [
    {
      "RequestUri": "https://fakeaccount.table.core.windows.net/Tables",
      "RequestMethod": "POST",
      "RequestHeaders": {
        ":authority": "localhost:5001",
        ":method": "POST",
        ":path": "/Tables",
        ":scheme": "https",
        "Accept": "application/json;odata=minimalmetadata",
        "Accept-Encoding": "gzip",
        "Authorization": "Sanitized",
        "Content-Length": "34",
        "Content-Type": "application/json",
        "dataserviceversion": "3.0",
        "User-Agent": "azsdk-go-aztables/v0.4.1 azsdk-go-azcore/v0.20.0 (go1.17; Windows_NT)",
        "x-ms-date": "Wed, 10 Nov 2021 21:52:06 GMT",
        "x-ms-version": "2019-02-02"
      },
      "RequestBody": {
        "TableName": "tableName950922974"
      },
      "StatusCode": 201,
      "ResponseHeaders": {
        "Cache-Control": "no-cache",
        "Content-Type": "application/json; odata=minimalmetadata; streaming=true; charset=utf-8",
        "Date": "Wed, 10 Nov 2021 21:52:06 GMT",
        "Location": "https://rosebudprim.table.core.windows.net/Tables(\u0027tableName950922974\u0027)",
        "Server": [
          "Windows-Azure-Table/1.0",
          "Microsoft-HTTPAPI/2.0"
        ],
        "Transfer-Encoding": "chunked",
        "X-Content-Type-Options": "nosniff",
        "x-ms-request-id": "6b4b2122-1002-0092-447d-d66ca3000000",
        "x-ms-version": "2019-02-02"
      },
      "ResponseBody": {
        "odata.metadata": "https://rosebudprim.table.core.windows.net/$metadata#Tables/@Element",
        "TableName": "tableName950922974"
      }
    },
    {
      "RequestUri": "https://fakeaccount.table.core.windows.net/tableName950922974",
      "RequestMethod": "POST",
      "RequestHeaders": {
        ":authority": "localhost:5001",
        ":method": "POST",
        ":path": "/tableName950922974",
        ":scheme": "https",
        "Accept": "application/json;odata=minimalmetadata",
        "Accept-Encoding": "gzip",
        "Authorization": "Sanitized",
        "Content-Length": "51",
        "Content-Type": "application/json",
        "dataserviceversion": "3.0",
        "prefer": "return-no-content",
        "User-Agent": "azsdk-go-aztables/v0.4.1 azsdk-go-azcore/v0.20.0 (go1.17; Windows_NT)",
        "x-ms-date": "Wed, 10 Nov 2021 21:52:06 GMT",
        "x-ms-version": "2019-02-02"
      },
      "RequestBody": {
        "PartitionKey": "contToken",
        "RowKey": "0",
        "Value": 1
      },
      "StatusCode": 204,
      "ResponseHeaders": {
        "Cache-Control": "no-cache",
        "Content-Length": "0",
        "DataServiceId": "https://rosebudprim.table.core.windows.net/tableName950922974(PartitionKey=\u0027contToken\u0027,RowKey=\u00270\u0027)",
        "Date": "Wed, 10 Nov 2021 21:52:06 GMT",
        "ETag": "W/\u0022datetime\u00272021-11-10T21%3A52%3A07.558928Z\u0027\u0022",
        "Location": "https://rosebudprim.table.core.windows.net/tableName950922974(PartitionKey=\u0027contToken\u0027,RowKey=\u00270\u0027)",
        "Preference-Applied": "return-no-content",
        "Server": [
          "Windows-Azure-Table/1.0",
          "Microsoft-HTTPAPI/2.0"
        ],
        "X-Content-Type-Options": "nosniff",
        "x-ms-request-id": "6b4b214a-1002-0092-677d-d66ca3000000",
        "x-ms-version": "2019-02-02"
      },
      "ResponseBody": null
    },
    {
      "RequestUri": "https://fakeaccount.table.core.windows.net/tableName950922974",
      "RequestMethod": "POST",
      "RequestHeaders": {
        ":authority": "localhost:5001",
        ":method": "POST",
        ":path": "/tableName950922974",
        ":scheme": "https",
        "Accept": "application/json;odata=minimalmetadata",
        "Accept-Encoding": "gzip",
        "Authorization": "Sanitized",
        "Content-Length": "51",
        "Content-Type": "application/json",
        "dataserviceversion": "3.0",
        "prefer": "return-no-content",
        "User-Agent": "azsdk-go-aztables/v0.4.1 azsdk-go-azcore/v0.20.0 (go1.17; Windows_NT)",
        "x-ms-date": "Wed, 10 Nov 2021 21:52:06 GMT",
        "x-ms-version": "2019-02-02"
      },
      "RequestBody": {
        "PartitionKey": "contToken",
        "RowKey": "1",
        "Value": 2
      },
      "StatusCode": 204,
      "ResponseHeaders": {
        "Cache-Control": "no-cache",
        "Content-Length": "0",
        "DataServiceId": "https://rosebudprim.table.core.windows.net/tableName950922974(PartitionKey=\u0027contToken\u0027,RowKey=\u00271\u0027)",
        "Date": "Wed, 10 Nov 2021 21:52:06 GMT",
        "ETag": "W/\u0022datetime\u00272021-11-10T21%3A52%3A07.6558727Z\u0027\u0022",
        "Location": "https://rosebudprim.table.core.windows.net/tableName950922974(PartitionKey=\u0027contToken\u0027,RowKey=\u00271\u0027)",
        "Preference-Applied": "return-no-content",
        "Server": [
          "Windows-Azure-Table/1.0",
          "Microsoft-HTTPAPI/2.0"
        ],
        "X-Content-Type-Options": "nosniff",
        "x-ms-request-id": "6b4b217f-1002-0092-1b7d-d66ca3000000",
        "x-ms-version": "2019-02-02"
      },
      "ResponseBody": null
    },
    {
      "RequestUri": "https://fakeaccount.table.core.windows.net/tableName950922974",
      "RequestMethod": "POST",
      "RequestHeaders": {
        ":authority": "localhost:5001",
        ":method": "POST",
        ":path": "/tableName950922974",
        ":scheme": "https",
        "Accept": "application/json;odata=minimalmetadata",
        "Accept-Encoding": "gzip",
        "Authorization": "Sanitized",
        "Content-Length": "51",
        "Content-Type": "application/json",
        "dataserviceversion": "3.0",
        "prefer": "return-no-content",
        "User-Agent": "azsdk-go-aztables/v0.4.1 azsdk-go-azcore/v0.20.0 (go1.17; Windows_NT)",
        "x-ms-date": "Wed, 10 Nov 2021 21:52:07 GMT",
        "x-ms-version": "2019-02-02"
      },
      "RequestBody": {
        "PartitionKey": "contToken",
        "RowKey": "2",
        "Value": 3
      },
      "StatusCode": 204,
      "ResponseHeaders": {
        "Cache-Control": "no-cache",
        "Content-Length": "0",
        "DataServiceId": "https://rosebudprim.table.core.windows.net/tableName950922974(PartitionKey=\u0027contToken\u0027,RowKey=\u00272\u0027)",
        "Date": "Wed, 10 Nov 2021 21:52:06 GMT",
        "ETag": "W/\u0022datetime\u00272021-11-10T21%3A52%3A07.7398261Z\u0027\u0022",
        "Location": "https://rosebudprim.table.core.windows.net/tableName950922974(PartitionKey=\u0027contToken\u0027,RowKey=\u00272\u0027)",
        "Preference-Applied": "return-no-content",
        "Server": [
          "Windows-Azure-Table/1.0",
          "Microsoft-HTTPAPI/2.0"
        ],
        "X-Content-Type-Options": "nosniff",
        "x-ms-request-id": "6b4b219e-1002-0092-387d-d66ca3000000",
        "x-ms-version": "2019-02-02"
      },
      "ResponseBody": null
    },
    {
      "RequestUri": "https://fakeaccount.table.core.windows.net/tableName950922974",
      "RequestMethod": "POST",
      "RequestHeaders": {
        ":authority": "localhost:5001",
        ":method": "POST",
        ":path": "/tableName950922974",
        ":scheme": "https",
        "Accept": "application/json;odata=minimalmetadata",
        "Accept-Encoding": "gzip",
        "Authorization": "Sanitized",
        "Content-Length": "51",
        "Content-Type": "application/json",
        "dataserviceversion": "3.0",
        "prefer": "return-no-content",
        "User-Agent": "azsdk-go-aztables/v0.4.1 azsdk-go-azcore/v0.20.0 (go1.17; Windows_NT)",
        "x-ms-date": "Wed, 10 Nov 2021 21:52:07 GMT",
        "x-ms-version": "2019-02-02"
      },
      "RequestBody": {
        "PartitionKey": "contToken",
        "RowKey": "3",
        "Value": 4
      },
      "StatusCode": 204,
      "ResponseHeaders": {
        "Cache-Control": "no-cache",
        "Content-Length": "0",
        "DataServiceId": "https://rosebudprim.table.core.windows.net/tableName950922974(PartitionKey=\u0027contToken\u0027,RowKey=\u00273\u0027)",
        "Date": "Wed, 10 Nov 2021 21:52:07 GMT",
        "ETag": "W/\u0022datetime\u00272021-11-10T21%3A52%3A07.8257765Z\u0027\u0022",
        "Location": "https://rosebudprim.table.core.windows.net/tableName950922974(PartitionKey=\u0027contToken\u0027,RowKey=\u00273\u0027)",
        "Preference-Applied": "return-no-content",
        "Server": [
          "Windows-Azure-Table/1.0",
          "Microsoft-HTTPAPI/2.0"
        ],
        "X-Content-Type-Options": "nosniff",
        "x-ms-request-id": "6b4b21bf-1002-0092-597d-d66ca3000000",
        "x-ms-version": "2019-02-02"
      },
      "ResponseBody": null
    },
    {
      "RequestUri": "https://fakeaccount.table.core.windows.net/tableName950922974",
      "RequestMethod": "POST",
      "RequestHeaders": {
        ":authority": "localhost:5001",
        ":method": "POST",
        ":path": "/tableName950922974",
        ":scheme": "https",
        "Accept": "application/json;odata=minimalmetadata",
        "Accept-Encoding": "gzip",
        "Authorization": "Sanitized",
        "Content-Length": "51",
        "Content-Type": "application/json",
        "dataserviceversion": "3.0",
        "prefer": "return-no-content",
        "User-Agent": "azsdk-go-aztables/v0.4.1 azsdk-go-azcore/v0.20.0 (go1.17; Windows_NT)",
        "x-ms-date": "Wed, 10 Nov 2021 21:52:07 GMT",
        "x-ms-version": "2019-02-02"
      },
      "RequestBody": {
        "PartitionKey": "contToken",
        "RowKey": "4",
        "Value": 5
      },
      "StatusCode": 204,
      "ResponseHeaders": {
        "Cache-Control": "no-cache",
        "Content-Length": "0",
        "DataServiceId": "https://rosebudprim.table.core.windows.net/tableName950922974(PartitionKey=\u0027contToken\u0027,RowKey=\u00274\u0027)",
        "Date": "Wed, 10 Nov 2021 21:52:07 GMT",
        "ETag": "W/\u0022datetime\u00272021-11-10T21%3A52%3A07.9107287Z\u0027\u0022",
        "Location": "https://rosebudprim.table.core.windows.net/tableName950922974(PartitionKey=\u0027contToken\u0027,RowKey=\u00274\u0027)",
        "Preference-Applied": "return-no-content",
        "Server": [
          "Windows-Azure-Table/1.0",
          "Microsoft-HTTPAPI/2.0"
        ],
        "X-Content-Type-Options": "nosniff",
        "x-ms-request-id": "6b4b21e3-1002-0092-7d7d-d66ca3000000",
        "x-ms-version": "2019-02-02"
      },
      "ResponseBody": null
    },
    {
      "RequestUri": "https://fakeaccount.table.core.windows.net/tableName950922974",
      "RequestMethod": "POST",
      "RequestHeaders": {
        ":authority": "localhost:5001",
        ":method": "POST",
        ":path": "/tableName950922974",
        ":scheme": "https",
        "Accept": "application/json;odata=minimalmetadata",
        "Accept-Encoding": "gzip",
        "Authorization": "Sanitized",
        "Content-Length": "51",
        "Content-Type": "application/json",
        "dataserviceversion": "3.0",
        "prefer": "return-no-content",
        "User-Agent": "azsdk-go-aztables/v0.4.1 azsdk-go-azcore/v0.20.0 (go1.17; Windows_NT)",
        "x-ms-date": "Wed, 10 Nov 2021 21:52:07 GMT",
        "x-ms-version": "2019-02-02"
      },
      "RequestBody": {
        "PartitionKey": "contToken",
        "RowKey": "5",
        "Value": 6
      },
      "StatusCode": 204,
      "ResponseHeaders": {
        "Cache-Control": "no-cache",
        "Content-Length": "0",
        "DataServiceId": "https://rosebudprim.table.core.windows.net/tableName950922974(PartitionKey=\u0027contToken\u0027,RowKey=\u00275\u0027)",
        "Date": "Wed, 10 Nov 2021 21:52:07 GMT",
        "ETag": "W/\u0022datetime\u00272021-11-10T21%3A52%3A08.0006783Z\u0027\u0022",
        "Location": "https://rosebudprim.table.core.windows.net/tableName950922974(PartitionKey=\u0027contToken\u0027,RowKey=\u00275\u0027)",
        "Preference-Applied": "return-no-content",
        "Server": [
          "Windows-Azure-Table/1.0",
          "Microsoft-HTTPAPI/2.0"
        ],
        "X-Content-Type-Options": "nosniff",
        "x-ms-request-id": "6b4b2207-1002-0092-217d-d66ca3000000",
        "x-ms-version": "2019-02-02"
      },
      "ResponseBody": null
    },
    {
      "RequestUri": "https://fakeaccount.table.core.windows.net/tableName950922974",
      "RequestMethod": "POST",
      "RequestHeaders": {
        ":authority": "localhost:5001",
        ":method": "POST",
        ":path": "/tableName950922974",
        ":scheme": "https",
        "Accept": "application/json;odata=minimalmetadata",
        "Accept-Encoding": "gzip",
        "Authorization": "Sanitized",
        "Content-Length": "51",
        "Content-Type": "application/json",
        "dataserviceversion": "3.0",
        "prefer": "return-no-content",
        "User-Agent": "azsdk-go-aztables/v0.4.1 azsdk-go-azcore/v0.20.0 (go1.17; Windows_NT)",
        "x-ms-date": "Wed, 10 Nov 2021 21:52:07 GMT",
        "x-ms-version": "2019-02-02"
      },
      "RequestBody": {
        "PartitionKey": "contToken",
        "RowKey": "6",
        "Value": 7
      },
      "StatusCode": 204,
      "ResponseHeaders": {
        "Cache-Control": "no-cache",
        "Content-Length": "0",
        "DataServiceId": "https://rosebudprim.table.core.windows.net/tableName950922974(PartitionKey=\u0027contToken\u0027,RowKey=\u00276\u0027)",
        "Date": "Wed, 10 Nov 2021 21:52:07 GMT",
        "ETag": "W/\u0022datetime\u00272021-11-10T21%3A52%3A08.0856292Z\u0027\u0022",
        "Location": "https://rosebudprim.table.core.windows.net/tableName950922974(PartitionKey=\u0027contToken\u0027,RowKey=\u00276\u0027)",
        "Preference-Applied": "return-no-content",
        "Server": [
          "Windows-Azure-Table/1.0",
          "Microsoft-HTTPAPI/2.0"
        ],
        "X-Content-Type-Options": "nosniff",
        "x-ms-request-id": "6b4b2237-1002-0092-517d-d66ca3000000",
        "x-ms-version": "2019-02-02"
      },
      "ResponseBody": null
    },
    {
      "RequestUri": "https://fakeaccount.table.core.windows.net/tableName950922974",
      "RequestMethod": "POST",
      "RequestHeaders": {
        ":authority": "localhost:5001",
        ":method": "POST",
        ":path": "/tableName950922974",
        ":scheme": "https",
        "Accept": "application/json;odata=minimalmetadata",
        "Accept-Encoding": "gzip",
        "Authorization": "Sanitized",
        "Content-Length": "51",
        "Content-Type": "application/json",
        "dataserviceversion": "3.0",
        "prefer": "return-no-content",
        "User-Agent": "azsdk-go-aztables/v0.4.1 azsdk-go-azcore/v0.20.0 (go1.17; Windows_NT)",
        "x-ms-date": "Wed, 10 Nov 2021 21:52:07 GMT",
        "x-ms-version": "2019-02-02"
      },
      "RequestBody": {
        "PartitionKey": "contToken",
        "RowKey": "7",
        "Value": 8
      },
      "StatusCode": 204,
      "ResponseHeaders": {
        "Cache-Control": "no-cache",
        "Content-Length": "0",
        "DataServiceId": "https://rosebudprim.table.core.windows.net/tableName950922974(PartitionKey=\u0027contToken\u0027,RowKey=\u00277\u0027)",
        "Date": "Wed, 10 Nov 2021 21:52:07 GMT",
        "ETag": "W/\u0022datetime\u00272021-11-10T21%3A52%3A08.1715808Z\u0027\u0022",
        "Location": "https://rosebudprim.table.core.windows.net/tableName950922974(PartitionKey=\u0027contToken\u0027,RowKey=\u00277\u0027)",
        "Preference-Applied": "return-no-content",
        "Server": [
          "Windows-Azure-Table/1.0",
          "Microsoft-HTTPAPI/2.0"
        ],
        "X-Content-Type-Options": "nosniff",
        "x-ms-request-id": "6b4b225c-1002-0092-767d-d66ca3000000",
        "x-ms-version": "2019-02-02"
      },
      "ResponseBody": null
    },
    {
      "RequestUri": "https://fakeaccount.table.core.windows.net/tableName950922974",
      "RequestMethod": "POST",
      "RequestHeaders": {
        ":authority": "localhost:5001",
        ":method": "POST",
        ":path": "/tableName950922974",
        ":scheme": "https",
        "Accept": "application/json;odata=minimalmetadata",
        "Accept-Encoding": "gzip",
        "Authorization": "Sanitized",
        "Content-Length": "51",
        "Content-Type": "application/json",
        "dataserviceversion": "3.0",
        "prefer": "return-no-content",
        "User-Agent": "azsdk-go-aztables/v0.4.1 azsdk-go-azcore/v0.20.0 (go1.17; Windows_NT)",
        "x-ms-date": "Wed, 10 Nov 2021 21:52:07 GMT",
        "x-ms-version": "2019-02-02"
      },
      "RequestBody": {
        "PartitionKey": "contToken",
        "RowKey": "8",
        "Value": 9
      },
      "StatusCode": 204,
      "ResponseHeaders": {
        "Cache-Control": "no-cache",
        "Content-Length": "0",
        "DataServiceId": "https://rosebudprim.table.core.windows.net/tableName950922974(PartitionKey=\u0027contToken\u0027,RowKey=\u00278\u0027)",
        "Date": "Wed, 10 Nov 2021 21:52:07 GMT",
        "ETag": "W/\u0022datetime\u00272021-11-10T21%3A52%3A08.2565328Z\u0027\u0022",
        "Location": "https://rosebudprim.table.core.windows.net/tableName950922974(PartitionKey=\u0027contToken\u0027,RowKey=\u00278\u0027)",
        "Preference-Applied": "return-no-content",
        "Server": [
          "Windows-Azure-Table/1.0",
          "Microsoft-HTTPAPI/2.0"
        ],
        "X-Content-Type-Options": "nosniff",
        "x-ms-request-id": "6b4b228b-1002-0092-247d-d66ca3000000",
        "x-ms-version": "2019-02-02"
      },
      "ResponseBody": null
    },
    {
      "RequestUri": "https://fakeaccount.table.core.windows.net/tableName950922974",
      "RequestMethod": "POST",
      "RequestHeaders": {
        ":authority": "localhost:5001",
        ":method": "POST",
        ":path": "/tableName950922974",
        ":scheme": "https",
        "Accept": "application/json;odata=minimalmetadata",
        "Accept-Encoding": "gzip",
        "Authorization": "Sanitized",
        "Content-Length": "52",
        "Content-Type": "application/json",
        "dataserviceversion": "3.0",
        "prefer": "return-no-content",
        "User-Agent": "azsdk-go-aztables/v0.4.1 azsdk-go-azcore/v0.20.0 (go1.17; Windows_NT)",
        "x-ms-date": "Wed, 10 Nov 2021 21:52:07 GMT",
        "x-ms-version": "2019-02-02"
      },
      "RequestBody": {
        "PartitionKey": "contToken",
        "RowKey": "9",
        "Value": 10
      },
      "StatusCode": 204,
      "ResponseHeaders": {
        "Cache-Control": "no-cache",
        "Content-Length": "0",
        "DataServiceId": "https://rosebudprim.table.core.windows.net/tableName950922974(PartitionKey=\u0027contToken\u0027,RowKey=\u00279\u0027)",
        "Date": "Wed, 10 Nov 2021 21:52:07 GMT",
        "ETag": "W/\u0022datetime\u00272021-11-10T21%3A52%3A08.3414854Z\u0027\u0022",
        "Location": "https://rosebudprim.table.core.windows.net/tableName950922974(PartitionKey=\u0027contToken\u0027,RowKey=\u00279\u0027)",
        "Preference-Applied": "return-no-content",
        "Server": [
          "Windows-Azure-Table/1.0",
          "Microsoft-HTTPAPI/2.0"
        ],
        "X-Content-Type-Options": "nosniff",
        "x-ms-request-id": "6b4b22b4-1002-0092-4c7d-d66ca3000000",
        "x-ms-version": "2019-02-02"
      },
      "ResponseBody": null
    },
    {
      "RequestUri": "https://fakeaccount.table.core.windows.net/tableName950922974()?%24filter=Value\u002Ble\u002B5\u0026%24format=application%2Fjson%3Bodata%3Dminimalmetadata\u0026%24top=1",
      "RequestMethod": "GET",
      "RequestHeaders": {
        ":authority": "localhost:5001",
        ":method": "GET",
        ":path": "/tableName950922974()?%24filter=Value\u002Ble\u002B5\u0026%24format=application%2Fjson%3Bodata%3Dminimalmetadata\u0026%24top=1",
        ":scheme": "https",
        "Accept": "application/json;odata=minimalmetadata",
        "Accept-Encoding": "gzip",
        "Authorization": "Sanitized",
        "dataserviceversion": "3.0",
        "User-Agent": "azsdk-go-aztables/v0.4.1 azsdk-go-azcore/v0.20.0 (go1.17; Windows_NT)",
        "x-ms-date": "Wed, 10 Nov 2021 21:52:07 GMT",
        "x-ms-version": "2019-02-02"
      },
      "RequestBody": null,
      "StatusCode": 200,
      "ResponseHeaders": {
        "Cache-Control": "no-cache",
        "Content-Type": "application/json; odata=minimalmetadata; streaming=true; charset=utf-8",
        "Date": "Wed, 10 Nov 2021 21:52:07 GMT",
        "Server": [
          "Windows-Azure-Table/1.0",
          "Microsoft-HTTPAPI/2.0"
        ],
        "Transfer-Encoding": "chunked",
        "X-Content-Type-Options": "nosniff",
        "x-ms-continuation-NextPartitionKey": "1!12!Y29udFRva2Vu",
        "x-ms-continuation-NextRowKey": "1!4!MQ--",
        "x-ms-request-id": "6b4b22dc-1002-0092-737d-d66ca3000000",
        "x-ms-version": "2019-02-02"
      },
      "ResponseBody": {
        "odata.metadata": "https://rosebudprim.table.core.windows.net/$metadata#tableName950922974",
        "value": [
          {
            "odata.etag": "W/\u0022datetime\u00272021-11-10T21%3A52%3A07.558928Z\u0027\u0022",
            "PartitionKey": "contToken",
            "RowKey": "0",
            "Timestamp": "2021-11-10T21:52:07.558928Z",
            "Value": 1
          }
        ]
      }
    },
    {
      "RequestUri": "https://fakeaccount.table.core.windows.net/tableName950922974()?%24format=application%2Fjson%3Bodata%3Dminimalmetadata\u0026%24top=1",
      "RequestMethod": "GET",
      "RequestHeaders": {
        ":authority": "localhost:5001",
        ":method": "GET",
        ":path": "/tableName950922974()?%24format=application%2Fjson%3Bodata%3Dminimalmetadata\u0026%24top=1",
        ":scheme": "https",
        "Accept": "application/json;odata=minimalmetadata",
        "Accept-Encoding": "gzip",
        "Authorization": "Sanitized",
        "dataserviceversion": "3.0",
        "User-Agent": "azsdk-go-aztables/v0.4.1 azsdk-go-azcore/v0.20.0 (go1.17; Windows_NT)",
        "x-ms-date": "Wed, 10 Nov 2021 21:52:07 GMT",
        "x-ms-version": "2019-02-02"
      },
      "RequestBody": null,
      "StatusCode": 200,
      "ResponseHeaders": {
        "Cache-Control": "no-cache",
        "Content-Type": "application/json; odata=minimalmetadata; streaming=true; charset=utf-8",
        "Date": "Wed, 10 Nov 2021 21:52:07 GMT",
        "Server": [
          "Windows-Azure-Table/1.0",
          "Microsoft-HTTPAPI/2.0"
        ],
        "Transfer-Encoding": "chunked",
        "X-Content-Type-Options": "nosniff",
        "x-ms-continuation-NextPartitionKey": "1!12!Y29udFRva2Vu",
        "x-ms-continuation-NextRowKey": "1!4!MQ--",
        "x-ms-request-id": "6b4b2306-1002-0092-1c7d-d66ca3000000",
        "x-ms-version": "2019-02-02"
      },
      "ResponseBody": {
        "odata.metadata": "https://rosebudprim.table.core.windows.net/$metadata#tableName950922974",
        "value": [
          {
            "odata.etag": "W/\u0022datetime\u00272021-11-10T21%3A52%3A07.558928Z\u0027\u0022",
            "PartitionKey": "contToken",
            "RowKey": "0",
            "Timestamp": "2021-11-10T21:52:07.558928Z",
            "Value": 1
          }
        ]
      }
    },
    {
      "RequestUri": "https://fakeaccount.table.core.windows.net/tableName950922974()?%24format=application%2Fjson%3Bodata%3Dminimalmetadata\u0026%24top=1\u0026NextPartitionKey=1%2112%21Y29udFRva2Vu\u0026NextRowKey=1%214%21MQ--",
      "RequestMethod": "GET",
      "RequestHeaders": {
        ":authority": "localhost:5001",
        ":method": "GET",
        ":path": "/tableName950922974()?%24format=application%2Fjson%3Bodata%3Dminimalmetadata\u0026%24top=1\u0026NextPartitionKey=1%2112%21Y29udFRva2Vu\u0026NextRowKey=1%214%21MQ--",
        ":scheme": "https",
        "Accept": "application/json;odata=minimalmetadata",
        "Accept-Encoding": "gzip",
        "Authorization": "Sanitized",
        "dataserviceversion": "3.0",
        "User-Agent": "azsdk-go-aztables/v0.4.1 azsdk-go-azcore/v0.20.0 (go1.17; Windows_NT)",
        "x-ms-date": "Wed, 10 Nov 2021 21:52:07 GMT",
        "x-ms-version": "2019-02-02"
      },
      "RequestBody": null,
      "StatusCode": 200,
      "ResponseHeaders": {
        "Cache-Control": "no-cache",
        "Content-Type": "application/json; odata=minimalmetadata; streaming=true; charset=utf-8",
        "Date": "Wed, 10 Nov 2021 21:52:07 GMT",
        "Server": [
          "Windows-Azure-Table/1.0",
          "Microsoft-HTTPAPI/2.0"
        ],
        "Transfer-Encoding": "chunked",
        "X-Content-Type-Options": "nosniff",
        "x-ms-continuation-NextPartitionKey": "1!12!Y29udFRva2Vu",
        "x-ms-continuation-NextRowKey": "1!4!Mg--",
        "x-ms-request-id": "6b4b2327-1002-0092-3d7d-d66ca3000000",
        "x-ms-version": "2019-02-02"
      },
      "ResponseBody": {
        "odata.metadata": "https://rosebudprim.table.core.windows.net/$metadata#tableName950922974",
        "value": [
          {
            "odata.etag": "W/\u0022datetime\u00272021-11-10T21%3A52%3A07.6558727Z\u0027\u0022",
            "PartitionKey": "contToken",
            "RowKey": "1",
            "Timestamp": "2021-11-10T21:52:07.6558727Z",
            "Value": 2
          }
        ]
      }
    },
    {
      "RequestUri": "https://fakeaccount.table.core.windows.net/tableName950922974()?%24format=application%2Fjson%3Bodata%3Dminimalmetadata\u0026%24top=1\u0026NextPartitionKey=1%2112%21Y29udFRva2Vu\u0026NextRowKey=1%214%21Mg--",
      "RequestMethod": "GET",
      "RequestHeaders": {
        ":authority": "localhost:5001",
        ":method": "GET",
        ":path": "/tableName950922974()?%24format=application%2Fjson%3Bodata%3Dminimalmetadata\u0026%24top=1\u0026NextPartitionKey=1%2112%21Y29udFRva2Vu\u0026NextRowKey=1%214%21Mg--",
        ":scheme": "https",
        "Accept": "application/json;odata=minimalmetadata",
        "Accept-Encoding": "gzip",
        "Authorization": "Sanitized",
        "dataserviceversion": "3.0",
        "User-Agent": "azsdk-go-aztables/v0.4.1 azsdk-go-azcore/v0.20.0 (go1.17; Windows_NT)",
        "x-ms-date": "Wed, 10 Nov 2021 21:52:08 GMT",
        "x-ms-version": "2019-02-02"
      },
      "RequestBody": null,
      "StatusCode": 200,
      "ResponseHeaders": {
        "Cache-Control": "no-cache",
        "Content-Type": "application/json; odata=minimalmetadata; streaming=true; charset=utf-8",
        "Date": "Wed, 10 Nov 2021 21:52:07 GMT",
        "Server": [
          "Windows-Azure-Table/1.0",
          "Microsoft-HTTPAPI/2.0"
        ],
        "Transfer-Encoding": "chunked",
        "X-Content-Type-Options": "nosniff",
        "x-ms-continuation-NextPartitionKey": "1!12!Y29udFRva2Vu",
        "x-ms-continuation-NextRowKey": "1!4!Mw--",
        "x-ms-request-id": "6b4b234e-1002-0092-627d-d66ca3000000",
        "x-ms-version": "2019-02-02"
      },
      "ResponseBody": {
        "odata.metadata": "https://rosebudprim.table.core.windows.net/$metadata#tableName950922974",
        "value": [
          {
            "odata.etag": "W/\u0022datetime\u00272021-11-10T21%3A52%3A07.7398261Z\u0027\u0022",
            "PartitionKey": "contToken",
            "RowKey": "2",
            "Timestamp": "2021-11-10T21:52:07.7398261Z",
            "Value": 3
          }
        ]
      }
    },
    {
      "RequestUri": "https://fakeaccount.table.core.windows.net/tableName950922974()?%24format=application%2Fjson%3Bodata%3Dminimalmetadata\u0026%24top=1\u0026NextPartitionKey=1%2112%21Y29udFRva2Vu\u0026NextRowKey=1%214%21Mw--",
      "RequestMethod": "GET",
      "RequestHeaders": {
        ":authority": "localhost:5001",
        ":method": "GET",
        ":path": "/tableName950922974()?%24format=application%2Fjson%3Bodata%3Dminimalmetadata\u0026%24top=1\u0026NextPartitionKey=1%2112%21Y29udFRva2Vu\u0026NextRowKey=1%214%21Mw--",
        ":scheme": "https",
        "Accept": "application/json;odata=minimalmetadata",
        "Accept-Encoding": "gzip",
        "Authorization": "Sanitized",
        "dataserviceversion": "3.0",
        "User-Agent": "azsdk-go-aztables/v0.4.1 azsdk-go-azcore/v0.20.0 (go1.17; Windows_NT)",
        "x-ms-date": "Wed, 10 Nov 2021 21:52:08 GMT",
        "x-ms-version": "2019-02-02"
      },
      "RequestBody": null,
      "StatusCode": 200,
      "ResponseHeaders": {
        "Cache-Control": "no-cache",
        "Content-Type": "application/json; odata=minimalmetadata; streaming=true; charset=utf-8",
        "Date": "Wed, 10 Nov 2021 21:52:08 GMT",
        "Server": [
          "Windows-Azure-Table/1.0",
          "Microsoft-HTTPAPI/2.0"
        ],
        "Transfer-Encoding": "chunked",
        "X-Content-Type-Options": "nosniff",
        "x-ms-continuation-NextPartitionKey": "1!12!Y29udFRva2Vu",
        "x-ms-continuation-NextRowKey": "1!4!NA--",
        "x-ms-request-id": "6b4b2373-1002-0092-057d-d66ca3000000",
        "x-ms-version": "2019-02-02"
      },
      "ResponseBody": {
        "odata.metadata": "https://rosebudprim.table.core.windows.net/$metadata#tableName950922974",
        "value": [
          {
            "odata.etag": "W/\u0022datetime\u00272021-11-10T21%3A52%3A07.8257765Z\u0027\u0022",
            "PartitionKey": "contToken",
            "RowKey": "3",
            "Timestamp": "2021-11-10T21:52:07.8257765Z",
            "Value": 4
          }
        ]
      }
    },
    {
      "RequestUri": "https://fakeaccount.table.core.windows.net/tableName950922974()?%24format=application%2Fjson%3Bodata%3Dminimalmetadata\u0026%24top=1\u0026NextPartitionKey=1%2112%21Y29udFRva2Vu\u0026NextRowKey=1%214%21NA--",
      "RequestMethod": "GET",
      "RequestHeaders": {
        ":authority": "localhost:5001",
        ":method": "GET",
        ":path": "/tableName950922974()?%24format=application%2Fjson%3Bodata%3Dminimalmetadata\u0026%24top=1\u0026NextPartitionKey=1%2112%21Y29udFRva2Vu\u0026NextRowKey=1%214%21NA--",
        ":scheme": "https",
        "Accept": "application/json;odata=minimalmetadata",
        "Accept-Encoding": "gzip",
        "Authorization": "Sanitized",
        "dataserviceversion": "3.0",
        "User-Agent": "azsdk-go-aztables/v0.4.1 azsdk-go-azcore/v0.20.0 (go1.17; Windows_NT)",
        "x-ms-date": "Wed, 10 Nov 2021 21:52:08 GMT",
        "x-ms-version": "2019-02-02"
      },
      "RequestBody": null,
      "StatusCode": 200,
      "ResponseHeaders": {
        "Cache-Control": "no-cache",
        "Content-Type": "application/json; odata=minimalmetadata; streaming=true; charset=utf-8",
        "Date": "Wed, 10 Nov 2021 21:52:08 GMT",
        "Server": [
          "Windows-Azure-Table/1.0",
          "Microsoft-HTTPAPI/2.0"
        ],
        "Transfer-Encoding": "chunked",
        "X-Content-Type-Options": "nosniff",
        "x-ms-continuation-NextPartitionKey": "1!12!Y29udFRva2Vu",
        "x-ms-continuation-NextRowKey": "1!4!NQ--",
        "x-ms-request-id": "6b4b2398-1002-0092-2a7d-d66ca3000000",
        "x-ms-version": "2019-02-02"
      },
      "ResponseBody": {
        "odata.metadata": "https://rosebudprim.table.core.windows.net/$metadata#tableName950922974",
        "value": [
          {
            "odata.etag": "W/\u0022datetime\u00272021-11-10T21%3A52%3A07.9107287Z\u0027\u0022",
            "PartitionKey": "contToken",
            "RowKey": "4",
            "Timestamp": "2021-11-10T21:52:07.9107287Z",
            "Value": 5
          }
        ]
      }
    },
    {
      "RequestUri": "https://fakeaccount.table.core.windows.net/tableName950922974()?%24format=application%2Fjson%3Bodata%3Dminimalmetadata\u0026%24top=1\u0026NextPartitionKey=1%2112%21Y29udFRva2Vu\u0026NextRowKey=1%214%21NQ--",
      "RequestMethod": "GET",
      "RequestHeaders": {
        ":authority": "localhost:5001",
        ":method": "GET",
        ":path": "/tableName950922974()?%24format=application%2Fjson%3Bodata%3Dminimalmetadata\u0026%24top=1\u0026NextPartitionKey=1%2112%21Y29udFRva2Vu\u0026NextRowKey=1%214%21NQ--",
        ":scheme": "https",
        "Accept": "application/json;odata=minimalmetadata",
        "Accept-Encoding": "gzip",
        "Authorization": "Sanitized",
        "dataserviceversion": "3.0",
        "User-Agent": "azsdk-go-aztables/v0.4.1 azsdk-go-azcore/v0.20.0 (go1.17; Windows_NT)",
        "x-ms-date": "Wed, 10 Nov 2021 21:52:08 GMT",
        "x-ms-version": "2019-02-02"
      },
      "RequestBody": null,
      "StatusCode": 200,
      "ResponseHeaders": {
        "Cache-Control": "no-cache",
        "Content-Type": "application/json; odata=minimalmetadata; streaming=true; charset=utf-8",
        "Date": "Wed, 10 Nov 2021 21:52:08 GMT",
        "Server": [
          "Windows-Azure-Table/1.0",
          "Microsoft-HTTPAPI/2.0"
        ],
        "Transfer-Encoding": "chunked",
        "X-Content-Type-Options": "nosniff",
        "x-ms-continuation-NextPartitionKey": "1!12!Y29udFRva2Vu",
        "x-ms-continuation-NextRowKey": "1!4!Ng--",
        "x-ms-request-id": "6b4b23aa-1002-0092-3c7d-d66ca3000000",
        "x-ms-version": "2019-02-02"
      },
      "ResponseBody": {
        "odata.metadata": "https://rosebudprim.table.core.windows.net/$metadata#tableName950922974",
        "value": [
          {
            "odata.etag": "W/\u0022datetime\u00272021-11-10T21%3A52%3A08.0006783Z\u0027\u0022",
            "PartitionKey": "contToken",
            "RowKey": "5",
            "Timestamp": "2021-11-10T21:52:08.0006783Z",
            "Value": 6
          }
        ]
      }
    },
    {
      "RequestUri": "https://fakeaccount.table.core.windows.net/tableName950922974()?%24format=application%2Fjson%3Bodata%3Dminimalmetadata\u0026%24top=1\u0026NextPartitionKey=1%2112%21Y29udFRva2Vu\u0026NextRowKey=1%214%21Ng--",
      "RequestMethod": "GET",
      "RequestHeaders": {
        ":authority": "localhost:5001",
        ":method": "GET",
        ":path": "/tableName950922974()?%24format=application%2Fjson%3Bodata%3Dminimalmetadata\u0026%24top=1\u0026NextPartitionKey=1%2112%21Y29udFRva2Vu\u0026NextRowKey=1%214%21Ng--",
        ":scheme": "https",
        "Accept": "application/json;odata=minimalmetadata",
        "Accept-Encoding": "gzip",
        "Authorization": "Sanitized",
        "dataserviceversion": "3.0",
        "User-Agent": "azsdk-go-aztables/v0.4.1 azsdk-go-azcore/v0.20.0 (go1.17; Windows_NT)",
        "x-ms-date": "Wed, 10 Nov 2021 21:52:08 GMT",
        "x-ms-version": "2019-02-02"
      },
      "RequestBody": null,
      "StatusCode": 200,
      "ResponseHeaders": {
        "Cache-Control": "no-cache",
        "Content-Type": "application/json; odata=minimalmetadata; streaming=true; charset=utf-8",
        "Date": "Wed, 10 Nov 2021 21:52:08 GMT",
        "Server": [
          "Windows-Azure-Table/1.0",
          "Microsoft-HTTPAPI/2.0"
        ],
        "Transfer-Encoding": "chunked",
        "X-Content-Type-Options": "nosniff",
        "x-ms-continuation-NextPartitionKey": "1!12!Y29udFRva2Vu",
        "x-ms-continuation-NextRowKey": "1!4!Nw--",
        "x-ms-request-id": "6b4b23c9-1002-0092-5b7d-d66ca3000000",
        "x-ms-version": "2019-02-02"
      },
      "ResponseBody": {
        "odata.metadata": "https://rosebudprim.table.core.windows.net/$metadata#tableName950922974",
        "value": [
          {
            "odata.etag": "W/\u0022datetime\u00272021-11-10T21%3A52%3A08.0856292Z\u0027\u0022",
            "PartitionKey": "contToken",
            "RowKey": "6",
            "Timestamp": "2021-11-10T21:52:08.0856292Z",
            "Value": 7
          }
        ]
      }
    },
    {
      "RequestUri": "https://fakeaccount.table.core.windows.net/tableName950922974()?%24format=application%2Fjson%3Bodata%3Dminimalmetadata\u0026%24top=1\u0026NextPartitionKey=1%2112%21Y29udFRva2Vu\u0026NextRowKey=1%214%21Nw--",
      "RequestMethod": "GET",
      "RequestHeaders": {
        ":authority": "localhost:5001",
        ":method": "GET",
        ":path": "/tableName950922974()?%24format=application%2Fjson%3Bodata%3Dminimalmetadata\u0026%24top=1\u0026NextPartitionKey=1%2112%21Y29udFRva2Vu\u0026NextRowKey=1%214%21Nw--",
        ":scheme": "https",
        "Accept": "application/json;odata=minimalmetadata",
        "Accept-Encoding": "gzip",
        "Authorization": "Sanitized",
        "dataserviceversion": "3.0",
        "User-Agent": "azsdk-go-aztables/v0.4.1 azsdk-go-azcore/v0.20.0 (go1.17; Windows_NT)",
        "x-ms-date": "Wed, 10 Nov 2021 21:52:08 GMT",
        "x-ms-version": "2019-02-02"
      },
      "RequestBody": null,
      "StatusCode": 200,
      "ResponseHeaders": {
        "Cache-Control": "no-cache",
        "Content-Type": "application/json; odata=minimalmetadata; streaming=true; charset=utf-8",
        "Date": "Wed, 10 Nov 2021 21:52:08 GMT",
        "Server": [
          "Windows-Azure-Table/1.0",
          "Microsoft-HTTPAPI/2.0"
        ],
        "Transfer-Encoding": "chunked",
        "X-Content-Type-Options": "nosniff",
        "x-ms-continuation-NextPartitionKey": "1!12!Y29udFRva2Vu",
        "x-ms-continuation-NextRowKey": "1!4!OA--",
        "x-ms-request-id": "6b4b23ec-1002-0092-7d7d-d66ca3000000",
        "x-ms-version": "2019-02-02"
      },
      "ResponseBody": {
        "odata.metadata": "https://rosebudprim.table.core.windows.net/$metadata#tableName950922974",
        "value": [
          {
            "odata.etag": "W/\u0022datetime\u00272021-11-10T21%3A52%3A08.1715808Z\u0027\u0022",
            "PartitionKey": "contToken",
            "RowKey": "7",
            "Timestamp": "2021-11-10T21:52:08.1715808Z",
            "Value": 8
          }
        ]
      }
    },
    {
      "RequestUri": "https://fakeaccount.table.core.windows.net/tableName950922974()?%24format=application%2Fjson%3Bodata%3Dminimalmetadata\u0026%24top=1\u0026NextPartitionKey=1%2112%21Y29udFRva2Vu\u0026NextRowKey=1%214%21OA--",
      "RequestMethod": "GET",
      "RequestHeaders": {
        ":authority": "localhost:5001",
        ":method": "GET",
        ":path": "/tableName950922974()?%24format=application%2Fjson%3Bodata%3Dminimalmetadata\u0026%24top=1\u0026NextPartitionKey=1%2112%21Y29udFRva2Vu\u0026NextRowKey=1%214%21OA--",
        ":scheme": "https",
        "Accept": "application/json;odata=minimalmetadata",
        "Accept-Encoding": "gzip",
        "Authorization": "Sanitized",
        "dataserviceversion": "3.0",
        "User-Agent": "azsdk-go-aztables/v0.4.1 azsdk-go-azcore/v0.20.0 (go1.17; Windows_NT)",
        "x-ms-date": "Wed, 10 Nov 2021 21:52:08 GMT",
        "x-ms-version": "2019-02-02"
      },
      "RequestBody": null,
      "StatusCode": 200,
      "ResponseHeaders": {
        "Cache-Control": "no-cache",
        "Content-Type": "application/json; odata=minimalmetadata; streaming=true; charset=utf-8",
        "Date": "Wed, 10 Nov 2021 21:52:08 GMT",
        "Server": [
          "Windows-Azure-Table/1.0",
          "Microsoft-HTTPAPI/2.0"
        ],
        "Transfer-Encoding": "chunked",
        "X-Content-Type-Options": "nosniff",
        "x-ms-continuation-NextPartitionKey": "1!12!Y29udFRva2Vu",
        "x-ms-continuation-NextRowKey": "1!4!OQ--",
        "x-ms-request-id": "6b4b2405-1002-0092-167d-d66ca3000000",
        "x-ms-version": "2019-02-02"
      },
      "ResponseBody": {
        "odata.metadata": "https://rosebudprim.table.core.windows.net/$metadata#tableName950922974",
        "value": [
          {
            "odata.etag": "W/\u0022datetime\u00272021-11-10T21%3A52%3A08.2565328Z\u0027\u0022",
            "PartitionKey": "contToken",
            "RowKey": "8",
            "Timestamp": "2021-11-10T21:52:08.2565328Z",
            "Value": 9
          }
        ]
      }
    },
    {
      "RequestUri": "https://fakeaccount.table.core.windows.net/tableName950922974()?%24format=application%2Fjson%3Bodata%3Dminimalmetadata\u0026%24top=1\u0026NextPartitionKey=1%2112%21Y29udFRva2Vu\u0026NextRowKey=1%214%21OQ--",
      "RequestMethod": "GET",
      "RequestHeaders": {
        ":authority": "localhost:5001",
        ":method": "GET",
        ":path": "/tableName950922974()?%24format=application%2Fjson%3Bodata%3Dminimalmetadata\u0026%24top=1\u0026NextPartitionKey=1%2112%21Y29udFRva2Vu\u0026NextRowKey=1%214%21OQ--",
        ":scheme": "https",
        "Accept": "application/json;odata=minimalmetadata",
        "Accept-Encoding": "gzip",
        "Authorization": "Sanitized",
        "dataserviceversion": "3.0",
        "User-Agent": "azsdk-go-aztables/v0.4.1 azsdk-go-azcore/v0.20.0 (go1.17; Windows_NT)",
        "x-ms-date": "Wed, 10 Nov 2021 21:52:08 GMT",
        "x-ms-version": "2019-02-02"
      },
      "RequestBody": null,
      "StatusCode": 200,
      "ResponseHeaders": {
        "Cache-Control": "no-cache",
        "Content-Type": "application/json; odata=minimalmetadata; streaming=true; charset=utf-8",
        "Date": "Wed, 10 Nov 2021 21:52:08 GMT",
        "Server": [
          "Windows-Azure-Table/1.0",
          "Microsoft-HTTPAPI/2.0"
        ],
        "Transfer-Encoding": "chunked",
        "X-Content-Type-Options": "nosniff",
        "x-ms-request-id": "6b4b2423-1002-0092-337d-d66ca3000000",
        "x-ms-version": "2019-02-02"
      },
      "ResponseBody": {
        "odata.metadata": "https://rosebudprim.table.core.windows.net/$metadata#tableName950922974",
        "value": [
          {
            "odata.etag": "W/\u0022datetime\u00272021-11-10T21%3A52%3A08.3414854Z\u0027\u0022",
            "PartitionKey": "contToken",
            "RowKey": "9",
            "Timestamp": "2021-11-10T21:52:08.3414854Z",
            "Value": 10
          }
        ]
      }
    },
    {
      "RequestUri": "https://fakeaccount.table.core.windows.net/tableName950922974()?%24filter=Value\u002Bge\u002B5\u0026%24format=application%2Fjson%3Bodata%3Dminimalmetadata\u0026NextPartitionKey=1%2112%21Y29udFRva2Vu\u0026NextRowKey=1%214%21MQ--",
      "RequestMethod": "GET",
      "RequestHeaders": {
        ":authority": "localhost:5001",
        ":method": "GET",
        ":path": "/tableName950922974()?%24filter=Value\u002Bge\u002B5\u0026%24format=application%2Fjson%3Bodata%3Dminimalmetadata\u0026NextPartitionKey=1%2112%21Y29udFRva2Vu\u0026NextRowKey=1%214%21MQ--",
        ":scheme": "https",
        "Accept": "application/json;odata=minimalmetadata",
        "Accept-Encoding": "gzip",
        "Authorization": "Sanitized",
        "dataserviceversion": "3.0",
        "User-Agent": "azsdk-go-aztables/v0.4.1 azsdk-go-azcore/v0.20.0 (go1.17; Windows_NT)",
        "x-ms-date": "Wed, 10 Nov 2021 21:52:08 GMT",
        "x-ms-version": "2019-02-02"
      },
      "RequestBody": null,
      "StatusCode": 200,
      "ResponseHeaders": {
        "Cache-Control": "no-cache",
        "Content-Type": "application/json; odata=minimalmetadata; streaming=true; charset=utf-8",
        "Date": "Wed, 10 Nov 2021 21:52:08 GMT",
        "Server": [
          "Windows-Azure-Table/1.0",
          "Microsoft-HTTPAPI/2.0"
        ],
        "Transfer-Encoding": "chunked",
        "X-Content-Type-Options": "nosniff",
        "x-ms-request-id": "6b4b244a-1002-0092-587d-d66ca3000000",
        "x-ms-version": "2019-02-02"
      },
      "ResponseBody": {
        "odata.metadata": "https://rosebudprim.table.core.windows.net/$metadata#tableName950922974",
        "value": [
          {
            "odata.etag": "W/\u0022datetime\u00272021-11-10T21%3A52%3A07.9107287Z\u0027\u0022",
            "PartitionKey": "contToken",
            "RowKey": "4",
            "Timestamp": "2021-11-10T21:52:07.9107287Z",
            "Value": 5
          },
          {
            "odata.etag": "W/\u0022datetime\u00272021-11-10T21%3A52%3A08.0006783Z\u0027\u0022",
            "PartitionKey": "contToken",
            "RowKey": "5",
            "Timestamp": "2021-11-10T21:52:08.0006783Z",
            "Value": 6
          },
          {
            "odata.etag": "W/\u0022datetime\u00272021-11-10T21%3A52%3A08.0856292Z\u0027\u0022",
            "PartitionKey": "contToken",
            "RowKey": "6",
            "Timestamp": "2021-11-10T21:52:08.0856292Z",
            "Value": 7
          },
          {
            "odata.etag": "W/\u0022datetime\u00272021-11-10T21%3A52%3A08.1715808Z\u0027\u0022",
            "PartitionKey": "contToken",
            "RowKey": "7",
            "Timestamp": "2021-11-10T21:52:08.1715808Z",
            "Value": 8
          },
          {
            "odata.etag": "W/\u0022datetime\u00272021-11-10T21%3A52%3A08.2565328Z\u0027\u0022",
            "PartitionKey": "contToken",
            "RowKey": "8",
            "Timestamp": "2021-11-10T21:52:08.2565328Z",
            "Value": 9
          },
          {
            "odata.etag": "W/\u0022datetime\u00272021-11-10T21%3A52%3A08.3414854Z\u0027\u0022",
            "PartitionKey": "contToken",
            "RowKey": "9",
            "Timestamp": "2021-11-10T21:52:08.3414854Z",
            "Value": 10
          }
        ]
      }
    },
    {
      "RequestUri": "https://fakeaccount.table.core.windows.net/Tables(\u0027tableName950922974\u0027)",
      "RequestMethod": "DELETE",
      "RequestHeaders": {
        ":authority": "localhost:5001",
        ":method": "DELETE",
        ":path": "/Tables(\u0027tableName950922974\u0027)",
        ":scheme": "https",
        "Accept": "application/json",
        "Accept-Encoding": "gzip",
        "Authorization": "Sanitized",
        "User-Agent": "azsdk-go-aztables/v0.4.1 azsdk-go-azcore/v0.20.0 (go1.17; Windows_NT)",
        "x-ms-date": "Wed, 10 Nov 2021 21:52:08 GMT",
        "x-ms-version": "2019-02-02"
      },
      "RequestBody": null,
      "StatusCode": 204,
      "ResponseHeaders": {
        "Cache-Control": "no-cache",
        "Content-Length": "0",
        "Date": "Wed, 10 Nov 2021 21:52:08 GMT",
        "Server": [
          "Windows-Azure-Table/1.0",
          "Microsoft-HTTPAPI/2.0"
        ],
        "X-Content-Type-Options": "nosniff",
        "x-ms-request-id": "6b4b247e-1002-0092-0c7d-d66ca3000000",
        "x-ms-version": "2019-02-02"
      },
      "ResponseBody": null
    }
  ],
  "Variables": {}
}
