{
  "Entries": [
    {
      "RequestUri": "https://fakeaccount.table.core.windows.net/Tables",
      "RequestMethod": "POST",
      "RequestHeaders": {
        ":method": "POST",
        "Accept": "application/json;odata=minimalmetadata",
        "Accept-Encoding": "gzip",
        "Authorization": "Sanitized",
        "Content-Length": "35",
        "Content-Type": "application/json",
        "dataserviceversion": "3.0",
        "User-Agent": "azsdk-go-internal/v0.5.1 azsdk-go-azcore/v0.21.0 (go1.17; Windows_NT)",
        "x-ms-date": "Mon, 24 Jan 2022 20:59:23 GMT",
        "x-ms-version": "2019-02-02"
      },
      "RequestBody": {
        "TableName": "tableName1596276702"
      },
      "StatusCode": 201,
      "ResponseHeaders": {
        "Cache-Control": "no-cache",
        "Content-Type": "application/json; odata=minimalmetadata; streaming=true; charset=utf-8",
        "Date": "Mon, 24 Jan 2022 20:59:24 GMT",
        "Location": "https://rosebudprim.table.core.windows.net/Tables(\u0027tableName1596276702\u0027)",
        "Server": [
          "Windows-Azure-Table/1.0",
          "Microsoft-HTTPAPI/2.0"
        ],
        "Transfer-Encoding": "chunked",
        "X-Content-Type-Options": "nosniff",
        "x-ms-request-id": "f9917b50-b002-0054-5165-11ec4e000000",
        "x-ms-version": "2019-02-02"
      },
      "ResponseBody": {
        "odata.metadata": "https://rosebudprim.table.core.windows.net/$metadata#Tables/@Element",
        "TableName": "tableName1596276702"
      }
    },
    {
      "RequestUri": "https://fakeaccount.table.core.windows.net/tableName1596276702(PartitionKey=\u0027partition\u0027,RowKey=\u00271\u0027)",
      "RequestMethod": "PATCH",
      "RequestHeaders": {
        "Accept": "application/json",
        "Accept-Encoding": "gzip",
        "Authorization": "Sanitized",
        "Content-Length": "125",
        "Content-Type": "application/json",
        "dataserviceversion": "3.0",
        "If-Match": "*",
        "User-Agent": "azsdk-go-internal/v0.5.1 azsdk-go-azcore/v0.21.0 (go1.17; Windows_NT)",
        "x-ms-date": "Mon, 24 Jan 2022 20:59:23 GMT",
        "x-ms-version": "2019-02-02"
      },
      "RequestBody": {
        "Bool": true,
        "Integer": 1,
        "PartitionKey": "partition",
        "RowKey": "1",
        "String": "some string 1",
        "Timestamp": "0001-01-01T00:00:00Z"
      },
      "StatusCode": 404,
      "ResponseHeaders": {
        "Cache-Control": "no-cache",
        "Content-Type": "application/json; odata=minimalmetadata; streaming=true; charset=utf-8",
        "Date": "Mon, 24 Jan 2022 20:59:24 GMT",
        "Server": [
          "Windows-Azure-Table/1.0",
          "Microsoft-HTTPAPI/2.0"
        ],
        "Transfer-Encoding": "chunked",
        "X-Content-Type-Options": "nosniff",
        "x-ms-request-id": "f9917b86-b002-0054-0665-11ec4e000000",
        "x-ms-version": "2019-02-02"
      },
      "ResponseBody": {
        "odata.error": {
          "code": "ResourceNotFound",
          "message": {
            "lang": "en-US",
            "value": "The specified resource does not exist.\nRequestId:f9917b86-b002-0054-0665-11ec4e000000\nTime:2022-01-24T20:59:24.3204563Z"
          }
        }
      }
    },
    {
      "RequestUri": "https://fakeaccount.table.core.windows.net/Tables(\u0027tableName1596276702\u0027)",
      "RequestMethod": "DELETE",
      "RequestHeaders": {
        "Accept": "application/json",
        "Accept-Encoding": "gzip",
        "Authorization": "Sanitized",
        "User-Agent": "azsdk-go-internal/v0.5.1 azsdk-go-azcore/v0.21.0 (go1.17; Windows_NT)",
        "x-ms-date": "Mon, 24 Jan 2022 20:59:23 GMT",
        "x-ms-version": "2019-02-02"
      },
      "RequestBody": null,
      "StatusCode": 204,
      "ResponseHeaders": {
        "Cache-Control": "no-cache",
        "Content-Length": "0",
        "Date": "Mon, 24 Jan 2022 20:59:24 GMT",
        "Server": [
          "Windows-Azure-Table/1.0",
          "Microsoft-HTTPAPI/2.0"
        ],
        "X-Content-Type-Options": "nosniff",
        "x-ms-request-id": "f9917bb7-b002-0054-3765-11ec4e000000",
        "x-ms-version": "2019-02-02"
      },
      "ResponseBody": null
    }
  ],
  "Variables": {}
}
