{
  "Entries": [
    {
      "RequestUri": "https://fakeaccount.table.cosmos.azure.com/Tables",
      "RequestMethod": "POST",
      "RequestHeaders": {
        ":method": "POST",
        "Accept": "application/json;odata=minimalmetadata",
        "Accept-Encoding": "gzip",
        "Authorization": "Sanitized",
        "Content-Length": "35",
        "Content-Type": "application/json",
        "dataserviceversion": "3.0",
        "User-Agent": "azsdk-go-internal/v0.5.1 azsdk-go-azcore/v0.21.0 (go1.17; Windows_NT)",
        "x-ms-date": "Mon, 24 Jan 2022 20:59:23 GMT",
        "x-ms-version": "2019-02-02"
      },
      "RequestBody": {
        "TableName": "tableName1372739261"
      },
      "StatusCode": 201,
      "ResponseHeaders": {
        "Content-Type": "application/json; odata=minimalmetadata",
        "Date": "Mon, 24 Jan 2022 20:59:24 GMT",
        "ETag": "W/\u0022datetime\u00272022-01-24T20%3A59%3A24.6825480Z\u0027\u0022",
        "Location": "https://rosebudprim.table.cosmos.azure.com/Tables(\u0027tableName1372739261\u0027)",
        "Transfer-Encoding": "chunked",
        "x-ms-request-id": "6a2cd483-8f3d-4087-9839-8911501e70de"
      },
      "ResponseBody": {
        "TableName": "tableName1372739261",
        "odata.metadata": "https://rosebudprim.table.cosmos.azure.com/$metadata#Tables/@Element"
      }
    },
    {
      "RequestUri": "https://fakeaccount.table.cosmos.azure.com/tableName1372739261(PartitionKey=\u0027partition\u0027,RowKey=\u00271\u0027)",
      "RequestMethod": "POST",
      "RequestHeaders": {
        ":method": "POST",
        "Accept": "application/json",
        "Accept-Encoding": "gzip",
        "Authorization": "Sanitized",
        "Content-Length": "125",
        "Content-Type": "application/json",
        "dataserviceversion": "3.0",
        "If-Match": "*",
        "User-Agent": "azsdk-go-internal/v0.5.1 azsdk-go-azcore/v0.21.0 (go1.17; Windows_NT)",
        "x-http-method": "MERGE",
        "x-ms-date": "Mon, 24 Jan 2022 20:59:23 GMT",
        "x-ms-version": "2019-02-02"
      },
      "RequestBody": {
        "Bool": true,
        "Integer": 1,
        "PartitionKey": "partition",
        "RowKey": "1",
        "String": "some string 1",
        "Timestamp": "0001-01-01T00:00:00Z"
      },
      "StatusCode": 404,
      "ResponseHeaders": {
        "Content-Type": "application/json; odata=fullmetadata",
        "Date": "Mon, 24 Jan 2022 20:59:24 GMT",
        "Transfer-Encoding": "chunked",
        "x-ms-request-id": "5d24f965-002e-4569-a8f8-63f060d32d90"
      },
      "ResponseBody": {
        "odata.error": {
          "code": "ResourceNotFound",
          "message": {
            "lang": "en-us",
            "value": "The specified resource does not exist.\nRequestID:5d24f965-002e-4569-a8f8-63f060d32d90\n"
          }
        }
      }
    },
    {
      "RequestUri": "https://fakeaccount.table.cosmos.azure.com/Tables(\u0027tableName1372739261\u0027)",
      "RequestMethod": "DELETE",
      "RequestHeaders": {
        "Accept": "application/json",
        "Accept-Encoding": "gzip",
        "Authorization": "Sanitized",
        "User-Agent": "azsdk-go-internal/v0.5.1 azsdk-go-azcore/v0.21.0 (go1.17; Windows_NT)",
        "x-ms-date": "Mon, 24 Jan 2022 20:59:24 GMT",
        "x-ms-version": "2019-02-02"
      },
      "RequestBody": null,
      "StatusCode": 204,
      "ResponseHeaders": {
        "Date": "Mon, 24 Jan 2022 20:59:24 GMT",
        "x-ms-request-id": "252271ce-91d5-4b58-bf11-5cb396de0af1"
      },
      "ResponseBody": null
    }
  ],
  "Variables": {}
}
