---
version: 1
interactions:
- request:
    body: ""
    form: {}
    headers:
      Authorization:
      - SharedKey golangrocksonazure:6fC4F2cQXTnSk3f4VPlcG21zF/gwRxKKp9jFdQRNlvI=
      User-Agent:
      - Go/go1.15.1 (amd64-windows) azure-storage-go/v52.6.0 api-version/2018-03-28
        blob
      x-ms-date:
      - Tue, 13 Apr 2021 15:57:08 GMT
      x-ms-version:
      - "2018-03-28"
    url: https://golangrocksonazure.blob.core.windows.net/137authorizationsuitetestallshar?restype=container
    method: PUT
  response:
    body: ""
    headers:
      Content-Length:
      - "0"
      Date:
      - Tue, 13 Apr 2021 15:57:07 GMT
      Etag:
      - '"0x8D8FE94CAF68D65"'
      Last-Modified:
      - Tue, 13 Apr 2021 15:57:08 GMT
      Server:
      - Windows-Azure-Blob/1.0 Microsoft-HTTPAPI/2.0
      X-Ms-Request-Id:
      - 2c9d75c0-801e-004c-5f7d-300fdd000000
      X-Ms-Version:
      - "2018-03-28"
    status: 201 Created
    code: 201
    duration: ""
- request:
    body: ""
    form: {}
    headers:
      Authorization:
      - SharedKey golangrocksonazure:TeZRJ0+/ulzpEKxSQ1KJJt3REFabxMH6HZCPtXxpNCk=
      User-Agent:
      - Go/go1.15.1 (amd64-windows) azure-storage-go/v52.6.0 api-version/2018-03-28
        blob
      x-ms-date:
      - Tue, 13 Apr 2021 15:57:08 GMT
      x-ms-version:
      - "2018-03-28"
    url: https://golangrocksonazure.blob.core.windows.net/137authorizationsuitetestallshar?restype=container
    method: DELETE
  response:
    body: ""
    headers:
      Content-Length:
      - "0"
      Date:
      - Tue, 13 Apr 2021 15:57:07 GMT
      Server:
      - Windows-Azure-Blob/1.0 Microsoft-HTTPAPI/2.0
      X-Ms-Request-Id:
      - 2c9d75d1-801e-004c-6f7d-300fdd000000
      X-Ms-Version:
      - "2018-03-28"
    status: 202 Accepted
    code: 202
    duration: ""
- request:
    body: |
      {"TableName":"table137authorizationsuitetestal"}
    form: {}
    headers:
      Accept:
      - application/json;odata=nometadata
      Accept-Charset:
      - UTF-8
      Authorization:
      - SharedKey golangrocksonazure:E33W02a4SeSgRyUy0CXY9IYaYRTVoAdBeaWNYKm0H/M=
      Content-Length:
      - "49"
      Content-Type:
      - application/json
      Prefer:
      - return-no-content
      User-Agent:
      - Go/go1.15.1 (amd64-windows) azure-storage-go/v52.6.0 api-version/2018-03-28
        table
      x-ms-date:
      - Tue, 13 Apr 2021 15:57:08 GMT
      x-ms-version:
      - "2018-03-28"
    url: https://golangrocksonazure.table.core.windows.net/Tables?timeout=30
    method: POST
  response:
    body: ""
    headers:
      Cache-Control:
      - no-cache
      Content-Length:
      - "0"
      Dataserviceid:
      - https://golangrocksonazure.table.core.windows.net/Tables('table137authorizationsuitetestal')
      Date:
      - Tue, 13 Apr 2021 15:57:07 GMT
      Location:
      - https://golangrocksonazure.table.core.windows.net/Tables('table137authorizationsuitetestal')
      Preference-Applied:
      - return-no-content
      Server:
      - Windows-Azure-Table/1.0 Microsoft-HTTPAPI/2.0
      X-Content-Type-Options:
      - nosniff
      X-Ms-Request-Id:
      - 2151ee06-6002-0019-7d7d-301f56000000
      X-Ms-Version:
      - "2018-03-28"
    status: 204 No Content
    code: 204
    duration: ""
- request:
    body: ""
    form: {}
    headers:
      Accept:
      - application/json;odata=nometadata
      Authorization:
      - SharedKey golangrocksonazure:ejdXCPPitnxRGR/yeNdkIZ1q49h2xJKMqnFmhb/d82o=
      Prefer:
      - return-no-content
      User-Agent:
      - Go/go1.15.1 (amd64-windows) azure-storage-go/v52.6.0 api-version/2018-03-28
        table
      x-ms-date:
      - Tue, 13 Apr 2021 15:57:09 GMT
      x-ms-version:
      - "2018-03-28"
    url: https://golangrocksonazure.table.core.windows.net/Tables%28%27table137authorizationsuitetestal%27%29?timeout=30
    method: DELETE
  response:
    body: ""
    headers:
      Cache-Control:
      - no-cache
      Content-Length:
      - "0"
      Date:
      - Tue, 13 Apr 2021 15:57:08 GMT
      Server:
      - Windows-Azure-Table/1.0 Microsoft-HTTPAPI/2.0
      X-Content-Type-Options:
      - nosniff
      X-Ms-Request-Id:
      - 2151ee1d-6002-0019-117d-301f56000000
      X-Ms-Version:
      - "2018-03-28"
    status: 204 No Content
    code: 204
    duration: ""
- request:
    body: ""
    form: {}
    headers:
      Authorization:
      - SharedKeyLite golangrocksonazure:z+8ToLGuQSEjVcyiD+RdIZQ2dIHUkgE/tgz4ChPfJAM=
      User-Agent:
      - Go/go1.15.1 (amd64-windows) azure-storage-go/v52.6.0 api-version/2018-03-28
        blob
      x-ms-date:
      - Tue, 13 Apr 2021 15:57:09 GMT
      x-ms-version:
      - "2018-03-28"
    url: https://golangrocksonazure.blob.core.windows.net/237authorizationsuitetestallshar?restype=container
    method: PUT
  response:
    body: ""
    headers:
      Content-Length:
      - "0"
      Date:
      - Tue, 13 Apr 2021 15:57:08 GMT
      Etag:
      - '"0x8D8FE94CB240E19"'
      Last-Modified:
      - Tue, 13 Apr 2021 15:57:08 GMT
      Server:
      - Windows-Azure-Blob/1.0 Microsoft-HTTPAPI/2.0
      X-Ms-Request-Id:
      - 2c9d763a-801e-004c-4b7d-300fdd000000
      X-Ms-Version:
      - "2018-03-28"
    status: 201 Created
    code: 201
    duration: ""
- request:
    body: ""
    form: {}
    headers:
      Authorization:
      - SharedKeyLite golangrocksonazure:hDEanccmndpU95PN4x/RGrgd0U9IxuVTClHHMOtAyYY=
      User-Agent:
      - Go/go1.15.1 (amd64-windows) azure-storage-go/v52.6.0 api-version/2018-03-28
        blob
      x-ms-date:
      - Tue, 13 Apr 2021 15:57:09 GMT
      x-ms-version:
      - "2018-03-28"
    url: https://golangrocksonazure.blob.core.windows.net/237authorizationsuitetestallshar?restype=container
    method: DELETE
  response:
    body: ""
    headers:
      Content-Length:
      - "0"
      Date:
      - Tue, 13 Apr 2021 15:57:08 GMT
      Server:
      - Windows-Azure-Blob/1.0 Microsoft-HTTPAPI/2.0
      X-Ms-Request-Id:
      - 2c9d7645-801e-004c-537d-300fdd000000
      X-Ms-Version:
      - "2018-03-28"
    status: 202 Accepted
    code: 202
    duration: ""
- request:
    body: |
      {"TableName":"table237authorizationsuitetestal"}
    form: {}
    headers:
      Accept:
      - application/json;odata=nometadata
      Accept-Charset:
      - UTF-8
      Authorization:
      - SharedKeyLite golangrocksonazure:aGPQ6b+rFI4cvltZqtQhLNA+m1ol5zTR33nhfL6RdJI=
      Content-Length:
      - "49"
      Content-Type:
      - application/json
      Prefer:
      - return-no-content
      User-Agent:
      - Go/go1.15.1 (amd64-windows) azure-storage-go/v52.6.0 api-version/2018-03-28
        table
      x-ms-date:
      - Tue, 13 Apr 2021 15:57:09 GMT
      x-ms-version:
      - "2018-03-28"
    url: https://golangrocksonazure.table.core.windows.net/Tables?timeout=30
    method: POST
  response:
    body: ""
    headers:
      Cache-Control:
      - no-cache
      Content-Length:
      - "0"
      Dataserviceid:
      - https://golangrocksonazure.table.core.windows.net/Tables('table237authorizationsuitetestal')
      Date:
      - Tue, 13 Apr 2021 15:57:08 GMT
      Location:
      - https://golangrocksonazure.table.core.windows.net/Tables('table237authorizationsuitetestal')
      Preference-Applied:
      - return-no-content
      Server:
      - Windows-Azure-Table/1.0 Microsoft-HTTPAPI/2.0
      X-Content-Type-Options:
      - nosniff
      X-Ms-Request-Id:
      - 2151ee2a-6002-0019-1e7d-301f56000000
      X-Ms-Version:
      - "2018-03-28"
    status: 204 No Content
    code: 204
    duration: ""
- request:
    body: ""
    form: {}
    headers:
      Accept:
      - application/json;odata=nometadata
      Authorization:
      - SharedKeyLite golangrocksonazure:e1P5pEg9BPMXEizhRzv378jbdNTSuPgDBs2/AlQb1eM=
      Prefer:
      - return-no-content
      User-Agent:
      - Go/go1.15.1 (amd64-windows) azure-storage-go/v52.6.0 api-version/2018-03-28
        table
      x-ms-date:
      - Tue, 13 Apr 2021 15:57:09 GMT
      x-ms-version:
      - "2018-03-28"
    url: https://golangrocksonazure.table.core.windows.net/Tables%28%27table237authorizationsuitetestal%27%29?timeout=30
    method: DELETE
  response:
    body: ""
    headers:
      Cache-Control:
      - no-cache
      Content-Length:
      - "0"
      Date:
      - Tue, 13 Apr 2021 15:57:08 GMT
      Server:
      - Windows-Azure-Table/1.0 Microsoft-HTTPAPI/2.0
      X-Content-Type-Options:
      - nosniff
      X-Ms-Request-Id:
      - 2151ee3d-6002-0019-2f7d-301f56000000
      X-Ms-Version:
      - "2018-03-28"
    status: 204 No Content
    code: 204
    duration: ""
