{
  "Entries": [
    {
      "RequestUri": "https://fakekvurl.managedhsm.azure.net/keys/key900305795/create?api-version=7.3-preview",
      "RequestMethod": "POST",
      "RequestHeaders": {
        ":method": "POST",
        "Accept": "application/json",
        "Accept-Encoding": "gzip",
        "Content-Length": "0",
        "User-Agent": "azsdk-go-generated/v0.3.0 azsdk-go-azcore/v0.21.0 (go1.17; Windows_NT)"
      },
      "RequestBody": null,
      "StatusCode": 401,
      "ResponseHeaders": {
        "Cache-Control": "no-cache",
        "Content-Length": "0",
        "Content-Security-Policy": "default-src \u0027self\u0027",
        "Content-Type": "application/json; charset=utf-8",
        "Strict-Transport-Security": "max-age=31536000; includeSubDomains",
        "WWW-Authenticate": "Bearer authorization=\u0022https://login.microsoftonline.com/00000000-0000-0000-0000-000000000000\u0022, resource=\u0022https://managedhsm.azure.net\u0022",
        "X-Content-Type-Options": "nosniff",
        "X-Frame-Options": "SAMEORIGIN",
        "x-ms-request-id": "f6adb9ae-7e04-11ec-a044-000d3a731e50",
        "x-ms-server-latency": "0"
      },
      "ResponseBody": null
    },
    {
      "RequestUri": "https://fakekvurl.managedhsm.azure.net/keys/key900305795/create?api-version=7.3-preview",
      "RequestMethod": "POST",
      "RequestHeaders": {
        ":method": "POST",
        "Accept": "application/json",
        "Accept-Encoding": "gzip",
        "Authorization": "Sanitized",
        "Content-Length": "32",
        "Content-Type": "application/json",
        "User-Agent": "azsdk-go-generated/v0.3.0 azsdk-go-azcore/v0.21.0 (go1.17; Windows_NT)"
      },
      "RequestBody": {
        "key_size": 256,
        "kty": "oct-HSM"
      },
      "StatusCode": 200,
      "ResponseHeaders": {
        "Cache-Control": "no-cache",
        "Content-Length": "367",
        "Content-Security-Policy": "default-src \u0027self\u0027",
        "Content-Type": "application/json; charset=utf-8",
        "Strict-Transport-Security": "max-age=31536000; includeSubDomains",
        "X-Content-Type-Options": "nosniff",
        "X-Frame-Options": "SAMEORIGIN",
        "x-ms-keyvault-network-info": "conn_type=Ipv4;addr=72.49.29.93;act_addr_fam=Ipv4;",
        "x-ms-keyvault-region": "southcentralus",
        "x-ms-request-id": "f6f49a2c-7e04-11ec-a044-000d3a731e50",
        "x-ms-server-latency": "155"
      },
      "ResponseBody": {
        "attributes": {
          "created": 1643132033,
          "enabled": true,
          "exportable": false,
          "recoverableDays": 7,
          "recoveryLevel": "CustomizedRecoverable\u002BPurgeable",
          "updated": 1643132033
        },
        "key": {
          "key_ops": [
            "deriveKey",
            "wrapKey",
            "verify",
            "sign",
            "unwrapKey",
            "encrypt",
            "decrypt"
          ],
          "kid": "https://rosebudhsm.managedhsm.azure.net/keys/key900305795/41e66f4f46990db42d451f9a3981c0f3",
          "kty": "oct-HSM"
        }
      }
    },
    {
      "RequestUri": "https://fakekvurl.managedhsm.azure.net/keys/key900305795?api-version=7.3-preview",
      "RequestMethod": "DELETE",
      "RequestHeaders": {
        "Accept": "application/json",
        "Accept-Encoding": "gzip",
        "Authorization": "Sanitized",
        "User-Agent": "azsdk-go-generated/v0.3.0 azsdk-go-azcore/v0.21.0 (go1.17; Windows_NT)"
      },
      "RequestBody": null,
      "StatusCode": 200,
      "ResponseHeaders": {
        "Cache-Control": "no-cache",
        "Content-Length": "504",
        "Content-Security-Policy": "default-src \u0027self\u0027",
        "Content-Type": "application/json; charset=utf-8",
        "Strict-Transport-Security": "max-age=31536000; includeSubDomains",
        "X-Content-Type-Options": "nosniff",
        "X-Frame-Options": "SAMEORIGIN",
        "x-ms-keyvault-network-info": "conn_type=Ipv4;addr=72.49.29.93;act_addr_fam=Ipv4;",
        "x-ms-keyvault-region": "southcentralus",
        "x-ms-request-id": "f716f310-7e04-11ec-a044-000d3a731e50",
        "x-ms-server-latency": "115"
      },
      "ResponseBody": {
        "attributes": {
          "created": 1643132033,
          "enabled": true,
          "exportable": false,
          "recoverableDays": 7,
          "recoveryLevel": "CustomizedRecoverable\u002BPurgeable",
          "updated": 1643132033
        },
        "deletedDate": 1643132033,
        "key": {
          "key_ops": [
            "deriveKey",
            "wrapKey",
            "encrypt",
            "decrypt",
            "unwrapKey",
            "verify",
            "sign"
          ],
          "kid": "https://rosebudhsm.managedhsm.azure.net/keys/key900305795/41e66f4f46990db42d451f9a3981c0f3",
          "kty": "oct-HSM"
        },
        "recoveryId": "https://rosebudhsm.managedhsm.azure.net/deletedkeys/key900305795",
        "scheduledPurgeDate": 1643736833
      }
    },
    {
      "RequestUri": "https://fakekvurl.managedhsm.azure.net/deletedkeys/key900305795?api-version=7.3-preview",
      "RequestMethod": "GET",
      "RequestHeaders": {
        ":method": "GET",
        "Accept": "application/json",
        "Accept-Encoding": "gzip",
        "Authorization": "Sanitized",
        "User-Agent": "azsdk-go-generated/v0.3.0 azsdk-go-azcore/v0.21.0 (go1.17; Windows_NT)"
      },
      "RequestBody": null,
      "StatusCode": 200,
      "ResponseHeaders": {
        "Cache-Control": "no-cache",
        "Content-Length": "504",
        "Content-Security-Policy": "default-src \u0027self\u0027",
        "Content-Type": "application/json; charset=utf-8",
        "Strict-Transport-Security": "max-age=31536000; includeSubDomains",
        "X-Content-Type-Options": "nosniff",
        "X-Frame-Options": "SAMEORIGIN",
        "x-ms-build-version": "1.0.20220117-1-eb2a1acb-1.0.20211206-1-be739728-develop",
        "x-ms-keyvault-network-info": "conn_type=Ipv4;addr=72.49.29.93;act_addr_fam=Ipv4;",
        "x-ms-keyvault-region": "southcentralus",
        "x-ms-request-id": "f7332c88-7e04-11ec-a044-000d3a731e50",
        "x-ms-server-latency": "35"
      },
      "ResponseBody": {
        "attributes": {
          "created": 1643132033,
          "enabled": true,
          "exportable": false,
          "recoverableDays": 7,
          "recoveryLevel": "CustomizedRecoverable\u002BPurgeable",
          "updated": 1643132033
        },
        "deletedDate": 1643132033,
        "key": {
          "key_ops": [
            "decrypt",
            "encrypt",
            "unwrapKey",
            "sign",
            "verify",
            "wrapKey",
            "deriveKey"
          ],
          "kid": "https://rosebudhsm.managedhsm.azure.net/keys/key900305795/41e66f4f46990db42d451f9a3981c0f3",
          "kty": "oct-HSM"
        },
        "recoveryId": "https://rosebudhsm.managedhsm.azure.net/deletedkeys/key900305795",
        "scheduledPurgeDate": 1643736833
      }
    },
    {
      "RequestUri": "https://fakekvurl.managedhsm.azure.net/deletedkeys/key900305795?api-version=7.3-preview",
      "RequestMethod": "GET",
      "RequestHeaders": {
        ":method": "GET",
        "Accept": "application/json",
        "Accept-Encoding": "gzip",
        "Authorization": "Sanitized",
        "User-Agent": "azsdk-go-generated/v0.3.0 azsdk-go-azcore/v0.21.0 (go1.17; Windows_NT)"
      },
      "RequestBody": null,
      "StatusCode": 200,
      "ResponseHeaders": {
        "Cache-Control": "no-cache",
        "Content-Length": "504",
        "Content-Security-Policy": "default-src \u0027self\u0027",
        "Content-Type": "application/json; charset=utf-8",
        "Strict-Transport-Security": "max-age=31536000; includeSubDomains",
        "X-Content-Type-Options": "nosniff",
        "X-Frame-Options": "SAMEORIGIN",
        "x-ms-build-version": "1.0.20220117-1-eb2a1acb-1.0.20211206-1-be739728-develop",
        "x-ms-keyvault-network-info": "conn_type=Ipv4;addr=72.49.29.93;act_addr_fam=Ipv4;",
        "x-ms-keyvault-region": "southcentralus",
        "x-ms-request-id": "f7434550-7e04-11ec-a044-000d3a731e50",
        "x-ms-server-latency": "29"
      },
      "ResponseBody": {
        "attributes": {
          "created": 1643132033,
          "enabled": true,
          "exportable": false,
          "recoverableDays": 7,
          "recoveryLevel": "CustomizedRecoverable\u002BPurgeable",
          "updated": 1643132033
        },
        "deletedDate": 1643132033,
        "key": {
          "key_ops": [
            "decrypt",
            "encrypt",
            "unwrapKey",
            "sign",
            "verify",
            "wrapKey",
            "deriveKey"
          ],
          "kid": "https://rosebudhsm.managedhsm.azure.net/keys/key900305795/41e66f4f46990db42d451f9a3981c0f3",
          "kty": "oct-HSM"
        },
        "recoveryId": "https://rosebudhsm.managedhsm.azure.net/deletedkeys/key900305795",
        "scheduledPurgeDate": 1643736833
      }
    },
    {
      "RequestUri": "https://fakekvurl.managedhsm.azure.net/deletedkeys/key900305795?api-version=7.3-preview",
      "RequestMethod": "DELETE",
      "RequestHeaders": {
        "Accept": "application/json",
        "Accept-Encoding": "gzip",
        "Authorization": "Sanitized",
        "User-Agent": "azsdk-go-generated/v0.3.0 azsdk-go-azcore/v0.21.0 (go1.17; Windows_NT)"
      },
      "RequestBody": null,
      "StatusCode": 204,
      "ResponseHeaders": {
        "Cache-Control": "no-cache",
        "Content-Length": "0",
        "Content-Security-Policy": "default-src \u0027self\u0027",
        "Content-Type": "application/json; charset=utf-8",
        "Strict-Transport-Security": "max-age=31536000; includeSubDomains",
        "X-Content-Type-Options": "nosniff",
        "X-Frame-Options": "SAMEORIGIN",
        "x-ms-keyvault-network-info": "conn_type=Ipv4;addr=72.49.29.93;act_addr_fam=Ipv4;",
        "x-ms-keyvault-region": "southcentralus",
        "x-ms-request-id": "f755089e-7e04-11ec-a044-000d3a731e50",
        "x-ms-server-latency": "108"
      },
      "ResponseBody": null
    }
  ],
  "Variables": {}
}
