---
version: 1
interactions:
- request:
    body: ""
    form: {}
    headers:
      Authorization:
      - SharedKey golangrocksonazure:fBqDPfPs5GY8j5rDnx92cF6RQFOpYmEfRvXN53u1OGE=
      User-Agent:
      - Go/go1.15.1 (amd64-windows) azure-storage-go/v52.6.0 api-version/2018-03-28
        queue
      x-ms-date:
      - Tue, 13 Apr 2021 15:57:55 GMT
      x-ms-version:
      - "2018-03-28"
    url: https://golangrocksonazure.queue.core.windows.net/queue-159storagequeuesuitetestsetpermissionsalternatetruenotime
    method: PUT
  response:
    body: ""
    headers:
      Content-Length:
      - "0"
      Date:
      - Tue, 13 Apr 2021 15:57:54 GMT
      Server:
      - Windows-Azure-Queue/1.0 Microsoft-HTTPAPI/2.0
      X-Ms-Request-Id:
      - cfe7bed3-a003-005b-147d-30a6d6000000
      X-Ms-Version:
      - "2018-03-28"
    status: 201 Created
    code: 201
    duration: ""
- request:
    body: <SignedIdentifiers><SignedIdentifier><Id>GolangRocksOnAzure</Id><AccessPolicy><Start>2050-12-20T21:55:06Z</Start><Expiry>2051-12-20T21:55:06Z</Expiry><Permission>ru</Permission></AccessPolicy></SignedIdentifier></SignedIdentifiers>
    form: {}
    headers:
      Authorization:
      - SharedKey golangrocksonazure:rMpXTiFslmLzfNABaoH+Np2BLo/MdcJLEpe0YtthpFU=
      Content-Length:
      - "231"
      User-Agent:
      - Go/go1.15.1 (amd64-windows) azure-storage-go/v52.6.0 api-version/2018-03-28
        queue
      x-ms-date:
      - Tue, 13 Apr 2021 15:57:55 GMT
      x-ms-version:
      - "2018-03-28"
    url: https://golangrocksonazure.queue.core.windows.net/queue-159storagequeuesuitetestsetpermissionsalternatetruenotime?comp=acl
    method: PUT
  response:
    body: ""
    headers:
      Content-Length:
      - "0"
      Date:
      - Tue, 13 Apr 2021 15:57:54 GMT
      Server:
      - Windows-Azure-Queue/1.0 Microsoft-HTTPAPI/2.0
      X-Ms-Request-Id:
      - cfe7bf0d-a003-005b-4a7d-30a6d6000000
      X-Ms-Version:
      - "2018-03-28"
    status: 204 No Content
    code: 204
    duration: ""
- request:
    body: ""
    form: {}
    headers:
      Authorization:
      - SharedKey golangrocksonazure:LUJF7B0VGl3YrLw6orQT6AsJbm1OC20qhm7ux26lFsI=
      User-Agent:
      - Go/go1.15.1 (amd64-windows) azure-storage-go/v52.6.0 api-version/2018-03-28
        queue
      x-ms-date:
      - Tue, 13 Apr 2021 15:57:55 GMT
      x-ms-version:
      - "2018-03-28"
    url: https://golangrocksonazure.queue.core.windows.net/queue-159storagequeuesuitetestsetpermissionsalternatetruenotime
    method: DELETE
  response:
    body: ""
    headers:
      Content-Length:
      - "0"
      Date:
      - Tue, 13 Apr 2021 15:57:54 GMT
      Server:
      - Windows-Azure-Queue/1.0 Microsoft-HTTPAPI/2.0
      X-Ms-Request-Id:
      - cfe7bf37-a003-005b-747d-30a6d6000000
      X-Ms-Version:
      - "2018-03-28"
    status: 204 No Content
    code: 204
    duration: ""
