{
  "Entries": [
    {
      "RequestUri": "https://fakeaccount.table.core.windows.net/Tables",
      "RequestMethod": "POST",
      "RequestHeaders": {
        ":authority": "localhost:5001",
        ":method": "POST",
        ":path": "/Tables",
        ":scheme": "https",
        "Accept": "application/json;odata=minimalmetadata",
        "Accept-Encoding": "gzip",
        "Authorization": "Sanitized",
        "Content-Length": "34",
        "Content-Type": "application/json",
        "dataserviceversion": "3.0",
        "User-Agent": "azsdk-go-aztables/v0.2.1 azsdk-go-azcore/v0.20.0 (go1.17; Windows_NT)",
        "x-ms-date": "Tue, 26 Oct 2021 20:12:38 GMT",
        "x-ms-version": "2019-02-02"
      },
      "RequestBody": {
        "TableName": "tableName160818926"
      },
      "StatusCode": 201,
      "ResponseHeaders": {
        "Cache-Control": "no-cache",
        "Content-Type": "application/json; odata=minimalmetadata; streaming=true; charset=utf-8",
        "Date": "Tue, 26 Oct 2021 20:12:38 GMT",
        "Location": "https://seankaneprim.table.core.windows.net/Tables(\u0027tableName160818926\u0027)",
        "Server": [
          "Windows-Azure-Table/1.0",
          "Microsoft-HTTPAPI/2.0"
        ],
        "Transfer-Encoding": "chunked",
        "X-Content-Type-Options": "nosniff",
        "x-ms-request-id": "f244e9c6-b002-005a-12a5-ca173a000000",
        "x-ms-version": "2019-02-02"
      },
      "ResponseBody": {
        "odata.metadata": "https://seankaneprim.table.core.windows.net/$metadata#Tables/@Element",
        "TableName": "tableName160818926"
      }
    },
    {
      "RequestUri": "https://fakeaccount.table.core.windows.net/tableName160818926",
      "RequestMethod": "POST",
      "RequestHeaders": {
        ":authority": "localhost:5001",
        ":method": "POST",
        ":path": "/tableName160818926",
        ":scheme": "https",
        "Accept": "application/json;odata=minimalmetadata",
        "Accept-Encoding": "gzip",
        "Authorization": "Sanitized",
        "Content-Length": "194",
        "Content-Type": "application/json",
        "dataserviceversion": "3.0",
        "prefer": "return-no-content",
        "User-Agent": "azsdk-go-aztables/v0.2.1 azsdk-go-azcore/v0.20.0 (go1.17; Windows_NT)",
        "x-ms-date": "Tue, 26 Oct 2021 20:12:39 GMT",
        "x-ms-version": "2019-02-02"
      },
      "RequestBody": {
        "Bool": true,
        "Byte": "c29tZWJ5dGVz",
        "DateTime": "2021-07-13T00:00:00Z",
        "Float": 3.14159,
        "Integer": 1,
        "PartitionKey": "partition",
        "RowKey": "1",
        "String": "someString",
        "Timestamp": "0001-01-01T00:00:00Z"
      },
      "StatusCode": 204,
      "ResponseHeaders": {
        "Cache-Control": "no-cache",
        "Content-Length": "0",
        "DataServiceId": "https://seankaneprim.table.core.windows.net/tableName160818926(PartitionKey=\u0027partition\u0027,RowKey=\u00271\u0027)",
        "Date": "Tue, 26 Oct 2021 20:12:38 GMT",
        "ETag": "W/\u0022datetime\u00272021-10-26T20%3A12%3A38.8590127Z\u0027\u0022",
        "Location": "https://seankaneprim.table.core.windows.net/tableName160818926(PartitionKey=\u0027partition\u0027,RowKey=\u00271\u0027)",
        "Preference-Applied": "return-no-content",
        "Server": [
          "Windows-Azure-Table/1.0",
          "Microsoft-HTTPAPI/2.0"
        ],
        "X-Content-Type-Options": "nosniff",
        "x-ms-request-id": "f244e9f3-b002-005a-33a5-ca173a000000",
        "x-ms-version": "2019-02-02"
      },
      "ResponseBody": null
    },
    {
      "RequestUri": "https://fakeaccount.table.core.windows.net/tableName160818926",
      "RequestMethod": "POST",
      "RequestHeaders": {
        ":authority": "localhost:5001",
        ":method": "POST",
        ":path": "/tableName160818926",
        ":scheme": "https",
        "Accept": "application/json;odata=minimalmetadata",
        "Accept-Encoding": "gzip",
        "Authorization": "Sanitized",
        "Content-Length": "194",
        "Content-Type": "application/json",
        "dataserviceversion": "3.0",
        "prefer": "return-no-content",
        "User-Agent": "azsdk-go-aztables/v0.2.1 azsdk-go-azcore/v0.20.0 (go1.17; Windows_NT)",
        "x-ms-date": "Tue, 26 Oct 2021 20:12:39 GMT",
        "x-ms-version": "2019-02-02"
      },
      "RequestBody": {
        "Bool": true,
        "Byte": "c29tZWJ5dGVz",
        "DateTime": "2021-07-13T00:00:00Z",
        "Float": 3.14159,
        "Integer": 2,
        "PartitionKey": "partition",
        "RowKey": "2",
        "String": "someString",
        "Timestamp": "0001-01-01T00:00:00Z"
      },
      "StatusCode": 204,
      "ResponseHeaders": {
        "Cache-Control": "no-cache",
        "Content-Length": "0",
        "DataServiceId": "https://seankaneprim.table.core.windows.net/tableName160818926(PartitionKey=\u0027partition\u0027,RowKey=\u00272\u0027)",
        "Date": "Tue, 26 Oct 2021 20:12:38 GMT",
        "ETag": "W/\u0022datetime\u00272021-10-26T20%3A12%3A38.9459617Z\u0027\u0022",
        "Location": "https://seankaneprim.table.core.windows.net/tableName160818926(PartitionKey=\u0027partition\u0027,RowKey=\u00272\u0027)",
        "Preference-Applied": "return-no-content",
        "Server": [
          "Windows-Azure-Table/1.0",
          "Microsoft-HTTPAPI/2.0"
        ],
        "X-Content-Type-Options": "nosniff",
        "x-ms-request-id": "f244ea1c-b002-005a-51a5-ca173a000000",
        "x-ms-version": "2019-02-02"
      },
      "ResponseBody": null
    },
    {
      "RequestUri": "https://fakeaccount.table.core.windows.net/tableName160818926",
      "RequestMethod": "POST",
      "RequestHeaders": {
        ":authority": "localhost:5001",
        ":method": "POST",
        ":path": "/tableName160818926",
        ":scheme": "https",
        "Accept": "application/json;odata=minimalmetadata",
        "Accept-Encoding": "gzip",
        "Authorization": "Sanitized",
        "Content-Length": "194",
        "Content-Type": "application/json",
        "dataserviceversion": "3.0",
        "prefer": "return-no-content",
        "User-Agent": "azsdk-go-aztables/v0.2.1 azsdk-go-azcore/v0.20.0 (go1.17; Windows_NT)",
        "x-ms-date": "Tue, 26 Oct 2021 20:12:39 GMT",
        "x-ms-version": "2019-02-02"
      },
      "RequestBody": {
        "Bool": true,
        "Byte": "c29tZWJ5dGVz",
        "DateTime": "2021-07-13T00:00:00Z",
        "Float": 3.14159,
        "Integer": 3,
        "PartitionKey": "partition",
        "RowKey": "3",
        "String": "someString",
        "Timestamp": "0001-01-01T00:00:00Z"
      },
      "StatusCode": 204,
      "ResponseHeaders": {
        "Cache-Control": "no-cache",
        "Content-Length": "0",
        "DataServiceId": "https://seankaneprim.table.core.windows.net/tableName160818926(PartitionKey=\u0027partition\u0027,RowKey=\u00273\u0027)",
        "Date": "Tue, 26 Oct 2021 20:12:38 GMT",
        "ETag": "W/\u0022datetime\u00272021-10-26T20%3A12%3A39.0309123Z\u0027\u0022",
        "Location": "https://seankaneprim.table.core.windows.net/tableName160818926(PartitionKey=\u0027partition\u0027,RowKey=\u00273\u0027)",
        "Preference-Applied": "return-no-content",
        "Server": [
          "Windows-Azure-Table/1.0",
          "Microsoft-HTTPAPI/2.0"
        ],
        "X-Content-Type-Options": "nosniff",
        "x-ms-request-id": "f244ea3e-b002-005a-6fa5-ca173a000000",
        "x-ms-version": "2019-02-02"
      },
      "ResponseBody": null
    },
    {
      "RequestUri": "https://fakeaccount.table.core.windows.net/tableName160818926",
      "RequestMethod": "POST",
      "RequestHeaders": {
        ":authority": "localhost:5001",
        ":method": "POST",
        ":path": "/tableName160818926",
        ":scheme": "https",
        "Accept": "application/json;odata=minimalmetadata",
        "Accept-Encoding": "gzip",
        "Authorization": "Sanitized",
        "Content-Length": "194",
        "Content-Type": "application/json",
        "dataserviceversion": "3.0",
        "prefer": "return-no-content",
        "User-Agent": "azsdk-go-aztables/v0.2.1 azsdk-go-azcore/v0.20.0 (go1.17; Windows_NT)",
        "x-ms-date": "Tue, 26 Oct 2021 20:12:39 GMT",
        "x-ms-version": "2019-02-02"
      },
      "RequestBody": {
        "Bool": true,
        "Byte": "c29tZWJ5dGVz",
        "DateTime": "2021-07-13T00:00:00Z",
        "Float": 3.14159,
        "Integer": 4,
        "PartitionKey": "partition",
        "RowKey": "4",
        "String": "someString",
        "Timestamp": "0001-01-01T00:00:00Z"
      },
      "StatusCode": 204,
      "ResponseHeaders": {
        "Cache-Control": "no-cache",
        "Content-Length": "0",
        "DataServiceId": "https://seankaneprim.table.core.windows.net/tableName160818926(PartitionKey=\u0027partition\u0027,RowKey=\u00274\u0027)",
        "Date": "Tue, 26 Oct 2021 20:12:38 GMT",
        "ETag": "W/\u0022datetime\u00272021-10-26T20%3A12%3A39.1168614Z\u0027\u0022",
        "Location": "https://seankaneprim.table.core.windows.net/tableName160818926(PartitionKey=\u0027partition\u0027,RowKey=\u00274\u0027)",
        "Preference-Applied": "return-no-content",
        "Server": [
          "Windows-Azure-Table/1.0",
          "Microsoft-HTTPAPI/2.0"
        ],
        "X-Content-Type-Options": "nosniff",
        "x-ms-request-id": "f244ea6d-b002-005a-15a5-ca173a000000",
        "x-ms-version": "2019-02-02"
      },
      "ResponseBody": null
    },
    {
      "RequestUri": "https://fakeaccount.table.core.windows.net/tableName160818926",
      "RequestMethod": "POST",
      "RequestHeaders": {
        ":authority": "localhost:5001",
        ":method": "POST",
        ":path": "/tableName160818926",
        ":scheme": "https",
        "Accept": "application/json;odata=minimalmetadata",
        "Accept-Encoding": "gzip",
        "Authorization": "Sanitized",
        "Content-Length": "194",
        "Content-Type": "application/json",
        "dataserviceversion": "3.0",
        "prefer": "return-no-content",
        "User-Agent": "azsdk-go-aztables/v0.2.1 azsdk-go-azcore/v0.20.0 (go1.17; Windows_NT)",
        "x-ms-date": "Tue, 26 Oct 2021 20:12:39 GMT",
        "x-ms-version": "2019-02-02"
      },
      "RequestBody": {
        "Bool": true,
        "Byte": "c29tZWJ5dGVz",
        "DateTime": "2021-07-13T00:00:00Z",
        "Float": 3.14159,
        "Integer": 5,
        "PartitionKey": "partition",
        "RowKey": "5",
        "String": "someString",
        "Timestamp": "0001-01-01T00:00:00Z"
      },
      "StatusCode": 204,
      "ResponseHeaders": {
        "Cache-Control": "no-cache",
        "Content-Length": "0",
        "DataServiceId": "https://seankaneprim.table.core.windows.net/tableName160818926(PartitionKey=\u0027partition\u0027,RowKey=\u00275\u0027)",
        "Date": "Tue, 26 Oct 2021 20:12:38 GMT",
        "ETag": "W/\u0022datetime\u00272021-10-26T20%3A12%3A39.2038103Z\u0027\u0022",
        "Location": "https://seankaneprim.table.core.windows.net/tableName160818926(PartitionKey=\u0027partition\u0027,RowKey=\u00275\u0027)",
        "Preference-Applied": "return-no-content",
        "Server": [
          "Windows-Azure-Table/1.0",
          "Microsoft-HTTPAPI/2.0"
        ],
        "X-Content-Type-Options": "nosniff",
        "x-ms-request-id": "f244ea80-b002-005a-26a5-ca173a000000",
        "x-ms-version": "2019-02-02"
      },
      "ResponseBody": null
    },
    {
      "RequestUri": "https://fakeaccount.table.core.windows.net/tableName160818926()?%24filter=RowKey\u002Blt\u002B%275%27\u0026%24format=application%2Fjson%3Bodata%3Dminimalmetadata",
      "RequestMethod": "GET",
      "RequestHeaders": {
        ":authority": "localhost:5001",
        ":method": "GET",
        ":path": "/tableName160818926()?%24filter=RowKey\u002Blt\u002B%275%27\u0026%24format=application%2Fjson%3Bodata%3Dminimalmetadata",
        ":scheme": "https",
        "Accept": "application/json;odata=minimalmetadata",
        "Accept-Encoding": "gzip",
        "Authorization": "Sanitized",
        "dataserviceversion": "3.0",
        "User-Agent": "azsdk-go-aztables/v0.2.1 azsdk-go-azcore/v0.20.0 (go1.17; Windows_NT)",
        "x-ms-date": "Tue, 26 Oct 2021 20:12:39 GMT",
        "x-ms-version": "2019-02-02"
      },
      "RequestBody": null,
      "StatusCode": 200,
      "ResponseHeaders": {
        "Cache-Control": "no-cache",
        "Content-Type": "application/json; odata=minimalmetadata; streaming=true; charset=utf-8",
        "Date": "Tue, 26 Oct 2021 20:12:38 GMT",
        "Server": [
          "Windows-Azure-Table/1.0",
          "Microsoft-HTTPAPI/2.0"
        ],
        "Transfer-Encoding": "chunked",
        "Vary": "Origin",
        "X-Content-Type-Options": "nosniff",
        "x-ms-request-id": "f244ea93-b002-005a-38a5-ca173a000000",
        "x-ms-version": "2019-02-02"
      },
      "ResponseBody": {
        "odata.metadata": "https://seankaneprim.table.core.windows.net/$metadata#tableName160818926",
        "value": [
          {
            "odata.etag": "W/\u0022datetime\u00272021-10-26T20%3A12%3A38.8590127Z\u0027\u0022",
            "PartitionKey": "partition",
            "RowKey": "1",
            "Timestamp": "2021-10-26T20:12:38.8590127Z",
            "Bool": true,
            "Byte": "c29tZWJ5dGVz",
            "DateTime": "2021-07-13T00:00:00Z",
            "Float": 3.14159,
            "Integer": 1,
            "String": "someString"
          },
          {
            "odata.etag": "W/\u0022datetime\u00272021-10-26T20%3A12%3A38.9459617Z\u0027\u0022",
            "PartitionKey": "partition",
            "RowKey": "2",
            "Timestamp": "2021-10-26T20:12:38.9459617Z",
            "Bool": true,
            "Byte": "c29tZWJ5dGVz",
            "DateTime": "2021-07-13T00:00:00Z",
            "Float": 3.14159,
            "Integer": 2,
            "String": "someString"
          },
          {
            "odata.etag": "W/\u0022datetime\u00272021-10-26T20%3A12%3A39.0309123Z\u0027\u0022",
            "PartitionKey": "partition",
            "RowKey": "3",
            "Timestamp": "2021-10-26T20:12:39.0309123Z",
            "Bool": true,
            "Byte": "c29tZWJ5dGVz",
            "DateTime": "2021-07-13T00:00:00Z",
            "Float": 3.14159,
            "Integer": 3,
            "String": "someString"
          },
          {
            "odata.etag": "W/\u0022datetime\u00272021-10-26T20%3A12%3A39.1168614Z\u0027\u0022",
            "PartitionKey": "partition",
            "RowKey": "4",
            "Timestamp": "2021-10-26T20:12:39.1168614Z",
            "Bool": true,
            "Byte": "c29tZWJ5dGVz",
            "DateTime": "2021-07-13T00:00:00Z",
            "Float": 3.14159,
            "Integer": 4,
            "String": "someString"
          }
        ]
      }
    },
    {
      "RequestUri": "https://fakeaccount.table.core.windows.net/Tables(\u0027tableName160818926\u0027)",
      "RequestMethod": "DELETE",
      "RequestHeaders": {
        ":authority": "localhost:5001",
        ":method": "DELETE",
        ":path": "/Tables(\u0027tableName160818926\u0027)",
        ":scheme": "https",
        "Accept": "application/json",
        "Accept-Encoding": "gzip",
        "Authorization": "Sanitized",
        "User-Agent": "azsdk-go-aztables/v0.2.1 azsdk-go-azcore/v0.20.0 (go1.17; Windows_NT)",
        "x-ms-date": "Tue, 26 Oct 2021 20:12:39 GMT",
        "x-ms-version": "2019-02-02"
      },
      "RequestBody": null,
      "StatusCode": 204,
      "ResponseHeaders": {
        "Cache-Control": "no-cache",
        "Content-Length": "0",
        "Date": "Tue, 26 Oct 2021 20:12:38 GMT",
        "Server": [
          "Windows-Azure-Table/1.0",
          "Microsoft-HTTPAPI/2.0"
        ],
        "X-Content-Type-Options": "nosniff",
        "x-ms-request-id": "f244eaad-b002-005a-4da5-ca173a000000",
        "x-ms-version": "2019-02-02"
      },
      "ResponseBody": null
    }
  ],
  "Variables": {}
}
