---
version: 1
rwmutex: {}
interactions:
- request:
    body: ""
    form: {}
    headers:
      Authorization:
      - SharedKey golangrocksonazure:XlOsbAOAYkekh490YtBgTbNrrWsSV3GbrAJiQd+QJG0=
      User-Agent:
      - Go/go1.8 (amd64-windows) azure-storage-go/0.1.0 api-version/2016-05-31 blob
      X-Ms-Date:
      - Wed, 05 Apr 2017 22:33:02 GMT
      X-Ms-Version:
      - 2016-05-31
    url: https://golangrocksonazure.blob.core.windows.net/cnt-45appendblobsuitetestputappe?restype=container
    method: PUT
  response:
    body: ""
    headers:
      Date:
      - Wed, 05 Apr 2017 22:33:02 GMT
      Etag:
      - '"0x8D47C73B8A4BCAB"'
      Last-Modified:
      - Wed, 05 Apr 2017 22:33:02 GMT
      Server:
      - Windows-Azure-Blob/1.0 Microsoft-HTTPAPI/2.0
      X-Ms-Request-Id:
      - 5eac27b9-0001-00d8-4f5c-aea568000000
      X-Ms-Version:
      - 2016-05-31
    status: 201 Created
    code: 201
- request:
    body: ""
    form: {}
    headers:
      Authorization:
      - SharedKey golangrocksonazure:v2W4RsHq6pPfq9rgnND/I2PpRwBfa3mPBKzrYdwiL0Y=
      User-Agent:
      - Go/go1.8 (amd64-windows) azure-storage-go/0.1.0 api-version/2016-05-31 blob
      X-Ms-Blob-Type:
      - AppendBlob
      X-Ms-Date:
      - Wed, 05 Apr 2017 22:33:02 GMT
      X-Ms-Version:
      - 2016-05-31
    url: https://golangrocksonazure.blob.core.windows.net/cnt-45appendblobsuitetestputappe/blob/45appendblobsuitetestputappendblobappendblocks
    method: PUT
  response:
    body: ""
    headers:
      Date:
      - Wed, 05 Apr 2017 22:33:02 GMT
      Etag:
      - '"0x8D47C73B897A67A"'
      Last-Modified:
      - Wed, 05 Apr 2017 22:33:02 GMT
      Server:
      - Windows-Azure-Blob/1.0 Microsoft-HTTPAPI/2.0
      X-Ms-Request-Id:
      - 5eac27d9-0001-00d8-695c-aea568000000
      X-Ms-Request-Server-Encrypted:
      - "false"
      X-Ms-Version:
      - 2016-05-31
    status: 201 Created
    code: 201
- request:
    body: Lorem ipsum dolor sit amet, consectetur adipiscing elit. Integer feugiat
      eleifend scelerisque. Phasellus tempor turpis eget magna pretium, et finibus
      massa convallis. Donec eget lacinia nibh. Ut ut cursus odio. Quisque id justo
      interdum, maximus ex a, dapibus leo. Nullam mattis arcu nec justo vehicula pretium.
      Curabitur fermentum quam ac dolor venenatis, vitae scelerisque ex posuere. Donec
      ut ante porttitor, ultricies ante ac, pulvinar metus. Nunc suscipit elit gravida
      dolor facilisis sollicitudin. Fusce ac ultrices libero. Donec erat lectus, hendrerit
      volutpat nisl quis, porta accumsan nibh. Pellentesque hendrerit nisi id mi porttitor
      maximus. Phasellus vitae venenatis velit. Quisque id felis nec lacus iaculis
      porttitor. Maecenas egestas tortor et nulla dapibus varius. In hac habitasse
      platea dictumst.Lorem ipsum dolor sit amet, consectetur adipiscing elit. Integer
      feugiat eleifend scelerisque. Phasellus tempor turpis eget magna pretium, et
      finibus massa convallis. Donec eget lacinia nibh. Ut ut cursus odio.
    form: {}
    headers:
      Authorization:
      - SharedKey golangrocksonazure:0aT4sgI1ivi5dNTZsCpLGxICHzbjQZh+CPKG2bVo7NA=
      Content-Length:
      - "1024"
      User-Agent:
      - Go/go1.8 (amd64-windows) azure-storage-go/0.1.0 api-version/2016-05-31 blob
      X-Ms-Blob-Type:
      - AppendBlob
      X-Ms-Date:
      - Wed, 05 Apr 2017 22:33:02 GMT
      X-Ms-Version:
      - 2016-05-31
    url: https://golangrocksonazure.blob.core.windows.net/cnt-45appendblobsuitetestputappe/blob/45appendblobsuitetestputappendblobappendblocks?comp=appendblock
    method: PUT
  response:
    body: ""
    headers:
      Content-Md5:
      - 0rZVY1m4cHz874drfCSd/w==
      Date:
      - Wed, 05 Apr 2017 22:33:02 GMT
      Etag:
      - '"0x8D47C73B89ED3B6"'
      Last-Modified:
      - Wed, 05 Apr 2017 22:33:02 GMT
      Server:
      - Windows-Azure-Blob/1.0 Microsoft-HTTPAPI/2.0
      X-Ms-Blob-Append-Offset:
      - "0"
      X-Ms-Blob-Committed-Block-Count:
      - "1"
      X-Ms-Request-Id:
      - 5eac27ea-0001-00d8-795c-aea568000000
      X-Ms-Request-Server-Encrypted:
      - "false"
      X-Ms-Version:
      - 2016-05-31
    status: 201 Created
    code: 201
- request:
    body: ""
    form: {}
    headers:
      Authorization:
      - SharedKey golangrocksonazure:SIjwjmSWo1QiqvcC1hyw5KzusuuHhmTTLZuPSZUKjbY=
      Range:
      - bytes=0-1023
      User-Agent:
      - Go/go1.8 (amd64-windows) azure-storage-go/0.1.0 api-version/2016-05-31 blob
      X-Ms-Date:
      - Wed, 05 Apr 2017 22:33:02 GMT
      X-Ms-Range-Get-Content-Md5:
      - "false"
      X-Ms-Version:
      - 2016-05-31
    url: https://golangrocksonazure.blob.core.windows.net/cnt-45appendblobsuitetestputappe/blob/45appendblobsuitetestputappendblobappendblocks
    method: GET
  response:
    body: Lorem ipsum dolor sit amet, consectetur adipiscing elit. Integer feugiat
      eleifend scelerisque. Phasellus tempor turpis eget magna pretium, et finibus
      massa convallis. Donec eget lacinia nibh. Ut ut cursus odio. Quisque id justo
      interdum, maximus ex a, dapibus leo. Nullam mattis arcu nec justo vehicula pretium.
      Curabitur fermentum quam ac dolor venenatis, vitae scelerisque ex posuere. Donec
      ut ante porttitor, ultricies ante ac, pulvinar metus. Nunc suscipit elit gravida
      dolor facilisis sollicitudin. Fusce ac ultrices libero. Donec erat lectus, hendrerit
      volutpat nisl quis, porta accumsan nibh. Pellentesque hendrerit nisi id mi porttitor
      maximus. Phasellus vitae venenatis velit. Quisque id felis nec lacus iaculis
      porttitor. Maecenas egestas tortor et nulla dapibus varius. In hac habitasse
      platea dictumst.Lorem ipsum dolor sit amet, consectetur adipiscing elit. Integer
      feugiat eleifend scelerisque. Phasellus tempor turpis eget magna pretium, et
      finibus massa convallis. Donec eget lacinia nibh. Ut ut cursus odio.
    headers:
      Accept-Ranges:
      - bytes
      Content-Length:
      - "1024"
      Content-Range:
      - bytes 0-1023/1024
      Content-Type:
      - application/octet-stream
      Date:
      - Wed, 05 Apr 2017 22:33:02 GMT
      Etag:
      - '"0x8D47C73B89ED3B6"'
      Last-Modified:
      - Wed, 05 Apr 2017 22:33:02 GMT
      Server:
      - Windows-Azure-Blob/1.0 Microsoft-HTTPAPI/2.0
      X-Ms-Blob-Committed-Block-Count:
      - "1"
      X-Ms-Blob-Type:
      - AppendBlob
      X-Ms-Lease-State:
      - available
      X-Ms-Lease-Status:
      - unlocked
      X-Ms-Request-Id:
      - 5eac2802-0001-00d8-0e5c-aea568000000
      X-Ms-Server-Encrypted:
      - "false"
      X-Ms-Version:
      - 2016-05-31
    status: 206 Partial Content
    code: 206
- request:
    body: Lorem ipsum dolor sit amet, consectetur adipiscing elit. Integer feugiat
      eleifend scelerisque. Phasellus tempor turpis eget magna pretium, et finibus
      massa convallis. Donec eget lacinia nibh. Ut ut cursus odio. Quisque id justo
      interdum, maximus ex a, dapibus leo. Nullam mattis arcu nec justo vehicula pretium.
      Curabitur fermentum quam ac dolor venenatis, vitae scelerisque ex posuere. Donec
      ut ante porttitor, ultricies ante ac, pulvinar metus. Nunc suscipit elit gravida
      dolor facilisis sollicitudin. Fusce ac
    form: {}
    headers:
      Authorization:
      - SharedKey golangrocksonazure:GGYuVRViEJhQ1gIT5RIQ4n+pYAnpmg1dXYgNdEINaNY=
      Content-Length:
      - "512"
      User-Agent:
      - Go/go1.8 (amd64-windows) azure-storage-go/0.1.0 api-version/2016-05-31 blob
      X-Ms-Blob-Type:
      - AppendBlob
      X-Ms-Date:
      - Wed, 05 Apr 2017 22:33:03 GMT
      X-Ms-Version:
      - 2016-05-31
    url: https://golangrocksonazure.blob.core.windows.net/cnt-45appendblobsuitetestputappe/blob/45appendblobsuitetestputappendblobappendblocks?comp=appendblock
    method: PUT
  response:
    body: ""
    headers:
      Content-Md5:
      - 2Xr7q2sERdQmQ41hZ7sPvQ==
      Date:
      - Wed, 05 Apr 2017 22:33:02 GMT
      Etag:
      - '"0x8D47C73B8AE66E0"'
      Last-Modified:
      - Wed, 05 Apr 2017 22:33:02 GMT
      Server:
      - Windows-Azure-Blob/1.0 Microsoft-HTTPAPI/2.0
      X-Ms-Blob-Append-Offset:
      - "1024"
      X-Ms-Blob-Committed-Block-Count:
      - "2"
      X-Ms-Request-Id:
      - 5eac2817-0001-00d8-225c-aea568000000
      X-Ms-Request-Server-Encrypted:
      - "false"
      X-Ms-Version:
      - 2016-05-31
    status: 201 Created
    code: 201
- request:
    body: ""
    form: {}
    headers:
      Authorization:
      - SharedKey golangrocksonazure:/91TcnQGQMpMpGIbP8e+TNBF3z4x/Tik2sLquji9KX4=
      Range:
      - bytes=0-1535
      User-Agent:
      - Go/go1.8 (amd64-windows) azure-storage-go/0.1.0 api-version/2016-05-31 blob
      X-Ms-Date:
      - Wed, 05 Apr 2017 22:33:03 GMT
      X-Ms-Range-Get-Content-Md5:
      - "false"
      X-Ms-Version:
      - 2016-05-31
    url: https://golangrocksonazure.blob.core.windows.net/cnt-45appendblobsuitetestputappe/blob/45appendblobsuitetestputappendblobappendblocks
    method: GET
  response:
    body: Lorem ipsum dolor sit amet, consectetur adipiscing elit. Integer feugiat
      eleifend scelerisque. Phasellus tempor turpis eget magna pretium, et finibus
      massa convallis. Donec eget lacinia nibh. Ut ut cursus odio. Quisque id justo
      interdum, maximus ex a, dapibus leo. Nullam mattis arcu nec justo vehicula pretium.
      Curabitur fermentum quam ac dolor venenatis, vitae scelerisque ex posuere. Donec
      ut ante porttitor, ultricies ante ac, pulvinar metus. Nunc suscipit elit gravida
      dolor facilisis sollicitudin. Fusce ac ultrices libero. Donec erat lectus, hendrerit
      volutpat nisl quis, porta accumsan nibh. Pellentesque hendrerit nisi id mi porttitor
      maximus. Phasellus vitae venenatis velit. Quisque id felis nec lacus iaculis
      porttitor. Maecenas egestas tortor et nulla dapibus varius. In hac habitasse
      platea dictumst.Lorem ipsum dolor sit amet, consectetur adipiscing elit. Integer
      feugiat eleifend scelerisque. Phasellus tempor turpis eget magna pretium, et
      finibus massa convallis. Donec eget lacinia nibh. Ut ut cursus odio.Lorem ipsum
      dolor sit amet, consectetur adipiscing elit. Integer feugiat eleifend scelerisque.
      Phasellus tempor turpis eget magna pretium, et finibus massa convallis. Donec
      eget lacinia nibh. Ut ut cursus odio. Quisque id justo interdum, maximus ex
      a, dapibus leo. Nullam mattis arcu nec justo vehicula pretium. Curabitur fermentum
      quam ac dolor venenatis, vitae scelerisque ex posuere. Donec ut ante porttitor,
      ultricies ante ac, pulvinar metus. Nunc suscipit elit gravida dolor facilisis
      sollicitudin. Fusce ac
    headers:
      Accept-Ranges:
      - bytes
      Content-Length:
      - "1536"
      Content-Range:
      - bytes 0-1535/1536
      Content-Type:
      - application/octet-stream
      Date:
      - Wed, 05 Apr 2017 22:33:02 GMT
      Etag:
      - '"0x8D47C73B8AE66E0"'
      Last-Modified:
      - Wed, 05 Apr 2017 22:33:02 GMT
      Server:
      - Windows-Azure-Blob/1.0 Microsoft-HTTPAPI/2.0
      X-Ms-Blob-Committed-Block-Count:
      - "2"
      X-Ms-Blob-Type:
      - AppendBlob
      X-Ms-Lease-State:
      - available
      X-Ms-Lease-Status:
      - unlocked
      X-Ms-Request-Id:
      - 5eac2831-0001-00d8-3a5c-aea568000000
      X-Ms-Server-Encrypted:
      - "false"
      X-Ms-Version:
      - 2016-05-31
    status: 206 Partial Content
    code: 206
- request:
    body: ""
    form: {}
    headers:
      Authorization:
      - SharedKey golangrocksonazure:ISwxNOU6AKWxzk5pFfVwnZBYhZ6jfp8kizMWhyw6LLI=
      User-Agent:
      - Go/go1.8 (amd64-windows) azure-storage-go/0.1.0 api-version/2016-05-31 blob
      X-Ms-Date:
      - Wed, 05 Apr 2017 22:33:03 GMT
      X-Ms-Version:
      - 2016-05-31
    url: https://golangrocksonazure.blob.core.windows.net/cnt-45appendblobsuitetestputappe?restype=container
    method: DELETE
  response:
    body: ""
    headers:
      Date:
      - Wed, 05 Apr 2017 22:33:02 GMT
      Server:
      - Windows-Azure-Blob/1.0 Microsoft-HTTPAPI/2.0
      X-Ms-Request-Id:
      - 5eac2845-0001-00d8-4b5c-aea568000000
      X-Ms-Version:
      - 2016-05-31
    status: 202 Accepted
    code: 202
