{
  "Entries": [
    {
      "RequestUri": "https://fakeaccount.table.core.windows.net/Tables",
      "RequestMethod": "POST",
      "RequestHeaders": {
        ":method": "POST",
        "Accept": "application/json;odata=minimalmetadata",
        "Accept-Encoding": "gzip",
        "Authorization": "Sanitized",
        "Content-Length": "35",
        "Content-Type": "application/json",
        "dataserviceversion": "3.0",
        "User-Agent": "azsdk-go-internal/v0.5.1 azsdk-go-azcore/v0.21.0 (go1.17; Windows_NT)",
        "x-ms-date": "Mon, 24 Jan 2022 20:59:16 GMT",
        "x-ms-version": "2019-02-02"
      },
      "RequestBody": {
        "TableName": "tableName1098819688"
      },
      "StatusCode": 201,
      "ResponseHeaders": {
        "Cache-Control": "no-cache",
        "Content-Type": "application/json; odata=minimalmetadata; streaming=true; charset=utf-8",
        "Date": "Mon, 24 Jan 2022 20:59:17 GMT",
        "Location": "https://rosebudprim.table.core.windows.net/Tables(\u0027tableName1098819688\u0027)",
        "Server": [
          "Windows-Azure-Table/1.0",
          "Microsoft-HTTPAPI/2.0"
        ],
        "Transfer-Encoding": "chunked",
        "X-Content-Type-Options": "nosniff",
        "x-ms-request-id": "f9916c3a-b002-0054-4765-11ec4e000000",
        "x-ms-version": "2019-02-02"
      },
      "ResponseBody": {
        "odata.metadata": "https://rosebudprim.table.core.windows.net/$metadata#Tables/@Element",
        "TableName": "tableName1098819688"
      }
    },
    {
      "RequestUri": "https://fakeaccount.table.core.windows.net/tableName1098819688",
      "RequestMethod": "POST",
      "RequestHeaders": {
        ":method": "POST",
        "Accept": "application/json;odata=minimalmetadata",
        "Accept-Encoding": "gzip",
        "Authorization": "Sanitized",
        "Content-Length": "194",
        "Content-Type": "application/json",
        "dataserviceversion": "3.0",
        "prefer": "return-no-content",
        "User-Agent": "azsdk-go-internal/v0.5.1 azsdk-go-azcore/v0.21.0 (go1.17; Windows_NT)",
        "x-ms-date": "Mon, 24 Jan 2022 20:59:16 GMT",
        "x-ms-version": "2019-02-02"
      },
      "RequestBody": {
        "Bool": true,
        "Byte": "c29tZWJ5dGVz",
        "DateTime": "2021-07-13T00:00:00Z",
        "Float": 3.14159,
        "Integer": 1,
        "PartitionKey": "partition",
        "RowKey": "1",
        "String": "someString",
        "Timestamp": "0001-01-01T00:00:00Z"
      },
      "StatusCode": 204,
      "ResponseHeaders": {
        "Cache-Control": "no-cache",
        "Content-Length": "0",
        "DataServiceId": "https://rosebudprim.table.core.windows.net/tableName1098819688(PartitionKey=\u0027partition\u0027,RowKey=\u00271\u0027)",
        "Date": "Mon, 24 Jan 2022 20:59:17 GMT",
        "ETag": "W/\u0022datetime\u00272022-01-24T20%3A59%3A17.4554303Z\u0027\u0022",
        "Location": "https://rosebudprim.table.core.windows.net/tableName1098819688(PartitionKey=\u0027partition\u0027,RowKey=\u00271\u0027)",
        "Preference-Applied": "return-no-content",
        "Server": [
          "Windows-Azure-Table/1.0",
          "Microsoft-HTTPAPI/2.0"
        ],
        "X-Content-Type-Options": "nosniff",
        "x-ms-request-id": "f9916c72-b002-0054-7b65-11ec4e000000",
        "x-ms-version": "2019-02-02"
      },
      "ResponseBody": null
    },
    {
      "RequestUri": "https://fakeaccount.table.core.windows.net/Tables(\u0027tableName1098819688\u0027)",
      "RequestMethod": "DELETE",
      "RequestHeaders": {
        "Accept": "application/json",
        "Accept-Encoding": "gzip",
        "Authorization": "Sanitized",
        "User-Agent": "azsdk-go-internal/v0.5.1 azsdk-go-azcore/v0.21.0 (go1.17; Windows_NT)",
        "x-ms-date": "Mon, 24 Jan 2022 20:59:16 GMT",
        "x-ms-version": "2019-02-02"
      },
      "RequestBody": null,
      "StatusCode": 204,
      "ResponseHeaders": {
        "Cache-Control": "no-cache",
        "Content-Length": "0",
        "Date": "Mon, 24 Jan 2022 20:59:17 GMT",
        "Server": [
          "Windows-Azure-Table/1.0",
          "Microsoft-HTTPAPI/2.0"
        ],
        "X-Content-Type-Options": "nosniff",
        "x-ms-request-id": "f9916cb3-b002-0054-3865-11ec4e000000",
        "x-ms-version": "2019-02-02"
      },
      "ResponseBody": null
    }
  ],
  "Variables": {}
}
