{
  "Entries": [
    {
      "RequestUri": "https://management.azure.com/subscriptions/00000000-0000-0000-0000-000000000000/resourcegroups/go-sdk-test-rg?api-version=2021-04-01",
      "RequestMethod": "PUT",
      "RequestHeaders": {
        "Accept": "application/json",
        "Accept-Encoding": "gzip",
        "Authorization": "Sanitized",
        "Content-Length": "21",
        "Content-Type": "application/json",
        "User-Agent": "azsdk-go-armresources/v1.0.0 (go1.19; Windows_NT)"
      },
      "RequestBody": {
        "location": "westus"
      },
      "StatusCode": 201,
      "ResponseHeaders": {
        "Cache-Control": "no-cache",
        "Content-Length": "225",
        "Content-Type": "application/json; charset=utf-8",
        "Date": "Fri, 21 Oct 2022 13:25:49 GMT",
        "Expires": "-1",
        "Pragma": "no-cache",
        "Strict-Transport-Security": "max-age=31536000; includeSubDomains",
        "X-Content-Type-Options": "nosniff",
        "x-ms-correlation-request-id": "00000000-0000-0000-0000-000000000000",
        "x-ms-ratelimit-remaining-subscription-writes": "1190",
        "x-ms-request-id": "00000000-0000-0000-0000-000000000000",
        "x-ms-routing-request-id": "SOUTHEASTASIA:20221021T132549Z:00000000-0000-0000-0000-000000000000"
      },
      "ResponseBody": {
        "id": "/subscriptions/00000000-0000-0000-0000-000000000000/resourceGroups/go-sdk-test-rg",
        "name": "go-sdk-test-rg",
        "type": "Microsoft.Resources/resourceGroups",
        "location": "westus",
        "properties": {
          "provisioningState": "Succeeded"
        }
      }
    },
    {
      "RequestUri": "https://management.azure.com/subscriptions/00000000-0000-0000-0000-000000000000/resourceGroups/go-sdk-test-rg/providers/Microsoft.ApiManagement/service/servicegroupsdGYeN?api-version=2021-08-01",
      "RequestMethod": "PUT",
      "RequestHeaders": {
        "Accept": "application/json",
        "Accept-Encoding": "gzip",
        "Authorization": "Sanitized",
        "Content-Length": "172",
        "Content-Type": "application/json",
        "User-Agent": "azsdk-go-armapimanagement/v1.0.0 (go1.19; Windows_NT)"
      },
      "RequestBody": {
        "location": "westus",
        "properties": {
          "publisherEmail": "foo@contoso.com",
          "publisherName": "foo"
        },
        "sku": {
          "capacity": 1,
          "name": "Standard"
        },
        "tags": {
          "Name": "Contoso",
          "Test": "User"
        }
      },
      "StatusCode": 201,
      "ResponseHeaders": {
        "Cache-Control": "no-cache",
        "Content-Length": "1762",
        "Content-Type": "application/json; charset=utf-8",
        "Date": "Fri, 21 Oct 2022 13:25:56 GMT",
        "ETag": "\u0022AAAAAAA90yY=\u0022",
        "Expires": "-1",
        "Location": "https://management.azure.com/subscriptions/00000000-0000-0000-0000-000000000000/resourceGroups/go-sdk-test-rg/providers/Microsoft.ApiManagement/service/servicegroupsdGYeN/operationresults/d2VzdHVzOnNlcnZpY2Vncm91cHNkR1llTl9BY3RfYTg3M2Y3MGE=?api-version=2021-08-01",
        "Pragma": "no-cache",
        "Retry-After": "60",
        "Server": "Microsoft-HTTPAPI/2.0",
        "Strict-Transport-Security": "max-age=31536000; includeSubDomains",
        "X-Content-Type-Options": "nosniff",
        "x-ms-correlation-request-id": "00000000-0000-0000-0000-000000000000",
        "x-ms-ratelimit-remaining-subscription-writes": "1189",
        "x-ms-request-id": [
          "00000000-0000-0000-0000-000000000000",
          "477f90a3-4765-47a9-b01a-06cae98502a1"
        ],
        "x-ms-routing-request-id": "SOUTHEASTASIA:20221021T132557Z:00000000-0000-0000-0000-000000000000"
      },
      "ResponseBody": {
        "id": "/subscriptions/00000000-0000-0000-0000-000000000000/resourceGroups/go-sdk-test-rg/providers/Microsoft.ApiManagement/service/servicegroupsdGYeN",
        "name": "servicegroupsdGYeN",
        "type": "Microsoft.ApiManagement/service",
        "tags": {
          "Name": "Contoso",
          "Test": "User"
        },
        "location": "West US",
        "etag": "AAAAAAA90yY=",
        "properties": {
          "publisherEmail": "foo@contoso.com",
          "publisherName": "foo",
          "notificationSenderEmail": "apimgmt-noreply@mail.windowsazure.com",
          "provisioningState": "Created",
          "targetProvisioningState": "Activating",
          "createdAtUtc": "2022-10-21T13:25:52.0703041Z",
          "gatewayUrl": "https://servicegroupsdgyen.azure-api.net",
          "gatewayRegionalUrl": null,
          "portalUrl": null,
          "developerPortalUrl": null,
          "managementApiUrl": null,
          "scmUrl": null,
          "hostnameConfigurations": [
            {
              "type": "Proxy",
              "hostName": "servicegroupsdgyen.azure-api.net",
              "encodedCertificate": null,
              "keyVaultId": null,
              "certificatePassword": null,
              "negotiateClientCertificate": false,
              "certificate": null,
              "defaultSslBinding": true,
              "identityClientId": null,
              "certificateSource": "BuiltIn",
              "certificateStatus": null
            }
          ],
          "publicIPAddresses": null,
          "privateIPAddresses": null,
          "additionalLocations": null,
          "virtualNetworkConfiguration": null,
          "customProperties": null,
          "virtualNetworkType": "None",
          "certificates": null,
          "disableGateway": false,
          "apiVersionConstraint": {
            "minApiVersion": null
          },
          "publicIpAddressId": null,
          "publicNetworkAccess": "Enabled",
          "privateEndpointConnections": null,
          "platformVersion": "undetermined"
        },
        "sku": {
          "name": "Standard",
          "capacity": 1
        },
        "identity": null,
        "zones": null,
        "systemData": {
          "createdBy": "00000000-0000-0000-0000-000000000000",
          "createdByType": "Application",
          "createdAt": "2022-10-21T13:25:51.9771616Z",
          "lastModifiedBy": "00000000-0000-0000-0000-000000000000",
          "lastModifiedByType": "Application",
          "lastModifiedAt": "2022-10-21T13:25:51.9771616Z"
        }
      }
    },
    {
      "RequestUri": "https://management.azure.com/subscriptions/00000000-0000-0000-0000-000000000000/resourceGroups/go-sdk-test-rg/providers/Microsoft.ApiManagement/service/servicegroupsdGYeN/operationresults/d2VzdHVzOnNlcnZpY2Vncm91cHNkR1llTl9BY3RfYTg3M2Y3MGE=?api-version=2021-08-01",
      "RequestMethod": "GET",
      "RequestHeaders": {
        "Accept-Encoding": "gzip",
        "Authorization": "Sanitized",
        "User-Agent": "azsdk-go-armapimanagement/v1.0.0 (go1.19; Windows_NT)"
      },
      "RequestBody": null,
      "StatusCode": 202,
      "ResponseHeaders": {
        "Cache-Control": "no-cache",
        "Content-Length": "0",
        "Date": "Fri, 21 Oct 2022 13:26:57 GMT",
        "Expires": "-1",
        "Location": "https://management.azure.com/subscriptions/00000000-0000-0000-0000-000000000000/resourceGroups/go-sdk-test-rg/providers/Microsoft.ApiManagement/service/servicegroupsdGYeN/operationresults/d2VzdHVzOnNlcnZpY2Vncm91cHNkR1llTl9BY3RfYTg3M2Y3MGE=?api-version=2021-08-01",
        "Pragma": "no-cache",
        "Retry-After": "60",
        "Server": "Microsoft-HTTPAPI/2.0",
        "Strict-Transport-Security": "max-age=31536000; includeSubDomains",
        "X-Content-Type-Options": "nosniff",
        "x-ms-correlation-request-id": "00000000-0000-0000-0000-000000000000",
        "x-ms-ratelimit-remaining-subscription-reads": "11927",
        "x-ms-request-id": "00000000-0000-0000-0000-000000000000",
        "x-ms-routing-request-id": "SOUTHEASTASIA:20221021T132657Z:00000000-0000-0000-0000-000000000000"
      },
      "ResponseBody": null
    },
    {
      "RequestUri": "https://management.azure.com/subscriptions/00000000-0000-0000-0000-000000000000/resourceGroups/go-sdk-test-rg/providers/Microsoft.ApiManagement/service/servicegroupsdGYeN/operationresults/d2VzdHVzOnNlcnZpY2Vncm91cHNkR1llTl9BY3RfYTg3M2Y3MGE=?api-version=2021-08-01",
      "RequestMethod": "GET",
      "RequestHeaders": {
        "Accept-Encoding": "gzip",
        "Authorization": "Sanitized",
        "User-Agent": "azsdk-go-armapimanagement/v1.0.0 (go1.19; Windows_NT)"
      },
      "RequestBody": null,
      "StatusCode": 202,
      "ResponseHeaders": {
        "Cache-Control": "no-cache",
        "Content-Length": "0",
        "Date": "Fri, 21 Oct 2022 13:27:58 GMT",
        "Expires": "-1",
        "Location": "https://management.azure.com/subscriptions/00000000-0000-0000-0000-000000000000/resourceGroups/go-sdk-test-rg/providers/Microsoft.ApiManagement/service/servicegroupsdGYeN/operationresults/d2VzdHVzOnNlcnZpY2Vncm91cHNkR1llTl9BY3RfYTg3M2Y3MGE=?api-version=2021-08-01",
        "Pragma": "no-cache",
        "Retry-After": "60",
        "Server": "Microsoft-HTTPAPI/2.0",
        "Strict-Transport-Security": "max-age=31536000; includeSubDomains",
        "X-Content-Type-Options": "nosniff",
        "x-ms-correlation-request-id": "00000000-0000-0000-0000-000000000000",
        "x-ms-ratelimit-remaining-subscription-reads": "11926",
        "x-ms-request-id": "00000000-0000-0000-0000-000000000000",
        "x-ms-routing-request-id": "SOUTHEASTASIA:20221021T132759Z:00000000-0000-0000-0000-000000000000"
      },
      "ResponseBody": null
    },
    {
      "RequestUri": "https://management.azure.com/subscriptions/00000000-0000-0000-0000-000000000000/resourceGroups/go-sdk-test-rg/providers/Microsoft.ApiManagement/service/servicegroupsdGYeN/operationresults/d2VzdHVzOnNlcnZpY2Vncm91cHNkR1llTl9BY3RfYTg3M2Y3MGE=?api-version=2021-08-01",
      "RequestMethod": "GET",
      "RequestHeaders": {
        "Accept-Encoding": "gzip",
        "Authorization": "Sanitized",
        "User-Agent": "azsdk-go-armapimanagement/v1.0.0 (go1.19; Windows_NT)"
      },
      "RequestBody": null,
      "StatusCode": 202,
      "ResponseHeaders": {
        "Cache-Control": "no-cache",
        "Content-Length": "0",
        "Date": "Fri, 21 Oct 2022 13:28:59 GMT",
        "Expires": "-1",
        "Location": "https://management.azure.com/subscriptions/00000000-0000-0000-0000-000000000000/resourceGroups/go-sdk-test-rg/providers/Microsoft.ApiManagement/service/servicegroupsdGYeN/operationresults/d2VzdHVzOnNlcnZpY2Vncm91cHNkR1llTl9BY3RfYTg3M2Y3MGE=?api-version=2021-08-01",
        "Pragma": "no-cache",
        "Retry-After": "60",
        "Server": "Microsoft-HTTPAPI/2.0",
        "Strict-Transport-Security": "max-age=31536000; includeSubDomains",
        "X-Content-Type-Options": "nosniff",
        "x-ms-correlation-request-id": "00000000-0000-0000-0000-000000000000",
        "x-ms-ratelimit-remaining-subscription-reads": "11925",
        "x-ms-request-id": "00000000-0000-0000-0000-000000000000",
        "x-ms-routing-request-id": "SOUTHEASTASIA:20221021T132900Z:00000000-0000-0000-0000-000000000000"
      },
      "ResponseBody": null
    },
    {
      "RequestUri": "https://management.azure.com/subscriptions/00000000-0000-0000-0000-000000000000/resourceGroups/go-sdk-test-rg/providers/Microsoft.ApiManagement/service/servicegroupsdGYeN/operationresults/d2VzdHVzOnNlcnZpY2Vncm91cHNkR1llTl9BY3RfYTg3M2Y3MGE=?api-version=2021-08-01",
      "RequestMethod": "GET",
      "RequestHeaders": {
        "Accept-Encoding": "gzip",
        "Authorization": "Sanitized",
        "User-Agent": "azsdk-go-armapimanagement/v1.0.0 (go1.19; Windows_NT)"
      },
      "RequestBody": null,
      "StatusCode": 202,
      "ResponseHeaders": {
        "Cache-Control": "no-cache",
        "Content-Length": "0",
        "Date": "Fri, 21 Oct 2022 13:30:00 GMT",
        "Expires": "-1",
        "Location": "https://management.azure.com/subscriptions/00000000-0000-0000-0000-000000000000/resourceGroups/go-sdk-test-rg/providers/Microsoft.ApiManagement/service/servicegroupsdGYeN/operationresults/d2VzdHVzOnNlcnZpY2Vncm91cHNkR1llTl9BY3RfYTg3M2Y3MGE=?api-version=2021-08-01",
        "Pragma": "no-cache",
        "Retry-After": "60",
        "Server": "Microsoft-HTTPAPI/2.0",
        "Strict-Transport-Security": "max-age=31536000; includeSubDomains",
        "X-Content-Type-Options": "nosniff",
        "x-ms-correlation-request-id": "00000000-0000-0000-0000-000000000000",
        "x-ms-ratelimit-remaining-subscription-reads": "11929",
        "x-ms-request-id": "00000000-0000-0000-0000-000000000000",
        "x-ms-routing-request-id": "SOUTHEASTASIA:20221021T133001Z:00000000-0000-0000-0000-000000000000"
      },
      "ResponseBody": null
    },
    {
      "RequestUri": "https://management.azure.com/subscriptions/00000000-0000-0000-0000-000000000000/resourceGroups/go-sdk-test-rg/providers/Microsoft.ApiManagement/service/servicegroupsdGYeN/operationresults/d2VzdHVzOnNlcnZpY2Vncm91cHNkR1llTl9BY3RfYTg3M2Y3MGE=?api-version=2021-08-01",
      "RequestMethod": "GET",
      "RequestHeaders": {
        "Accept-Encoding": "gzip",
        "Authorization": "Sanitized",
        "User-Agent": "azsdk-go-armapimanagement/v1.0.0 (go1.19; Windows_NT)"
      },
      "RequestBody": null,
      "StatusCode": 202,
      "ResponseHeaders": {
        "Cache-Control": "no-cache",
        "Content-Length": "0",
        "Date": "Fri, 21 Oct 2022 13:31:01 GMT",
        "Expires": "-1",
        "Location": "https://management.azure.com/subscriptions/00000000-0000-0000-0000-000000000000/resourceGroups/go-sdk-test-rg/providers/Microsoft.ApiManagement/service/servicegroupsdGYeN/operationresults/d2VzdHVzOnNlcnZpY2Vncm91cHNkR1llTl9BY3RfYTg3M2Y3MGE=?api-version=2021-08-01",
        "Pragma": "no-cache",
        "Retry-After": "60",
        "Server": "Microsoft-HTTPAPI/2.0",
        "Strict-Transport-Security": "max-age=31536000; includeSubDomains",
        "X-Content-Type-Options": "nosniff",
        "x-ms-correlation-request-id": "00000000-0000-0000-0000-000000000000",
        "x-ms-ratelimit-remaining-subscription-reads": "11928",
        "x-ms-request-id": "00000000-0000-0000-0000-000000000000",
        "x-ms-routing-request-id": "SOUTHEASTASIA:20221021T133102Z:00000000-0000-0000-0000-000000000000"
      },
      "ResponseBody": null
    },
    {
      "RequestUri": "https://management.azure.com/subscriptions/00000000-0000-0000-0000-000000000000/resourceGroups/go-sdk-test-rg/providers/Microsoft.ApiManagement/service/servicegroupsdGYeN/operationresults/d2VzdHVzOnNlcnZpY2Vncm91cHNkR1llTl9BY3RfYTg3M2Y3MGE=?api-version=2021-08-01",
      "RequestMethod": "GET",
      "RequestHeaders": {
        "Accept-Encoding": "gzip",
        "Authorization": "Sanitized",
        "User-Agent": "azsdk-go-armapimanagement/v1.0.0 (go1.19; Windows_NT)"
      },
      "RequestBody": null,
      "StatusCode": 202,
      "ResponseHeaders": {
        "Cache-Control": "no-cache",
        "Content-Length": "0",
        "Date": "Fri, 21 Oct 2022 13:32:03 GMT",
        "Expires": "-1",
        "Location": "https://management.azure.com/subscriptions/00000000-0000-0000-0000-000000000000/resourceGroups/go-sdk-test-rg/providers/Microsoft.ApiManagement/service/servicegroupsdGYeN/operationresults/d2VzdHVzOnNlcnZpY2Vncm91cHNkR1llTl9BY3RfYTg3M2Y3MGE=?api-version=2021-08-01",
        "Pragma": "no-cache",
        "Retry-After": "60",
        "Server": "Microsoft-HTTPAPI/2.0",
        "Strict-Transport-Security": "max-age=31536000; includeSubDomains",
        "X-Content-Type-Options": "nosniff",
        "x-ms-correlation-request-id": "00000000-0000-0000-0000-000000000000",
        "x-ms-ratelimit-remaining-subscription-reads": "11927",
        "x-ms-request-id": "00000000-0000-0000-0000-000000000000",
        "x-ms-routing-request-id": "SOUTHEASTASIA:20221021T133203Z:00000000-0000-0000-0000-000000000000"
      },
      "ResponseBody": null
    },
    {
      "RequestUri": "https://management.azure.com/subscriptions/00000000-0000-0000-0000-000000000000/resourceGroups/go-sdk-test-rg/providers/Microsoft.ApiManagement/service/servicegroupsdGYeN/operationresults/d2VzdHVzOnNlcnZpY2Vncm91cHNkR1llTl9BY3RfYTg3M2Y3MGE=?api-version=2021-08-01",
      "RequestMethod": "GET",
      "RequestHeaders": {
        "Accept-Encoding": "gzip",
        "Authorization": "Sanitized",
        "User-Agent": "azsdk-go-armapimanagement/v1.0.0 (go1.19; Windows_NT)"
      },
      "RequestBody": null,
      "StatusCode": 202,
      "ResponseHeaders": {
        "Cache-Control": "no-cache",
        "Content-Length": "0",
        "Date": "Fri, 21 Oct 2022 13:33:04 GMT",
        "Expires": "-1",
        "Location": "https://management.azure.com/subscriptions/00000000-0000-0000-0000-000000000000/resourceGroups/go-sdk-test-rg/providers/Microsoft.ApiManagement/service/servicegroupsdGYeN/operationresults/d2VzdHVzOnNlcnZpY2Vncm91cHNkR1llTl9BY3RfYTg3M2Y3MGE=?api-version=2021-08-01",
        "Pragma": "no-cache",
        "Retry-After": "60",
        "Server": "Microsoft-HTTPAPI/2.0",
        "Strict-Transport-Security": "max-age=31536000; includeSubDomains",
        "X-Content-Type-Options": "nosniff",
        "x-ms-correlation-request-id": "00000000-0000-0000-0000-000000000000",
        "x-ms-ratelimit-remaining-subscription-reads": "11926",
        "x-ms-request-id": "00000000-0000-0000-0000-000000000000",
        "x-ms-routing-request-id": "SOUTHEASTASIA:20221021T133304Z:00000000-0000-0000-0000-000000000000"
      },
      "ResponseBody": null
    },
    {
      "RequestUri": "https://management.azure.com/subscriptions/00000000-0000-0000-0000-000000000000/resourceGroups/go-sdk-test-rg/providers/Microsoft.ApiManagement/service/servicegroupsdGYeN/operationresults/d2VzdHVzOnNlcnZpY2Vncm91cHNkR1llTl9BY3RfYTg3M2Y3MGE=?api-version=2021-08-01",
      "RequestMethod": "GET",
      "RequestHeaders": {
        "Accept-Encoding": "gzip",
        "Authorization": "Sanitized",
        "User-Agent": "azsdk-go-armapimanagement/v1.0.0 (go1.19; Windows_NT)"
      },
      "RequestBody": null,
      "StatusCode": 202,
      "ResponseHeaders": {
        "Cache-Control": "no-cache",
        "Content-Length": "0",
        "Date": "Fri, 21 Oct 2022 13:34:05 GMT",
        "Expires": "-1",
        "Location": "https://management.azure.com/subscriptions/00000000-0000-0000-0000-000000000000/resourceGroups/go-sdk-test-rg/providers/Microsoft.ApiManagement/service/servicegroupsdGYeN/operationresults/d2VzdHVzOnNlcnZpY2Vncm91cHNkR1llTl9BY3RfYTg3M2Y3MGE=?api-version=2021-08-01",
        "Pragma": "no-cache",
        "Retry-After": "60",
        "Server": "Microsoft-HTTPAPI/2.0",
        "Strict-Transport-Security": "max-age=31536000; includeSubDomains",
        "X-Content-Type-Options": "nosniff",
        "x-ms-correlation-request-id": "00000000-0000-0000-0000-000000000000",
        "x-ms-ratelimit-remaining-subscription-reads": "11925",
        "x-ms-request-id": "00000000-0000-0000-0000-000000000000",
        "x-ms-routing-request-id": "SOUTHEASTASIA:20221021T133405Z:00000000-0000-0000-0000-000000000000"
      },
      "ResponseBody": null
    },
    {
      "RequestUri": "https://management.azure.com/subscriptions/00000000-0000-0000-0000-000000000000/resourceGroups/go-sdk-test-rg/providers/Microsoft.ApiManagement/service/servicegroupsdGYeN/operationresults/d2VzdHVzOnNlcnZpY2Vncm91cHNkR1llTl9BY3RfYTg3M2Y3MGE=?api-version=2021-08-01",
      "RequestMethod": "GET",
      "RequestHeaders": {
        "Accept-Encoding": "gzip",
        "Authorization": "Sanitized",
        "User-Agent": "azsdk-go-armapimanagement/v1.0.0 (go1.19; Windows_NT)"
      },
      "RequestBody": null,
      "StatusCode": 202,
      "ResponseHeaders": {
        "Cache-Control": "no-cache",
        "Content-Length": "0",
        "Date": "Fri, 21 Oct 2022 13:35:06 GMT",
        "Expires": "-1",
        "Location": "https://management.azure.com/subscriptions/00000000-0000-0000-0000-000000000000/resourceGroups/go-sdk-test-rg/providers/Microsoft.ApiManagement/service/servicegroupsdGYeN/operationresults/d2VzdHVzOnNlcnZpY2Vncm91cHNkR1llTl9BY3RfYTg3M2Y3MGE=?api-version=2021-08-01",
        "Pragma": "no-cache",
        "Retry-After": "60",
        "Server": "Microsoft-HTTPAPI/2.0",
        "Strict-Transport-Security": "max-age=31536000; includeSubDomains",
        "X-Content-Type-Options": "nosniff",
        "x-ms-correlation-request-id": "00000000-0000-0000-0000-000000000000",
        "x-ms-ratelimit-remaining-subscription-reads": "11929",
        "x-ms-request-id": "00000000-0000-0000-0000-000000000000",
        "x-ms-routing-request-id": "SOUTHEASTASIA:20221021T133507Z:00000000-0000-0000-0000-000000000000"
      },
      "ResponseBody": null
    },
    {
      "RequestUri": "https://management.azure.com/subscriptions/00000000-0000-0000-0000-000000000000/resourceGroups/go-sdk-test-rg/providers/Microsoft.ApiManagement/service/servicegroupsdGYeN/operationresults/d2VzdHVzOnNlcnZpY2Vncm91cHNkR1llTl9BY3RfYTg3M2Y3MGE=?api-version=2021-08-01",
      "RequestMethod": "GET",
      "RequestHeaders": {
        "Accept-Encoding": "gzip",
        "Authorization": "Sanitized",
        "User-Agent": "azsdk-go-armapimanagement/v1.0.0 (go1.19; Windows_NT)"
      },
      "RequestBody": null,
      "StatusCode": 202,
      "ResponseHeaders": {
        "Cache-Control": "no-cache",
        "Content-Length": "0",
        "Date": "Fri, 21 Oct 2022 13:36:08 GMT",
        "Expires": "-1",
        "Location": "https://management.azure.com/subscriptions/00000000-0000-0000-0000-000000000000/resourceGroups/go-sdk-test-rg/providers/Microsoft.ApiManagement/service/servicegroupsdGYeN/operationresults/d2VzdHVzOnNlcnZpY2Vncm91cHNkR1llTl9BY3RfYTg3M2Y3MGE=?api-version=2021-08-01",
        "Pragma": "no-cache",
        "Retry-After": "60",
        "Server": "Microsoft-HTTPAPI/2.0",
        "Strict-Transport-Security": "max-age=31536000; includeSubDomains",
        "X-Content-Type-Options": "nosniff",
        "x-ms-correlation-request-id": "00000000-0000-0000-0000-000000000000",
        "x-ms-ratelimit-remaining-subscription-reads": "11928",
        "x-ms-request-id": "00000000-0000-0000-0000-000000000000",
        "x-ms-routing-request-id": "SOUTHEASTASIA:20221021T133608Z:00000000-0000-0000-0000-000000000000"
      },
      "ResponseBody": null
    },
    {
      "RequestUri": "https://management.azure.com/subscriptions/00000000-0000-0000-0000-000000000000/resourceGroups/go-sdk-test-rg/providers/Microsoft.ApiManagement/service/servicegroupsdGYeN/operationresults/d2VzdHVzOnNlcnZpY2Vncm91cHNkR1llTl9BY3RfYTg3M2Y3MGE=?api-version=2021-08-01",
      "RequestMethod": "GET",
      "RequestHeaders": {
        "Accept-Encoding": "gzip",
        "Authorization": "Sanitized",
        "User-Agent": "azsdk-go-armapimanagement/v1.0.0 (go1.19; Windows_NT)"
      },
      "RequestBody": null,
      "StatusCode": 202,
      "ResponseHeaders": {
        "Cache-Control": "no-cache",
        "Content-Length": "0",
        "Date": "Fri, 21 Oct 2022 13:37:08 GMT",
        "Expires": "-1",
        "Location": "https://management.azure.com/subscriptions/00000000-0000-0000-0000-000000000000/resourceGroups/go-sdk-test-rg/providers/Microsoft.ApiManagement/service/servicegroupsdGYeN/operationresults/d2VzdHVzOnNlcnZpY2Vncm91cHNkR1llTl9BY3RfYTg3M2Y3MGE=?api-version=2021-08-01",
        "Pragma": "no-cache",
        "Retry-After": "60",
        "Server": "Microsoft-HTTPAPI/2.0",
        "Strict-Transport-Security": "max-age=31536000; includeSubDomains",
        "X-Content-Type-Options": "nosniff",
        "x-ms-correlation-request-id": "00000000-0000-0000-0000-000000000000",
        "x-ms-ratelimit-remaining-subscription-reads": "11927",
        "x-ms-request-id": "00000000-0000-0000-0000-000000000000",
        "x-ms-routing-request-id": "SOUTHEASTASIA:20221021T133708Z:00000000-0000-0000-0000-000000000000"
      },
      "ResponseBody": null
    },
    {
      "RequestUri": "https://management.azure.com/subscriptions/00000000-0000-0000-0000-000000000000/resourceGroups/go-sdk-test-rg/providers/Microsoft.ApiManagement/service/servicegroupsdGYeN/operationresults/d2VzdHVzOnNlcnZpY2Vncm91cHNkR1llTl9BY3RfYTg3M2Y3MGE=?api-version=2021-08-01",
      "RequestMethod": "GET",
      "RequestHeaders": {
        "Accept-Encoding": "gzip",
        "Authorization": "Sanitized",
        "User-Agent": "azsdk-go-armapimanagement/v1.0.0 (go1.19; Windows_NT)"
      },
      "RequestBody": null,
      "StatusCode": 202,
      "ResponseHeaders": {
        "Cache-Control": "no-cache",
        "Content-Length": "0",
        "Date": "Fri, 21 Oct 2022 13:38:09 GMT",
        "Expires": "-1",
        "Location": "https://management.azure.com/subscriptions/00000000-0000-0000-0000-000000000000/resourceGroups/go-sdk-test-rg/providers/Microsoft.ApiManagement/service/servicegroupsdGYeN/operationresults/d2VzdHVzOnNlcnZpY2Vncm91cHNkR1llTl9BY3RfYTg3M2Y3MGE=?api-version=2021-08-01",
        "Pragma": "no-cache",
        "Retry-After": "60",
        "Server": "Microsoft-HTTPAPI/2.0",
        "Strict-Transport-Security": "max-age=31536000; includeSubDomains",
        "X-Content-Type-Options": "nosniff",
        "x-ms-correlation-request-id": "00000000-0000-0000-0000-000000000000",
        "x-ms-ratelimit-remaining-subscription-reads": "11926",
        "x-ms-request-id": "00000000-0000-0000-0000-000000000000",
        "x-ms-routing-request-id": "SOUTHEASTASIA:20221021T133810Z:00000000-0000-0000-0000-000000000000"
      },
      "ResponseBody": null
    },
    {
      "RequestUri": "https://management.azure.com/subscriptions/00000000-0000-0000-0000-000000000000/resourceGroups/go-sdk-test-rg/providers/Microsoft.ApiManagement/service/servicegroupsdGYeN/operationresults/d2VzdHVzOnNlcnZpY2Vncm91cHNkR1llTl9BY3RfYTg3M2Y3MGE=?api-version=2021-08-01",
      "RequestMethod": "GET",
      "RequestHeaders": {
        "Accept-Encoding": "gzip",
        "Authorization": "Sanitized",
        "User-Agent": "azsdk-go-armapimanagement/v1.0.0 (go1.19; Windows_NT)"
      },
      "RequestBody": null,
      "StatusCode": 202,
      "ResponseHeaders": {
        "Cache-Control": "no-cache",
        "Content-Length": "0",
        "Date": "Fri, 21 Oct 2022 13:39:10 GMT",
        "Expires": "-1",
        "Location": "https://management.azure.com/subscriptions/00000000-0000-0000-0000-000000000000/resourceGroups/go-sdk-test-rg/providers/Microsoft.ApiManagement/service/servicegroupsdGYeN/operationresults/d2VzdHVzOnNlcnZpY2Vncm91cHNkR1llTl9BY3RfYTg3M2Y3MGE=?api-version=2021-08-01",
        "Pragma": "no-cache",
        "Retry-After": "60",
        "Server": "Microsoft-HTTPAPI/2.0",
        "Strict-Transport-Security": "max-age=31536000; includeSubDomains",
        "X-Content-Type-Options": "nosniff",
        "x-ms-correlation-request-id": "00000000-0000-0000-0000-000000000000",
        "x-ms-ratelimit-remaining-subscription-reads": "11925",
        "x-ms-request-id": "00000000-0000-0000-0000-000000000000",
        "x-ms-routing-request-id": "SOUTHEASTASIA:20221021T133911Z:00000000-0000-0000-0000-000000000000"
      },
      "ResponseBody": null
    },
    {
      "RequestUri": "https://management.azure.com/subscriptions/00000000-0000-0000-0000-000000000000/resourceGroups/go-sdk-test-rg/providers/Microsoft.ApiManagement/service/servicegroupsdGYeN/operationresults/d2VzdHVzOnNlcnZpY2Vncm91cHNkR1llTl9BY3RfYTg3M2Y3MGE=?api-version=2021-08-01",
      "RequestMethod": "GET",
      "RequestHeaders": {
        "Accept-Encoding": "gzip",
        "Authorization": "Sanitized",
        "User-Agent": "azsdk-go-armapimanagement/v1.0.0 (go1.19; Windows_NT)"
      },
      "RequestBody": null,
      "StatusCode": 202,
      "ResponseHeaders": {
        "Cache-Control": "no-cache",
        "Content-Length": "0",
        "Date": "Fri, 21 Oct 2022 13:40:11 GMT",
        "Expires": "-1",
        "Location": "https://management.azure.com/subscriptions/00000000-0000-0000-0000-000000000000/resourceGroups/go-sdk-test-rg/providers/Microsoft.ApiManagement/service/servicegroupsdGYeN/operationresults/d2VzdHVzOnNlcnZpY2Vncm91cHNkR1llTl9BY3RfYTg3M2Y3MGE=?api-version=2021-08-01",
        "Pragma": "no-cache",
        "Retry-After": "60",
        "Server": "Microsoft-HTTPAPI/2.0",
        "Strict-Transport-Security": "max-age=31536000; includeSubDomains",
        "X-Content-Type-Options": "nosniff",
        "x-ms-correlation-request-id": "00000000-0000-0000-0000-000000000000",
        "x-ms-ratelimit-remaining-subscription-reads": "11933",
        "x-ms-request-id": "00000000-0000-0000-0000-000000000000",
        "x-ms-routing-request-id": "SOUTHEASTASIA:20221021T134012Z:00000000-0000-0000-0000-000000000000"
      },
      "ResponseBody": null
    },
    {
      "RequestUri": "https://management.azure.com/subscriptions/00000000-0000-0000-0000-000000000000/resourceGroups/go-sdk-test-rg/providers/Microsoft.ApiManagement/service/servicegroupsdGYeN/operationresults/d2VzdHVzOnNlcnZpY2Vncm91cHNkR1llTl9BY3RfYTg3M2Y3MGE=?api-version=2021-08-01",
      "RequestMethod": "GET",
      "RequestHeaders": {
        "Accept-Encoding": "gzip",
        "Authorization": "Sanitized",
        "User-Agent": "azsdk-go-armapimanagement/v1.0.0 (go1.19; Windows_NT)"
      },
      "RequestBody": null,
      "StatusCode": 202,
      "ResponseHeaders": {
        "Cache-Control": "no-cache",
        "Content-Length": "0",
        "Date": "Fri, 21 Oct 2022 13:41:13 GMT",
        "Expires": "-1",
        "Location": "https://management.azure.com/subscriptions/00000000-0000-0000-0000-000000000000/resourceGroups/go-sdk-test-rg/providers/Microsoft.ApiManagement/service/servicegroupsdGYeN/operationresults/d2VzdHVzOnNlcnZpY2Vncm91cHNkR1llTl9BY3RfYTg3M2Y3MGE=?api-version=2021-08-01",
        "Pragma": "no-cache",
        "Retry-After": "60",
        "Server": "Microsoft-HTTPAPI/2.0",
        "Strict-Transport-Security": "max-age=31536000; includeSubDomains",
        "X-Content-Type-Options": "nosniff",
        "x-ms-correlation-request-id": "00000000-0000-0000-0000-000000000000",
        "x-ms-ratelimit-remaining-subscription-reads": "11932",
        "x-ms-request-id": "00000000-0000-0000-0000-000000000000",
        "x-ms-routing-request-id": "SOUTHEASTASIA:20221021T134113Z:00000000-0000-0000-0000-000000000000"
      },
      "ResponseBody": null
    },
    {
      "RequestUri": "https://management.azure.com/subscriptions/00000000-0000-0000-0000-000000000000/resourceGroups/go-sdk-test-rg/providers/Microsoft.ApiManagement/service/servicegroupsdGYeN/operationresults/d2VzdHVzOnNlcnZpY2Vncm91cHNkR1llTl9BY3RfYTg3M2Y3MGE=?api-version=2021-08-01",
      "RequestMethod": "GET",
      "RequestHeaders": {
        "Accept-Encoding": "gzip",
        "Authorization": "Sanitized",
        "User-Agent": "azsdk-go-armapimanagement/v1.0.0 (go1.19; Windows_NT)"
      },
      "RequestBody": null,
      "StatusCode": 202,
      "ResponseHeaders": {
        "Cache-Control": "no-cache",
        "Content-Length": "0",
        "Date": "Fri, 21 Oct 2022 13:42:14 GMT",
        "Expires": "-1",
        "Location": "https://management.azure.com/subscriptions/00000000-0000-0000-0000-000000000000/resourceGroups/go-sdk-test-rg/providers/Microsoft.ApiManagement/service/servicegroupsdGYeN/operationresults/d2VzdHVzOnNlcnZpY2Vncm91cHNkR1llTl9BY3RfYTg3M2Y3MGE=?api-version=2021-08-01",
        "Pragma": "no-cache",
        "Retry-After": "60",
        "Server": "Microsoft-HTTPAPI/2.0",
        "Strict-Transport-Security": "max-age=31536000; includeSubDomains",
        "X-Content-Type-Options": "nosniff",
        "x-ms-correlation-request-id": "00000000-0000-0000-0000-000000000000",
        "x-ms-ratelimit-remaining-subscription-reads": "11931",
        "x-ms-request-id": "00000000-0000-0000-0000-000000000000",
        "x-ms-routing-request-id": "SOUTHEASTASIA:20221021T134214Z:00000000-0000-0000-0000-000000000000"
      },
      "ResponseBody": null
    },
    {
      "RequestUri": "https://management.azure.com/subscriptions/00000000-0000-0000-0000-000000000000/resourceGroups/go-sdk-test-rg/providers/Microsoft.ApiManagement/service/servicegroupsdGYeN/operationresults/d2VzdHVzOnNlcnZpY2Vncm91cHNkR1llTl9BY3RfYTg3M2Y3MGE=?api-version=2021-08-01",
      "RequestMethod": "GET",
      "RequestHeaders": {
        "Accept-Encoding": "gzip",
        "Authorization": "Sanitized",
        "User-Agent": "azsdk-go-armapimanagement/v1.0.0 (go1.19; Windows_NT)"
      },
      "RequestBody": null,
      "StatusCode": 202,
      "ResponseHeaders": {
        "Cache-Control": "no-cache",
        "Content-Length": "0",
        "Date": "Fri, 21 Oct 2022 13:43:15 GMT",
        "Expires": "-1",
        "Location": "https://management.azure.com/subscriptions/00000000-0000-0000-0000-000000000000/resourceGroups/go-sdk-test-rg/providers/Microsoft.ApiManagement/service/servicegroupsdGYeN/operationresults/d2VzdHVzOnNlcnZpY2Vncm91cHNkR1llTl9BY3RfYTg3M2Y3MGE=?api-version=2021-08-01",
        "Pragma": "no-cache",
        "Retry-After": "60",
        "Server": "Microsoft-HTTPAPI/2.0",
        "Strict-Transport-Security": "max-age=31536000; includeSubDomains",
        "X-Content-Type-Options": "nosniff",
        "x-ms-correlation-request-id": "00000000-0000-0000-0000-000000000000",
        "x-ms-ratelimit-remaining-subscription-reads": "11930",
        "x-ms-request-id": "00000000-0000-0000-0000-000000000000",
        "x-ms-routing-request-id": "SOUTHEASTASIA:20221021T134315Z:00000000-0000-0000-0000-000000000000"
      },
      "ResponseBody": null
    },
    {
      "RequestUri": "https://management.azure.com/subscriptions/00000000-0000-0000-0000-000000000000/resourceGroups/go-sdk-test-rg/providers/Microsoft.ApiManagement/service/servicegroupsdGYeN/operationresults/d2VzdHVzOnNlcnZpY2Vncm91cHNkR1llTl9BY3RfYTg3M2Y3MGE=?api-version=2021-08-01",
      "RequestMethod": "GET",
      "RequestHeaders": {
        "Accept-Encoding": "gzip",
        "Authorization": "Sanitized",
        "User-Agent": "azsdk-go-armapimanagement/v1.0.0 (go1.19; Windows_NT)"
      },
      "RequestBody": null,
      "StatusCode": 202,
      "ResponseHeaders": {
        "Cache-Control": "no-cache",
        "Content-Length": "0",
        "Date": "Fri, 21 Oct 2022 13:44:16 GMT",
        "Expires": "-1",
        "Location": "https://management.azure.com/subscriptions/00000000-0000-0000-0000-000000000000/resourceGroups/go-sdk-test-rg/providers/Microsoft.ApiManagement/service/servicegroupsdGYeN/operationresults/d2VzdHVzOnNlcnZpY2Vncm91cHNkR1llTl9BY3RfYTg3M2Y3MGE=?api-version=2021-08-01",
        "Pragma": "no-cache",
        "Retry-After": "60",
        "Server": "Microsoft-HTTPAPI/2.0",
        "Strict-Transport-Security": "max-age=31536000; includeSubDomains",
        "X-Content-Type-Options": "nosniff",
        "x-ms-correlation-request-id": "00000000-0000-0000-0000-000000000000",
        "x-ms-ratelimit-remaining-subscription-reads": "11929",
        "x-ms-request-id": "00000000-0000-0000-0000-000000000000",
        "x-ms-routing-request-id": "SOUTHEASTASIA:20221021T134417Z:00000000-0000-0000-0000-000000000000"
      },
      "ResponseBody": null
    },
    {
      "RequestUri": "https://management.azure.com/subscriptions/00000000-0000-0000-0000-000000000000/resourceGroups/go-sdk-test-rg/providers/Microsoft.ApiManagement/service/servicegroupsdGYeN/operationresults/d2VzdHVzOnNlcnZpY2Vncm91cHNkR1llTl9BY3RfYTg3M2Y3MGE=?api-version=2021-08-01",
      "RequestMethod": "GET",
      "RequestHeaders": {
        "Accept-Encoding": "gzip",
        "Authorization": "Sanitized",
        "User-Agent": "azsdk-go-armapimanagement/v1.0.0 (go1.19; Windows_NT)"
      },
      "RequestBody": null,
      "StatusCode": 202,
      "ResponseHeaders": {
        "Cache-Control": "no-cache",
        "Content-Length": "0",
        "Date": "Fri, 21 Oct 2022 13:45:18 GMT",
        "Expires": "-1",
        "Location": "https://management.azure.com/subscriptions/00000000-0000-0000-0000-000000000000/resourceGroups/go-sdk-test-rg/providers/Microsoft.ApiManagement/service/servicegroupsdGYeN/operationresults/d2VzdHVzOnNlcnZpY2Vncm91cHNkR1llTl9BY3RfYTg3M2Y3MGE=?api-version=2021-08-01",
        "Pragma": "no-cache",
        "Retry-After": "60",
        "Server": "Microsoft-HTTPAPI/2.0",
        "Strict-Transport-Security": "max-age=31536000; includeSubDomains",
        "X-Content-Type-Options": "nosniff",
        "x-ms-correlation-request-id": "00000000-0000-0000-0000-000000000000",
        "x-ms-ratelimit-remaining-subscription-reads": "11935",
        "x-ms-request-id": "00000000-0000-0000-0000-000000000000",
        "x-ms-routing-request-id": "SOUTHEASTASIA:20221021T134518Z:00000000-0000-0000-0000-000000000000"
      },
      "ResponseBody": null
    },
    {
      "RequestUri": "https://management.azure.com/subscriptions/00000000-0000-0000-0000-000000000000/resourceGroups/go-sdk-test-rg/providers/Microsoft.ApiManagement/service/servicegroupsdGYeN/operationresults/d2VzdHVzOnNlcnZpY2Vncm91cHNkR1llTl9BY3RfYTg3M2Y3MGE=?api-version=2021-08-01",
      "RequestMethod": "GET",
      "RequestHeaders": {
        "Accept-Encoding": "gzip",
        "Authorization": "Sanitized",
        "User-Agent": "azsdk-go-armapimanagement/v1.0.0 (go1.19; Windows_NT)"
      },
      "RequestBody": null,
      "StatusCode": 202,
      "ResponseHeaders": {
        "Cache-Control": "no-cache",
        "Content-Length": "0",
        "Date": "Fri, 21 Oct 2022 13:46:19 GMT",
        "Expires": "-1",
        "Location": "https://management.azure.com/subscriptions/00000000-0000-0000-0000-000000000000/resourceGroups/go-sdk-test-rg/providers/Microsoft.ApiManagement/service/servicegroupsdGYeN/operationresults/d2VzdHVzOnNlcnZpY2Vncm91cHNkR1llTl9BY3RfYTg3M2Y3MGE=?api-version=2021-08-01",
        "Pragma": "no-cache",
        "Retry-After": "60",
        "Server": "Microsoft-HTTPAPI/2.0",
        "Strict-Transport-Security": "max-age=31536000; includeSubDomains",
        "X-Content-Type-Options": "nosniff",
        "x-ms-correlation-request-id": "00000000-0000-0000-0000-000000000000",
        "x-ms-ratelimit-remaining-subscription-reads": "11934",
        "x-ms-request-id": "00000000-0000-0000-0000-000000000000",
        "x-ms-routing-request-id": "SOUTHEASTASIA:20221021T134619Z:00000000-0000-0000-0000-000000000000"
      },
      "ResponseBody": null
    },
    {
      "RequestUri": "https://management.azure.com/subscriptions/00000000-0000-0000-0000-000000000000/resourceGroups/go-sdk-test-rg/providers/Microsoft.ApiManagement/service/servicegroupsdGYeN/operationresults/d2VzdHVzOnNlcnZpY2Vncm91cHNkR1llTl9BY3RfYTg3M2Y3MGE=?api-version=2021-08-01",
      "RequestMethod": "GET",
      "RequestHeaders": {
        "Accept-Encoding": "gzip",
        "Authorization": "Sanitized",
        "User-Agent": "azsdk-go-armapimanagement/v1.0.0 (go1.19; Windows_NT)"
      },
      "RequestBody": null,
      "StatusCode": 202,
      "ResponseHeaders": {
        "Cache-Control": "no-cache",
        "Content-Length": "0",
        "Date": "Fri, 21 Oct 2022 13:47:20 GMT",
        "Expires": "-1",
        "Location": "https://management.azure.com/subscriptions/00000000-0000-0000-0000-000000000000/resourceGroups/go-sdk-test-rg/providers/Microsoft.ApiManagement/service/servicegroupsdGYeN/operationresults/d2VzdHVzOnNlcnZpY2Vncm91cHNkR1llTl9BY3RfYTg3M2Y3MGE=?api-version=2021-08-01",
        "Pragma": "no-cache",
        "Retry-After": "60",
        "Server": "Microsoft-HTTPAPI/2.0",
        "Strict-Transport-Security": "max-age=31536000; includeSubDomains",
        "X-Content-Type-Options": "nosniff",
        "x-ms-correlation-request-id": "00000000-0000-0000-0000-000000000000",
        "x-ms-ratelimit-remaining-subscription-reads": "11933",
        "x-ms-request-id": "00000000-0000-0000-0000-000000000000",
        "x-ms-routing-request-id": "SOUTHEASTASIA:20221021T134720Z:00000000-0000-0000-0000-000000000000"
      },
      "ResponseBody": null
    },
    {
      "RequestUri": "https://management.azure.com/subscriptions/00000000-0000-0000-0000-000000000000/resourceGroups/go-sdk-test-rg/providers/Microsoft.ApiManagement/service/servicegroupsdGYeN/operationresults/d2VzdHVzOnNlcnZpY2Vncm91cHNkR1llTl9BY3RfYTg3M2Y3MGE=?api-version=2021-08-01",
      "RequestMethod": "GET",
      "RequestHeaders": {
        "Accept-Encoding": "gzip",
        "Authorization": "Sanitized",
        "User-Agent": "azsdk-go-armapimanagement/v1.0.0 (go1.19; Windows_NT)"
      },
      "RequestBody": null,
      "StatusCode": 202,
      "ResponseHeaders": {
        "Cache-Control": "no-cache",
        "Content-Length": "0",
        "Date": "Fri, 21 Oct 2022 13:48:20 GMT",
        "Expires": "-1",
        "Location": "https://management.azure.com/subscriptions/00000000-0000-0000-0000-000000000000/resourceGroups/go-sdk-test-rg/providers/Microsoft.ApiManagement/service/servicegroupsdGYeN/operationresults/d2VzdHVzOnNlcnZpY2Vncm91cHNkR1llTl9BY3RfYTg3M2Y3MGE=?api-version=2021-08-01",
        "Pragma": "no-cache",
        "Retry-After": "60",
        "Server": "Microsoft-HTTPAPI/2.0",
        "Strict-Transport-Security": "max-age=31536000; includeSubDomains",
        "X-Content-Type-Options": "nosniff",
        "x-ms-correlation-request-id": "00000000-0000-0000-0000-000000000000",
        "x-ms-ratelimit-remaining-subscription-reads": "11932",
        "x-ms-request-id": "00000000-0000-0000-0000-000000000000",
        "x-ms-routing-request-id": "SOUTHEASTASIA:20221021T134821Z:00000000-0000-0000-0000-000000000000"
      },
      "ResponseBody": null
    },
    {
      "RequestUri": "https://management.azure.com/subscriptions/00000000-0000-0000-0000-000000000000/resourceGroups/go-sdk-test-rg/providers/Microsoft.ApiManagement/service/servicegroupsdGYeN/operationresults/d2VzdHVzOnNlcnZpY2Vncm91cHNkR1llTl9BY3RfYTg3M2Y3MGE=?api-version=2021-08-01",
      "RequestMethod": "GET",
      "RequestHeaders": {
        "Accept-Encoding": "gzip",
        "Authorization": "Sanitized",
        "User-Agent": "azsdk-go-armapimanagement/v1.0.0 (go1.19; Windows_NT)"
      },
      "RequestBody": null,
      "StatusCode": 202,
      "ResponseHeaders": {
        "Cache-Control": "no-cache",
        "Content-Length": "0",
        "Date": "Fri, 21 Oct 2022 13:49:21 GMT",
        "Expires": "-1",
        "Location": "https://management.azure.com/subscriptions/00000000-0000-0000-0000-000000000000/resourceGroups/go-sdk-test-rg/providers/Microsoft.ApiManagement/service/servicegroupsdGYeN/operationresults/d2VzdHVzOnNlcnZpY2Vncm91cHNkR1llTl9BY3RfYTg3M2Y3MGE=?api-version=2021-08-01",
        "Pragma": "no-cache",
        "Retry-After": "60",
        "Server": "Microsoft-HTTPAPI/2.0",
        "Strict-Transport-Security": "max-age=31536000; includeSubDomains",
        "X-Content-Type-Options": "nosniff",
        "x-ms-correlation-request-id": "00000000-0000-0000-0000-000000000000",
        "x-ms-ratelimit-remaining-subscription-reads": "11931",
        "x-ms-request-id": "00000000-0000-0000-0000-000000000000",
        "x-ms-routing-request-id": "SOUTHEASTASIA:20221021T134922Z:00000000-0000-0000-0000-000000000000"
      },
      "ResponseBody": null
    },
    {
      "RequestUri": "https://management.azure.com/subscriptions/00000000-0000-0000-0000-000000000000/resourceGroups/go-sdk-test-rg/providers/Microsoft.ApiManagement/service/servicegroupsdGYeN/operationresults/d2VzdHVzOnNlcnZpY2Vncm91cHNkR1llTl9BY3RfYTg3M2Y3MGE=?api-version=2021-08-01",
      "RequestMethod": "GET",
      "RequestHeaders": {
        "Accept-Encoding": "gzip",
        "Authorization": "Sanitized",
        "User-Agent": "azsdk-go-armapimanagement/v1.0.0 (go1.19; Windows_NT)"
      },
      "RequestBody": null,
      "StatusCode": 202,
      "ResponseHeaders": {
        "Cache-Control": "no-cache",
        "Content-Length": "0",
        "Date": "Fri, 21 Oct 2022 13:50:22 GMT",
        "Expires": "-1",
        "Location": "https://management.azure.com/subscriptions/00000000-0000-0000-0000-000000000000/resourceGroups/go-sdk-test-rg/providers/Microsoft.ApiManagement/service/servicegroupsdGYeN/operationresults/d2VzdHVzOnNlcnZpY2Vncm91cHNkR1llTl9BY3RfYTg3M2Y3MGE=?api-version=2021-08-01",
        "Pragma": "no-cache",
        "Retry-After": "60",
        "Server": "Microsoft-HTTPAPI/2.0",
        "Strict-Transport-Security": "max-age=31536000; includeSubDomains",
        "X-Content-Type-Options": "nosniff",
        "x-ms-correlation-request-id": "00000000-0000-0000-0000-000000000000",
        "x-ms-ratelimit-remaining-subscription-reads": "11935",
        "x-ms-request-id": "00000000-0000-0000-0000-000000000000",
        "x-ms-routing-request-id": "SOUTHEASTASIA:20221021T135023Z:00000000-0000-0000-0000-000000000000"
      },
      "ResponseBody": null
    },
    {
      "RequestUri": "https://management.azure.com/subscriptions/00000000-0000-0000-0000-000000000000/resourceGroups/go-sdk-test-rg/providers/Microsoft.ApiManagement/service/servicegroupsdGYeN/operationresults/d2VzdHVzOnNlcnZpY2Vncm91cHNkR1llTl9BY3RfYTg3M2Y3MGE=?api-version=2021-08-01",
      "RequestMethod": "GET",
      "RequestHeaders": {
        "Accept-Encoding": "gzip",
        "Authorization": "Sanitized",
        "User-Agent": "azsdk-go-armapimanagement/v1.0.0 (go1.19; Windows_NT)"
      },
      "RequestBody": null,
      "StatusCode": 202,
      "ResponseHeaders": {
        "Cache-Control": "no-cache",
        "Content-Length": "0",
        "Date": "Fri, 21 Oct 2022 13:51:23 GMT",
        "Expires": "-1",
        "Location": "https://management.azure.com/subscriptions/00000000-0000-0000-0000-000000000000/resourceGroups/go-sdk-test-rg/providers/Microsoft.ApiManagement/service/servicegroupsdGYeN/operationresults/d2VzdHVzOnNlcnZpY2Vncm91cHNkR1llTl9BY3RfYTg3M2Y3MGE=?api-version=2021-08-01",
        "Pragma": "no-cache",
        "Retry-After": "60",
        "Server": "Microsoft-HTTPAPI/2.0",
        "Strict-Transport-Security": "max-age=31536000; includeSubDomains",
        "X-Content-Type-Options": "nosniff",
        "x-ms-correlation-request-id": "00000000-0000-0000-0000-000000000000",
        "x-ms-ratelimit-remaining-subscription-reads": "11934",
        "x-ms-request-id": "00000000-0000-0000-0000-000000000000",
        "x-ms-routing-request-id": "SOUTHEASTASIA:20221021T135124Z:00000000-0000-0000-0000-000000000000"
      },
      "ResponseBody": null
    },
    {
      "RequestUri": "https://management.azure.com/subscriptions/00000000-0000-0000-0000-000000000000/resourceGroups/go-sdk-test-rg/providers/Microsoft.ApiManagement/service/servicegroupsdGYeN/operationresults/d2VzdHVzOnNlcnZpY2Vncm91cHNkR1llTl9BY3RfYTg3M2Y3MGE=?api-version=2021-08-01",
      "RequestMethod": "GET",
      "RequestHeaders": {
        "Accept-Encoding": "gzip",
        "Authorization": "Sanitized",
        "User-Agent": "azsdk-go-armapimanagement/v1.0.0 (go1.19; Windows_NT)"
      },
      "RequestBody": null,
      "StatusCode": 202,
      "ResponseHeaders": {
        "Cache-Control": "no-cache",
        "Content-Length": "0",
        "Date": "Fri, 21 Oct 2022 13:52:24 GMT",
        "Expires": "-1",
        "Location": "https://management.azure.com/subscriptions/00000000-0000-0000-0000-000000000000/resourceGroups/go-sdk-test-rg/providers/Microsoft.ApiManagement/service/servicegroupsdGYeN/operationresults/d2VzdHVzOnNlcnZpY2Vncm91cHNkR1llTl9BY3RfYTg3M2Y3MGE=?api-version=2021-08-01",
        "Pragma": "no-cache",
        "Retry-After": "60",
        "Server": "Microsoft-HTTPAPI/2.0",
        "Strict-Transport-Security": "max-age=31536000; includeSubDomains",
        "X-Content-Type-Options": "nosniff",
        "x-ms-correlation-request-id": "00000000-0000-0000-0000-000000000000",
        "x-ms-ratelimit-remaining-subscription-reads": "11933",
        "x-ms-request-id": "00000000-0000-0000-0000-000000000000",
        "x-ms-routing-request-id": "SOUTHEASTASIA:20221021T135225Z:00000000-0000-0000-0000-000000000000"
      },
      "ResponseBody": null
    },
    {
      "RequestUri": "https://management.azure.com/subscriptions/00000000-0000-0000-0000-000000000000/resourceGroups/go-sdk-test-rg/providers/Microsoft.ApiManagement/service/servicegroupsdGYeN/operationresults/d2VzdHVzOnNlcnZpY2Vncm91cHNkR1llTl9BY3RfYTg3M2Y3MGE=?api-version=2021-08-01",
      "RequestMethod": "GET",
      "RequestHeaders": {
        "Accept-Encoding": "gzip",
        "Authorization": "Sanitized",
        "User-Agent": "azsdk-go-armapimanagement/v1.0.0 (go1.19; Windows_NT)"
      },
      "RequestBody": null,
      "StatusCode": 202,
      "ResponseHeaders": {
        "Cache-Control": "no-cache",
        "Content-Length": "0",
        "Date": "Fri, 21 Oct 2022 13:53:25 GMT",
        "Expires": "-1",
        "Location": "https://management.azure.com/subscriptions/00000000-0000-0000-0000-000000000000/resourceGroups/go-sdk-test-rg/providers/Microsoft.ApiManagement/service/servicegroupsdGYeN/operationresults/d2VzdHVzOnNlcnZpY2Vncm91cHNkR1llTl9BY3RfYTg3M2Y3MGE=?api-version=2021-08-01",
        "Pragma": "no-cache",
        "Retry-After": "60",
        "Server": "Microsoft-HTTPAPI/2.0",
        "Strict-Transport-Security": "max-age=31536000; includeSubDomains",
        "X-Content-Type-Options": "nosniff",
        "x-ms-correlation-request-id": "00000000-0000-0000-0000-000000000000",
        "x-ms-ratelimit-remaining-subscription-reads": "11932",
        "x-ms-request-id": "00000000-0000-0000-0000-000000000000",
        "x-ms-routing-request-id": "SOUTHEASTASIA:20221021T135326Z:00000000-0000-0000-0000-000000000000"
      },
      "ResponseBody": null
    },
    {
      "RequestUri": "https://management.azure.com/subscriptions/00000000-0000-0000-0000-000000000000/resourceGroups/go-sdk-test-rg/providers/Microsoft.ApiManagement/service/servicegroupsdGYeN/operationresults/d2VzdHVzOnNlcnZpY2Vncm91cHNkR1llTl9BY3RfYTg3M2Y3MGE=?api-version=2021-08-01",
      "RequestMethod": "GET",
      "RequestHeaders": {
        "Accept-Encoding": "gzip",
        "Authorization": "Sanitized",
        "User-Agent": "azsdk-go-armapimanagement/v1.0.0 (go1.19; Windows_NT)"
      },
      "RequestBody": null,
      "StatusCode": 202,
      "ResponseHeaders": {
        "Cache-Control": "no-cache",
        "Content-Length": "0",
        "Date": "Fri, 21 Oct 2022 13:54:27 GMT",
        "Expires": "-1",
        "Location": "https://management.azure.com/subscriptions/00000000-0000-0000-0000-000000000000/resourceGroups/go-sdk-test-rg/providers/Microsoft.ApiManagement/service/servicegroupsdGYeN/operationresults/d2VzdHVzOnNlcnZpY2Vncm91cHNkR1llTl9BY3RfYTg3M2Y3MGE=?api-version=2021-08-01",
        "Pragma": "no-cache",
        "Retry-After": "60",
        "Server": "Microsoft-HTTPAPI/2.0",
        "Strict-Transport-Security": "max-age=31536000; includeSubDomains",
        "X-Content-Type-Options": "nosniff",
        "x-ms-correlation-request-id": "00000000-0000-0000-0000-000000000000",
        "x-ms-ratelimit-remaining-subscription-reads": "11931",
        "x-ms-request-id": "00000000-0000-0000-0000-000000000000",
        "x-ms-routing-request-id": "SOUTHEASTASIA:20221021T135427Z:00000000-0000-0000-0000-000000000000"
      },
      "ResponseBody": null
    },
    {
      "RequestUri": "https://management.azure.com/subscriptions/00000000-0000-0000-0000-000000000000/resourceGroups/go-sdk-test-rg/providers/Microsoft.ApiManagement/service/servicegroupsdGYeN/operationresults/d2VzdHVzOnNlcnZpY2Vncm91cHNkR1llTl9BY3RfYTg3M2Y3MGE=?api-version=2021-08-01",
      "RequestMethod": "GET",
      "RequestHeaders": {
        "Accept-Encoding": "gzip",
        "Authorization": "Sanitized",
        "User-Agent": "azsdk-go-armapimanagement/v1.0.0 (go1.19; Windows_NT)"
      },
      "RequestBody": null,
      "StatusCode": 202,
      "ResponseHeaders": {
        "Cache-Control": "no-cache",
        "Content-Length": "0",
        "Date": "Fri, 21 Oct 2022 13:55:27 GMT",
        "Expires": "-1",
        "Location": "https://management.azure.com/subscriptions/00000000-0000-0000-0000-000000000000/resourceGroups/go-sdk-test-rg/providers/Microsoft.ApiManagement/service/servicegroupsdGYeN/operationresults/d2VzdHVzOnNlcnZpY2Vncm91cHNkR1llTl9BY3RfYTg3M2Y3MGE=?api-version=2021-08-01",
        "Pragma": "no-cache",
        "Retry-After": "60",
        "Server": "Microsoft-HTTPAPI/2.0",
        "Strict-Transport-Security": "max-age=31536000; includeSubDomains",
        "X-Content-Type-Options": "nosniff",
        "x-ms-correlation-request-id": "00000000-0000-0000-0000-000000000000",
        "x-ms-ratelimit-remaining-subscription-reads": "11935",
        "x-ms-request-id": "00000000-0000-0000-0000-000000000000",
        "x-ms-routing-request-id": "SOUTHEASTASIA:20221021T135527Z:00000000-0000-0000-0000-000000000000"
      },
      "ResponseBody": null
    },
    {
      "RequestUri": "https://management.azure.com/subscriptions/00000000-0000-0000-0000-000000000000/resourceGroups/go-sdk-test-rg/providers/Microsoft.ApiManagement/service/servicegroupsdGYeN/operationresults/d2VzdHVzOnNlcnZpY2Vncm91cHNkR1llTl9BY3RfYTg3M2Y3MGE=?api-version=2021-08-01",
      "RequestMethod": "GET",
      "RequestHeaders": {
        "Accept-Encoding": "gzip",
        "Authorization": "Sanitized",
        "User-Agent": "azsdk-go-armapimanagement/v1.0.0 (go1.19; Windows_NT)"
      },
      "RequestBody": null,
      "StatusCode": 202,
      "ResponseHeaders": {
        "Cache-Control": "no-cache",
        "Content-Length": "0",
        "Date": "Fri, 21 Oct 2022 13:56:28 GMT",
        "Expires": "-1",
        "Location": "https://management.azure.com/subscriptions/00000000-0000-0000-0000-000000000000/resourceGroups/go-sdk-test-rg/providers/Microsoft.ApiManagement/service/servicegroupsdGYeN/operationresults/d2VzdHVzOnNlcnZpY2Vncm91cHNkR1llTl9BY3RfYTg3M2Y3MGE=?api-version=2021-08-01",
        "Pragma": "no-cache",
        "Retry-After": "60",
        "Server": "Microsoft-HTTPAPI/2.0",
        "Strict-Transport-Security": "max-age=31536000; includeSubDomains",
        "X-Content-Type-Options": "nosniff",
        "x-ms-correlation-request-id": "00000000-0000-0000-0000-000000000000",
        "x-ms-ratelimit-remaining-subscription-reads": "11934",
        "x-ms-request-id": "00000000-0000-0000-0000-000000000000",
        "x-ms-routing-request-id": "SOUTHEASTASIA:20221021T135629Z:00000000-0000-0000-0000-000000000000"
      },
      "ResponseBody": null
    },
    {
      "RequestUri": "https://management.azure.com/subscriptions/00000000-0000-0000-0000-000000000000/resourceGroups/go-sdk-test-rg/providers/Microsoft.ApiManagement/service/servicegroupsdGYeN/operationresults/d2VzdHVzOnNlcnZpY2Vncm91cHNkR1llTl9BY3RfYTg3M2Y3MGE=?api-version=2021-08-01",
      "RequestMethod": "GET",
      "RequestHeaders": {
        "Accept-Encoding": "gzip",
        "Authorization": "Sanitized",
        "User-Agent": "azsdk-go-armapimanagement/v1.0.0 (go1.19; Windows_NT)"
      },
      "RequestBody": null,
      "StatusCode": 202,
      "ResponseHeaders": {
        "Cache-Control": "no-cache",
        "Content-Length": "0",
        "Date": "Fri, 21 Oct 2022 13:57:29 GMT",
        "Expires": "-1",
        "Location": "https://management.azure.com/subscriptions/00000000-0000-0000-0000-000000000000/resourceGroups/go-sdk-test-rg/providers/Microsoft.ApiManagement/service/servicegroupsdGYeN/operationresults/d2VzdHVzOnNlcnZpY2Vncm91cHNkR1llTl9BY3RfYTg3M2Y3MGE=?api-version=2021-08-01",
        "Pragma": "no-cache",
        "Retry-After": "60",
        "Server": "Microsoft-HTTPAPI/2.0",
        "Strict-Transport-Security": "max-age=31536000; includeSubDomains",
        "X-Content-Type-Options": "nosniff",
        "x-ms-correlation-request-id": "00000000-0000-0000-0000-000000000000",
        "x-ms-ratelimit-remaining-subscription-reads": "11933",
        "x-ms-request-id": "00000000-0000-0000-0000-000000000000",
        "x-ms-routing-request-id": "SOUTHEASTASIA:20221021T135730Z:00000000-0000-0000-0000-000000000000"
      },
      "ResponseBody": null
    },
    {
      "RequestUri": "https://management.azure.com/subscriptions/00000000-0000-0000-0000-000000000000/resourceGroups/go-sdk-test-rg/providers/Microsoft.ApiManagement/service/servicegroupsdGYeN/operationresults/d2VzdHVzOnNlcnZpY2Vncm91cHNkR1llTl9BY3RfYTg3M2Y3MGE=?api-version=2021-08-01",
      "RequestMethod": "GET",
      "RequestHeaders": {
        "Accept-Encoding": "gzip",
        "Authorization": "Sanitized",
        "User-Agent": "azsdk-go-armapimanagement/v1.0.0 (go1.19; Windows_NT)"
      },
      "RequestBody": null,
      "StatusCode": 202,
      "ResponseHeaders": {
        "Cache-Control": "no-cache",
        "Content-Length": "0",
        "Date": "Fri, 21 Oct 2022 13:58:31 GMT",
        "Expires": "-1",
        "Location": "https://management.azure.com/subscriptions/00000000-0000-0000-0000-000000000000/resourceGroups/go-sdk-test-rg/providers/Microsoft.ApiManagement/service/servicegroupsdGYeN/operationresults/d2VzdHVzOnNlcnZpY2Vncm91cHNkR1llTl9BY3RfYTg3M2Y3MGE=?api-version=2021-08-01",
        "Pragma": "no-cache",
        "Retry-After": "60",
        "Server": "Microsoft-HTTPAPI/2.0",
        "Strict-Transport-Security": "max-age=31536000; includeSubDomains",
        "X-Content-Type-Options": "nosniff",
        "x-ms-correlation-request-id": "00000000-0000-0000-0000-000000000000",
        "x-ms-ratelimit-remaining-subscription-reads": "11932",
        "x-ms-request-id": "00000000-0000-0000-0000-000000000000",
        "x-ms-routing-request-id": "SOUTHEASTASIA:20221021T135831Z:00000000-0000-0000-0000-000000000000"
      },
      "ResponseBody": null
    },
    {
      "RequestUri": "https://management.azure.com/subscriptions/00000000-0000-0000-0000-000000000000/resourceGroups/go-sdk-test-rg/providers/Microsoft.ApiManagement/service/servicegroupsdGYeN/operationresults/d2VzdHVzOnNlcnZpY2Vncm91cHNkR1llTl9BY3RfYTg3M2Y3MGE=?api-version=2021-08-01",
      "RequestMethod": "GET",
      "RequestHeaders": {
        "Accept-Encoding": "gzip",
        "Authorization": "Sanitized",
        "User-Agent": "azsdk-go-armapimanagement/v1.0.0 (go1.19; Windows_NT)"
      },
      "RequestBody": null,
      "StatusCode": 202,
      "ResponseHeaders": {
        "Cache-Control": "no-cache",
        "Content-Length": "0",
        "Date": "Fri, 21 Oct 2022 13:59:32 GMT",
        "Expires": "-1",
        "Location": "https://management.azure.com/subscriptions/00000000-0000-0000-0000-000000000000/resourceGroups/go-sdk-test-rg/providers/Microsoft.ApiManagement/service/servicegroupsdGYeN/operationresults/d2VzdHVzOnNlcnZpY2Vncm91cHNkR1llTl9BY3RfYTg3M2Y3MGE=?api-version=2021-08-01",
        "Pragma": "no-cache",
        "Retry-After": "60",
        "Server": "Microsoft-HTTPAPI/2.0",
        "Strict-Transport-Security": "max-age=31536000; includeSubDomains",
        "X-Content-Type-Options": "nosniff",
        "x-ms-correlation-request-id": "00000000-0000-0000-0000-000000000000",
        "x-ms-ratelimit-remaining-subscription-reads": "11931",
        "x-ms-request-id": "00000000-0000-0000-0000-000000000000",
        "x-ms-routing-request-id": "SOUTHEASTASIA:20221021T135932Z:00000000-0000-0000-0000-000000000000"
      },
      "ResponseBody": null
    },
    {
      "RequestUri": "https://management.azure.com/subscriptions/00000000-0000-0000-0000-000000000000/resourceGroups/go-sdk-test-rg/providers/Microsoft.ApiManagement/service/servicegroupsdGYeN/operationresults/d2VzdHVzOnNlcnZpY2Vncm91cHNkR1llTl9BY3RfYTg3M2Y3MGE=?api-version=2021-08-01",
      "RequestMethod": "GET",
      "RequestHeaders": {
        "Accept-Encoding": "gzip",
        "Authorization": "Sanitized",
        "User-Agent": "azsdk-go-armapimanagement/v1.0.0 (go1.19; Windows_NT)"
      },
      "RequestBody": null,
      "StatusCode": 202,
      "ResponseHeaders": {
        "Cache-Control": "no-cache",
        "Content-Length": "0",
        "Date": "Fri, 21 Oct 2022 14:00:32 GMT",
        "Expires": "-1",
        "Location": "https://management.azure.com/subscriptions/00000000-0000-0000-0000-000000000000/resourceGroups/go-sdk-test-rg/providers/Microsoft.ApiManagement/service/servicegroupsdGYeN/operationresults/d2VzdHVzOnNlcnZpY2Vncm91cHNkR1llTl9BY3RfYTg3M2Y3MGE=?api-version=2021-08-01",
        "Pragma": "no-cache",
        "Retry-After": "60",
        "Server": "Microsoft-HTTPAPI/2.0",
        "Strict-Transport-Security": "max-age=31536000; includeSubDomains",
        "X-Content-Type-Options": "nosniff",
        "x-ms-correlation-request-id": "00000000-0000-0000-0000-000000000000",
        "x-ms-ratelimit-remaining-subscription-reads": "11935",
        "x-ms-request-id": "00000000-0000-0000-0000-000000000000",
        "x-ms-routing-request-id": "SOUTHEASTASIA:20221021T140033Z:00000000-0000-0000-0000-000000000000"
      },
      "ResponseBody": null
    },
    {
      "RequestUri": "https://management.azure.com/subscriptions/00000000-0000-0000-0000-000000000000/resourceGroups/go-sdk-test-rg/providers/Microsoft.ApiManagement/service/servicegroupsdGYeN/operationresults/d2VzdHVzOnNlcnZpY2Vncm91cHNkR1llTl9BY3RfYTg3M2Y3MGE=?api-version=2021-08-01",
      "RequestMethod": "GET",
      "RequestHeaders": {
        "Accept-Encoding": "gzip",
        "Authorization": "Sanitized",
        "User-Agent": "azsdk-go-armapimanagement/v1.0.0 (go1.19; Windows_NT)"
      },
      "RequestBody": null,
      "StatusCode": 202,
      "ResponseHeaders": {
        "Cache-Control": "no-cache",
        "Content-Length": "0",
        "Date": "Fri, 21 Oct 2022 14:01:33 GMT",
        "Expires": "-1",
        "Location": "https://management.azure.com/subscriptions/00000000-0000-0000-0000-000000000000/resourceGroups/go-sdk-test-rg/providers/Microsoft.ApiManagement/service/servicegroupsdGYeN/operationresults/d2VzdHVzOnNlcnZpY2Vncm91cHNkR1llTl9BY3RfYTg3M2Y3MGE=?api-version=2021-08-01",
        "Pragma": "no-cache",
        "Retry-After": "60",
        "Server": "Microsoft-HTTPAPI/2.0",
        "Strict-Transport-Security": "max-age=31536000; includeSubDomains",
        "X-Content-Type-Options": "nosniff",
        "x-ms-correlation-request-id": "00000000-0000-0000-0000-000000000000",
        "x-ms-ratelimit-remaining-subscription-reads": "11934",
        "x-ms-request-id": "00000000-0000-0000-0000-000000000000",
        "x-ms-routing-request-id": "SOUTHEASTASIA:20221021T140134Z:00000000-0000-0000-0000-000000000000"
      },
      "ResponseBody": null
    },
    {
      "RequestUri": "https://management.azure.com/subscriptions/00000000-0000-0000-0000-000000000000/resourceGroups/go-sdk-test-rg/providers/Microsoft.ApiManagement/service/servicegroupsdGYeN/operationresults/d2VzdHVzOnNlcnZpY2Vncm91cHNkR1llTl9BY3RfYTg3M2Y3MGE=?api-version=2021-08-01",
      "RequestMethod": "GET",
      "RequestHeaders": {
        "Accept-Encoding": "gzip",
        "Authorization": "Sanitized",
        "User-Agent": "azsdk-go-armapimanagement/v1.0.0 (go1.19; Windows_NT)"
      },
      "RequestBody": null,
      "StatusCode": 202,
      "ResponseHeaders": {
        "Cache-Control": "no-cache",
        "Content-Length": "0",
        "Date": "Fri, 21 Oct 2022 14:02:34 GMT",
        "Expires": "-1",
        "Location": "https://management.azure.com/subscriptions/00000000-0000-0000-0000-000000000000/resourceGroups/go-sdk-test-rg/providers/Microsoft.ApiManagement/service/servicegroupsdGYeN/operationresults/d2VzdHVzOnNlcnZpY2Vncm91cHNkR1llTl9BY3RfYTg3M2Y3MGE=?api-version=2021-08-01",
        "Pragma": "no-cache",
        "Retry-After": "60",
        "Server": "Microsoft-HTTPAPI/2.0",
        "Strict-Transport-Security": "max-age=31536000; includeSubDomains",
        "X-Content-Type-Options": "nosniff",
        "x-ms-correlation-request-id": "00000000-0000-0000-0000-000000000000",
        "x-ms-ratelimit-remaining-subscription-reads": "11933",
        "x-ms-request-id": "00000000-0000-0000-0000-000000000000",
        "x-ms-routing-request-id": "SOUTHEASTASIA:20221021T140235Z:00000000-0000-0000-0000-000000000000"
      },
      "ResponseBody": null
    },
    {
      "RequestUri": "https://management.azure.com/subscriptions/00000000-0000-0000-0000-000000000000/resourceGroups/go-sdk-test-rg/providers/Microsoft.ApiManagement/service/servicegroupsdGYeN/operationresults/d2VzdHVzOnNlcnZpY2Vncm91cHNkR1llTl9BY3RfYTg3M2Y3MGE=?api-version=2021-08-01",
      "RequestMethod": "GET",
      "RequestHeaders": {
        "Accept-Encoding": "gzip",
        "Authorization": "Sanitized",
        "User-Agent": "azsdk-go-armapimanagement/v1.0.0 (go1.19; Windows_NT)"
      },
      "RequestBody": null,
      "StatusCode": 202,
      "ResponseHeaders": {
        "Cache-Control": "no-cache",
        "Content-Length": "0",
        "Date": "Fri, 21 Oct 2022 14:03:35 GMT",
        "Expires": "-1",
        "Location": "https://management.azure.com/subscriptions/00000000-0000-0000-0000-000000000000/resourceGroups/go-sdk-test-rg/providers/Microsoft.ApiManagement/service/servicegroupsdGYeN/operationresults/d2VzdHVzOnNlcnZpY2Vncm91cHNkR1llTl9BY3RfYTg3M2Y3MGE=?api-version=2021-08-01",
        "Pragma": "no-cache",
        "Retry-After": "60",
        "Server": "Microsoft-HTTPAPI/2.0",
        "Strict-Transport-Security": "max-age=31536000; includeSubDomains",
        "X-Content-Type-Options": "nosniff",
        "x-ms-correlation-request-id": "00000000-0000-0000-0000-000000000000",
        "x-ms-ratelimit-remaining-subscription-reads": "11932",
        "x-ms-request-id": "00000000-0000-0000-0000-000000000000",
        "x-ms-routing-request-id": "SOUTHEASTASIA:20221021T140336Z:00000000-0000-0000-0000-000000000000"
      },
      "ResponseBody": null
    },
    {
      "RequestUri": "https://management.azure.com/subscriptions/00000000-0000-0000-0000-000000000000/resourceGroups/go-sdk-test-rg/providers/Microsoft.ApiManagement/service/servicegroupsdGYeN/operationresults/d2VzdHVzOnNlcnZpY2Vncm91cHNkR1llTl9BY3RfYTg3M2Y3MGE=?api-version=2021-08-01",
      "RequestMethod": "GET",
      "RequestHeaders": {
        "Accept-Encoding": "gzip",
        "Authorization": "Sanitized",
        "User-Agent": "azsdk-go-armapimanagement/v1.0.0 (go1.19; Windows_NT)"
      },
      "RequestBody": null,
      "StatusCode": 202,
      "ResponseHeaders": {
        "Cache-Control": "no-cache",
        "Content-Length": "0",
        "Date": "Fri, 21 Oct 2022 14:04:36 GMT",
        "Expires": "-1",
        "Location": "https://management.azure.com/subscriptions/00000000-0000-0000-0000-000000000000/resourceGroups/go-sdk-test-rg/providers/Microsoft.ApiManagement/service/servicegroupsdGYeN/operationresults/d2VzdHVzOnNlcnZpY2Vncm91cHNkR1llTl9BY3RfYTg3M2Y3MGE=?api-version=2021-08-01",
        "Pragma": "no-cache",
        "Retry-After": "60",
        "Server": "Microsoft-HTTPAPI/2.0",
        "Strict-Transport-Security": "max-age=31536000; includeSubDomains",
        "X-Content-Type-Options": "nosniff",
        "x-ms-correlation-request-id": "00000000-0000-0000-0000-000000000000",
        "x-ms-ratelimit-remaining-subscription-reads": "11931",
        "x-ms-request-id": "00000000-0000-0000-0000-000000000000",
        "x-ms-routing-request-id": "SOUTHEASTASIA:20221021T140437Z:00000000-0000-0000-0000-000000000000"
      },
      "ResponseBody": null
    },
    {
      "RequestUri": "https://management.azure.com/subscriptions/00000000-0000-0000-0000-000000000000/resourceGroups/go-sdk-test-rg/providers/Microsoft.ApiManagement/service/servicegroupsdGYeN/operationresults/d2VzdHVzOnNlcnZpY2Vncm91cHNkR1llTl9BY3RfYTg3M2Y3MGE=?api-version=2021-08-01",
      "RequestMethod": "GET",
      "RequestHeaders": {
        "Accept-Encoding": "gzip",
        "Authorization": "Sanitized",
        "User-Agent": "azsdk-go-armapimanagement/v1.0.0 (go1.19; Windows_NT)"
      },
      "RequestBody": null,
      "StatusCode": 202,
      "ResponseHeaders": {
        "Cache-Control": "no-cache",
        "Content-Length": "0",
        "Date": "Fri, 21 Oct 2022 14:05:38 GMT",
        "Expires": "-1",
        "Location": "https://management.azure.com/subscriptions/00000000-0000-0000-0000-000000000000/resourceGroups/go-sdk-test-rg/providers/Microsoft.ApiManagement/service/servicegroupsdGYeN/operationresults/d2VzdHVzOnNlcnZpY2Vncm91cHNkR1llTl9BY3RfYTg3M2Y3MGE=?api-version=2021-08-01",
        "Pragma": "no-cache",
        "Retry-After": "60",
        "Server": "Microsoft-HTTPAPI/2.0",
        "Strict-Transport-Security": "max-age=31536000; includeSubDomains",
        "X-Content-Type-Options": "nosniff",
        "x-ms-correlation-request-id": "00000000-0000-0000-0000-000000000000",
        "x-ms-ratelimit-remaining-subscription-reads": "11935",
        "x-ms-request-id": "00000000-0000-0000-0000-000000000000",
        "x-ms-routing-request-id": "SOUTHEASTASIA:20221021T140538Z:00000000-0000-0000-0000-000000000000"
      },
      "ResponseBody": null
    },
    {
      "RequestUri": "https://management.azure.com/subscriptions/00000000-0000-0000-0000-000000000000/resourceGroups/go-sdk-test-rg/providers/Microsoft.ApiManagement/service/servicegroupsdGYeN/operationresults/d2VzdHVzOnNlcnZpY2Vncm91cHNkR1llTl9BY3RfYTg3M2Y3MGE=?api-version=2021-08-01",
      "RequestMethod": "GET",
      "RequestHeaders": {
        "Accept-Encoding": "gzip",
        "Authorization": "Sanitized",
        "User-Agent": "azsdk-go-armapimanagement/v1.0.0 (go1.19; Windows_NT)"
      },
      "RequestBody": null,
      "StatusCode": 202,
      "ResponseHeaders": {
        "Cache-Control": "no-cache",
        "Content-Length": "0",
        "Date": "Fri, 21 Oct 2022 14:06:39 GMT",
        "Expires": "-1",
        "Location": "https://management.azure.com/subscriptions/00000000-0000-0000-0000-000000000000/resourceGroups/go-sdk-test-rg/providers/Microsoft.ApiManagement/service/servicegroupsdGYeN/operationresults/d2VzdHVzOnNlcnZpY2Vncm91cHNkR1llTl9BY3RfYTg3M2Y3MGE=?api-version=2021-08-01",
        "Pragma": "no-cache",
        "Retry-After": "60",
        "Server": "Microsoft-HTTPAPI/2.0",
        "Strict-Transport-Security": "max-age=31536000; includeSubDomains",
        "X-Content-Type-Options": "nosniff",
        "x-ms-correlation-request-id": "00000000-0000-0000-0000-000000000000",
        "x-ms-ratelimit-remaining-subscription-reads": "11934",
        "x-ms-request-id": "00000000-0000-0000-0000-000000000000",
        "x-ms-routing-request-id": "SOUTHEASTASIA:20221021T140639Z:00000000-0000-0000-0000-000000000000"
      },
      "ResponseBody": null
    },
    {
      "RequestUri": "https://management.azure.com/subscriptions/00000000-0000-0000-0000-000000000000/resourceGroups/go-sdk-test-rg/providers/Microsoft.ApiManagement/service/servicegroupsdGYeN/operationresults/d2VzdHVzOnNlcnZpY2Vncm91cHNkR1llTl9BY3RfYTg3M2Y3MGE=?api-version=2021-08-01",
      "RequestMethod": "GET",
      "RequestHeaders": {
        "Accept-Encoding": "gzip",
        "Authorization": "Sanitized",
        "User-Agent": "azsdk-go-armapimanagement/v1.0.0 (go1.19; Windows_NT)"
      },
      "RequestBody": null,
      "StatusCode": 202,
      "ResponseHeaders": {
        "Cache-Control": "no-cache",
        "Content-Length": "0",
        "Date": "Fri, 21 Oct 2022 14:07:40 GMT",
        "Expires": "-1",
        "Location": "https://management.azure.com/subscriptions/00000000-0000-0000-0000-000000000000/resourceGroups/go-sdk-test-rg/providers/Microsoft.ApiManagement/service/servicegroupsdGYeN/operationresults/d2VzdHVzOnNlcnZpY2Vncm91cHNkR1llTl9BY3RfYTg3M2Y3MGE=?api-version=2021-08-01",
        "Pragma": "no-cache",
        "Retry-After": "60",
        "Server": "Microsoft-HTTPAPI/2.0",
        "Strict-Transport-Security": "max-age=31536000; includeSubDomains",
        "X-Content-Type-Options": "nosniff",
        "x-ms-correlation-request-id": "00000000-0000-0000-0000-000000000000",
        "x-ms-ratelimit-remaining-subscription-reads": "11933",
        "x-ms-request-id": "00000000-0000-0000-0000-000000000000",
        "x-ms-routing-request-id": "SOUTHEASTASIA:20221021T140740Z:00000000-0000-0000-0000-000000000000"
      },
      "ResponseBody": null
    },
    {
      "RequestUri": "https://management.azure.com/subscriptions/00000000-0000-0000-0000-000000000000/resourceGroups/go-sdk-test-rg/providers/Microsoft.ApiManagement/service/servicegroupsdGYeN/operationresults/d2VzdHVzOnNlcnZpY2Vncm91cHNkR1llTl9BY3RfYTg3M2Y3MGE=?api-version=2021-08-01",
      "RequestMethod": "GET",
      "RequestHeaders": {
        "Accept-Encoding": "gzip",
        "Authorization": "Sanitized",
        "User-Agent": "azsdk-go-armapimanagement/v1.0.0 (go1.19; Windows_NT)"
      },
      "RequestBody": null,
      "StatusCode": 202,
      "ResponseHeaders": {
        "Cache-Control": "no-cache",
        "Content-Length": "0",
        "Date": "Fri, 21 Oct 2022 14:08:41 GMT",
        "Expires": "-1",
        "Location": "https://management.azure.com/subscriptions/00000000-0000-0000-0000-000000000000/resourceGroups/go-sdk-test-rg/providers/Microsoft.ApiManagement/service/servicegroupsdGYeN/operationresults/d2VzdHVzOnNlcnZpY2Vncm91cHNkR1llTl9BY3RfYTg3M2Y3MGE=?api-version=2021-08-01",
        "Pragma": "no-cache",
        "Retry-After": "60",
        "Server": "Microsoft-HTTPAPI/2.0",
        "Strict-Transport-Security": "max-age=31536000; includeSubDomains",
        "X-Content-Type-Options": "nosniff",
        "x-ms-correlation-request-id": "00000000-0000-0000-0000-000000000000",
        "x-ms-ratelimit-remaining-subscription-reads": "11932",
        "x-ms-request-id": "00000000-0000-0000-0000-000000000000",
        "x-ms-routing-request-id": "SOUTHEASTASIA:20221021T140841Z:00000000-0000-0000-0000-000000000000"
      },
      "ResponseBody": null
    },
    {
      "RequestUri": "https://management.azure.com/subscriptions/00000000-0000-0000-0000-000000000000/resourceGroups/go-sdk-test-rg/providers/Microsoft.ApiManagement/service/servicegroupsdGYeN/operationresults/d2VzdHVzOnNlcnZpY2Vncm91cHNkR1llTl9BY3RfYTg3M2Y3MGE=?api-version=2021-08-01",
      "RequestMethod": "GET",
      "RequestHeaders": {
        "Accept-Encoding": "gzip",
        "Authorization": "Sanitized",
        "User-Agent": "azsdk-go-armapimanagement/v1.0.0 (go1.19; Windows_NT)"
      },
      "RequestBody": null,
      "StatusCode": 202,
      "ResponseHeaders": {
        "Cache-Control": "no-cache",
        "Content-Length": "0",
        "Date": "Fri, 21 Oct 2022 14:09:42 GMT",
        "Expires": "-1",
        "Location": "https://management.azure.com/subscriptions/00000000-0000-0000-0000-000000000000/resourceGroups/go-sdk-test-rg/providers/Microsoft.ApiManagement/service/servicegroupsdGYeN/operationresults/d2VzdHVzOnNlcnZpY2Vncm91cHNkR1llTl9BY3RfYTg3M2Y3MGE=?api-version=2021-08-01",
        "Pragma": "no-cache",
        "Retry-After": "60",
        "Server": "Microsoft-HTTPAPI/2.0",
        "Strict-Transport-Security": "max-age=31536000; includeSubDomains",
        "X-Content-Type-Options": "nosniff",
        "x-ms-correlation-request-id": "00000000-0000-0000-0000-000000000000",
        "x-ms-ratelimit-remaining-subscription-reads": "11931",
        "x-ms-request-id": "00000000-0000-0000-0000-000000000000",
        "x-ms-routing-request-id": "SOUTHEASTASIA:20221021T140943Z:00000000-0000-0000-0000-000000000000"
      },
      "ResponseBody": null
    },
    {
      "RequestUri": "https://management.azure.com/subscriptions/00000000-0000-0000-0000-000000000000/resourceGroups/go-sdk-test-rg/providers/Microsoft.ApiManagement/service/servicegroupsdGYeN/operationresults/d2VzdHVzOnNlcnZpY2Vncm91cHNkR1llTl9BY3RfYTg3M2Y3MGE=?api-version=2021-08-01",
      "RequestMethod": "GET",
      "RequestHeaders": {
        "Accept-Encoding": "gzip",
        "Authorization": "Sanitized",
        "User-Agent": "azsdk-go-armapimanagement/v1.0.0 (go1.19; Windows_NT)"
      },
      "RequestBody": null,
      "StatusCode": 202,
      "ResponseHeaders": {
        "Cache-Control": "no-cache",
        "Content-Length": "0",
        "Date": "Fri, 21 Oct 2022 14:10:43 GMT",
        "Expires": "-1",
        "Location": "https://management.azure.com/subscriptions/00000000-0000-0000-0000-000000000000/resourceGroups/go-sdk-test-rg/providers/Microsoft.ApiManagement/service/servicegroupsdGYeN/operationresults/d2VzdHVzOnNlcnZpY2Vncm91cHNkR1llTl9BY3RfYTg3M2Y3MGE=?api-version=2021-08-01",
        "Pragma": "no-cache",
        "Retry-After": "60",
        "Server": "Microsoft-HTTPAPI/2.0",
        "Strict-Transport-Security": "max-age=31536000; includeSubDomains",
        "X-Content-Type-Options": "nosniff",
        "x-ms-correlation-request-id": "00000000-0000-0000-0000-000000000000",
        "x-ms-ratelimit-remaining-subscription-reads": "11934",
        "x-ms-request-id": "00000000-0000-0000-0000-000000000000",
        "x-ms-routing-request-id": "SOUTHEASTASIA:20221021T141044Z:00000000-0000-0000-0000-000000000000"
      },
      "ResponseBody": null
    },
    {
      "RequestUri": "https://management.azure.com/subscriptions/00000000-0000-0000-0000-000000000000/resourceGroups/go-sdk-test-rg/providers/Microsoft.ApiManagement/service/servicegroupsdGYeN/operationresults/d2VzdHVzOnNlcnZpY2Vncm91cHNkR1llTl9BY3RfYTg3M2Y3MGE=?api-version=2021-08-01",
      "RequestMethod": "GET",
      "RequestHeaders": {
        "Accept-Encoding": "gzip",
        "Authorization": "Sanitized",
        "User-Agent": "azsdk-go-armapimanagement/v1.0.0 (go1.19; Windows_NT)"
      },
      "RequestBody": null,
      "StatusCode": 200,
      "ResponseHeaders": {
        "Cache-Control": "no-cache",
        "Content-Encoding": "gzip",
        "Content-Type": "application/json; charset=utf-8",
        "Date": "Fri, 21 Oct 2022 14:11:44 GMT",
        "Expires": "-1",
        "Pragma": "no-cache",
        "Server": "Microsoft-HTTPAPI/2.0",
        "Strict-Transport-Security": "max-age=31536000; includeSubDomains",
        "Transfer-Encoding": "chunked",
        "Vary": "Accept-Encoding",
        "X-Content-Type-Options": "nosniff",
        "x-ms-correlation-request-id": "00000000-0000-0000-0000-000000000000",
        "x-ms-ratelimit-remaining-subscription-reads": "11933",
        "x-ms-request-id": "00000000-0000-0000-0000-000000000000",
        "x-ms-routing-request-id": "SOUTHEASTASIA:20221021T141145Z:00000000-0000-0000-0000-000000000000"
      },
      "ResponseBody": {
        "id": "/subscriptions/00000000-0000-0000-0000-000000000000/resourceGroups/go-sdk-test-rg/providers/Microsoft.ApiManagement/service/servicegroupsdGYeN",
        "name": "servicegroupsdGYeN",
        "type": "Microsoft.ApiManagement/service",
        "tags": {
          "Name": "Contoso",
          "Test": "User"
        },
        "location": "West US",
        "etag": "AAAAAAA904Q=",
        "properties": {
          "publisherEmail": "foo@contoso.com",
          "publisherName": "foo",
          "notificationSenderEmail": "apimgmt-noreply@mail.windowsazure.com",
          "provisioningState": "Succeeded",
          "targetProvisioningState": "",
          "createdAtUtc": "2022-10-21T13:25:52.0703041Z",
          "gatewayUrl": "https://servicegroupsdgyen.azure-api.net",
          "gatewayRegionalUrl": "https://servicegroupsdgyen-westus-01.regional.azure-api.net",
          "portalUrl": "https://servicegroupsdgyen.portal.azure-api.net",
          "developerPortalUrl": "https://servicegroupsdgyen.developer.azure-api.net",
          "managementApiUrl": "https://servicegroupsdgyen.management.azure-api.net",
          "scmUrl": "https://servicegroupsdgyen.scm.azure-api.net",
          "hostnameConfigurations": [
            {
              "type": "Proxy",
              "hostName": "servicegroupsdgyen.azure-api.net",
              "encodedCertificate": null,
              "keyVaultId": null,
              "certificatePassword": null,
              "negotiateClientCertificate": false,
              "certificate": null,
              "defaultSslBinding": true,
              "identityClientId": null,
              "certificateSource": "BuiltIn",
              "certificateStatus": null
            }
          ],
          "publicIPAddresses": [
            "40.85.150.226"
          ],
          "privateIPAddresses": null,
          "additionalLocations": null,
          "virtualNetworkConfiguration": null,
          "customProperties": {
            "Microsoft.WindowsAzure.ApiManagement.Gateway.Security.Protocols.Tls10": "False",
            "Microsoft.WindowsAzure.ApiManagement.Gateway.Security.Protocols.Tls11": "False",
            "Microsoft.WindowsAzure.ApiManagement.Gateway.Security.Protocols.Ssl30": "False",
            "Microsoft.WindowsAzure.ApiManagement.Gateway.Security.Ciphers.TripleDes168": "False",
            "Microsoft.WindowsAzure.ApiManagement.Gateway.Security.Backend.Protocols.Tls10": "False",
            "Microsoft.WindowsAzure.ApiManagement.Gateway.Security.Backend.Protocols.Tls11": "False",
            "Microsoft.WindowsAzure.ApiManagement.Gateway.Security.Backend.Protocols.Ssl30": "False",
            "Microsoft.WindowsAzure.ApiManagement.Gateway.Protocols.Server.Http2": "False"
          },
          "virtualNetworkType": "None",
          "certificates": null,
          "disableGateway": false,
          "apiVersionConstraint": {
            "minApiVersion": null
          },
          "publicIpAddressId": null,
          "publicNetworkAccess": "Enabled",
          "privateEndpointConnections": null,
          "platformVersion": "stv2"
        },
        "sku": {
          "name": "Standard",
          "capacity": 1
        },
        "identity": null,
        "zones": null,
        "systemData": {
          "createdBy": "00000000-0000-0000-0000-000000000000",
          "createdByType": "Application",
          "createdAt": "2022-10-21T13:25:51.9771616Z",
          "lastModifiedBy": "00000000-0000-0000-0000-000000000000",
          "lastModifiedByType": "Application",
          "lastModifiedAt": "2022-10-21T13:25:51.9771616Z"
        }
      }
    },
    {
      "RequestUri": "https://management.azure.com/subscriptions/00000000-0000-0000-0000-000000000000/resourceGroups/go-sdk-test-rg/providers/Microsoft.ApiManagement/service/servicegroupsdGYeN/groups/groupidsdGYeN?api-version=2021-08-01",
      "RequestMethod": "PUT",
      "RequestHeaders": {
        "Accept": "application/json",
        "Accept-Encoding": "gzip",
        "Authorization": "Sanitized",
        "Content-Length": "43",
        "Content-Type": "application/json",
        "User-Agent": "azsdk-go-armapimanagement/v1.0.0 (go1.19; Windows_NT)"
      },
      "RequestBody": {
        "properties": {
          "displayName": "temp group"
        }
      },
      "StatusCode": 201,
      "ResponseHeaders": {
        "Cache-Control": "no-cache",
        "Content-Length": "415",
        "Content-Type": "application/json; charset=utf-8",
        "Date": "Fri, 21 Oct 2022 14:11:49 GMT",
        "ETag": "\u0022AAAAAAAACSM=\u0022",
        "Expires": "-1",
        "Pragma": "no-cache",
        "Server": "Microsoft-HTTPAPI/2.0",
        "Strict-Transport-Security": "max-age=31536000; includeSubDomains",
        "X-Content-Type-Options": "nosniff",
        "x-ms-correlation-request-id": "00000000-0000-0000-0000-000000000000",
        "x-ms-ratelimit-remaining-subscription-writes": "1195",
        "x-ms-request-id": "00000000-0000-0000-0000-000000000000",
        "x-ms-routing-request-id": "SOUTHEASTASIA:20221021T141150Z:00000000-0000-0000-0000-000000000000"
      },
      "ResponseBody": {
        "id": "/subscriptions/00000000-0000-0000-0000-000000000000/resourceGroups/go-sdk-test-rg/providers/Microsoft.ApiManagement/service/servicegroupsdGYeN/groups/groupidsdGYeN",
        "type": "Microsoft.ApiManagement/service/groups",
        "name": "groupidsdGYeN",
        "properties": {
          "displayName": "temp group",
          "description": null,
          "builtIn": false,
          "type": "custom",
          "externalId": null
        }
      }
    },
    {
      "RequestUri": "https://management.azure.com/subscriptions/00000000-0000-0000-0000-000000000000/resourceGroups/go-sdk-test-rg/providers/Microsoft.ApiManagement/service/servicegroupsdGYeN/groups/groupidsdGYeN?api-version=2021-08-01",
      "RequestMethod": "HEAD",
      "RequestHeaders": {
        "Accept": "application/json",
        "Authorization": "Sanitized",
        "User-Agent": "azsdk-go-armapimanagement/v1.0.0 (go1.19; Windows_NT)"
      },
      "RequestBody": null,
      "StatusCode": 200,
      "ResponseHeaders": {
        "Cache-Control": "no-cache",
        "Content-Length": "0",
        "Date": "Fri, 21 Oct 2022 14:11:50 GMT",
        "ETag": "\u0022AAAAAAAACSM=\u0022",
        "Expires": "-1",
        "Pragma": "no-cache",
        "Server": "Microsoft-HTTPAPI/2.0",
        "Strict-Transport-Security": "max-age=31536000; includeSubDomains",
        "X-Content-Type-Options": "nosniff",
        "x-ms-correlation-request-id": "00000000-0000-0000-0000-000000000000",
        "x-ms-ratelimit-remaining-subscription-reads": "11932",
        "x-ms-request-id": "00000000-0000-0000-0000-000000000000",
        "x-ms-routing-request-id": "SOUTHEASTASIA:20221021T141150Z:00000000-0000-0000-0000-000000000000"
      },
      "ResponseBody": null
    },
    {
      "RequestUri": "https://management.azure.com/subscriptions/00000000-0000-0000-0000-000000000000/resourceGroups/go-sdk-test-rg/providers/Microsoft.ApiManagement/service/servicegroupsdGYeN/groups?api-version=2021-08-01",
      "RequestMethod": "GET",
      "RequestHeaders": {
        "Accept": "application/json",
        "Accept-Encoding": "gzip",
        "Authorization": "Sanitized",
        "User-Agent": "azsdk-go-armapimanagement/v1.0.0 (go1.19; Windows_NT)"
      },
      "RequestBody": null,
      "StatusCode": 200,
      "ResponseHeaders": {
        "Cache-Control": "no-cache",
        "Content-Encoding": "gzip",
        "Content-Type": "application/json; charset=utf-8",
        "Date": "Fri, 21 Oct 2022 14:11:51 GMT",
        "Expires": "-1",
        "Pragma": "no-cache",
        "Server": "Microsoft-HTTPAPI/2.0",
        "Strict-Transport-Security": "max-age=31536000; includeSubDomains",
        "Transfer-Encoding": "chunked",
        "Vary": "Accept-Encoding",
        "X-Content-Type-Options": "nosniff",
        "x-ms-correlation-request-id": "00000000-0000-0000-0000-000000000000",
        "x-ms-ratelimit-remaining-subscription-reads": "11931",
        "x-ms-request-id": "00000000-0000-0000-0000-000000000000",
        "x-ms-routing-request-id": "SOUTHEASTASIA:20221021T141151Z:00000000-0000-0000-0000-000000000000"
      },
      "ResponseBody": {
        "value": [
          {
            "id": "/subscriptions/00000000-0000-0000-0000-000000000000/resourceGroups/go-sdk-test-rg/providers/Microsoft.ApiManagement/service/servicegroupsdGYeN/groups/administrators",
            "type": "Microsoft.ApiManagement/service/groups",
            "name": "administrators",
            "properties": {
              "displayName": "Administrators",
              "description": "Administrators is a built-in group containing the admin email account provided at the time of service creation. Its membership is managed by the system.",
              "builtIn": true,
              "type": "system",
              "externalId": null
            }
          },
          {
            "id": "/subscriptions/00000000-0000-0000-0000-000000000000/resourceGroups/go-sdk-test-rg/providers/Microsoft.ApiManagement/service/servicegroupsdGYeN/groups/developers",
            "type": "Microsoft.ApiManagement/service/groups",
            "name": "developers",
            "properties": {
              "displayName": "Developers",
              "description": "Developers is a built-in group. Its membership is managed by the system. Signed-in users fall into this group.",
              "builtIn": true,
              "type": "system",
              "externalId": null
            }
          },
          {
            "id": "/subscriptions/00000000-0000-0000-0000-000000000000/resourceGroups/go-sdk-test-rg/providers/Microsoft.ApiManagement/service/servicegroupsdGYeN/groups/guests",
            "type": "Microsoft.ApiManagement/service/groups",
            "name": "guests",
            "properties": {
              "displayName": "Guests",
              "description": "Guests is a built-in group. Its membership is managed by the system. Unauthenticated users visiting the developer portal fall into this group.",
              "builtIn": true,
              "type": "system",
              "externalId": null
            }
          },
          {
            "id": "/subscriptions/00000000-0000-0000-0000-000000000000/resourceGroups/go-sdk-test-rg/providers/Microsoft.ApiManagement/service/servicegroupsdGYeN/groups/groupidsdGYeN",
            "type": "Microsoft.ApiManagement/service/groups",
            "name": "groupidsdGYeN",
            "properties": {
              "displayName": "temp group",
              "description": null,
              "builtIn": false,
              "type": "custom",
              "externalId": null
            }
          }
        ],
        "count": 4
      }
    },
    {
      "RequestUri": "https://management.azure.com/subscriptions/00000000-0000-0000-0000-000000000000/resourceGroups/go-sdk-test-rg/providers/Microsoft.ApiManagement/service/servicegroupsdGYeN/groups/groupidsdGYeN?api-version=2021-08-01",
      "RequestMethod": "GET",
      "RequestHeaders": {
        "Accept": "application/json",
        "Accept-Encoding": "gzip",
        "Authorization": "Sanitized",
        "User-Agent": "azsdk-go-armapimanagement/v1.0.0 (go1.19; Windows_NT)"
      },
      "RequestBody": null,
      "StatusCode": 200,
      "ResponseHeaders": {
        "Cache-Control": "no-cache",
        "Content-Encoding": "gzip",
        "Content-Type": "application/json; charset=utf-8",
        "Date": "Fri, 21 Oct 2022 14:11:51 GMT",
        "ETag": "\u0022AAAAAAAACSM=\u0022",
        "Expires": "-1",
        "Pragma": "no-cache",
        "Server": "Microsoft-HTTPAPI/2.0",
        "Strict-Transport-Security": "max-age=31536000; includeSubDomains",
        "Transfer-Encoding": "chunked",
        "Vary": "Accept-Encoding",
        "X-Content-Type-Options": "nosniff",
        "x-ms-correlation-request-id": "00000000-0000-0000-0000-000000000000",
        "x-ms-ratelimit-remaining-subscription-reads": "11930",
        "x-ms-request-id": "00000000-0000-0000-0000-000000000000",
        "x-ms-routing-request-id": "SOUTHEASTASIA:20221021T141152Z:00000000-0000-0000-0000-000000000000"
      },
      "ResponseBody": {
        "id": "/subscriptions/00000000-0000-0000-0000-000000000000/resourceGroups/go-sdk-test-rg/providers/Microsoft.ApiManagement/service/servicegroupsdGYeN/groups/groupidsdGYeN",
        "type": "Microsoft.ApiManagement/service/groups",
        "name": "groupidsdGYeN",
        "properties": {
          "displayName": "temp group",
          "description": null,
          "builtIn": false,
          "type": "custom",
          "externalId": null
        }
      }
    },
    {
      "RequestUri": "https://management.azure.com/subscriptions/00000000-0000-0000-0000-000000000000/resourceGroups/go-sdk-test-rg/providers/Microsoft.ApiManagement/service/servicegroupsdGYeN/groups/groupidsdGYeN?api-version=2021-08-01",
      "RequestMethod": "PATCH",
      "RequestHeaders": {
        "Accept": "application/json",
        "Accept-Encoding": "gzip",
        "Authorization": "Sanitized",
        "Content-Length": "43",
        "Content-Type": "application/json",
        "If-Match": "*",
        "User-Agent": "azsdk-go-armapimanagement/v1.0.0 (go1.19; Windows_NT)"
      },
      "RequestBody": {
        "properties": {
          "displayName": "temp group"
        }
      },
      "StatusCode": 200,
      "ResponseHeaders": {
        "Cache-Control": "no-cache",
        "Content-Encoding": "gzip",
        "Content-Type": "application/json; charset=utf-8",
        "Date": "Fri, 21 Oct 2022 14:11:52 GMT",
        "ETag": "\u0022AAAAAAAACSM=\u0022",
        "Expires": "-1",
        "Pragma": "no-cache",
        "Server": "Microsoft-HTTPAPI/2.0",
        "Strict-Transport-Security": "max-age=31536000; includeSubDomains",
        "Transfer-Encoding": "chunked",
        "Vary": "Accept-Encoding",
        "X-Content-Type-Options": "nosniff",
        "x-ms-correlation-request-id": "00000000-0000-0000-0000-000000000000",
        "x-ms-ratelimit-remaining-subscription-writes": "1194",
        "x-ms-request-id": "00000000-0000-0000-0000-000000000000",
        "x-ms-routing-request-id": "SOUTHEASTASIA:20221021T141153Z:00000000-0000-0000-0000-000000000000"
      },
      "ResponseBody": {
        "id": "/subscriptions/00000000-0000-0000-0000-000000000000/resourceGroups/go-sdk-test-rg/providers/Microsoft.ApiManagement/service/servicegroupsdGYeN/groups/groupidsdGYeN",
        "type": "Microsoft.ApiManagement/service/groups",
        "name": "groupidsdGYeN",
        "properties": {
          "displayName": "temp group",
          "description": null,
          "builtIn": false,
          "type": "custom",
          "externalId": null
        }
      }
    },
    {
      "RequestUri": "https://management.azure.com/subscriptions/00000000-0000-0000-0000-000000000000/resourceGroups/go-sdk-test-rg/providers/Microsoft.ApiManagement/service/servicegroupsdGYeN/groups/groupidsdGYeN?api-version=2021-08-01",
      "RequestMethod": "DELETE",
      "RequestHeaders": {
        "Accept": "application/json",
        "Accept-Encoding": "gzip",
        "Authorization": "Sanitized",
        "If-Match": "*",
        "User-Agent": "azsdk-go-armapimanagement/v1.0.0 (go1.19; Windows_NT)"
      },
      "RequestBody": null,
      "StatusCode": 200,
      "ResponseHeaders": {
        "Cache-Control": "no-cache",
        "Content-Length": "0",
        "Date": "Fri, 21 Oct 2022 14:11:53 GMT",
        "Expires": "-1",
        "Pragma": "no-cache",
        "Server": "Microsoft-HTTPAPI/2.0",
        "Strict-Transport-Security": "max-age=31536000; includeSubDomains",
        "X-Content-Type-Options": "nosniff",
        "x-ms-correlation-request-id": "00000000-0000-0000-0000-000000000000",
        "x-ms-ratelimit-remaining-subscription-deletes": "14997",
        "x-ms-request-id": "00000000-0000-0000-0000-000000000000",
        "x-ms-routing-request-id": "SOUTHEASTASIA:20221021T141154Z:00000000-0000-0000-0000-000000000000"
      },
      "ResponseBody": null
    },
    {
      "RequestUri": "https://management.azure.com/subscriptions/00000000-0000-0000-0000-000000000000/resourcegroups/go-sdk-test-rg?api-version=2021-04-01",
      "RequestMethod": "DELETE",
      "RequestHeaders": {
        "Accept": "application/json",
        "Accept-Encoding": "gzip",
        "Authorization": "Sanitized",
        "User-Agent": "azsdk-go-armresources/v1.0.0 (go1.19; Windows_NT)"
      },
      "RequestBody": null,
      "StatusCode": 202,
      "ResponseHeaders": {
        "Cache-Control": "no-cache",
        "Content-Length": "0",
        "Date": "Fri, 21 Oct 2022 14:11:57 GMT",
        "Expires": "-1",
        "Location": "https://management.azure.com/subscriptions/00000000-0000-0000-0000-000000000000/operationresults/eyJqb2JJZCI6IlJFU09VUkNFR1JPVVBERUxFVElPTkpPQi1HTzoyRFNESzoyRFRFU1Q6MkQyLVdFU1RVUyIsImpvYkxvY2F0aW9uIjoid2VzdHVzIn0?api-version=2021-04-01",
        "Pragma": "no-cache",
        "Retry-After": "15",
        "Strict-Transport-Security": "max-age=31536000; includeSubDomains",
        "X-Content-Type-Options": "nosniff",
        "x-ms-correlation-request-id": "00000000-0000-0000-0000-000000000000",
        "x-ms-ratelimit-remaining-subscription-deletes": "14996",
        "x-ms-request-id": "00000000-0000-0000-0000-000000000000",
        "x-ms-routing-request-id": "SOUTHEASTASIA:20221021T141158Z:00000000-0000-0000-0000-000000000000"
      },
      "ResponseBody": null
    }
  ],
  "Variables": {
    "recordingRandomSeed": "1666342412"
  }
}
