{
  "Entries": [
    {
      "RequestUri": "https://fakekvurl.vault.azure.net/keys/key3533325025/create?api-version=7.3",
      "RequestMethod": "POST",
      "RequestHeaders": {
        ":method": "POST",
        "Accept": "application/json",
        "Accept-Encoding": "gzip",
        "Content-Length": "0",
        "User-Agent": "azsdk-go-generated/v0.4.1 azsdk-go-azcore/v0.23.0 (go1.18; Windows_NT)"
      },
      "RequestBody": null,
      "StatusCode": 401,
      "ResponseHeaders": {
        "Cache-Control": "no-cache",
        "Content-Length": "97",
        "Content-Type": "application/json; charset=utf-8",
        "Date": "Sun, 03 Apr 2022 18:35:37 GMT",
        "Expires": "-1",
        "Pragma": "no-cache",
        "Strict-Transport-Security": "max-age=31536000;includeSubDomains",
        "WWW-Authenticate": "Bearer authorization=\u0022https://login.windows.net/00000000-0000-0000-0000-000000000000\u0022, resource=\u0022https://vault.azure.net\u0022",
        "X-Content-Type-Options": "nosniff",
        "x-ms-keyvault-network-info": "conn_type=Ipv4;addr=184.56.155.243;act_addr_fam=InterNetwork;",
        "x-ms-keyvault-region": "westus2",
        "x-ms-keyvault-service-version": "1.9.331.5",
        "x-ms-request-id": "888b824c-883b-4713-875f-a078c4966273",
        "X-Powered-By": "ASP.NET"
      },
      "ResponseBody": {
        "error": {
          "code": "Unauthorized",
          "message": "AKV10000: Request is missing a Bearer or PoP token."
        }
      }
    },
    {
      "RequestUri": "https://fakekvurl.vault.azure.net/keys/key3533325025/create?api-version=7.3",
      "RequestMethod": "POST",
      "RequestHeaders": {
        ":method": "POST",
        "Accept": "application/json",
        "Accept-Encoding": "gzip",
        "Authorization": "Sanitized",
        "Content-Length": "13",
        "Content-Type": "application/json",
        "User-Agent": "azsdk-go-generated/v0.4.1 azsdk-go-azcore/v0.23.0 (go1.18; Windows_NT)"
      },
      "RequestBody": {
        "kty": "RSA"
      },
      "StatusCode": 200,
      "ResponseHeaders": {
        "Cache-Control": "no-cache",
        "Content-Length": "687",
        "Content-Type": "application/json; charset=utf-8",
        "Date": "Sun, 03 Apr 2022 18:35:38 GMT",
        "Expires": "-1",
        "Pragma": "no-cache",
        "Strict-Transport-Security": "max-age=31536000;includeSubDomains",
        "X-Content-Type-Options": "nosniff",
        "x-ms-keyvault-network-info": "conn_type=Ipv4;addr=184.56.155.243;act_addr_fam=InterNetwork;",
        "x-ms-keyvault-region": "westus2",
        "x-ms-keyvault-service-version": "1.9.331.5",
        "x-ms-request-id": "404f3e55-7e46-47b8-a2cd-97e33acbc9f3",
        "X-Powered-By": "ASP.NET"
      },
      "ResponseBody": {
        "key": {
          "kid": "https://fakekvurl.vault.azure.net/keys/key3533325025/2b27af85ec394a42adf08661bbb295ff",
          "kty": "RSA",
          "key_ops": [
            "encrypt",
            "decrypt",
            "sign",
            "verify",
            "wrapKey",
            "unwrapKey"
          ],
          "n": "phq638-bRjMYOrZKqWZtjO2_0LuzVM9nJkXa0h92QJNnI8FKOynYGoSGNwR8cnzzGJO9oG-7vZ6Qh-0BB8IY7qxP3seOeu51pMwhfS5gs_8mwYz3YCQePuSkFeJrZ4fLLlo2n3cYjdmO9KvVYZAFWPZJmnjTnhCzyoD-b-tvpafxa1OKRArH6k91GTENWNFa-BbLqGH-ZqmdzEdo7Y0GLoJEA0HFZuB8RaMOaCMovjpVnop775PTK-qqWalFICt3tJuNb7PkxfibA5i5rW9-v8gRPdS1t1N21dSgPmqWasqOqimm1sEiMUfcqC-1go9OrpHHlOQtg8dLTBWv81f-RQ",
          "e": "AQAB"
        },
        "attributes": {
          "enabled": true,
          "created": 1649010938,
          "updated": 1649010938,
          "recoveryLevel": "CustomizedRecoverable\u002BPurgeable",
          "recoverableDays": 7
        }
      }
    },
    {
      "RequestUri": "https://fakekvurl.vault.azure.net/keys/key3533325025/2b27af85ec394a42adf08661bbb295ff?api-version=7.3",
      "RequestMethod": "PATCH",
      "RequestHeaders": {
        "Accept": "application/json",
        "Accept-Encoding": "gzip",
        "Authorization": "Sanitized",
        "Content-Length": "71",
        "Content-Type": "application/json",
        "User-Agent": "azsdk-go-generated/v0.4.1 azsdk-go-azcore/v0.23.0 (go1.18; Windows_NT)"
      },
      "RequestBody": {
        "attributes": {
          "enabled": true,
          "exp": 1680546939
        },
        "tags": {
          "Tag1": "Val1"
        }
      },
      "StatusCode": 200,
      "ResponseHeaders": {
        "Cache-Control": "no-cache",
        "Content-Length": "727",
        "Content-Type": "application/json; charset=utf-8",
        "Date": "Sun, 03 Apr 2022 18:35:38 GMT",
        "Expires": "-1",
        "Pragma": "no-cache",
        "Strict-Transport-Security": "max-age=31536000;includeSubDomains",
        "X-Content-Type-Options": "nosniff",
        "x-ms-keyvault-network-info": "conn_type=Ipv4;addr=184.56.155.243;act_addr_fam=InterNetwork;",
        "x-ms-keyvault-region": "westus2",
        "x-ms-keyvault-service-version": "1.9.331.5",
        "x-ms-request-id": "d83e195a-7a7f-48d1-81b7-062eb585660e",
        "X-Powered-By": "ASP.NET"
      },
      "ResponseBody": {
        "key": {
          "kid": "https://fakekvurl.vault.azure.net/keys/key3533325025/2b27af85ec394a42adf08661bbb295ff",
          "kty": "RSA",
          "key_ops": [
            "encrypt",
            "decrypt",
            "sign",
            "verify",
            "wrapKey",
            "unwrapKey"
          ],
          "n": "phq638-bRjMYOrZKqWZtjO2_0LuzVM9nJkXa0h92QJNnI8FKOynYGoSGNwR8cnzzGJO9oG-7vZ6Qh-0BB8IY7qxP3seOeu51pMwhfS5gs_8mwYz3YCQePuSkFeJrZ4fLLlo2n3cYjdmO9KvVYZAFWPZJmnjTnhCzyoD-b-tvpafxa1OKRArH6k91GTENWNFa-BbLqGH-ZqmdzEdo7Y0GLoJEA0HFZuB8RaMOaCMovjpVnop775PTK-qqWalFICt3tJuNb7PkxfibA5i5rW9-v8gRPdS1t1N21dSgPmqWasqOqimm1sEiMUfcqC-1go9OrpHHlOQtg8dLTBWv81f-RQ",
          "e": "AQAB"
        },
        "attributes": {
          "enabled": true,
          "exp": 1680546939,
          "created": 1649010938,
          "updated": 1649010938,
          "recoveryLevel": "CustomizedRecoverable\u002BPurgeable",
          "recoverableDays": 7
        },
        "tags": {
          "Tag1": "Val1"
        }
      }
    },
    {
      "RequestUri": "https://fakekvurl.vault.azure.net/keys/doesnotexist/2b27af85ec394a42adf08661bbb295ff?api-version=7.3",
      "RequestMethod": "PATCH",
      "RequestHeaders": {
        "Accept": "application/json",
        "Accept-Encoding": "gzip",
        "Authorization": "Sanitized",
        "Content-Length": "71",
        "Content-Type": "application/json",
        "User-Agent": "azsdk-go-generated/v0.4.1 azsdk-go-azcore/v0.23.0 (go1.18; Windows_NT)"
      },
      "RequestBody": {
        "attributes": {
          "enabled": true,
          "exp": 1680546939
        },
        "tags": {
          "Tag1": "Val1"
        }
      },
      "StatusCode": 404,
      "ResponseHeaders": {
        "Cache-Control": "no-cache",
        "Content-Length": "300",
        "Content-Type": "application/json; charset=utf-8",
        "Date": "Sun, 03 Apr 2022 18:35:38 GMT",
        "Expires": "-1",
        "Pragma": "no-cache",
        "Strict-Transport-Security": "max-age=31536000;includeSubDomains",
        "X-Content-Type-Options": "nosniff",
        "x-ms-keyvault-network-info": "conn_type=Ipv4;addr=184.56.155.243;act_addr_fam=InterNetwork;",
        "x-ms-keyvault-region": "westus2",
        "x-ms-keyvault-service-version": "1.9.331.5",
        "x-ms-request-id": "37a04220-6dbf-48f2-b6e9-c718a6600e7e",
        "X-Powered-By": "ASP.NET"
      },
      "ResponseBody": {
        "error": {
          "code": "KeyNotFound",
          "message": "A key with (name/id) doesnotexist was not found in this key vault. If you recently deleted this key you may be able to recover it using the correct recovery command. For help resolving this issue, please see https://go.microsoft.com/fwlink/?linkid=2125182"
        }
      }
    },
    {
      "RequestUri": "https://fakekvurl.vault.azure.net/keys/key3533325025?api-version=7.3",
      "RequestMethod": "DELETE",
      "RequestHeaders": {
        "Accept": "application/json",
        "Accept-Encoding": "gzip",
        "Authorization": "Sanitized",
        "User-Agent": "azsdk-go-generated/v0.4.1 azsdk-go-azcore/v0.23.0 (go1.18; Windows_NT)"
      },
      "RequestBody": null,
      "StatusCode": 200,
      "ResponseHeaders": {
        "Cache-Control": "no-cache",
        "Content-Length": "859",
        "Content-Type": "application/json; charset=utf-8",
        "Date": "Sun, 03 Apr 2022 18:35:38 GMT",
        "Expires": "-1",
        "Pragma": "no-cache",
        "Strict-Transport-Security": "max-age=31536000;includeSubDomains",
        "X-Content-Type-Options": "nosniff",
        "x-ms-keyvault-network-info": "conn_type=Ipv4;addr=184.56.155.243;act_addr_fam=InterNetwork;",
        "x-ms-keyvault-region": "westus2",
        "x-ms-keyvault-service-version": "1.9.331.5",
        "x-ms-request-id": "fed5b5ee-9a8e-46f2-85c6-97c4869232f6",
        "X-Powered-By": "ASP.NET"
      },
      "ResponseBody": {
        "recoveryId": "https://fakekvurl.vault.azure.net/deletedkeys/key3533325025",
        "deletedDate": 1649010938,
        "scheduledPurgeDate": 1649615738,
        "key": {
          "kid": "https://fakekvurl.vault.azure.net/keys/key3533325025/2b27af85ec394a42adf08661bbb295ff",
          "kty": "RSA",
          "key_ops": [
            "encrypt",
            "decrypt",
            "sign",
            "verify",
            "wrapKey",
            "unwrapKey"
          ],
          "n": "phq638-bRjMYOrZKqWZtjO2_0LuzVM9nJkXa0h92QJNnI8FKOynYGoSGNwR8cnzzGJO9oG-7vZ6Qh-0BB8IY7qxP3seOeu51pMwhfS5gs_8mwYz3YCQePuSkFeJrZ4fLLlo2n3cYjdmO9KvVYZAFWPZJmnjTnhCzyoD-b-tvpafxa1OKRArH6k91GTENWNFa-BbLqGH-ZqmdzEdo7Y0GLoJEA0HFZuB8RaMOaCMovjpVnop775PTK-qqWalFICt3tJuNb7PkxfibA5i5rW9-v8gRPdS1t1N21dSgPmqWasqOqimm1sEiMUfcqC-1go9OrpHHlOQtg8dLTBWv81f-RQ",
          "e": "AQAB"
        },
        "attributes": {
          "enabled": true,
          "exp": 1680546939,
          "created": 1649010938,
          "updated": 1649010938,
          "recoveryLevel": "CustomizedRecoverable\u002BPurgeable",
          "recoverableDays": 7
        },
        "tags": {
          "Tag1": "Val1"
        }
      }
    },
    {
      "RequestUri": "https://fakekvurl.vault.azure.net/deletedkeys/key3533325025?api-version=7.3",
      "RequestMethod": "GET",
      "RequestHeaders": {
        ":method": "GET",
        "Accept": "application/json",
        "Accept-Encoding": "gzip",
        "Authorization": "Sanitized",
        "User-Agent": "azsdk-go-generated/v0.4.1 azsdk-go-azcore/v0.23.0 (go1.18; Windows_NT)"
      },
      "RequestBody": null,
      "StatusCode": 404,
      "ResponseHeaders": {
        "Cache-Control": "no-cache",
        "Content-Length": "81",
        "Content-Type": "application/json; charset=utf-8",
        "Date": "Sun, 03 Apr 2022 18:35:38 GMT",
        "Expires": "-1",
        "Pragma": "no-cache",
        "Strict-Transport-Security": "max-age=31536000;includeSubDomains",
        "X-Content-Type-Options": "nosniff",
        "x-ms-keyvault-network-info": "conn_type=Ipv4;addr=184.56.155.243;act_addr_fam=InterNetwork;",
        "x-ms-keyvault-region": "westus2",
        "x-ms-keyvault-service-version": "1.9.331.5",
        "x-ms-request-id": "03b90d4c-de5c-4624-bd52-fb81039c08e8",
        "X-Powered-By": "ASP.NET"
      },
      "ResponseBody": {
        "error": {
          "code": "KeyNotFound",
          "message": "Deleted Key not found: key3533325025"
        }
      }
    },
    {
      "RequestUri": "https://fakekvurl.vault.azure.net/deletedkeys/key3533325025?api-version=7.3",
      "RequestMethod": "GET",
      "RequestHeaders": {
        ":method": "GET",
        "Accept": "application/json",
        "Accept-Encoding": "gzip",
        "Authorization": "Sanitized",
        "User-Agent": "azsdk-go-generated/v0.4.1 azsdk-go-azcore/v0.23.0 (go1.18; Windows_NT)"
      },
      "RequestBody": null,
      "StatusCode": 404,
      "ResponseHeaders": {
        "Cache-Control": "no-cache",
        "Content-Length": "81",
        "Content-Type": "application/json; charset=utf-8",
        "Date": "Sun, 03 Apr 2022 18:35:38 GMT",
        "Expires": "-1",
        "Pragma": "no-cache",
        "Strict-Transport-Security": "max-age=31536000;includeSubDomains",
        "X-Content-Type-Options": "nosniff",
        "x-ms-keyvault-network-info": "conn_type=Ipv4;addr=184.56.155.243;act_addr_fam=InterNetwork;",
        "x-ms-keyvault-region": "westus2",
        "x-ms-keyvault-service-version": "1.9.331.5",
        "x-ms-request-id": "09f58517-4c7e-4fb4-9320-9b9fdb43124b",
        "X-Powered-By": "ASP.NET"
      },
      "ResponseBody": {
        "error": {
          "code": "KeyNotFound",
          "message": "Deleted Key not found: key3533325025"
        }
      }
    },
    {
      "RequestUri": "https://fakekvurl.vault.azure.net/deletedkeys/key3533325025?api-version=7.3",
      "RequestMethod": "GET",
      "RequestHeaders": {
        ":method": "GET",
        "Accept": "application/json",
        "Accept-Encoding": "gzip",
        "Authorization": "Sanitized",
        "User-Agent": "azsdk-go-generated/v0.4.1 azsdk-go-azcore/v0.23.0 (go1.18; Windows_NT)"
      },
      "RequestBody": null,
      "StatusCode": 404,
      "ResponseHeaders": {
        "Cache-Control": "no-cache",
        "Content-Length": "81",
        "Content-Type": "application/json; charset=utf-8",
        "Date": "Sun, 03 Apr 2022 18:35:39 GMT",
        "Expires": "-1",
        "Pragma": "no-cache",
        "Strict-Transport-Security": "max-age=31536000;includeSubDomains",
        "X-Content-Type-Options": "nosniff",
        "x-ms-keyvault-network-info": "conn_type=Ipv4;addr=184.56.155.243;act_addr_fam=InterNetwork;",
        "x-ms-keyvault-region": "westus2",
        "x-ms-keyvault-service-version": "1.9.331.5",
        "x-ms-request-id": "546652c6-53cc-44cf-9420-926c83c4f547",
        "X-Powered-By": "ASP.NET"
      },
      "ResponseBody": {
        "error": {
          "code": "KeyNotFound",
          "message": "Deleted Key not found: key3533325025"
        }
      }
    },
    {
      "RequestUri": "https://fakekvurl.vault.azure.net/deletedkeys/key3533325025?api-version=7.3",
      "RequestMethod": "GET",
      "RequestHeaders": {
        ":method": "GET",
        "Accept": "application/json",
        "Accept-Encoding": "gzip",
        "Authorization": "Sanitized",
        "User-Agent": "azsdk-go-generated/v0.4.1 azsdk-go-azcore/v0.23.0 (go1.18; Windows_NT)"
      },
      "RequestBody": null,
      "StatusCode": 404,
      "ResponseHeaders": {
        "Cache-Control": "no-cache",
        "Content-Length": "81",
        "Content-Type": "application/json; charset=utf-8",
        "Date": "Sun, 03 Apr 2022 18:35:39 GMT",
        "Expires": "-1",
        "Pragma": "no-cache",
        "Strict-Transport-Security": "max-age=31536000;includeSubDomains",
        "X-Content-Type-Options": "nosniff",
        "x-ms-keyvault-network-info": "conn_type=Ipv4;addr=184.56.155.243;act_addr_fam=InterNetwork;",
        "x-ms-keyvault-region": "westus2",
        "x-ms-keyvault-service-version": "1.9.331.5",
        "x-ms-request-id": "11d9102b-99dd-4976-b631-8e9437f2e074",
        "X-Powered-By": "ASP.NET"
      },
      "ResponseBody": {
        "error": {
          "code": "KeyNotFound",
          "message": "Deleted Key not found: key3533325025"
        }
      }
    },
    {
      "RequestUri": "https://fakekvurl.vault.azure.net/deletedkeys/key3533325025?api-version=7.3",
      "RequestMethod": "GET",
      "RequestHeaders": {
        ":method": "GET",
        "Accept": "application/json",
        "Accept-Encoding": "gzip",
        "Authorization": "Sanitized",
        "User-Agent": "azsdk-go-generated/v0.4.1 azsdk-go-azcore/v0.23.0 (go1.18; Windows_NT)"
      },
      "RequestBody": null,
      "StatusCode": 404,
      "ResponseHeaders": {
        "Cache-Control": "no-cache",
        "Content-Length": "81",
        "Content-Type": "application/json; charset=utf-8",
        "Date": "Sun, 03 Apr 2022 18:35:39 GMT",
        "Expires": "-1",
        "Pragma": "no-cache",
        "Strict-Transport-Security": "max-age=31536000;includeSubDomains",
        "X-Content-Type-Options": "nosniff",
        "x-ms-keyvault-network-info": "conn_type=Ipv4;addr=184.56.155.243;act_addr_fam=InterNetwork;",
        "x-ms-keyvault-region": "westus2",
        "x-ms-keyvault-service-version": "1.9.331.5",
        "x-ms-request-id": "f2201602-37c6-40b0-a498-c2122ef2435b",
        "X-Powered-By": "ASP.NET"
      },
      "ResponseBody": {
        "error": {
          "code": "KeyNotFound",
          "message": "Deleted Key not found: key3533325025"
        }
      }
    },
    {
      "RequestUri": "https://fakekvurl.vault.azure.net/deletedkeys/key3533325025?api-version=7.3",
      "RequestMethod": "GET",
      "RequestHeaders": {
        ":method": "GET",
        "Accept": "application/json",
        "Accept-Encoding": "gzip",
        "Authorization": "Sanitized",
        "User-Agent": "azsdk-go-generated/v0.4.1 azsdk-go-azcore/v0.23.0 (go1.18; Windows_NT)"
      },
      "RequestBody": null,
      "StatusCode": 404,
      "ResponseHeaders": {
        "Cache-Control": "no-cache",
        "Content-Length": "81",
        "Content-Type": "application/json; charset=utf-8",
        "Date": "Sun, 03 Apr 2022 18:35:40 GMT",
        "Expires": "-1",
        "Pragma": "no-cache",
        "Strict-Transport-Security": "max-age=31536000;includeSubDomains",
        "X-Content-Type-Options": "nosniff",
        "x-ms-keyvault-network-info": "conn_type=Ipv4;addr=184.56.155.243;act_addr_fam=InterNetwork;",
        "x-ms-keyvault-region": "westus2",
        "x-ms-keyvault-service-version": "1.9.331.5",
        "x-ms-request-id": "2742183e-7c91-40a4-8cc4-506bce3db150",
        "X-Powered-By": "ASP.NET"
      },
      "ResponseBody": {
        "error": {
          "code": "KeyNotFound",
          "message": "Deleted Key not found: key3533325025"
        }
      }
    },
    {
      "RequestUri": "https://fakekvurl.vault.azure.net/deletedkeys/key3533325025?api-version=7.3",
      "RequestMethod": "GET",
      "RequestHeaders": {
        ":method": "GET",
        "Accept": "application/json",
        "Accept-Encoding": "gzip",
        "Authorization": "Sanitized",
        "User-Agent": "azsdk-go-generated/v0.4.1 azsdk-go-azcore/v0.23.0 (go1.18; Windows_NT)"
      },
      "RequestBody": null,
      "StatusCode": 404,
      "ResponseHeaders": {
        "Cache-Control": "no-cache",
        "Content-Length": "81",
        "Content-Type": "application/json; charset=utf-8",
        "Date": "Sun, 03 Apr 2022 18:35:40 GMT",
        "Expires": "-1",
        "Pragma": "no-cache",
        "Strict-Transport-Security": "max-age=31536000;includeSubDomains",
        "X-Content-Type-Options": "nosniff",
        "x-ms-keyvault-network-info": "conn_type=Ipv4;addr=184.56.155.243;act_addr_fam=InterNetwork;",
        "x-ms-keyvault-region": "westus2",
        "x-ms-keyvault-service-version": "1.9.331.5",
        "x-ms-request-id": "fab37b03-6873-4ac5-90df-1894d0a59147",
        "X-Powered-By": "ASP.NET"
      },
      "ResponseBody": {
        "error": {
          "code": "KeyNotFound",
          "message": "Deleted Key not found: key3533325025"
        }
      }
    },
    {
      "RequestUri": "https://fakekvurl.vault.azure.net/deletedkeys/key3533325025?api-version=7.3",
      "RequestMethod": "GET",
      "RequestHeaders": {
        ":method": "GET",
        "Accept": "application/json",
        "Accept-Encoding": "gzip",
        "Authorization": "Sanitized",
        "User-Agent": "azsdk-go-generated/v0.4.1 azsdk-go-azcore/v0.23.0 (go1.18; Windows_NT)"
      },
      "RequestBody": null,
      "StatusCode": 404,
      "ResponseHeaders": {
        "Cache-Control": "no-cache",
        "Content-Length": "81",
        "Content-Type": "application/json; charset=utf-8",
        "Date": "Sun, 03 Apr 2022 18:35:40 GMT",
        "Expires": "-1",
        "Pragma": "no-cache",
        "Strict-Transport-Security": "max-age=31536000;includeSubDomains",
        "X-Content-Type-Options": "nosniff",
        "x-ms-keyvault-network-info": "conn_type=Ipv4;addr=184.56.155.243;act_addr_fam=InterNetwork;",
        "x-ms-keyvault-region": "westus2",
        "x-ms-keyvault-service-version": "1.9.331.5",
        "x-ms-request-id": "1edd6777-a6f9-45e1-8cbd-fa56ba8d4dd6",
        "X-Powered-By": "ASP.NET"
      },
      "ResponseBody": {
        "error": {
          "code": "KeyNotFound",
          "message": "Deleted Key not found: key3533325025"
        }
      }
    },
    {
      "RequestUri": "https://fakekvurl.vault.azure.net/deletedkeys/key3533325025?api-version=7.3",
      "RequestMethod": "GET",
      "RequestHeaders": {
        ":method": "GET",
        "Accept": "application/json",
        "Accept-Encoding": "gzip",
        "Authorization": "Sanitized",
        "User-Agent": "azsdk-go-generated/v0.4.1 azsdk-go-azcore/v0.23.0 (go1.18; Windows_NT)"
      },
      "RequestBody": null,
      "StatusCode": 200,
      "ResponseHeaders": {
        "Cache-Control": "no-cache",
        "Content-Length": "859",
        "Content-Type": "application/json; charset=utf-8",
        "Date": "Sun, 03 Apr 2022 18:35:41 GMT",
        "Expires": "-1",
        "Pragma": "no-cache",
        "Strict-Transport-Security": "max-age=31536000;includeSubDomains",
        "X-Content-Type-Options": "nosniff",
        "x-ms-keyvault-network-info": "conn_type=Ipv4;addr=184.56.155.243;act_addr_fam=InterNetwork;",
        "x-ms-keyvault-region": "westus2",
        "x-ms-keyvault-service-version": "1.9.331.5",
        "x-ms-request-id": "101d271b-6ddc-455e-8f9c-d790c23d8fbb",
        "X-Powered-By": "ASP.NET"
      },
      "ResponseBody": {
        "recoveryId": "https://fakekvurl.vault.azure.net/deletedkeys/key3533325025",
        "deletedDate": 1649010938,
        "scheduledPurgeDate": 1649615738,
        "key": {
          "kid": "https://fakekvurl.vault.azure.net/keys/key3533325025/2b27af85ec394a42adf08661bbb295ff",
          "kty": "RSA",
          "key_ops": [
            "encrypt",
            "decrypt",
            "sign",
            "verify",
            "wrapKey",
            "unwrapKey"
          ],
          "n": "phq638-bRjMYOrZKqWZtjO2_0LuzVM9nJkXa0h92QJNnI8FKOynYGoSGNwR8cnzzGJO9oG-7vZ6Qh-0BB8IY7qxP3seOeu51pMwhfS5gs_8mwYz3YCQePuSkFeJrZ4fLLlo2n3cYjdmO9KvVYZAFWPZJmnjTnhCzyoD-b-tvpafxa1OKRArH6k91GTENWNFa-BbLqGH-ZqmdzEdo7Y0GLoJEA0HFZuB8RaMOaCMovjpVnop775PTK-qqWalFICt3tJuNb7PkxfibA5i5rW9-v8gRPdS1t1N21dSgPmqWasqOqimm1sEiMUfcqC-1go9OrpHHlOQtg8dLTBWv81f-RQ",
          "e": "AQAB"
        },
        "attributes": {
          "enabled": true,
          "exp": 1680546939,
          "created": 1649010938,
          "updated": 1649010938,
          "recoveryLevel": "CustomizedRecoverable\u002BPurgeable",
          "recoverableDays": 7
        },
        "tags": {
          "Tag1": "Val1"
        }
      }
    },
    {
      "RequestUri": "https://fakekvurl.vault.azure.net/deletedkeys/key3533325025?api-version=7.3",
      "RequestMethod": "DELETE",
      "RequestHeaders": {
        "Accept": "application/json",
        "Accept-Encoding": "gzip",
        "Authorization": "Sanitized",
        "User-Agent": "azsdk-go-generated/v0.4.1 azsdk-go-azcore/v0.23.0 (go1.18; Windows_NT)"
      },
      "RequestBody": null,
      "StatusCode": 204,
      "ResponseHeaders": {
        "Cache-Control": "no-cache",
        "Date": "Sun, 03 Apr 2022 18:35:41 GMT",
        "Expires": "-1",
        "Pragma": "no-cache",
        "Strict-Transport-Security": "max-age=31536000;includeSubDomains",
        "X-Content-Type-Options": "nosniff",
        "x-ms-keyvault-network-info": "conn_type=Ipv4;addr=184.56.155.243;act_addr_fam=InterNetwork;",
        "x-ms-keyvault-region": "westus2",
        "x-ms-keyvault-service-version": "1.9.331.5",
        "x-ms-request-id": "7186e124-5a54-4a09-86fc-1d7396a686ca",
        "X-Powered-By": "ASP.NET"
      },
      "ResponseBody": null
    }
  ],
  "Variables": {}
}
