---
version: 1
interactions:
- request:
    body: '{"TableName":"gotableoin2xu6mdwdjy"}'
    form: {}
    headers:
      Accept:
      - application/json;odata=minimalmetadata
      Authorization:
      - sanitized
      Content-Length:
      - "36"
      Content-Type:
      - application/json
      Dataserviceversion:
      - "3.0"
      User-Agent:
      - azsdk-go-aztable/<version> azsdk-go-aztable/<version> azcore/v0.16.2 (go1.16.5;
        Windows_NT)
      X-Ms-Date:
      - Thu, 22 Jul 2021 21:37:55 GMT
      X-Ms-Version:
      - "2019-02-02"
    url: https://seankaneprim.table.core.windows.net/Tables
    method: POST
  response:
    body: '{"odata.metadata":"https://seankaneprim.table.core.windows.net/$metadata#Tables/@Element","TableName":"gotableoin2xu6mdwdjy"}'
    headers:
      Cache-Control:
      - no-cache
      Content-Type:
      - application/json;odata=minimalmetadata;streaming=true;charset=utf-8
      Date:
      - Thu, 22 Jul 2021 21:37:55 GMT
      Location:
      - https://seankaneprim.table.core.windows.net/Tables('gotableoin2xu6mdwdjy')
      Server:
      - Windows-Azure-Table/1.0 Microsoft-HTTPAPI/2.0
      X-Content-Type-Options:
      - nosniff
      X-Ms-Request-Id:
      - 2252d2b6-d002-00a2-1a41-7fd26c000000
      X-Ms-Version:
      - "2019-02-02"
    status: 201 Created
    code: 201
    duration: ""
- request:
    body: "--batch_069a1b99-cb66-457e-714c-82d78c90cc68\r\nContent-Type: multipart/mixed;
      boundary=changeset_06968720-03cf-4bc7-79e7-460b7bbb0ad0\r\n\r\n--changeset_06968720-03cf-4bc7-79e7-460b7bbb0ad0\r\nContent-Transfer-Encoding:
      binary\r\nContent-Type: application/http\r\n\r\nPOST https://seankaneprim.table.core.windows.net/gotableoin2xu6mdwdjy?%24format=application%2Fjson%3Bodata%3Dminimalmetadata
      HTTP/1.1\r\nAccept: application/json;odata=minimalmetadata\r\nContent-Length:
      367\r\nContent-Type: application/json\r\nDataserviceversion: 3.0\r\nPrefer:
      return-no-content\r\nX-Ms-Version: 2019-02-02\r\n\r\n{\"Binary\":\"U29tZUJpbmFyeQ==\",\"Binary@odata.type\":\"Edm.Binary\",\"Bool\":false,\"DateTime\":\"2013-08-02T17:37:43.0090043Z\",\"DateTime@odata.type\":\"Edm.DateTime\",\"Double\":1234.1234,\"Guid\":\"4185404a-5818-48c3-b9be-f217df0dba6f\",\"Guid@odata.type\":\"Edm.Guid\",\"Int32\":1234,\"Int64\":\"123456789012\",\"Int64@odata.type\":\"Edm.Int64\",\"PartitionKey\":\"pk001\",\"RowKey\":\"1\",\"String\":\"test\"}\r\n--changeset_06968720-03cf-4bc7-79e7-460b7bbb0ad0\r\nContent-Transfer-Encoding:
      binary\r\nContent-Type: application/http\r\n\r\nPOST https://seankaneprim.table.core.windows.net/gotableoin2xu6mdwdjy?%24format=application%2Fjson%3Bodata%3Dminimalmetadata
      HTTP/1.1\r\nAccept: application/json;odata=minimalmetadata\r\nContent-Length:
      367\r\nContent-Type: application/json\r\nDataserviceversion: 3.0\r\nPrefer:
      return-no-content\r\nX-Ms-Version: 2019-02-02\r\n\r\n{\"Binary\":\"U29tZUJpbmFyeQ==\",\"Binary@odata.type\":\"Edm.Binary\",\"Bool\":false,\"DateTime\":\"2013-08-02T17:37:43.0090043Z\",\"DateTime@odata.type\":\"Edm.DateTime\",\"Double\":1234.1234,\"Guid\":\"4185404a-5818-48c3-b9be-f217df0dba6f\",\"Guid@odata.type\":\"Edm.Guid\",\"Int32\":1234,\"Int64\":\"123456789012\",\"Int64@odata.type\":\"Edm.Int64\",\"PartitionKey\":\"pk001\",\"RowKey\":\"2\",\"String\":\"test\"}\r\n--changeset_06968720-03cf-4bc7-79e7-460b7bbb0ad0\r\nContent-Transfer-Encoding:
      binary\r\nContent-Type: application/http\r\n\r\nPOST https://seankaneprim.table.core.windows.net/gotableoin2xu6mdwdjy?%24format=application%2Fjson%3Bodata%3Dminimalmetadata
      HTTP/1.1\r\nAccept: application/json;odata=minimalmetadata\r\nContent-Length:
      367\r\nContent-Type: application/json\r\nDataserviceversion: 3.0\r\nPrefer:
      return-no-content\r\nX-Ms-Version: 2019-02-02\r\n\r\n{\"Binary\":\"U29tZUJpbmFyeQ==\",\"Binary@odata.type\":\"Edm.Binary\",\"Bool\":false,\"DateTime\":\"2013-08-02T17:37:43.0090043Z\",\"DateTime@odata.type\":\"Edm.DateTime\",\"Double\":1234.1234,\"Guid\":\"4185404a-5818-48c3-b9be-f217df0dba6f\",\"Guid@odata.type\":\"Edm.Guid\",\"Int32\":1234,\"Int64\":\"123456789012\",\"Int64@odata.type\":\"Edm.Int64\",\"PartitionKey\":\"pk001\",\"RowKey\":\"3\",\"String\":\"test\"}\r\n--changeset_06968720-03cf-4bc7-79e7-460b7bbb0ad0\r\nContent-Transfer-Encoding:
      binary\r\nContent-Type: application/http\r\n\r\nPOST https://seankaneprim.table.core.windows.net/gotableoin2xu6mdwdjy?%24format=application%2Fjson%3Bodata%3Dminimalmetadata
      HTTP/1.1\r\nAccept: application/json;odata=minimalmetadata\r\nContent-Length:
      367\r\nContent-Type: application/json\r\nDataserviceversion: 3.0\r\nPrefer:
      return-no-content\r\nX-Ms-Version: 2019-02-02\r\n\r\n{\"Binary\":\"U29tZUJpbmFyeQ==\",\"Binary@odata.type\":\"Edm.Binary\",\"Bool\":false,\"DateTime\":\"2013-08-02T17:37:43.0090043Z\",\"DateTime@odata.type\":\"Edm.DateTime\",\"Double\":1234.1234,\"Guid\":\"4185404a-5818-48c3-b9be-f217df0dba6f\",\"Guid@odata.type\":\"Edm.Guid\",\"Int32\":1234,\"Int64\":\"123456789012\",\"Int64@odata.type\":\"Edm.Int64\",\"PartitionKey\":\"pk001\",\"RowKey\":\"4\",\"String\":\"test\"}\r\n--changeset_06968720-03cf-4bc7-79e7-460b7bbb0ad0\r\nContent-Transfer-Encoding:
      binary\r\nContent-Type: application/http\r\n\r\nPOST https://seankaneprim.table.core.windows.net/gotableoin2xu6mdwdjy?%24format=application%2Fjson%3Bodata%3Dminimalmetadata
      HTTP/1.1\r\nAccept: application/json;odata=minimalmetadata\r\nContent-Length:
      367\r\nContent-Type: application/json\r\nDataserviceversion: 3.0\r\nPrefer:
      return-no-content\r\nX-Ms-Version: 2019-02-02\r\n\r\n{\"Binary\":\"U29tZUJpbmFyeQ==\",\"Binary@odata.type\":\"Edm.Binary\",\"Bool\":false,\"DateTime\":\"2013-08-02T17:37:43.0090043Z\",\"DateTime@odata.type\":\"Edm.DateTime\",\"Double\":1234.1234,\"Guid\":\"4185404a-5818-48c3-b9be-f217df0dba6f\",\"Guid@odata.type\":\"Edm.Guid\",\"Int32\":1234,\"Int64\":\"123456789012\",\"Int64@odata.type\":\"Edm.Int64\",\"PartitionKey\":\"pk001\",\"RowKey\":\"5\",\"String\":\"test\"}\r\n--changeset_06968720-03cf-4bc7-79e7-460b7bbb0ad0--\r\n\r\n--batch_069a1b99-cb66-457e-714c-82d78c90cc68--\r\n"
    form: {}
    headers:
      Accept:
      - application/json;odata=minimalmetadata
      Authorization:
      - sanitized
      Content-Length:
      - "4258"
      Content-Type:
      - multipart/mixed; boundary=batch_069a1b99-cb66-457e-714c-82d78c90cc68
      Dataserviceversion:
      - "3.0"
      User-Agent:
      - azsdk-go-aztable/<version> azcore/v0.16.2 (go1.16.5; Windows_NT)
      X-Ms-Date:
      - Thu, 22 Jul 2021 21:37:55 GMT
      X-Ms-Version:
      - "2019-02-02"
    url: https://seankaneprim.table.core.windows.net/$batch
    method: POST
  response:
    body: "--batchresponse_ec2ad4a0-6283-40a7-9e52-9a75d3c76893\r\nContent-Type: multipart/mixed;
      boundary=changesetresponse_9ecf4cc4-a384-4287-95e5-3550e895d90f\r\n\r\n--changesetresponse_9ecf4cc4-a384-4287-95e5-3550e895d90f\r\nContent-Type:
      application/http\r\nContent-Transfer-Encoding: binary\r\n\r\nHTTP/1.1 204 No
      Content\r\nX-Content-Type-Options: nosniff\r\nCache-Control: no-cache\r\nPreference-Applied:
      return-no-content\r\nDataServiceVersion: 3.0;\r\nLocation: https://seankaneprim.table.core.windows.net/gotableoin2xu6mdwdjy(PartitionKey='pk001',RowKey='1')\r\nDataServiceId:
      https://seankaneprim.table.core.windows.net/gotableoin2xu6mdwdjy(PartitionKey='pk001',RowKey='1')\r\nETag:
      W/\"datetime'2021-07-22T21%3A37%3A56.7024695Z'\"\r\n\r\n\r\n--changesetresponse_9ecf4cc4-a384-4287-95e5-3550e895d90f\r\nContent-Type:
      application/http\r\nContent-Transfer-Encoding: binary\r\n\r\nHTTP/1.1 204 No
      Content\r\nX-Content-Type-Options: nosniff\r\nCache-Control: no-cache\r\nPreference-Applied:
      return-no-content\r\nDataServiceVersion: 3.0;\r\nLocation: https://seankaneprim.table.core.windows.net/gotableoin2xu6mdwdjy(PartitionKey='pk001',RowKey='2')\r\nDataServiceId:
      https://seankaneprim.table.core.windows.net/gotableoin2xu6mdwdjy(PartitionKey='pk001',RowKey='2')\r\nETag:
      W/\"datetime'2021-07-22T21%3A37%3A56.7024695Z'\"\r\n\r\n\r\n--changesetresponse_9ecf4cc4-a384-4287-95e5-3550e895d90f\r\nContent-Type:
      application/http\r\nContent-Transfer-Encoding: binary\r\n\r\nHTTP/1.1 204 No
      Content\r\nX-Content-Type-Options: nosniff\r\nCache-Control: no-cache\r\nPreference-Applied:
      return-no-content\r\nDataServiceVersion: 3.0;\r\nLocation: https://seankaneprim.table.core.windows.net/gotableoin2xu6mdwdjy(PartitionKey='pk001',RowKey='3')\r\nDataServiceId:
      https://seankaneprim.table.core.windows.net/gotableoin2xu6mdwdjy(PartitionKey='pk001',RowKey='3')\r\nETag:
      W/\"datetime'2021-07-22T21%3A37%3A56.7024695Z'\"\r\n\r\n\r\n--changesetresponse_9ecf4cc4-a384-4287-95e5-3550e895d90f\r\nContent-Type:
      application/http\r\nContent-Transfer-Encoding: binary\r\n\r\nHTTP/1.1 204 No
      Content\r\nX-Content-Type-Options: nosniff\r\nCache-Control: no-cache\r\nPreference-Applied:
      return-no-content\r\nDataServiceVersion: 3.0;\r\nLocation: https://seankaneprim.table.core.windows.net/gotableoin2xu6mdwdjy(PartitionKey='pk001',RowKey='4')\r\nDataServiceId:
      https://seankaneprim.table.core.windows.net/gotableoin2xu6mdwdjy(PartitionKey='pk001',RowKey='4')\r\nETag:
      W/\"datetime'2021-07-22T21%3A37%3A56.7024695Z'\"\r\n\r\n\r\n--changesetresponse_9ecf4cc4-a384-4287-95e5-3550e895d90f\r\nContent-Type:
      application/http\r\nContent-Transfer-Encoding: binary\r\n\r\nHTTP/1.1 204 No
      Content\r\nX-Content-Type-Options: nosniff\r\nCache-Control: no-cache\r\nPreference-Applied:
      return-no-content\r\nDataServiceVersion: 3.0;\r\nLocation: https://seankaneprim.table.core.windows.net/gotableoin2xu6mdwdjy(PartitionKey='pk001',RowKey='5')\r\nDataServiceId:
      https://seankaneprim.table.core.windows.net/gotableoin2xu6mdwdjy(PartitionKey='pk001',RowKey='5')\r\nETag:
      W/\"datetime'2021-07-22T21%3A37%3A56.7024695Z'\"\r\n\r\n\r\n--changesetresponse_9ecf4cc4-a384-4287-95e5-3550e895d90f--\r\n--batchresponse_ec2ad4a0-6283-40a7-9e52-9a75d3c76893--\r\n"
    headers:
      Cache-Control:
      - no-cache
      Content-Type:
      - multipart/mixed; boundary=batchresponse_ec2ad4a0-6283-40a7-9e52-9a75d3c76893
      Date:
      - Thu, 22 Jul 2021 21:37:56 GMT
      Server:
      - Windows-Azure-Table/1.0 Microsoft-HTTPAPI/2.0
      X-Content-Type-Options:
      - nosniff
      X-Ms-Request-Id:
      - 2252d2d1-d002-00a2-3341-7fd26c000000
      X-Ms-Version:
      - "2019-02-02"
    status: 202 Accepted
    code: 202
    duration: ""
- request:
    body: "--batch_bab0ef5e-8d08-40ef-61d3-fffc7044df1e\r\nContent-Type: multipart/mixed;
      boundary=changeset_fc953668-dfb8-4898-4f6f-2a2e854098cb\r\n\r\n--changeset_fc953668-dfb8-4898-4f6f-2a2e854098cb\r\nContent-Transfer-Encoding:
      binary\r\nContent-Type: application/http\r\n\r\nPATCH https://seankaneprim.table.core.windows.net/gotableoin2xu6mdwdjy(PartitionKey='pk001',RowKey='1')?%24format=application%2Fjson%3Bodata%3Dminimalmetadata
      HTTP/1.1\r\nAccept: application/json\r\nContent-Length: 367\r\nContent-Type:
      application/json\r\nDataserviceversion: 3.0\r\nIf-Match: *\r\nX-Ms-Version:
      2019-02-02\r\n\r\n{\"Binary\":\"U29tZUJpbmFyeQ==\",\"Binary@odata.type\":\"Edm.Binary\",\"Bool\":false,\"DateTime\":\"2013-08-02T17:37:43.0090043Z\",\"DateTime@odata.type\":\"Edm.DateTime\",\"Double\":1234.1234,\"Guid\":\"4185404a-5818-48c3-b9be-f217df0dba6f\",\"Guid@odata.type\":\"Edm.Guid\",\"Int32\":1234,\"Int64\":\"123456789012\",\"Int64@odata.type\":\"Edm.Int64\",\"PartitionKey\":\"pk001\",\"RowKey\":\"1\",\"String\":\"test\"}\r\n--changeset_fc953668-dfb8-4898-4f6f-2a2e854098cb\r\nContent-Transfer-Encoding:
      binary\r\nContent-Type: application/http\r\n\r\nPUT https://seankaneprim.table.core.windows.net/gotableoin2xu6mdwdjy(PartitionKey='pk001',RowKey='2')?%24format=application%2Fjson%3Bodata%3Dminimalmetadata
      HTTP/1.1\r\nAccept: application/json\r\nContent-Length: 365\r\nContent-Type:
      application/json\r\nDataserviceversion: 3.0\r\nIf-Match: *\r\nX-Ms-Version:
      2019-02-02\r\n\r\n{\"Binary\":\"U29tZUJpbmFyeQ==\",\"Binary@odata.type\":\"Edm.Binary\",\"Bool\":false,\"DateTime\":\"2013-08-02T17:37:43.0090043Z\",\"DateTime@odata.type\":\"Edm.DateTime\",\"Double\":1234.1234,\"Guid\":\"4185404a-5818-48c3-b9be-f217df0dba6f\",\"Guid@odata.type\":\"Edm.Guid\",\"Int32\":10,\"Int64\":\"123456789012\",\"Int64@odata.type\":\"Edm.Int64\",\"PartitionKey\":\"pk001\",\"RowKey\":\"2\",\"String\":\"test\"}\r\n--changeset_fc953668-dfb8-4898-4f6f-2a2e854098cb\r\nContent-Transfer-Encoding:
      binary\r\nContent-Type: application/http\r\n\r\nDELETE https://seankaneprim.table.core.windows.net/gotableoin2xu6mdwdjy(PartitionKey='pk001',RowKey='3')?%24format=application%2Fjson%3Bodata%3Dminimalmetadata
      HTTP/1.1\r\nAccept: application/json;odata=minimalmetadata\r\nDataserviceversion:
      3.0\r\nIf-Match: *\r\nX-Ms-Version: 2019-02-02\r\n\r\n\r\n--changeset_fc953668-dfb8-4898-4f6f-2a2e854098cb--\r\n\r\n--batch_bab0ef5e-8d08-40ef-61d3-fffc7044df1e--\r\n"
    form: {}
    headers:
      Accept:
      - application/json;odata=minimalmetadata
      Authorization:
      - sanitized
      Content-Length:
      - "2243"
      Content-Type:
      - multipart/mixed; boundary=batch_bab0ef5e-8d08-40ef-61d3-fffc7044df1e
      Dataserviceversion:
      - "3.0"
      User-Agent:
      - azsdk-go-aztable/<version> azcore/v0.16.2 (go1.16.5; Windows_NT)
      X-Ms-Date:
      - Thu, 22 Jul 2021 21:37:56 GMT
      X-Ms-Version:
      - "2019-02-02"
    url: https://seankaneprim.table.core.windows.net/$batch
    method: POST
  response:
    body: "--batchresponse_9b2bed71-7312-4931-9e04-a54c010928b3\r\nContent-Type: multipart/mixed;
      boundary=changesetresponse_b8a73f54-2118-446d-9dba-ce6549518aa4\r\n\r\n--changesetresponse_b8a73f54-2118-446d-9dba-ce6549518aa4\r\nContent-Type:
      application/http\r\nContent-Transfer-Encoding: binary\r\n\r\nHTTP/1.1 204 No
      Content\r\nX-Content-Type-Options: nosniff\r\nCache-Control: no-cache\r\nDataServiceVersion:
      1.0;\r\nETag: W/\"datetime'2021-07-22T21%3A37%3A56.9285492Z'\"\r\n\r\n\r\n--changesetresponse_b8a73f54-2118-446d-9dba-ce6549518aa4\r\nContent-Type:
      application/http\r\nContent-Transfer-Encoding: binary\r\n\r\nHTTP/1.1 204 No
      Content\r\nX-Content-Type-Options: nosniff\r\nCache-Control: no-cache\r\nDataServiceVersion:
      1.0;\r\nETag: W/\"datetime'2021-07-22T21%3A37%3A56.9285492Z'\"\r\n\r\n\r\n--changesetresponse_b8a73f54-2118-446d-9dba-ce6549518aa4\r\nContent-Type:
      application/http\r\nContent-Transfer-Encoding: binary\r\n\r\nHTTP/1.1 204 No
      Content\r\nX-Content-Type-Options: nosniff\r\nCache-Control: no-cache\r\nDataServiceVersion:
      1.0;\r\n\r\n\r\n--changesetresponse_b8a73f54-2118-446d-9dba-ce6549518aa4--\r\n--batchresponse_9b2bed71-7312-4931-9e04-a54c010928b3--\r\n"
    headers:
      Cache-Control:
      - no-cache
      Content-Type:
      - multipart/mixed; boundary=batchresponse_9b2bed71-7312-4931-9e04-a54c010928b3
      Date:
      - Thu, 22 Jul 2021 21:37:56 GMT
      Server:
      - Windows-Azure-Table/1.0 Microsoft-HTTPAPI/2.0
      X-Content-Type-Options:
      - nosniff
      X-Ms-Request-Id:
      - 2252d314-d002-00a2-7541-7fd26c000000
      X-Ms-Version:
      - "2019-02-02"
    status: 202 Accepted
    code: 202
    duration: ""
- request:
    body: ""
    form: {}
    headers:
      Accept:
      - application/json;odata=minimalmetadata
      Authorization:
      - sanitized
      Dataserviceversion:
      - "3.0"
      User-Agent:
      - azsdk-go-aztable/<version> azsdk-go-aztable/<version> azcore/v0.16.2 (go1.16.5;
        Windows_NT)
      X-Ms-Date:
      - Thu, 22 Jul 2021 21:37:56 GMT
      X-Ms-Version:
      - "2019-02-02"
    url: https://seankaneprim.table.core.windows.net/gotableoin2xu6mdwdjy(PartitionKey='pk001',RowKey='1')
    method: GET
  response:
    body: '{"odata.metadata":"https://seankaneprim.table.core.windows.net/$metadata#gotableoin2xu6mdwdjy/@Element","odata.etag":"W/\"datetime''2021-07-22T21%3A37%3A56.9285492Z''\"","PartitionKey":"pk001","RowKey":"1","Timestamp":"2021-07-22T21:37:56.9285492Z","Binary@odata.type":"Edm.Binary","Binary":"U29tZUJpbmFyeQ==","Bool":false,"DateTime@odata.type":"Edm.DateTime","DateTime":"2013-08-02T17:37:43.0090043Z","Double":1234.1234,"Guid@odata.type":"Edm.Guid","Guid":"4185404a-5818-48c3-b9be-f217df0dba6f","Int32":1234,"Int64@odata.type":"Edm.Int64","Int64":"123456789012","String":"test"}'
    headers:
      Cache-Control:
      - no-cache
      Content-Type:
      - application/json;odata=minimalmetadata;streaming=true;charset=utf-8
      Date:
      - Thu, 22 Jul 2021 21:37:56 GMT
      Etag:
      - W/"datetime'2021-07-22T21%3A37%3A56.9285492Z'"
      Server:
      - Windows-Azure-Table/1.0 Microsoft-HTTPAPI/2.0
      Vary:
      - Origin
      X-Content-Type-Options:
      - nosniff
      X-Ms-Request-Id:
      - 2252d33a-d002-00a2-1a41-7fd26c000000
      X-Ms-Version:
      - "2019-02-02"
    status: 200 OK
    code: 200
    duration: ""
- request:
    body: ""
    form: {}
    headers:
      Accept:
      - application/json;odata=minimalmetadata
      Authorization:
      - sanitized
      Dataserviceversion:
      - "3.0"
      User-Agent:
      - azsdk-go-aztable/<version> azsdk-go-aztable/<version> azcore/v0.16.2 (go1.16.5;
        Windows_NT)
      X-Ms-Date:
      - Thu, 22 Jul 2021 21:37:56 GMT
      X-Ms-Version:
      - "2019-02-02"
    url: https://seankaneprim.table.core.windows.net/gotableoin2xu6mdwdjy(PartitionKey='pk001',RowKey='2')
    method: GET
  response:
    body: '{"odata.metadata":"https://seankaneprim.table.core.windows.net/$metadata#gotableoin2xu6mdwdjy/@Element","odata.etag":"W/\"datetime''2021-07-22T21%3A37%3A56.9285492Z''\"","PartitionKey":"pk001","RowKey":"2","Timestamp":"2021-07-22T21:37:56.9285492Z","Binary@odata.type":"Edm.Binary","Binary":"U29tZUJpbmFyeQ==","Bool":false,"DateTime@odata.type":"Edm.DateTime","DateTime":"2013-08-02T17:37:43.0090043Z","Double":1234.1234,"Guid@odata.type":"Edm.Guid","Guid":"4185404a-5818-48c3-b9be-f217df0dba6f","Int32":10,"Int64@odata.type":"Edm.Int64","Int64":"123456789012","String":"test"}'
    headers:
      Cache-Control:
      - no-cache
      Content-Type:
      - application/json;odata=minimalmetadata;streaming=true;charset=utf-8
      Date:
      - Thu, 22 Jul 2021 21:37:56 GMT
      Etag:
      - W/"datetime'2021-07-22T21%3A37%3A56.9285492Z'"
      Server:
      - Windows-Azure-Table/1.0 Microsoft-HTTPAPI/2.0
      Vary:
      - Origin
      X-Content-Type-Options:
      - nosniff
      X-Ms-Request-Id:
      - 2252d351-d002-00a2-2f41-7fd26c000000
      X-Ms-Version:
      - "2019-02-02"
    status: 200 OK
    code: 200
    duration: ""
- request:
    body: ""
    form: {}
    headers:
      Accept:
      - application/json;odata=minimalmetadata
      Authorization:
      - sanitized
      Dataserviceversion:
      - "3.0"
      User-Agent:
      - azsdk-go-aztable/<version> azsdk-go-aztable/<version> azcore/v0.16.2 (go1.16.5;
        Windows_NT)
      X-Ms-Date:
      - Thu, 22 Jul 2021 21:37:56 GMT
      X-Ms-Version:
      - "2019-02-02"
    url: https://seankaneprim.table.core.windows.net/gotableoin2xu6mdwdjy(PartitionKey='pk001',RowKey='3')
    method: GET
  response:
    body: '{"odata.error":{"code":"ResourceNotFound","message":{"lang":"en-US","value":"The
      specified resource does not exist.\nRequestId:2252d36a-d002-00a2-4841-7fd26c000000\nTime:2021-07-22T21:37:57.2138127Z"}}}'
    headers:
      Cache-Control:
      - no-cache
      Content-Type:
      - application/json;odata=minimalmetadata;streaming=true;charset=utf-8
      Date:
      - Thu, 22 Jul 2021 21:37:56 GMT
      Server:
      - Windows-Azure-Table/1.0 Microsoft-HTTPAPI/2.0
      Vary:
      - Origin
      X-Content-Type-Options:
      - nosniff
      X-Ms-Request-Id:
      - 2252d36a-d002-00a2-4841-7fd26c000000
      X-Ms-Version:
      - "2019-02-02"
    status: 404 Not Found
    code: 404
    duration: ""
- request:
    body: ""
    form: {}
    headers:
      Accept:
      - application/json
      Authorization:
      - sanitized
      User-Agent:
      - azsdk-go-aztable/<version> azsdk-go-aztable/<version> azcore/v0.16.2 (go1.16.5;
        Windows_NT)
      X-Ms-Date:
      - Thu, 22 Jul 2021 21:37:56 GMT
      X-Ms-Version:
      - "2019-02-02"
    url: https://seankaneprim.table.core.windows.net/Tables('gotableoin2xu6mdwdjy')
    method: DELETE
  response:
    body: ""
    headers:
      Cache-Control:
      - no-cache
      Content-Length:
      - "0"
      Date:
      - Thu, 22 Jul 2021 21:37:56 GMT
      Server:
      - Windows-Azure-Table/1.0 Microsoft-HTTPAPI/2.0
      X-Content-Type-Options:
      - nosniff
      X-Ms-Request-Id:
      - 2252d381-d002-00a2-5d41-7fd26c000000
      X-Ms-Version:
      - "2019-02-02"
    status: 204 No Content
    code: 204
    duration: ""
