---
version: 1
interactions:
- request:
    body: '{"TableName":"gotablebcqrkewuxnzia"}'
    form: {}
    headers:
      Accept:
      - application/json;odata=minimalmetadata
      Authorization:
      - sanitized
      Content-Length:
      - "36"
      Content-Type:
      - application/json
      Dataserviceversion:
      - "3.0"
      User-Agent:
      - azsdk-go-aztable/<version> azsdk-go-aztable/<version> azcore/v0.16.2 (go1.16.5;
        Windows_NT)
      X-Ms-Date:
      - Fri, 02 Jul 2021 15:25:13 GMT
      X-Ms-Version:
      - "2019-02-02"
    url: https://seankaneprim.table.core.windows.net/Tables
    method: POST
  response:
    body: '{"odata.metadata":"https://seankaneprim.table.core.windows.net/$metadata#Tables/@Element","TableName":"gotablebcqrkewuxnzia"}'
    headers:
      Cache-Control:
      - no-cache
      Content-Type:
      - application/json;odata=minimalmetadata;streaming=true;charset=utf-8
      Date:
      - Fri, 02 Jul 2021 15:25:13 GMT
      Location:
      - https://seankaneprim.table.core.windows.net/Tables('gotablebcqrkewuxnzia')
      Server:
      - Windows-Azure-Table/1.0 Microsoft-HTTPAPI/2.0
      X-Content-Type-Options:
      - nosniff
      X-Ms-Request-Id:
      - 8bfd0f8b-1002-0092-6456-6f6ca3000000
      X-Ms-Version:
      - "2019-02-02"
    status: 201 Created
    code: 201
    duration: ""
- request:
    body: <SignedIdentifiers></SignedIdentifiers>
    form: {}
    headers:
      Accept:
      - application/xml
      Authorization:
      - sanitized
      Content-Length:
      - "39"
      Content-Type:
      - application/xml
      User-Agent:
      - azsdk-go-aztable/<version> azsdk-go-aztable/<version> azcore/v0.16.2 (go1.16.5;
        Windows_NT)
      X-Ms-Date:
      - Fri, 02 Jul 2021 15:25:13 GMT
      X-Ms-Version:
      - "2019-02-02"
    url: https://seankaneprim.table.core.windows.net/gotablebcqrkewuxnzia?comp=acl
    method: PUT
  response:
    body: ""
    headers:
      Content-Length:
      - "0"
      Date:
      - Fri, 02 Jul 2021 15:25:13 GMT
      Server:
      - Windows-Azure-Table/1.0 Microsoft-HTTPAPI/2.0
      X-Ms-Request-Id:
      - 8bfd100a-1002-0092-5d56-6f6ca3000000
      X-Ms-Version:
      - "2019-02-02"
    status: 204 No Content
    code: 204
    duration: ""
- request:
    body: ""
    form: {}
    headers:
      Accept:
      - application/json
      Authorization:
      - sanitized
      User-Agent:
      - azsdk-go-aztable/<version> azsdk-go-aztable/<version> azcore/v0.16.2 (go1.16.5;
        Windows_NT)
      X-Ms-Date:
      - Fri, 02 Jul 2021 15:25:13 GMT
      X-Ms-Version:
      - "2019-02-02"
    url: https://seankaneprim.table.core.windows.net/Tables('gotablebcqrkewuxnzia')
    method: DELETE
  response:
    body: ""
    headers:
      Cache-Control:
      - no-cache
      Content-Length:
      - "0"
      Date:
      - Fri, 02 Jul 2021 15:25:14 GMT
      Server:
      - Windows-Azure-Table/1.0 Microsoft-HTTPAPI/2.0
      X-Content-Type-Options:
      - nosniff
      X-Ms-Request-Id:
      - 8bfd1052-1002-0092-2556-6f6ca3000000
      X-Ms-Version:
      - "2019-02-02"
    status: 204 No Content
    code: 204
    duration: ""
