---
version: 1
interactions:
- request:
    body: '{"TableName":"gotablejz8oi68zht7iy"}'
    form: {}
    headers:
      Accept:
      - application/json;odata=minimalmetadata
      Authorization:
      - sanitized
      Content-Length:
      - "36"
      Content-Type:
      - application/json
      Dataserviceversion:
      - "3.0"
      User-Agent:
      - azsdk-go-aztable/<version> azsdk-go-aztable/<version> azcore/v0.16.2 (go1.16.5;
        Windows_NT)
      X-Ms-Date:
      - Wed, 14 Jul 2021 20:01:01 GMT
      X-Ms-Version:
      - "2019-02-02"
    url: https://seankaneprim.table.core.windows.net/Tables
    method: POST
  response:
    body: '{"odata.metadata":"https://seankaneprim.table.core.windows.net/$metadata#Tables/@Element","TableName":"gotablejz8oi68zht7iy"}'
    headers:
      Cache-Control:
      - no-cache
      Content-Type:
      - application/json;odata=minimalmetadata;streaming=true;charset=utf-8
      Date:
      - Wed, 14 Jul 2021 20:01:01 GMT
      Location:
      - https://seankaneprim.table.core.windows.net/Tables('gotablejz8oi68zht7iy')
      Server:
      - Windows-Azure-Table/1.0 Microsoft-HTTPAPI/2.0
      X-Content-Type-Options:
      - nosniff
      X-Ms-Request-Id:
      - 2df51619-4002-0019-75ea-7868ce000000
      X-Ms-Version:
      - "2019-02-02"
    status: 201 Created
    code: 201
    duration: ""
- request:
    body: '{"Bool":true,"Byte":"c29tZWJ5dGVz","DateTime":"2021-07-13T00:00:00Z","Float":3.14159,"Integer":1,"PartitionKey":"partition","RowKey":"1","String":"someString","TimeStamp":"0001-01-01T00:00:00Z"}'
    form: {}
    headers:
      Accept:
      - application/json;odata=minimalmetadata
      Authorization:
      - sanitized
      Content-Length:
      - "194"
      Content-Type:
      - application/json
      Dataserviceversion:
      - "3.0"
      Prefer:
      - return-no-content
      User-Agent:
      - azsdk-go-aztable/<version> azsdk-go-aztable/<version> azcore/v0.16.2 (go1.16.5;
        Windows_NT)
      X-Ms-Date:
      - Wed, 14 Jul 2021 20:01:02 GMT
      X-Ms-Version:
      - "2019-02-02"
    url: https://seankaneprim.table.core.windows.net/gotablejz8oi68zht7iy
    method: POST
  response:
    body: ""
    headers:
      Cache-Control:
      - no-cache
      Content-Length:
      - "0"
      Dataserviceid:
      - https://seankaneprim.table.core.windows.net/gotablejz8oi68zht7iy(PartitionKey='partition',RowKey='1')
      Date:
      - Wed, 14 Jul 2021 20:01:01 GMT
      Etag:
      - W/"datetime'2021-07-14T20%3A01%3A01.7804623Z'"
      Location:
      - https://seankaneprim.table.core.windows.net/gotablejz8oi68zht7iy(PartitionKey='partition',RowKey='1')
      Preference-Applied:
      - return-no-content
      Server:
      - Windows-Azure-Table/1.0 Microsoft-HTTPAPI/2.0
      X-Content-Type-Options:
      - nosniff
      X-Ms-Request-Id:
      - 2df5167c-4002-0019-4eea-7868ce000000
      X-Ms-Version:
      - "2019-02-02"
    status: 204 No Content
    code: 204
    duration: ""
- request:
    body: '{"Bool":true,"Byte":"c29tZWJ5dGVz","DateTime":"2021-07-13T00:00:00Z","Float":3.14159,"Integer":2,"PartitionKey":"partition","RowKey":"2","String":"someString","TimeStamp":"0001-01-01T00:00:00Z"}'
    form: {}
    headers:
      Accept:
      - application/json;odata=minimalmetadata
      Authorization:
      - sanitized
      Content-Length:
      - "194"
      Content-Type:
      - application/json
      Dataserviceversion:
      - "3.0"
      Prefer:
      - return-no-content
      User-Agent:
      - azsdk-go-aztable/<version> azsdk-go-aztable/<version> azcore/v0.16.2 (go1.16.5;
        Windows_NT)
      X-Ms-Date:
      - Wed, 14 Jul 2021 20:01:02 GMT
      X-Ms-Version:
      - "2019-02-02"
    url: https://seankaneprim.table.core.windows.net/gotablejz8oi68zht7iy
    method: POST
  response:
    body: ""
    headers:
      Cache-Control:
      - no-cache
      Content-Length:
      - "0"
      Dataserviceid:
      - https://seankaneprim.table.core.windows.net/gotablejz8oi68zht7iy(PartitionKey='partition',RowKey='2')
      Date:
      - Wed, 14 Jul 2021 20:01:01 GMT
      Etag:
      - W/"datetime'2021-07-14T20%3A01%3A01.9565863Z'"
      Location:
      - https://seankaneprim.table.core.windows.net/gotablejz8oi68zht7iy(PartitionKey='partition',RowKey='2')
      Preference-Applied:
      - return-no-content
      Server:
      - Windows-Azure-Table/1.0 Microsoft-HTTPAPI/2.0
      X-Content-Type-Options:
      - nosniff
      X-Ms-Request-Id:
      - 2df516f8-4002-0019-40ea-7868ce000000
      X-Ms-Version:
      - "2019-02-02"
    status: 204 No Content
    code: 204
    duration: ""
- request:
    body: '{"Bool":true,"Byte":"c29tZWJ5dGVz","DateTime":"2021-07-13T00:00:00Z","Float":3.14159,"Integer":3,"PartitionKey":"partition","RowKey":"3","String":"someString","TimeStamp":"0001-01-01T00:00:00Z"}'
    form: {}
    headers:
      Accept:
      - application/json;odata=minimalmetadata
      Authorization:
      - sanitized
      Content-Length:
      - "194"
      Content-Type:
      - application/json
      Dataserviceversion:
      - "3.0"
      Prefer:
      - return-no-content
      User-Agent:
      - azsdk-go-aztable/<version> azsdk-go-aztable/<version> azcore/v0.16.2 (go1.16.5;
        Windows_NT)
      X-Ms-Date:
      - Wed, 14 Jul 2021 20:01:02 GMT
      X-Ms-Version:
      - "2019-02-02"
    url: https://seankaneprim.table.core.windows.net/gotablejz8oi68zht7iy
    method: POST
  response:
    body: ""
    headers:
      Cache-Control:
      - no-cache
      Content-Length:
      - "0"
      Dataserviceid:
      - https://seankaneprim.table.core.windows.net/gotablejz8oi68zht7iy(PartitionKey='partition',RowKey='3')
      Date:
      - Wed, 14 Jul 2021 20:01:01 GMT
      Etag:
      - W/"datetime'2021-07-14T20%3A01%3A02.0916812Z'"
      Location:
      - https://seankaneprim.table.core.windows.net/gotablejz8oi68zht7iy(PartitionKey='partition',RowKey='3')
      Preference-Applied:
      - return-no-content
      Server:
      - Windows-Azure-Table/1.0 Microsoft-HTTPAPI/2.0
      X-Content-Type-Options:
      - nosniff
      X-Ms-Request-Id:
      - 2df51746-4002-0019-0dea-7868ce000000
      X-Ms-Version:
      - "2019-02-02"
    status: 204 No Content
    code: 204
    duration: ""
- request:
    body: '{"Bool":true,"Byte":"c29tZWJ5dGVz","DateTime":"2021-07-13T00:00:00Z","Float":3.14159,"Integer":4,"PartitionKey":"partition","RowKey":"4","String":"someString","TimeStamp":"0001-01-01T00:00:00Z"}'
    form: {}
    headers:
      Accept:
      - application/json;odata=minimalmetadata
      Authorization:
      - sanitized
      Content-Length:
      - "194"
      Content-Type:
      - application/json
      Dataserviceversion:
      - "3.0"
      Prefer:
      - return-no-content
      User-Agent:
      - azsdk-go-aztable/<version> azsdk-go-aztable/<version> azcore/v0.16.2 (go1.16.5;
        Windows_NT)
      X-Ms-Date:
      - Wed, 14 Jul 2021 20:01:02 GMT
      X-Ms-Version:
      - "2019-02-02"
    url: https://seankaneprim.table.core.windows.net/gotablejz8oi68zht7iy
    method: POST
  response:
    body: ""
    headers:
      Cache-Control:
      - no-cache
      Content-Length:
      - "0"
      Dataserviceid:
      - https://seankaneprim.table.core.windows.net/gotablejz8oi68zht7iy(PartitionKey='partition',RowKey='4')
      Date:
      - Wed, 14 Jul 2021 20:01:02 GMT
      Etag:
      - W/"datetime'2021-07-14T20%3A01%3A02.2387855Z'"
      Location:
      - https://seankaneprim.table.core.windows.net/gotablejz8oi68zht7iy(PartitionKey='partition',RowKey='4')
      Preference-Applied:
      - return-no-content
      Server:
      - Windows-Azure-Table/1.0 Microsoft-HTTPAPI/2.0
      X-Content-Type-Options:
      - nosniff
      X-Ms-Request-Id:
      - 2df5178b-4002-0019-4fea-7868ce000000
      X-Ms-Version:
      - "2019-02-02"
    status: 204 No Content
    code: 204
    duration: ""
- request:
    body: '{"Bool":true,"Byte":"c29tZWJ5dGVz","DateTime":"2021-07-13T00:00:00Z","Float":3.14159,"Integer":5,"PartitionKey":"partition","RowKey":"5","String":"someString","TimeStamp":"0001-01-01T00:00:00Z"}'
    form: {}
    headers:
      Accept:
      - application/json;odata=minimalmetadata
      Authorization:
      - sanitized
      Content-Length:
      - "194"
      Content-Type:
      - application/json
      Dataserviceversion:
      - "3.0"
      Prefer:
      - return-no-content
      User-Agent:
      - azsdk-go-aztable/<version> azsdk-go-aztable/<version> azcore/v0.16.2 (go1.16.5;
        Windows_NT)
      X-Ms-Date:
      - Wed, 14 Jul 2021 20:01:02 GMT
      X-Ms-Version:
      - "2019-02-02"
    url: https://seankaneprim.table.core.windows.net/gotablejz8oi68zht7iy
    method: POST
  response:
    body: ""
    headers:
      Cache-Control:
      - no-cache
      Content-Length:
      - "0"
      Dataserviceid:
      - https://seankaneprim.table.core.windows.net/gotablejz8oi68zht7iy(PartitionKey='partition',RowKey='5')
      Date:
      - Wed, 14 Jul 2021 20:01:02 GMT
      Etag:
      - W/"datetime'2021-07-14T20%3A01%3A02.360871Z'"
      Location:
      - https://seankaneprim.table.core.windows.net/gotablejz8oi68zht7iy(PartitionKey='partition',RowKey='5')
      Preference-Applied:
      - return-no-content
      Server:
      - Windows-Azure-Table/1.0 Microsoft-HTTPAPI/2.0
      X-Content-Type-Options:
      - nosniff
      X-Ms-Request-Id:
      - 2df517d1-4002-0019-13ea-7868ce000000
      X-Ms-Version:
      - "2019-02-02"
    status: 204 No Content
    code: 204
    duration: ""
- request:
    body: ""
    form: {}
    headers:
      Accept:
      - application/json;odata=minimalmetadata
      Authorization:
      - sanitized
      Dataserviceversion:
      - "3.0"
      User-Agent:
      - azsdk-go-aztable/<version> azsdk-go-aztable/<version> azcore/v0.16.2 (go1.16.5;
        Windows_NT)
      X-Ms-Date:
      - Wed, 14 Jul 2021 20:01:02 GMT
      X-Ms-Version:
      - "2019-02-02"
    url: https://seankaneprim.table.core.windows.net/gotablejz8oi68zht7iy()?%24filter=RowKey+lt+%275%27
    method: GET
  response:
    body: '{"odata.metadata":"https://seankaneprim.table.core.windows.net/$metadata#gotablejz8oi68zht7iy","value":[{"odata.etag":"W/\"datetime''2021-07-14T20%3A01%3A01.7804623Z''\"","PartitionKey":"partition","RowKey":"1","Timestamp":"2021-07-14T20:01:01.7804623Z","Bool":true,"Byte":"c29tZWJ5dGVz","DateTime":"2021-07-13T00:00:00Z","Float":3.14159,"Integer":1,"String":"someString","TimeStamp":"0001-01-01T00:00:00Z"},{"odata.etag":"W/\"datetime''2021-07-14T20%3A01%3A01.9565863Z''\"","PartitionKey":"partition","RowKey":"2","Timestamp":"2021-07-14T20:01:01.9565863Z","Bool":true,"Byte":"c29tZWJ5dGVz","DateTime":"2021-07-13T00:00:00Z","Float":3.14159,"Integer":2,"String":"someString","TimeStamp":"0001-01-01T00:00:00Z"},{"odata.etag":"W/\"datetime''2021-07-14T20%3A01%3A02.0916812Z''\"","PartitionKey":"partition","RowKey":"3","Timestamp":"2021-07-14T20:01:02.0916812Z","Bool":true,"Byte":"c29tZWJ5dGVz","DateTime":"2021-07-13T00:00:00Z","Float":3.14159,"Integer":3,"String":"someString","TimeStamp":"0001-01-01T00:00:00Z"},{"odata.etag":"W/\"datetime''2021-07-14T20%3A01%3A02.2387855Z''\"","PartitionKey":"partition","RowKey":"4","Timestamp":"2021-07-14T20:01:02.2387855Z","Bool":true,"Byte":"c29tZWJ5dGVz","DateTime":"2021-07-13T00:00:00Z","Float":3.14159,"Integer":4,"String":"someString","TimeStamp":"0001-01-01T00:00:00Z"}]}'
    headers:
      Cache-Control:
      - no-cache
      Content-Type:
      - application/json;odata=minimalmetadata;streaming=true;charset=utf-8
      Date:
      - Wed, 14 Jul 2021 20:01:02 GMT
      Server:
      - Windows-Azure-Table/1.0 Microsoft-HTTPAPI/2.0
      X-Content-Type-Options:
      - nosniff
      X-Ms-Request-Id:
      - 2df51808-4002-0019-4aea-7868ce000000
      X-Ms-Version:
      - "2019-02-02"
    status: 200 OK
    code: 200
    duration: ""
- request:
    body: ""
    form: {}
    headers:
      Accept:
      - application/json
      Authorization:
      - sanitized
      User-Agent:
      - azsdk-go-aztable/<version> azsdk-go-aztable/<version> azcore/v0.16.2 (go1.16.5;
        Windows_NT)
      X-Ms-Date:
      - Wed, 14 Jul 2021 20:01:03 GMT
      X-Ms-Version:
      - "2019-02-02"
    url: https://seankaneprim.table.core.windows.net/Tables('gotablejz8oi68zht7iy')
    method: DELETE
  response:
    body: ""
    headers:
      Cache-Control:
      - no-cache
      Content-Length:
      - "0"
      Date:
      - Wed, 14 Jul 2021 20:01:02 GMT
      Server:
      - Windows-Azure-Table/1.0 Microsoft-HTTPAPI/2.0
      X-Content-Type-Options:
      - nosniff
      X-Ms-Request-Id:
      - 2df5183e-4002-0019-7eea-7868ce000000
      X-Ms-Version:
      - "2019-02-02"
    status: 204 No Content
    code: 204
    duration: ""
