---
version: 1
interactions:
- request:
    body: '{"TableName":"gotablei9qk9m94sjou4"}'
    form: {}
    headers:
      Accept:
      - application/json;odata=minimalmetadata
      Authorization:
      - sanitized
      Content-Length:
      - "36"
      Content-Type:
      - application/json
      Dataserviceversion:
      - "3.0"
      User-Agent:
      - azsdk-go-aztable/<version> azsdk-go-aztable/<version> azcore/v0.16.2 (go1.16.5;
        Windows_NT)
      X-Ms-Date:
      - Wed, 14 Jul 2021 16:24:17 GMT
      X-Ms-Version:
      - "2019-02-02"
    url: https://seankaneprim.table.core.windows.net/Tables
    method: POST
  response:
    body: '{"odata.metadata":"https://seankaneprim.table.core.windows.net/$metadata#Tables/@Element","TableName":"gotablei9qk9m94sjou4"}'
    headers:
      Cache-Control:
      - no-cache
      Content-Type:
      - application/json;odata=minimalmetadata;streaming=true;charset=utf-8
      Date:
      - Wed, 14 Jul 2021 16:24:17 GMT
      Location:
      - https://seankaneprim.table.core.windows.net/Tables('gotablei9qk9m94sjou4')
      Server:
      - Windows-Azure-Table/1.0 Microsoft-HTTPAPI/2.0
      X-Content-Type-Options:
      - nosniff
      X-Ms-Request-Id:
      - 3ab73fb0-5002-0058-06cc-78302a000000
      X-Ms-Version:
      - "2019-02-02"
    status: 201 Created
    code: 201
    duration: ""
- request:
    body: '{"Bool":true,"Byte":"c29tZWJ5dGVz","DateTime":"2021-07-14T12:24:18.3963949-04:00","Float":3.14159,"Integer":1,"PartitionKey":"partition","RowKey":"row","String":"someString","TimeStamp":"0001-01-01T00:00:00Z"}'
    form: {}
    headers:
      Accept:
      - application/json;odata=minimalmetadata
      Authorization:
      - sanitized
      Content-Length:
      - "209"
      Content-Type:
      - application/json
      Dataserviceversion:
      - "3.0"
      Prefer:
      - return-no-content
      User-Agent:
      - azsdk-go-aztable/<version> azsdk-go-aztable/<version> azcore/v0.16.2 (go1.16.5;
        Windows_NT)
      X-Ms-Date:
      - Wed, 14 Jul 2021 16:24:18 GMT
      X-Ms-Version:
      - "2019-02-02"
    url: https://seankaneprim.table.core.windows.net/gotablei9qk9m94sjou4
    method: POST
  response:
    body: ""
    headers:
      Cache-Control:
      - no-cache
      Content-Length:
      - "0"
      Dataserviceid:
      - https://seankaneprim.table.core.windows.net/gotablei9qk9m94sjou4(PartitionKey='partition',RowKey='row')
      Date:
      - Wed, 14 Jul 2021 16:24:17 GMT
      Etag:
      - W/"datetime'2021-07-14T16%3A24%3A17.8715895Z'"
      Location:
      - https://seankaneprim.table.core.windows.net/gotablei9qk9m94sjou4(PartitionKey='partition',RowKey='row')
      Preference-Applied:
      - return-no-content
      Server:
      - Windows-Azure-Table/1.0 Microsoft-HTTPAPI/2.0
      X-Content-Type-Options:
      - nosniff
      X-Ms-Request-Id:
      - 3ab74017-5002-0058-6acc-78302a000000
      X-Ms-Version:
      - "2019-02-02"
    status: 204 No Content
    code: 204
    duration: ""
- request:
    body: ""
    form: {}
    headers:
      Accept:
      - application/json
      Authorization:
      - sanitized
      User-Agent:
      - azsdk-go-aztable/<version> azsdk-go-aztable/<version> azcore/v0.16.2 (go1.16.5;
        Windows_NT)
      X-Ms-Date:
      - Wed, 14 Jul 2021 16:24:18 GMT
      X-Ms-Version:
      - "2019-02-02"
    url: https://seankaneprim.table.core.windows.net/Tables('gotablei9qk9m94sjou4')
    method: DELETE
  response:
    body: ""
    headers:
      Cache-Control:
      - no-cache
      Content-Length:
      - "0"
      Date:
      - Wed, 14 Jul 2021 16:24:17 GMT
      Server:
      - Windows-Azure-Table/1.0 Microsoft-HTTPAPI/2.0
      X-Content-Type-Options:
      - nosniff
      X-Ms-Request-Id:
      - 3ab74082-5002-0058-55cc-78302a000000
      X-Ms-Version:
      - "2019-02-02"
    status: 204 No Content
    code: 204
    duration: ""
